2026-01-30 21:34:41,600 - main - INFO - === Logging system initialized ===
2026-01-30 21:34:41,600 - main - INFO - Log file: logs/app_20260130_213441.log
2026-01-30 21:34:41,600 - main - INFO - Log level: INFO
2026-01-30 21:34:41,600 - main - INFO - Timestamp: 20260130_213441
2026-01-30 21:34:42,168 - main - INFO - Included router: routers.aihub.router
2026-01-30 21:34:42,176 - main - WARNING - Failed to import module 'routers.auth': No module named 'dependencies'
2026-01-30 21:34:42,176 - main - INFO - Included router: routers.health.router
2026-01-30 21:34:42,223 - main - INFO - Included router: routers.products.router
2026-01-30 21:34:42,231 - main - WARNING - Failed to import module 'routers.settings': No module named 'dependencies'
2026-01-30 21:34:42,238 - main - WARNING - Failed to import module 'routers.storage': No module named 'dependencies'
2026-01-30 21:34:42,238 - main - WARNING - Failed to import module 'routers.user': No module named 'dependencies'
2026-01-30 21:34:42,238 - main - INFO - === Application startup initiated ===
2026-01-30 21:34:42,238 - services.database - DEBUG - [DB_OP] Starting database initialization
2026-01-30 21:34:42,238 - services.database - INFO - 🔧 Starting database initialization...
2026-01-30 21:34:42,238 - core.database - INFO - Starting database initialization...
2026-01-30 21:34:42,238 - core.database - INFO - Normalizing database URL for async compatibility...
2026-01-30 21:34:42,238 - core.database - ERROR - Database not found:./test.db
2026-01-30 21:34:42,238 - core.database - WARNING - Adjusted database URL driver for async compatibility
2026-01-30 21:34:42,238 - core.database - INFO - Creating async database engine...
2026-01-30 21:34:42,238 - core.database - INFO - Using QueuePool with connection pooling for non-Lambda environment
2026-01-30 21:34:42,262 - core.database - ERROR - Failed to initialize database: Invalid argument(s) 'pool_size','max_overflow','pool_timeout' sent to create_engine(), using configuration SQLiteDialect_aiosqlite/NullPool/Engine.  Please check that the keyword arguments are appropriate for this combination of components.
Traceback (most recent call last):
  File "D:\ASM1\backend\core\database.py", line 132, in init_db
    self.engine = create_async_engine(database_url, **engine_kwargs)
                  ^^^^^^^^^^^^^^^^^^^^^^^^^^^^^^^^^^^^^^^^^^^^^^^^^^
  File "D:\ASM1\.venv\Lib\site-packages\sqlalchemy\ext\asyncio\engine.py", line 120, in create_async_engine
    sync_engine = _create_engine(url, **kw)
                  ^^^^^^^^^^^^^^^^^^^^^^^^^
  File "<string>", line 2, in create_engine
  File "D:\ASM1\.venv\Lib\site-packages\sqlalchemy\util\deprecations.py", line 281, in warned
    return fn(*args, **kwargs)  # type: ignore[no-any-return]
           ^^^^^^^^^^^^^^^^^^^
  File "D:\ASM1\.venv\Lib\site-packages\sqlalchemy\engine\create.py", line 697, in create_engine
    raise TypeError(
TypeError: Invalid argument(s) 'pool_size','max_overflow','pool_timeout' sent to create_engine(), using configuration SQLiteDialect_aiosqlite/NullPool/Engine.  Please check that the keyword arguments are appropriate for this combination of components.
2026-01-30 21:34:42,270 - services.database - ERROR - Failed to initialize database: Invalid argument(s) 'pool_size','max_overflow','pool_timeout' sent to create_engine(), using configuration SQLiteDialect_aiosqlite/NullPool/Engine.  Please check that the keyword arguments are appropriate for this combination of components.
