2026-03-03 14:02:42,186 - main - INFO - === Logging system initialized ===
2026-03-03 14:02:42,186 - main - INFO - Log file: logs/app_20260303_140242.log
2026-03-03 14:02:42,186 - main - INFO - Log level: INFO
2026-03-03 14:02:42,186 - main - INFO - Timestamp: 20260303_140242
2026-03-03 14:02:42,780 - main - INFO - Included router: routers.aihub.router
2026-03-03 14:02:42,820 - passlib.utils.compat - DEBUG - loaded lazy attr 'SafeConfigParser': <class 'configparser.ConfigParser'>
2026-03-03 14:02:42,820 - passlib.utils.compat - DEBUG - loaded lazy attr 'NativeStringIO': <class '_io.StringIO'>
2026-03-03 14:02:42,820 - passlib.utils.compat - DEBUG - loaded lazy attr 'BytesIO': <class '_io.BytesIO'>
2026-03-03 14:02:42,828 - passlib.registry - DEBUG - registered 'bcrypt' handler: <class 'passlib.handlers.bcrypt.bcrypt'>
2026-03-03 14:02:42,830 - main - INFO - Included router: routers.auth.router
2026-03-03 14:02:42,830 - main - INFO - Included router: routers.health.router
2026-03-03 14:02:42,861 - main - INFO - Included router: routers.orders.router
2026-03-03 14:02:42,930 - main - INFO - Included router: routers.products.router
2026-03-03 14:02:42,930 - main - WARNING - Failed to import module 'routers.settings': cannot import name 'get_admin_user' from 'dependencies.auth' (D:\ASM1\backend\dependencies\auth.py)
2026-03-03 14:02:42,930 - main - WARNING - Failed to import module 'routers.storage': cannot import name 'get_admin_user' from 'dependencies.auth' (D:\ASM1\backend\dependencies\auth.py)
2026-03-03 14:02:42,940 - main - INFO - Included router: routers.user.router
2026-03-03 14:02:42,940 - main - INFO - === Application startup initiated ===
2026-03-03 14:02:42,940 - services.database - DEBUG - [DB_OP] Starting database initialization
2026-03-03 14:02:42,940 - services.database - INFO - 🔧 Starting database initialization...
2026-03-03 14:02:42,940 - core.database - INFO - Starting database initialization...
2026-03-03 14:02:42,951 - core.database - INFO - Normalizing database URL for async compatibility...
2026-03-03 14:02:42,951 - core.database - DEBUG - Database exists:./test.db
2026-03-03 14:02:42,951 - core.database - WARNING - Adjusted database URL driver for async compatibility
2026-03-03 14:02:42,951 - core.database - INFO - Creating async database engine...
2026-03-03 14:02:42,951 - core.database - INFO - Using NullPool for sqlite+aiosqlite environment
2026-03-03 14:02:42,976 - core.database - INFO - Database engine created successfully
2026-03-03 14:02:42,976 - core.database - INFO - Creating async session maker...
2026-03-03 14:02:42,976 - core.database - INFO - Async session maker created successfully
2026-03-03 14:02:42,976 - core.database - INFO - Database connection initialized successfully
2026-03-03 14:02:42,976 - services.database - INFO - 🔧 Database connection initialized, now creating tables if tables not exist...
2026-03-03 14:02:42,976 - core.database - DEBUG - [DB_OP] Starting create_tables
2026-03-03 14:02:42,976 - core.database - INFO - 🔧 Starting table creation...
2026-03-03 14:02:42,976 - aiosqlite - DEBUG - executing <function connect.<locals>.connector at 0x000002783D668F40>
2026-03-03 14:02:42,976 - aiosqlite - DEBUG - operation <function connect.<locals>.connector at 0x000002783D668F40> completed
2026-03-03 14:02:42,984 - aiosqlite - DEBUG - executing functools.partial(<built-in method create_function of sqlite3.Connection object at 0x000002783D6416C0>, 'regexp', 2, <function SQLiteDialect_pysqlite.on_connect.<locals>.regexp at 0x000002783D668220>, deterministic=True)
2026-03-03 14:02:42,984 - aiosqlite - DEBUG - operation functools.partial(<built-in method create_function of sqlite3.Connection object at 0x000002783D6416C0>, 'regexp', 2, <function SQLiteDialect_pysqlite.on_connect.<locals>.regexp at 0x000002783D668220>, deterministic=True) completed
2026-03-03 14:02:42,984 - aiosqlite - DEBUG - executing functools.partial(<built-in method create_function of sqlite3.Connection object at 0x000002783D6416C0>, 'floor', 1, <built-in function floor>, deterministic=True)
2026-03-03 14:02:42,984 - aiosqlite - DEBUG - operation functools.partial(<built-in method create_function of sqlite3.Connection object at 0x000002783D6416C0>, 'floor', 1, <built-in function floor>, deterministic=True) completed
2026-03-03 14:02:42,984 - aiosqlite - DEBUG - executing functools.partial(<built-in method cursor of sqlite3.Connection object at 0x000002783D6416C0>)
2026-03-03 14:02:42,984 - aiosqlite - DEBUG - operation functools.partial(<built-in method cursor of sqlite3.Connection object at 0x000002783D6416C0>) completed
2026-03-03 14:02:42,984 - aiosqlite - DEBUG - executing functools.partial(<built-in method execute of sqlite3.Cursor object at 0x000002783D632740>, 'PRAGMA read_uncommitted', [])
2026-03-03 14:02:42,984 - aiosqlite - DEBUG - operation functools.partial(<built-in method execute of sqlite3.Cursor object at 0x000002783D632740>, 'PRAGMA read_uncommitted', []) completed
2026-03-03 14:02:42,984 - aiosqlite - DEBUG - executing functools.partial(<built-in method fetchall of sqlite3.Cursor object at 0x000002783D632740>)
2026-03-03 14:02:42,984 - aiosqlite - DEBUG - operation functools.partial(<built-in method fetchall of sqlite3.Cursor object at 0x000002783D632740>) completed
2026-03-03 14:02:42,984 - aiosqlite - DEBUG - executing functools.partial(<built-in method close of sqlite3.Cursor object at 0x000002783D632740>)
2026-03-03 14:02:42,984 - aiosqlite - DEBUG - operation functools.partial(<built-in method close of sqlite3.Cursor object at 0x000002783D632740>) completed
2026-03-03 14:02:42,984 - aiosqlite - DEBUG - executing functools.partial(<built-in method rollback of sqlite3.Connection object at 0x000002783D6416C0>)
2026-03-03 14:02:42,984 - aiosqlite - DEBUG - operation functools.partial(<built-in method rollback of sqlite3.Connection object at 0x000002783D6416C0>) completed
2026-03-03 14:02:42,992 - aiosqlite - DEBUG - executing functools.partial(<built-in method cursor of sqlite3.Connection object at 0x000002783D6416C0>)
2026-03-03 14:02:42,992 - aiosqlite - DEBUG - operation functools.partial(<built-in method cursor of sqlite3.Connection object at 0x000002783D6416C0>) completed
2026-03-03 14:02:42,992 - aiosqlite - DEBUG - executing functools.partial(<built-in method execute of sqlite3.Cursor object at 0x000002783D632840>, 'PRAGMA main.table_info("users")', ())
2026-03-03 14:02:42,992 - aiosqlite - DEBUG - operation functools.partial(<built-in method execute of sqlite3.Cursor object at 0x000002783D632840>, 'PRAGMA main.table_info("users")', ()) completed
2026-03-03 14:02:42,992 - aiosqlite - DEBUG - executing functools.partial(<built-in method fetchall of sqlite3.Cursor object at 0x000002783D632840>)
2026-03-03 14:02:42,992 - aiosqlite - DEBUG - operation functools.partial(<built-in method fetchall of sqlite3.Cursor object at 0x000002783D632840>) completed
2026-03-03 14:02:42,992 - aiosqlite - DEBUG - executing functools.partial(<built-in method close of sqlite3.Cursor object at 0x000002783D632840>)
2026-03-03 14:02:42,992 - aiosqlite - DEBUG - operation functools.partial(<built-in method close of sqlite3.Cursor object at 0x000002783D632840>) completed
2026-03-03 14:02:42,992 - aiosqlite - DEBUG - executing functools.partial(<built-in method cursor of sqlite3.Connection object at 0x000002783D6416C0>)
2026-03-03 14:02:42,992 - aiosqlite - DEBUG - operation functools.partial(<built-in method cursor of sqlite3.Connection object at 0x000002783D6416C0>) completed
2026-03-03 14:02:42,992 - aiosqlite - DEBUG - executing functools.partial(<built-in method execute of sqlite3.Cursor object at 0x000002783D632840>, 'PRAGMA main.table_info("oidc_states")', ())
2026-03-03 14:02:42,992 - aiosqlite - DEBUG - operation functools.partial(<built-in method execute of sqlite3.Cursor object at 0x000002783D632840>, 'PRAGMA main.table_info("oidc_states")', ()) completed
2026-03-03 14:02:43,000 - aiosqlite - DEBUG - executing functools.partial(<built-in method fetchall of sqlite3.Cursor object at 0x000002783D632840>)
2026-03-03 14:02:43,000 - aiosqlite - DEBUG - operation functools.partial(<built-in method fetchall of sqlite3.Cursor object at 0x000002783D632840>) completed
2026-03-03 14:02:43,000 - aiosqlite - DEBUG - executing functools.partial(<built-in method close of sqlite3.Cursor object at 0x000002783D632840>)
2026-03-03 14:02:43,000 - aiosqlite - DEBUG - operation functools.partial(<built-in method close of sqlite3.Cursor object at 0x000002783D632840>) completed
2026-03-03 14:02:43,000 - aiosqlite - DEBUG - executing functools.partial(<built-in method cursor of sqlite3.Connection object at 0x000002783D6416C0>)
2026-03-03 14:02:43,000 - aiosqlite - DEBUG - operation functools.partial(<built-in method cursor of sqlite3.Connection object at 0x000002783D6416C0>) completed
2026-03-03 14:02:43,000 - aiosqlite - DEBUG - executing functools.partial(<built-in method execute of sqlite3.Cursor object at 0x000002783D632840>, 'PRAGMA main.table_info("orders")', ())
2026-03-03 14:02:43,000 - aiosqlite - DEBUG - operation functools.partial(<built-in method execute of sqlite3.Cursor object at 0x000002783D632840>, 'PRAGMA main.table_info("orders")', ()) completed
2026-03-03 14:02:43,000 - aiosqlite - DEBUG - executing functools.partial(<built-in method fetchall of sqlite3.Cursor object at 0x000002783D632840>)
2026-03-03 14:02:43,000 - aiosqlite - DEBUG - operation functools.partial(<built-in method fetchall of sqlite3.Cursor object at 0x000002783D632840>) completed
2026-03-03 14:02:43,000 - aiosqlite - DEBUG - executing functools.partial(<built-in method close of sqlite3.Cursor object at 0x000002783D632840>)
2026-03-03 14:02:43,000 - aiosqlite - DEBUG - operation functools.partial(<built-in method close of sqlite3.Cursor object at 0x000002783D632840>) completed
2026-03-03 14:02:43,000 - aiosqlite - DEBUG - executing functools.partial(<built-in method cursor of sqlite3.Connection object at 0x000002783D6416C0>)
2026-03-03 14:02:43,000 - aiosqlite - DEBUG - operation functools.partial(<built-in method cursor of sqlite3.Connection object at 0x000002783D6416C0>) completed
2026-03-03 14:02:43,008 - aiosqlite - DEBUG - executing functools.partial(<built-in method execute of sqlite3.Cursor object at 0x000002783D632840>, 'PRAGMA main.table_info("products")', ())
2026-03-03 14:02:43,008 - aiosqlite - DEBUG - operation functools.partial(<built-in method execute of sqlite3.Cursor object at 0x000002783D632840>, 'PRAGMA main.table_info("products")', ()) completed
2026-03-03 14:02:43,008 - aiosqlite - DEBUG - executing functools.partial(<built-in method fetchall of sqlite3.Cursor object at 0x000002783D632840>)
2026-03-03 14:02:43,008 - aiosqlite - DEBUG - operation functools.partial(<built-in method fetchall of sqlite3.Cursor object at 0x000002783D632840>) completed
2026-03-03 14:02:43,008 - aiosqlite - DEBUG - executing functools.partial(<built-in method close of sqlite3.Cursor object at 0x000002783D632840>)
2026-03-03 14:02:43,008 - aiosqlite - DEBUG - operation functools.partial(<built-in method close of sqlite3.Cursor object at 0x000002783D632840>) completed
2026-03-03 14:02:43,008 - core.database - INFO - Tables initialized successfully
2026-03-03 14:02:43,008 - core.database - DEBUG - [DB_OP] Create tables completed in 0.0320s
2026-03-03 14:02:43,008 - aiosqlite - DEBUG - executing functools.partial(<built-in method commit of sqlite3.Connection object at 0x000002783D6416C0>)
2026-03-03 14:02:43,008 - aiosqlite - DEBUG - operation functools.partial(<built-in method commit of sqlite3.Connection object at 0x000002783D6416C0>) completed
2026-03-03 14:02:43,008 - aiosqlite - DEBUG - executing functools.partial(<built-in method rollback of sqlite3.Connection object at 0x000002783D6416C0>)
2026-03-03 14:02:43,008 - aiosqlite - DEBUG - operation functools.partial(<built-in method rollback of sqlite3.Connection object at 0x000002783D6416C0>) completed
2026-03-03 14:02:43,008 - aiosqlite - DEBUG - executing functools.partial(<built-in method close of sqlite3.Connection object at 0x000002783D6416C0>)
2026-03-03 14:02:43,008 - aiosqlite - DEBUG - operation functools.partial(<built-in method close of sqlite3.Connection object at 0x000002783D6416C0>) completed
2026-03-03 14:02:43,008 - services.database - INFO - 🔧 Table creation completed
2026-03-03 14:02:43,008 - services.database - INFO - Database initialized successfully
2026-03-03 14:02:43,008 - services.database - DEBUG - [DB_OP] Database initialization completed in 0.0682s
2026-03-03 14:02:43,016 - services.mock_data - INFO - Processing mock data file products.json for table products
2026-03-03 14:02:43,016 - aiosqlite - DEBUG - executing <function connect.<locals>.connector at 0x000002783D6694E0>
2026-03-03 14:02:43,016 - aiosqlite - DEBUG - operation <function connect.<locals>.connector at 0x000002783D6694E0> completed
2026-03-03 14:02:43,016 - aiosqlite - DEBUG - executing functools.partial(<built-in method create_function of sqlite3.Connection object at 0x000002783D6417B0>, 'regexp', 2, <function SQLiteDialect_pysqlite.on_connect.<locals>.regexp at 0x000002783D668220>, deterministic=True)
2026-03-03 14:02:43,016 - aiosqlite - DEBUG - operation functools.partial(<built-in method create_function of sqlite3.Connection object at 0x000002783D6417B0>, 'regexp', 2, <function SQLiteDialect_pysqlite.on_connect.<locals>.regexp at 0x000002783D668220>, deterministic=True) completed
2026-03-03 14:02:43,016 - aiosqlite - DEBUG - executing functools.partial(<built-in method create_function of sqlite3.Connection object at 0x000002783D6417B0>, 'floor', 1, <built-in function floor>, deterministic=True)
2026-03-03 14:02:43,016 - aiosqlite - DEBUG - operation functools.partial(<built-in method create_function of sqlite3.Connection object at 0x000002783D6417B0>, 'floor', 1, <built-in function floor>, deterministic=True) completed
2026-03-03 14:02:43,016 - aiosqlite - DEBUG - executing functools.partial(<built-in method cursor of sqlite3.Connection object at 0x000002783D6417B0>)
2026-03-03 14:02:43,016 - aiosqlite - DEBUG - operation functools.partial(<built-in method cursor of sqlite3.Connection object at 0x000002783D6417B0>) completed
2026-03-03 14:02:43,016 - aiosqlite - DEBUG - executing functools.partial(<built-in method execute of sqlite3.Cursor object at 0x000002783D632C40>, 'PRAGMA main.table_xinfo("products")', ())
2026-03-03 14:02:43,016 - aiosqlite - DEBUG - operation functools.partial(<built-in method execute of sqlite3.Cursor object at 0x000002783D632C40>, 'PRAGMA main.table_xinfo("products")', ()) completed
2026-03-03 14:02:43,016 - aiosqlite - DEBUG - executing functools.partial(<built-in method fetchall of sqlite3.Cursor object at 0x000002783D632C40>)
2026-03-03 14:02:43,016 - aiosqlite - DEBUG - operation functools.partial(<built-in method fetchall of sqlite3.Cursor object at 0x000002783D632C40>) completed
2026-03-03 14:02:43,016 - aiosqlite - DEBUG - executing functools.partial(<built-in method close of sqlite3.Cursor object at 0x000002783D632C40>)
2026-03-03 14:02:43,016 - aiosqlite - DEBUG - operation functools.partial(<built-in method close of sqlite3.Cursor object at 0x000002783D632C40>) completed
2026-03-03 14:02:43,016 - aiosqlite - DEBUG - executing functools.partial(<built-in method cursor of sqlite3.Connection object at 0x000002783D6417B0>)
2026-03-03 14:02:43,016 - aiosqlite - DEBUG - operation functools.partial(<built-in method cursor of sqlite3.Connection object at 0x000002783D6417B0>) completed
2026-03-03 14:02:43,016 - aiosqlite - DEBUG - executing functools.partial(<built-in method execute of sqlite3.Cursor object at 0x000002783D632C40>, "SELECT sql FROM  (SELECT * FROM sqlite_master UNION ALL   SELECT * FROM sqlite_temp_master) WHERE name = ? AND type in ('table', 'view')", ('products',))
2026-03-03 14:02:43,016 - aiosqlite - DEBUG - operation functools.partial(<built-in method execute of sqlite3.Cursor object at 0x000002783D632C40>, "SELECT sql FROM  (SELECT * FROM sqlite_master UNION ALL   SELECT * FROM sqlite_temp_master) WHERE name = ? AND type in ('table', 'view')", ('products',)) completed
2026-03-03 14:02:43,028 - aiosqlite - DEBUG - executing functools.partial(<built-in method fetchall of sqlite3.Cursor object at 0x000002783D632C40>)
2026-03-03 14:02:43,028 - aiosqlite - DEBUG - operation functools.partial(<built-in method fetchall of sqlite3.Cursor object at 0x000002783D632C40>) completed
2026-03-03 14:02:43,028 - aiosqlite - DEBUG - executing functools.partial(<built-in method close of sqlite3.Cursor object at 0x000002783D632C40>)
2026-03-03 14:02:43,031 - aiosqlite - DEBUG - operation functools.partial(<built-in method close of sqlite3.Cursor object at 0x000002783D632C40>) completed
2026-03-03 14:02:43,031 - aiosqlite - DEBUG - executing functools.partial(<built-in method cursor of sqlite3.Connection object at 0x000002783D6417B0>)
2026-03-03 14:02:43,031 - aiosqlite - DEBUG - operation functools.partial(<built-in method cursor of sqlite3.Connection object at 0x000002783D6417B0>) completed
2026-03-03 14:02:43,031 - aiosqlite - DEBUG - executing functools.partial(<built-in method execute of sqlite3.Cursor object at 0x000002783D632C40>, 'PRAGMA main.foreign_key_list("products")', ())
2026-03-03 14:02:43,031 - aiosqlite - DEBUG - operation functools.partial(<built-in method execute of sqlite3.Cursor object at 0x000002783D632C40>, 'PRAGMA main.foreign_key_list("products")', ()) completed
2026-03-03 14:02:43,031 - aiosqlite - DEBUG - executing functools.partial(<built-in method fetchall of sqlite3.Cursor object at 0x000002783D632C40>)
2026-03-03 14:02:43,031 - aiosqlite - DEBUG - operation functools.partial(<built-in method fetchall of sqlite3.Cursor object at 0x000002783D632C40>) completed
2026-03-03 14:02:43,031 - aiosqlite - DEBUG - executing functools.partial(<built-in method close of sqlite3.Cursor object at 0x000002783D632C40>)
2026-03-03 14:02:43,031 - aiosqlite - DEBUG - operation functools.partial(<built-in method close of sqlite3.Cursor object at 0x000002783D632C40>) completed
2026-03-03 14:02:43,031 - aiosqlite - DEBUG - executing functools.partial(<built-in method cursor of sqlite3.Connection object at 0x000002783D6417B0>)
2026-03-03 14:02:43,036 - aiosqlite - DEBUG - operation functools.partial(<built-in method cursor of sqlite3.Connection object at 0x000002783D6417B0>) completed
2026-03-03 14:02:43,036 - aiosqlite - DEBUG - executing functools.partial(<built-in method execute of sqlite3.Cursor object at 0x000002783D632C40>, 'PRAGMA temp.foreign_key_list("products")', ())
2026-03-03 14:02:43,036 - aiosqlite - DEBUG - operation functools.partial(<built-in method execute of sqlite3.Cursor object at 0x000002783D632C40>, 'PRAGMA temp.foreign_key_list("products")', ()) completed
2026-03-03 14:02:43,036 - aiosqlite - DEBUG - executing functools.partial(<built-in method fetchall of sqlite3.Cursor object at 0x000002783D632C40>)
2026-03-03 14:02:43,036 - aiosqlite - DEBUG - operation functools.partial(<built-in method fetchall of sqlite3.Cursor object at 0x000002783D632C40>) completed
2026-03-03 14:02:43,036 - aiosqlite - DEBUG - executing functools.partial(<built-in method close of sqlite3.Cursor object at 0x000002783D632C40>)
2026-03-03 14:02:43,036 - aiosqlite - DEBUG - operation functools.partial(<built-in method close of sqlite3.Cursor object at 0x000002783D632C40>) completed
2026-03-03 14:02:43,036 - aiosqlite - DEBUG - executing functools.partial(<built-in method cursor of sqlite3.Connection object at 0x000002783D6417B0>)
2026-03-03 14:02:43,036 - aiosqlite - DEBUG - operation functools.partial(<built-in method cursor of sqlite3.Connection object at 0x000002783D6417B0>) completed
2026-03-03 14:02:43,036 - aiosqlite - DEBUG - executing functools.partial(<built-in method execute of sqlite3.Cursor object at 0x000002783D632C40>, "SELECT sql FROM  (SELECT * FROM sqlite_master UNION ALL   SELECT * FROM sqlite_temp_master) WHERE name = ? AND type in ('table', 'view')", ('products',))
2026-03-03 14:02:43,040 - aiosqlite - DEBUG - operation functools.partial(<built-in method execute of sqlite3.Cursor object at 0x000002783D632C40>, "SELECT sql FROM  (SELECT * FROM sqlite_master UNION ALL   SELECT * FROM sqlite_temp_master) WHERE name = ? AND type in ('table', 'view')", ('products',)) completed
2026-03-03 14:02:43,040 - aiosqlite - DEBUG - executing functools.partial(<built-in method fetchall of sqlite3.Cursor object at 0x000002783D632C40>)
2026-03-03 14:02:43,042 - aiosqlite - DEBUG - operation functools.partial(<built-in method fetchall of sqlite3.Cursor object at 0x000002783D632C40>) completed
2026-03-03 14:02:43,042 - aiosqlite - DEBUG - executing functools.partial(<built-in method close of sqlite3.Cursor object at 0x000002783D632C40>)
2026-03-03 14:02:43,042 - aiosqlite - DEBUG - operation functools.partial(<built-in method close of sqlite3.Cursor object at 0x000002783D632C40>) completed
2026-03-03 14:02:43,042 - aiosqlite - DEBUG - executing functools.partial(<built-in method cursor of sqlite3.Connection object at 0x000002783D6417B0>)
2026-03-03 14:02:43,042 - aiosqlite - DEBUG - operation functools.partial(<built-in method cursor of sqlite3.Connection object at 0x000002783D6417B0>) completed
2026-03-03 14:02:43,042 - aiosqlite - DEBUG - executing functools.partial(<built-in method execute of sqlite3.Cursor object at 0x000002783D632C40>, 'PRAGMA main.index_list("products")', ())
2026-03-03 14:02:43,042 - aiosqlite - DEBUG - operation functools.partial(<built-in method execute of sqlite3.Cursor object at 0x000002783D632C40>, 'PRAGMA main.index_list("products")', ()) completed
2026-03-03 14:02:43,042 - aiosqlite - DEBUG - executing functools.partial(<built-in method fetchall of sqlite3.Cursor object at 0x000002783D632C40>)
2026-03-03 14:02:43,042 - aiosqlite - DEBUG - operation functools.partial(<built-in method fetchall of sqlite3.Cursor object at 0x000002783D632C40>) completed
2026-03-03 14:02:43,042 - aiosqlite - DEBUG - executing functools.partial(<built-in method close of sqlite3.Cursor object at 0x000002783D632C40>)
2026-03-03 14:02:43,042 - aiosqlite - DEBUG - operation functools.partial(<built-in method close of sqlite3.Cursor object at 0x000002783D632C40>) completed
2026-03-03 14:02:43,042 - aiosqlite - DEBUG - executing functools.partial(<built-in method cursor of sqlite3.Connection object at 0x000002783D6417B0>)
2026-03-03 14:02:43,042 - aiosqlite - DEBUG - operation functools.partial(<built-in method cursor of sqlite3.Connection object at 0x000002783D6417B0>) completed
2026-03-03 14:02:43,051 - aiosqlite - DEBUG - executing functools.partial(<built-in method execute of sqlite3.Cursor object at 0x000002783D632C40>, 'PRAGMA main.index_info("ix_products_id")', ())
2026-03-03 14:02:43,051 - aiosqlite - DEBUG - operation functools.partial(<built-in method execute of sqlite3.Cursor object at 0x000002783D632C40>, 'PRAGMA main.index_info("ix_products_id")', ()) completed
2026-03-03 14:02:43,052 - aiosqlite - DEBUG - executing functools.partial(<built-in method fetchall of sqlite3.Cursor object at 0x000002783D632C40>)
2026-03-03 14:02:43,052 - aiosqlite - DEBUG - operation functools.partial(<built-in method fetchall of sqlite3.Cursor object at 0x000002783D632C40>) completed
2026-03-03 14:02:43,052 - aiosqlite - DEBUG - executing functools.partial(<built-in method close of sqlite3.Cursor object at 0x000002783D632C40>)
2026-03-03 14:02:43,052 - aiosqlite - DEBUG - operation functools.partial(<built-in method close of sqlite3.Cursor object at 0x000002783D632C40>) completed
2026-03-03 14:02:43,052 - aiosqlite - DEBUG - executing functools.partial(<built-in method cursor of sqlite3.Connection object at 0x000002783D6417B0>)
2026-03-03 14:02:43,052 - aiosqlite - DEBUG - operation functools.partial(<built-in method cursor of sqlite3.Connection object at 0x000002783D6417B0>) completed
2026-03-03 14:02:43,052 - aiosqlite - DEBUG - executing functools.partial(<built-in method execute of sqlite3.Cursor object at 0x000002783D632C40>, 'PRAGMA main.index_list("products")', ())
2026-03-03 14:02:43,052 - aiosqlite - DEBUG - operation functools.partial(<built-in method execute of sqlite3.Cursor object at 0x000002783D632C40>, 'PRAGMA main.index_list("products")', ()) completed
2026-03-03 14:02:43,052 - aiosqlite - DEBUG - executing functools.partial(<built-in method fetchall of sqlite3.Cursor object at 0x000002783D632C40>)
2026-03-03 14:02:43,052 - aiosqlite - DEBUG - operation functools.partial(<built-in method fetchall of sqlite3.Cursor object at 0x000002783D632C40>) completed
2026-03-03 14:02:43,052 - aiosqlite - DEBUG - executing functools.partial(<built-in method close of sqlite3.Cursor object at 0x000002783D632C40>)
2026-03-03 14:02:43,052 - aiosqlite - DEBUG - operation functools.partial(<built-in method close of sqlite3.Cursor object at 0x000002783D632C40>) completed
2026-03-03 14:02:43,052 - aiosqlite - DEBUG - executing functools.partial(<built-in method cursor of sqlite3.Connection object at 0x000002783D6417B0>)
2026-03-03 14:02:43,052 - aiosqlite - DEBUG - operation functools.partial(<built-in method cursor of sqlite3.Connection object at 0x000002783D6417B0>) completed
2026-03-03 14:02:43,052 - aiosqlite - DEBUG - executing functools.partial(<built-in method execute of sqlite3.Cursor object at 0x000002783D632C40>, 'PRAGMA main.index_info("ix_products_id")', ())
2026-03-03 14:02:43,052 - aiosqlite - DEBUG - operation functools.partial(<built-in method execute of sqlite3.Cursor object at 0x000002783D632C40>, 'PRAGMA main.index_info("ix_products_id")', ()) completed
2026-03-03 14:02:43,060 - aiosqlite - DEBUG - executing functools.partial(<built-in method fetchall of sqlite3.Cursor object at 0x000002783D632C40>)
2026-03-03 14:02:43,060 - aiosqlite - DEBUG - operation functools.partial(<built-in method fetchall of sqlite3.Cursor object at 0x000002783D632C40>) completed
2026-03-03 14:02:43,060 - aiosqlite - DEBUG - executing functools.partial(<built-in method close of sqlite3.Cursor object at 0x000002783D632C40>)
2026-03-03 14:02:43,060 - aiosqlite - DEBUG - operation functools.partial(<built-in method close of sqlite3.Cursor object at 0x000002783D632C40>) completed
2026-03-03 14:02:43,060 - aiosqlite - DEBUG - executing functools.partial(<built-in method cursor of sqlite3.Connection object at 0x000002783D6417B0>)
2026-03-03 14:02:43,060 - aiosqlite - DEBUG - operation functools.partial(<built-in method cursor of sqlite3.Connection object at 0x000002783D6417B0>) completed
2026-03-03 14:02:43,060 - aiosqlite - DEBUG - executing functools.partial(<built-in method execute of sqlite3.Cursor object at 0x000002783D632C40>, "SELECT sql FROM  (SELECT * FROM sqlite_master UNION ALL   SELECT * FROM sqlite_temp_master) WHERE name = ? AND type in ('table', 'view')", ('products',))
2026-03-03 14:02:43,060 - aiosqlite - DEBUG - operation functools.partial(<built-in method execute of sqlite3.Cursor object at 0x000002783D632C40>, "SELECT sql FROM  (SELECT * FROM sqlite_master UNION ALL   SELECT * FROM sqlite_temp_master) WHERE name = ? AND type in ('table', 'view')", ('products',)) completed
2026-03-03 14:02:43,060 - aiosqlite - DEBUG - executing functools.partial(<built-in method fetchall of sqlite3.Cursor object at 0x000002783D632C40>)
2026-03-03 14:02:43,060 - aiosqlite - DEBUG - operation functools.partial(<built-in method fetchall of sqlite3.Cursor object at 0x000002783D632C40>) completed
2026-03-03 14:02:43,060 - aiosqlite - DEBUG - executing functools.partial(<built-in method close of sqlite3.Cursor object at 0x000002783D632C40>)
2026-03-03 14:02:43,060 - aiosqlite - DEBUG - operation functools.partial(<built-in method close of sqlite3.Cursor object at 0x000002783D632C40>) completed
2026-03-03 14:02:43,068 - aiosqlite - DEBUG - executing functools.partial(<built-in method cursor of sqlite3.Connection object at 0x000002783D6417B0>)
2026-03-03 14:02:43,068 - aiosqlite - DEBUG - operation functools.partial(<built-in method cursor of sqlite3.Connection object at 0x000002783D6417B0>) completed
2026-03-03 14:02:43,068 - aiosqlite - DEBUG - executing functools.partial(<built-in method execute of sqlite3.Cursor object at 0x000002783D5E7040>, 'SELECT count(*) AS count_1 \nFROM products', ())
2026-03-03 14:02:43,068 - aiosqlite - DEBUG - operation functools.partial(<built-in method execute of sqlite3.Cursor object at 0x000002783D5E7040>, 'SELECT count(*) AS count_1 \nFROM products', ()) completed
2026-03-03 14:02:43,068 - aiosqlite - DEBUG - executing functools.partial(<built-in method fetchall of sqlite3.Cursor object at 0x000002783D5E7040>)
2026-03-03 14:02:43,068 - aiosqlite - DEBUG - operation functools.partial(<built-in method fetchall of sqlite3.Cursor object at 0x000002783D5E7040>) completed
2026-03-03 14:02:43,068 - aiosqlite - DEBUG - executing functools.partial(<built-in method close of sqlite3.Cursor object at 0x000002783D5E7040>)
2026-03-03 14:02:43,068 - aiosqlite - DEBUG - operation functools.partial(<built-in method close of sqlite3.Cursor object at 0x000002783D5E7040>) completed
2026-03-03 14:02:43,068 - services.mock_data - INFO - Table products already has 14 rows; skipping mock insert
2026-03-03 14:02:43,068 - aiosqlite - DEBUG - executing functools.partial(<built-in method commit of sqlite3.Connection object at 0x000002783D6417B0>)
2026-03-03 14:02:43,068 - aiosqlite - DEBUG - operation functools.partial(<built-in method commit of sqlite3.Connection object at 0x000002783D6417B0>) completed
2026-03-03 14:02:43,076 - aiosqlite - DEBUG - executing functools.partial(<built-in method rollback of sqlite3.Connection object at 0x000002783D6417B0>)
2026-03-03 14:02:43,076 - aiosqlite - DEBUG - operation functools.partial(<built-in method rollback of sqlite3.Connection object at 0x000002783D6417B0>) completed
2026-03-03 14:02:43,076 - aiosqlite - DEBUG - executing functools.partial(<built-in method close of sqlite3.Connection object at 0x000002783D6417B0>)
2026-03-03 14:02:43,076 - aiosqlite - DEBUG - operation functools.partial(<built-in method close of sqlite3.Connection object at 0x000002783D6417B0>) completed
2026-03-03 14:02:43,076 - services.database - DEBUG - [DB_OP] Starting database initialization
2026-03-03 14:02:43,076 - services.database - INFO - 🔧 Starting database initialization...
2026-03-03 14:02:43,076 - core.database - INFO - Starting database initialization...
2026-03-03 14:02:43,076 - core.database - INFO - Database already initialized
2026-03-03 14:02:43,076 - services.database - INFO - 🔧 Database connection initialized, now creating tables if tables not exist...
2026-03-03 14:02:43,081 - core.database - DEBUG - [DB_OP] Starting create_tables
2026-03-03 14:02:43,081 - core.database - INFO - Tables already initialized
2026-03-03 14:02:43,081 - services.database - INFO - 🔧 Table creation completed
2026-03-03 14:02:43,082 - services.database - INFO - Database initialized successfully
2026-03-03 14:02:43,082 - services.database - DEBUG - [DB_OP] Database initialization completed in 0.0056s
2026-03-03 14:02:43,082 - services.auth - WARNING - Admin user ID or email not configured, skipping admin initialization
2026-03-03 14:02:43,082 - main - INFO - === Application startup completed successfully ===
2026-03-03 14:02:47,510 - services.database - DEBUG - [DB_OP] Starting database close
2026-03-03 14:02:47,510 - core.database - INFO - Database connection closed and engine disposed
2026-03-03 14:02:47,510 - services.database - INFO - Database connections closed
2026-03-03 14:02:47,510 - services.database - DEBUG - [DB_OP] Database close completed in 0.0000s
