2026-01-31 10:44:13,713 - main - INFO - === Logging system initialized ===
2026-01-31 10:44:13,713 - main - INFO - Log file: logs/app_20260131_104413.log
2026-01-31 10:44:13,713 - main - INFO - Log level: INFO
2026-01-31 10:44:13,713 - main - INFO - Timestamp: 20260131_104413
2026-01-31 10:44:14,213 - main - INFO - Included router: routers.aihub.router
2026-01-31 10:44:14,233 - main - INFO - Included router: routers.auth.router
2026-01-31 10:44:14,233 - main - INFO - Included router: routers.health.router
2026-01-31 10:44:14,293 - main - INFO - Included router: routers.products.router
2026-01-31 10:44:14,293 - main - WARNING - Failed to import module 'routers.settings': cannot import name 'get_admin_user' from 'dependencies.auth' (D:\ASM1\backend\dependencies\auth.py)
2026-01-31 10:44:14,293 - main - WARNING - Failed to import module 'routers.storage': cannot import name 'get_admin_user' from 'dependencies.auth' (D:\ASM1\backend\dependencies\auth.py)
2026-01-31 10:44:14,303 - main - INFO - Included router: routers.user.router
2026-01-31 10:44:14,303 - main - INFO - === Application startup initiated ===
2026-01-31 10:44:14,303 - services.database - DEBUG - [DB_OP] Starting database initialization
2026-01-31 10:44:14,303 - services.database - INFO - 🔧 Starting database initialization...
2026-01-31 10:44:14,303 - core.database - INFO - Starting database initialization...
2026-01-31 10:44:14,303 - core.database - INFO - Normalizing database URL for async compatibility...
2026-01-31 10:44:14,308 - core.database - DEBUG - Database exists:./test.db
2026-01-31 10:44:14,308 - core.database - WARNING - Adjusted database URL driver for async compatibility
2026-01-31 10:44:14,308 - core.database - INFO - Creating async database engine...
2026-01-31 10:44:14,308 - core.database - INFO - Using NullPool for sqlite+aiosqlite environment
2026-01-31 10:44:14,333 - core.database - INFO - Database engine created successfully
2026-01-31 10:44:14,333 - core.database - INFO - Creating async session maker...
2026-01-31 10:44:14,333 - core.database - INFO - Async session maker created successfully
2026-01-31 10:44:14,333 - core.database - INFO - Database connection initialized successfully
2026-01-31 10:44:14,333 - services.database - INFO - 🔧 Database connection initialized, now creating tables if tables not exist...
2026-01-31 10:44:14,333 - core.database - DEBUG - [DB_OP] Starting create_tables
2026-01-31 10:44:14,333 - core.database - INFO - 🔧 Starting table creation...
2026-01-31 10:44:14,333 - aiosqlite - DEBUG - executing <function connect.<locals>.connector at 0x0000026160439D00>
2026-01-31 10:44:14,333 - aiosqlite - DEBUG - operation <function connect.<locals>.connector at 0x0000026160439D00> completed
2026-01-31 10:44:14,333 - aiosqlite - DEBUG - executing functools.partial(<built-in method create_function of sqlite3.Connection object at 0x00000261603FEE30>, 'regexp', 2, <function SQLiteDialect_pysqlite.on_connect.<locals>.regexp at 0x0000026160439080>, deterministic=True)
2026-01-31 10:44:14,333 - aiosqlite - DEBUG - operation functools.partial(<built-in method create_function of sqlite3.Connection object at 0x00000261603FEE30>, 'regexp', 2, <function SQLiteDialect_pysqlite.on_connect.<locals>.regexp at 0x0000026160439080>, deterministic=True) completed
2026-01-31 10:44:14,333 - aiosqlite - DEBUG - executing functools.partial(<built-in method create_function of sqlite3.Connection object at 0x00000261603FEE30>, 'floor', 1, <built-in function floor>, deterministic=True)
2026-01-31 10:44:14,333 - aiosqlite - DEBUG - operation functools.partial(<built-in method create_function of sqlite3.Connection object at 0x00000261603FEE30>, 'floor', 1, <built-in function floor>, deterministic=True) completed
2026-01-31 10:44:14,333 - aiosqlite - DEBUG - executing functools.partial(<built-in method cursor of sqlite3.Connection object at 0x00000261603FEE30>)
2026-01-31 10:44:14,333 - aiosqlite - DEBUG - operation functools.partial(<built-in method cursor of sqlite3.Connection object at 0x00000261603FEE30>) completed
2026-01-31 10:44:14,333 - aiosqlite - DEBUG - executing functools.partial(<built-in method execute of sqlite3.Cursor object at 0x00000261603DBA40>, 'PRAGMA read_uncommitted', [])
2026-01-31 10:44:14,333 - aiosqlite - DEBUG - operation functools.partial(<built-in method execute of sqlite3.Cursor object at 0x00000261603DBA40>, 'PRAGMA read_uncommitted', []) completed
2026-01-31 10:44:14,333 - aiosqlite - DEBUG - executing functools.partial(<built-in method fetchall of sqlite3.Cursor object at 0x00000261603DBA40>)
2026-01-31 10:44:14,333 - aiosqlite - DEBUG - operation functools.partial(<built-in method fetchall of sqlite3.Cursor object at 0x00000261603DBA40>) completed
2026-01-31 10:44:14,343 - aiosqlite - DEBUG - executing functools.partial(<built-in method close of sqlite3.Cursor object at 0x00000261603DBA40>)
2026-01-31 10:44:14,343 - aiosqlite - DEBUG - operation functools.partial(<built-in method close of sqlite3.Cursor object at 0x00000261603DBA40>) completed
2026-01-31 10:44:14,343 - aiosqlite - DEBUG - executing functools.partial(<built-in method rollback of sqlite3.Connection object at 0x00000261603FEE30>)
2026-01-31 10:44:14,343 - aiosqlite - DEBUG - operation functools.partial(<built-in method rollback of sqlite3.Connection object at 0x00000261603FEE30>) completed
2026-01-31 10:44:14,343 - aiosqlite - DEBUG - executing functools.partial(<built-in method cursor of sqlite3.Connection object at 0x00000261603FEE30>)
2026-01-31 10:44:14,343 - aiosqlite - DEBUG - operation functools.partial(<built-in method cursor of sqlite3.Connection object at 0x00000261603FEE30>) completed
2026-01-31 10:44:14,343 - aiosqlite - DEBUG - executing functools.partial(<built-in method execute of sqlite3.Cursor object at 0x00000261603DBB40>, 'PRAGMA main.table_info("users")', ())
2026-01-31 10:44:14,343 - aiosqlite - DEBUG - operation functools.partial(<built-in method execute of sqlite3.Cursor object at 0x00000261603DBB40>, 'PRAGMA main.table_info("users")', ()) completed
2026-01-31 10:44:14,343 - aiosqlite - DEBUG - executing functools.partial(<built-in method fetchall of sqlite3.Cursor object at 0x00000261603DBB40>)
2026-01-31 10:44:14,343 - aiosqlite - DEBUG - operation functools.partial(<built-in method fetchall of sqlite3.Cursor object at 0x00000261603DBB40>) completed
2026-01-31 10:44:14,343 - aiosqlite - DEBUG - executing functools.partial(<built-in method close of sqlite3.Cursor object at 0x00000261603DBB40>)
2026-01-31 10:44:14,343 - aiosqlite - DEBUG - operation functools.partial(<built-in method close of sqlite3.Cursor object at 0x00000261603DBB40>) completed
2026-01-31 10:44:14,343 - aiosqlite - DEBUG - executing functools.partial(<built-in method cursor of sqlite3.Connection object at 0x00000261603FEE30>)
2026-01-31 10:44:14,343 - aiosqlite - DEBUG - operation functools.partial(<built-in method cursor of sqlite3.Connection object at 0x00000261603FEE30>) completed
2026-01-31 10:44:14,343 - aiosqlite - DEBUG - executing functools.partial(<built-in method execute of sqlite3.Cursor object at 0x00000261603DBB40>, 'PRAGMA main.table_info("oidc_states")', ())
2026-01-31 10:44:14,352 - aiosqlite - DEBUG - operation functools.partial(<built-in method execute of sqlite3.Cursor object at 0x00000261603DBB40>, 'PRAGMA main.table_info("oidc_states")', ()) completed
2026-01-31 10:44:14,352 - aiosqlite - DEBUG - executing functools.partial(<built-in method fetchall of sqlite3.Cursor object at 0x00000261603DBB40>)
2026-01-31 10:44:14,352 - aiosqlite - DEBUG - operation functools.partial(<built-in method fetchall of sqlite3.Cursor object at 0x00000261603DBB40>) completed
2026-01-31 10:44:14,352 - aiosqlite - DEBUG - executing functools.partial(<built-in method close of sqlite3.Cursor object at 0x00000261603DBB40>)
2026-01-31 10:44:14,352 - aiosqlite - DEBUG - operation functools.partial(<built-in method close of sqlite3.Cursor object at 0x00000261603DBB40>) completed
2026-01-31 10:44:14,352 - aiosqlite - DEBUG - executing functools.partial(<built-in method cursor of sqlite3.Connection object at 0x00000261603FEE30>)
2026-01-31 10:44:14,352 - aiosqlite - DEBUG - operation functools.partial(<built-in method cursor of sqlite3.Connection object at 0x00000261603FEE30>) completed
2026-01-31 10:44:14,352 - aiosqlite - DEBUG - executing functools.partial(<built-in method execute of sqlite3.Cursor object at 0x00000261603DBB40>, 'PRAGMA main.table_info("products")', ())
2026-01-31 10:44:14,352 - aiosqlite - DEBUG - operation functools.partial(<built-in method execute of sqlite3.Cursor object at 0x00000261603DBB40>, 'PRAGMA main.table_info("products")', ()) completed
2026-01-31 10:44:14,352 - aiosqlite - DEBUG - executing functools.partial(<built-in method fetchall of sqlite3.Cursor object at 0x00000261603DBB40>)
2026-01-31 10:44:14,352 - aiosqlite - DEBUG - operation functools.partial(<built-in method fetchall of sqlite3.Cursor object at 0x00000261603DBB40>) completed
2026-01-31 10:44:14,352 - aiosqlite - DEBUG - executing functools.partial(<built-in method close of sqlite3.Cursor object at 0x00000261603DBB40>)
2026-01-31 10:44:14,352 - aiosqlite - DEBUG - operation functools.partial(<built-in method close of sqlite3.Cursor object at 0x00000261603DBB40>) completed
2026-01-31 10:44:14,352 - core.database - INFO - Tables initialized successfully
2026-01-31 10:44:14,352 - core.database - DEBUG - [DB_OP] Create tables completed in 0.0193s
2026-01-31 10:44:14,352 - aiosqlite - DEBUG - executing functools.partial(<built-in method commit of sqlite3.Connection object at 0x00000261603FEE30>)
2026-01-31 10:44:14,360 - aiosqlite - DEBUG - operation functools.partial(<built-in method commit of sqlite3.Connection object at 0x00000261603FEE30>) completed
2026-01-31 10:44:14,360 - aiosqlite - DEBUG - executing functools.partial(<built-in method rollback of sqlite3.Connection object at 0x00000261603FEE30>)
2026-01-31 10:44:14,360 - aiosqlite - DEBUG - operation functools.partial(<built-in method rollback of sqlite3.Connection object at 0x00000261603FEE30>) completed
2026-01-31 10:44:14,360 - aiosqlite - DEBUG - executing functools.partial(<built-in method close of sqlite3.Connection object at 0x00000261603FEE30>)
2026-01-31 10:44:14,360 - aiosqlite - DEBUG - operation functools.partial(<built-in method close of sqlite3.Connection object at 0x00000261603FEE30>) completed
2026-01-31 10:44:14,360 - services.database - INFO - 🔧 Table creation completed
2026-01-31 10:44:14,360 - services.database - INFO - Database initialized successfully
2026-01-31 10:44:14,360 - services.database - DEBUG - [DB_OP] Database initialization completed in 0.0571s
2026-01-31 10:44:14,360 - services.mock_data - INFO - Processing mock data file products.json for table products
2026-01-31 10:44:14,368 - aiosqlite - DEBUG - executing <function connect.<locals>.connector at 0x000002616043AE80>
2026-01-31 10:44:14,368 - aiosqlite - DEBUG - operation <function connect.<locals>.connector at 0x000002616043AE80> completed
2026-01-31 10:44:14,368 - aiosqlite - DEBUG - executing functools.partial(<built-in method create_function of sqlite3.Connection object at 0x0000026160449210>, 'regexp', 2, <function SQLiteDialect_pysqlite.on_connect.<locals>.regexp at 0x0000026160439080>, deterministic=True)
2026-01-31 10:44:14,368 - aiosqlite - DEBUG - operation functools.partial(<built-in method create_function of sqlite3.Connection object at 0x0000026160449210>, 'regexp', 2, <function SQLiteDialect_pysqlite.on_connect.<locals>.regexp at 0x0000026160439080>, deterministic=True) completed
2026-01-31 10:44:14,368 - aiosqlite - DEBUG - executing functools.partial(<built-in method create_function of sqlite3.Connection object at 0x0000026160449210>, 'floor', 1, <built-in function floor>, deterministic=True)
2026-01-31 10:44:14,368 - aiosqlite - DEBUG - operation functools.partial(<built-in method create_function of sqlite3.Connection object at 0x0000026160449210>, 'floor', 1, <built-in function floor>, deterministic=True) completed
2026-01-31 10:44:14,368 - aiosqlite - DEBUG - executing functools.partial(<built-in method cursor of sqlite3.Connection object at 0x0000026160449210>)
2026-01-31 10:44:14,368 - aiosqlite - DEBUG - operation functools.partial(<built-in method cursor of sqlite3.Connection object at 0x0000026160449210>) completed
2026-01-31 10:44:14,368 - aiosqlite - DEBUG - executing functools.partial(<built-in method execute of sqlite3.Cursor object at 0x000002616044C3C0>, 'PRAGMA main.table_xinfo("products")', ())
2026-01-31 10:44:14,368 - aiosqlite - DEBUG - operation functools.partial(<built-in method execute of sqlite3.Cursor object at 0x000002616044C3C0>, 'PRAGMA main.table_xinfo("products")', ()) completed
2026-01-31 10:44:14,368 - aiosqlite - DEBUG - executing functools.partial(<built-in method fetchall of sqlite3.Cursor object at 0x000002616044C3C0>)
2026-01-31 10:44:14,376 - aiosqlite - DEBUG - operation functools.partial(<built-in method fetchall of sqlite3.Cursor object at 0x000002616044C3C0>) completed
2026-01-31 10:44:14,376 - aiosqlite - DEBUG - executing functools.partial(<built-in method close of sqlite3.Cursor object at 0x000002616044C3C0>)
2026-01-31 10:44:14,376 - aiosqlite - DEBUG - operation functools.partial(<built-in method close of sqlite3.Cursor object at 0x000002616044C3C0>) completed
2026-01-31 10:44:14,376 - aiosqlite - DEBUG - executing functools.partial(<built-in method cursor of sqlite3.Connection object at 0x0000026160449210>)
2026-01-31 10:44:14,376 - aiosqlite - DEBUG - operation functools.partial(<built-in method cursor of sqlite3.Connection object at 0x0000026160449210>) completed
2026-01-31 10:44:14,376 - aiosqlite - DEBUG - executing functools.partial(<built-in method execute of sqlite3.Cursor object at 0x000002616044C3C0>, "SELECT sql FROM  (SELECT * FROM sqlite_master UNION ALL   SELECT * FROM sqlite_temp_master) WHERE name = ? AND type in ('table', 'view')", ('products',))
2026-01-31 10:44:14,376 - aiosqlite - DEBUG - operation functools.partial(<built-in method execute of sqlite3.Cursor object at 0x000002616044C3C0>, "SELECT sql FROM  (SELECT * FROM sqlite_master UNION ALL   SELECT * FROM sqlite_temp_master) WHERE name = ? AND type in ('table', 'view')", ('products',)) completed
2026-01-31 10:44:14,376 - aiosqlite - DEBUG - executing functools.partial(<built-in method fetchall of sqlite3.Cursor object at 0x000002616044C3C0>)
2026-01-31 10:44:14,376 - aiosqlite - DEBUG - operation functools.partial(<built-in method fetchall of sqlite3.Cursor object at 0x000002616044C3C0>) completed
2026-01-31 10:44:14,376 - aiosqlite - DEBUG - executing functools.partial(<built-in method close of sqlite3.Cursor object at 0x000002616044C3C0>)
2026-01-31 10:44:14,376 - aiosqlite - DEBUG - operation functools.partial(<built-in method close of sqlite3.Cursor object at 0x000002616044C3C0>) completed
2026-01-31 10:44:14,384 - aiosqlite - DEBUG - executing functools.partial(<built-in method cursor of sqlite3.Connection object at 0x0000026160449210>)
2026-01-31 10:44:14,384 - aiosqlite - DEBUG - operation functools.partial(<built-in method cursor of sqlite3.Connection object at 0x0000026160449210>) completed
2026-01-31 10:44:14,384 - aiosqlite - DEBUG - executing functools.partial(<built-in method execute of sqlite3.Cursor object at 0x000002616044C3C0>, 'PRAGMA main.foreign_key_list("products")', ())
2026-01-31 10:44:14,384 - aiosqlite - DEBUG - operation functools.partial(<built-in method execute of sqlite3.Cursor object at 0x000002616044C3C0>, 'PRAGMA main.foreign_key_list("products")', ()) completed
2026-01-31 10:44:14,384 - aiosqlite - DEBUG - executing functools.partial(<built-in method fetchall of sqlite3.Cursor object at 0x000002616044C3C0>)
2026-01-31 10:44:14,384 - aiosqlite - DEBUG - operation functools.partial(<built-in method fetchall of sqlite3.Cursor object at 0x000002616044C3C0>) completed
2026-01-31 10:44:14,384 - aiosqlite - DEBUG - executing functools.partial(<built-in method close of sqlite3.Cursor object at 0x000002616044C3C0>)
2026-01-31 10:44:14,384 - aiosqlite - DEBUG - operation functools.partial(<built-in method close of sqlite3.Cursor object at 0x000002616044C3C0>) completed
2026-01-31 10:44:14,384 - aiosqlite - DEBUG - executing functools.partial(<built-in method cursor of sqlite3.Connection object at 0x0000026160449210>)
2026-01-31 10:44:14,384 - aiosqlite - DEBUG - operation functools.partial(<built-in method cursor of sqlite3.Connection object at 0x0000026160449210>) completed
2026-01-31 10:44:14,384 - aiosqlite - DEBUG - executing functools.partial(<built-in method execute of sqlite3.Cursor object at 0x000002616044C3C0>, 'PRAGMA temp.foreign_key_list("products")', ())
2026-01-31 10:44:14,384 - aiosqlite - DEBUG - operation functools.partial(<built-in method execute of sqlite3.Cursor object at 0x000002616044C3C0>, 'PRAGMA temp.foreign_key_list("products")', ()) completed
2026-01-31 10:44:14,384 - aiosqlite - DEBUG - executing functools.partial(<built-in method fetchall of sqlite3.Cursor object at 0x000002616044C3C0>)
2026-01-31 10:44:14,384 - aiosqlite - DEBUG - operation functools.partial(<built-in method fetchall of sqlite3.Cursor object at 0x000002616044C3C0>) completed
2026-01-31 10:44:14,384 - aiosqlite - DEBUG - executing functools.partial(<built-in method close of sqlite3.Cursor object at 0x000002616044C3C0>)
2026-01-31 10:44:14,384 - aiosqlite - DEBUG - operation functools.partial(<built-in method close of sqlite3.Cursor object at 0x000002616044C3C0>) completed
2026-01-31 10:44:14,384 - aiosqlite - DEBUG - executing functools.partial(<built-in method cursor of sqlite3.Connection object at 0x0000026160449210>)
2026-01-31 10:44:14,392 - aiosqlite - DEBUG - operation functools.partial(<built-in method cursor of sqlite3.Connection object at 0x0000026160449210>) completed
2026-01-31 10:44:14,392 - aiosqlite - DEBUG - executing functools.partial(<built-in method execute of sqlite3.Cursor object at 0x000002616044C3C0>, "SELECT sql FROM  (SELECT * FROM sqlite_master UNION ALL   SELECT * FROM sqlite_temp_master) WHERE name = ? AND type in ('table', 'view')", ('products',))
2026-01-31 10:44:14,392 - aiosqlite - DEBUG - operation functools.partial(<built-in method execute of sqlite3.Cursor object at 0x000002616044C3C0>, "SELECT sql FROM  (SELECT * FROM sqlite_master UNION ALL   SELECT * FROM sqlite_temp_master) WHERE name = ? AND type in ('table', 'view')", ('products',)) completed
2026-01-31 10:44:14,392 - aiosqlite - DEBUG - executing functools.partial(<built-in method fetchall of sqlite3.Cursor object at 0x000002616044C3C0>)
2026-01-31 10:44:14,392 - aiosqlite - DEBUG - operation functools.partial(<built-in method fetchall of sqlite3.Cursor object at 0x000002616044C3C0>) completed
2026-01-31 10:44:14,392 - aiosqlite - DEBUG - executing functools.partial(<built-in method close of sqlite3.Cursor object at 0x000002616044C3C0>)
2026-01-31 10:44:14,392 - aiosqlite - DEBUG - operation functools.partial(<built-in method close of sqlite3.Cursor object at 0x000002616044C3C0>) completed
2026-01-31 10:44:14,392 - aiosqlite - DEBUG - executing functools.partial(<built-in method cursor of sqlite3.Connection object at 0x0000026160449210>)
2026-01-31 10:44:14,392 - aiosqlite - DEBUG - operation functools.partial(<built-in method cursor of sqlite3.Connection object at 0x0000026160449210>) completed
2026-01-31 10:44:14,392 - aiosqlite - DEBUG - executing functools.partial(<built-in method execute of sqlite3.Cursor object at 0x000002616044C3C0>, 'PRAGMA main.index_list("products")', ())
2026-01-31 10:44:14,392 - aiosqlite - DEBUG - operation functools.partial(<built-in method execute of sqlite3.Cursor object at 0x000002616044C3C0>, 'PRAGMA main.index_list("products")', ()) completed
2026-01-31 10:44:14,400 - aiosqlite - DEBUG - executing functools.partial(<built-in method fetchall of sqlite3.Cursor object at 0x000002616044C3C0>)
2026-01-31 10:44:14,400 - aiosqlite - DEBUG - operation functools.partial(<built-in method fetchall of sqlite3.Cursor object at 0x000002616044C3C0>) completed
2026-01-31 10:44:14,400 - aiosqlite - DEBUG - executing functools.partial(<built-in method close of sqlite3.Cursor object at 0x000002616044C3C0>)
2026-01-31 10:44:14,400 - aiosqlite - DEBUG - operation functools.partial(<built-in method close of sqlite3.Cursor object at 0x000002616044C3C0>) completed
2026-01-31 10:44:14,400 - aiosqlite - DEBUG - executing functools.partial(<built-in method cursor of sqlite3.Connection object at 0x0000026160449210>)
2026-01-31 10:44:14,400 - aiosqlite - DEBUG - operation functools.partial(<built-in method cursor of sqlite3.Connection object at 0x0000026160449210>) completed
2026-01-31 10:44:14,400 - aiosqlite - DEBUG - executing functools.partial(<built-in method execute of sqlite3.Cursor object at 0x000002616044C3C0>, 'PRAGMA main.index_info("ix_products_id")', ())
2026-01-31 10:44:14,400 - aiosqlite - DEBUG - operation functools.partial(<built-in method execute of sqlite3.Cursor object at 0x000002616044C3C0>, 'PRAGMA main.index_info("ix_products_id")', ()) completed
2026-01-31 10:44:14,400 - aiosqlite - DEBUG - executing functools.partial(<built-in method fetchall of sqlite3.Cursor object at 0x000002616044C3C0>)
2026-01-31 10:44:14,400 - aiosqlite - DEBUG - operation functools.partial(<built-in method fetchall of sqlite3.Cursor object at 0x000002616044C3C0>) completed
2026-01-31 10:44:14,400 - aiosqlite - DEBUG - executing functools.partial(<built-in method close of sqlite3.Cursor object at 0x000002616044C3C0>)
2026-01-31 10:44:14,400 - aiosqlite - DEBUG - operation functools.partial(<built-in method close of sqlite3.Cursor object at 0x000002616044C3C0>) completed
2026-01-31 10:44:14,400 - aiosqlite - DEBUG - executing functools.partial(<built-in method cursor of sqlite3.Connection object at 0x0000026160449210>)
2026-01-31 10:44:14,400 - aiosqlite - DEBUG - operation functools.partial(<built-in method cursor of sqlite3.Connection object at 0x0000026160449210>) completed
2026-01-31 10:44:14,400 - aiosqlite - DEBUG - executing functools.partial(<built-in method execute of sqlite3.Cursor object at 0x000002616044C3C0>, 'PRAGMA main.index_list("products")', ())
2026-01-31 10:44:14,400 - aiosqlite - DEBUG - operation functools.partial(<built-in method execute of sqlite3.Cursor object at 0x000002616044C3C0>, 'PRAGMA main.index_list("products")', ()) completed
2026-01-31 10:44:14,400 - aiosqlite - DEBUG - executing functools.partial(<built-in method fetchall of sqlite3.Cursor object at 0x000002616044C3C0>)
2026-01-31 10:44:14,400 - aiosqlite - DEBUG - operation functools.partial(<built-in method fetchall of sqlite3.Cursor object at 0x000002616044C3C0>) completed
2026-01-31 10:44:14,400 - aiosqlite - DEBUG - executing functools.partial(<built-in method close of sqlite3.Cursor object at 0x000002616044C3C0>)
2026-01-31 10:44:14,400 - aiosqlite - DEBUG - operation functools.partial(<built-in method close of sqlite3.Cursor object at 0x000002616044C3C0>) completed
2026-01-31 10:44:14,400 - aiosqlite - DEBUG - executing functools.partial(<built-in method cursor of sqlite3.Connection object at 0x0000026160449210>)
2026-01-31 10:44:14,400 - aiosqlite - DEBUG - operation functools.partial(<built-in method cursor of sqlite3.Connection object at 0x0000026160449210>) completed
2026-01-31 10:44:14,410 - aiosqlite - DEBUG - executing functools.partial(<built-in method execute of sqlite3.Cursor object at 0x000002616044C3C0>, 'PRAGMA main.index_info("ix_products_id")', ())
2026-01-31 10:44:14,410 - aiosqlite - DEBUG - operation functools.partial(<built-in method execute of sqlite3.Cursor object at 0x000002616044C3C0>, 'PRAGMA main.index_info("ix_products_id")', ()) completed
2026-01-31 10:44:14,410 - aiosqlite - DEBUG - executing functools.partial(<built-in method fetchall of sqlite3.Cursor object at 0x000002616044C3C0>)
2026-01-31 10:44:14,413 - aiosqlite - DEBUG - operation functools.partial(<built-in method fetchall of sqlite3.Cursor object at 0x000002616044C3C0>) completed
2026-01-31 10:44:14,413 - aiosqlite - DEBUG - executing functools.partial(<built-in method close of sqlite3.Cursor object at 0x000002616044C3C0>)
2026-01-31 10:44:14,413 - aiosqlite - DEBUG - operation functools.partial(<built-in method close of sqlite3.Cursor object at 0x000002616044C3C0>) completed
2026-01-31 10:44:14,413 - aiosqlite - DEBUG - executing functools.partial(<built-in method cursor of sqlite3.Connection object at 0x0000026160449210>)
2026-01-31 10:44:14,413 - aiosqlite - DEBUG - operation functools.partial(<built-in method cursor of sqlite3.Connection object at 0x0000026160449210>) completed
2026-01-31 10:44:14,413 - aiosqlite - DEBUG - executing functools.partial(<built-in method execute of sqlite3.Cursor object at 0x000002616044C3C0>, "SELECT sql FROM  (SELECT * FROM sqlite_master UNION ALL   SELECT * FROM sqlite_temp_master) WHERE name = ? AND type in ('table', 'view')", ('products',))
2026-01-31 10:44:14,413 - aiosqlite - DEBUG - operation functools.partial(<built-in method execute of sqlite3.Cursor object at 0x000002616044C3C0>, "SELECT sql FROM  (SELECT * FROM sqlite_master UNION ALL   SELECT * FROM sqlite_temp_master) WHERE name = ? AND type in ('table', 'view')", ('products',)) completed
2026-01-31 10:44:14,413 - aiosqlite - DEBUG - executing functools.partial(<built-in method fetchall of sqlite3.Cursor object at 0x000002616044C3C0>)
2026-01-31 10:44:14,413 - aiosqlite - DEBUG - operation functools.partial(<built-in method fetchall of sqlite3.Cursor object at 0x000002616044C3C0>) completed
2026-01-31 10:44:14,413 - aiosqlite - DEBUG - executing functools.partial(<built-in method close of sqlite3.Cursor object at 0x000002616044C3C0>)
2026-01-31 10:44:14,413 - aiosqlite - DEBUG - operation functools.partial(<built-in method close of sqlite3.Cursor object at 0x000002616044C3C0>) completed
2026-01-31 10:44:14,422 - aiosqlite - DEBUG - executing functools.partial(<built-in method cursor of sqlite3.Connection object at 0x0000026160449210>)
2026-01-31 10:44:14,422 - aiosqlite - DEBUG - operation functools.partial(<built-in method cursor of sqlite3.Connection object at 0x0000026160449210>) completed
2026-01-31 10:44:14,422 - aiosqlite - DEBUG - executing functools.partial(<built-in method execute of sqlite3.Cursor object at 0x00000261603B6B40>, 'SELECT count(*) AS count_1 \nFROM products', ())
2026-01-31 10:44:14,422 - aiosqlite - DEBUG - operation functools.partial(<built-in method execute of sqlite3.Cursor object at 0x00000261603B6B40>, 'SELECT count(*) AS count_1 \nFROM products', ()) completed
2026-01-31 10:44:14,422 - aiosqlite - DEBUG - executing functools.partial(<built-in method fetchall of sqlite3.Cursor object at 0x00000261603B6B40>)
2026-01-31 10:44:14,422 - aiosqlite - DEBUG - operation functools.partial(<built-in method fetchall of sqlite3.Cursor object at 0x00000261603B6B40>) completed
2026-01-31 10:44:14,422 - aiosqlite - DEBUG - executing functools.partial(<built-in method close of sqlite3.Cursor object at 0x00000261603B6B40>)
2026-01-31 10:44:14,422 - aiosqlite - DEBUG - operation functools.partial(<built-in method close of sqlite3.Cursor object at 0x00000261603B6B40>) completed
2026-01-31 10:44:14,422 - services.mock_data - INFO - Table products already has 9 rows; skipping mock insert
2026-01-31 10:44:14,422 - aiosqlite - DEBUG - executing functools.partial(<built-in method commit of sqlite3.Connection object at 0x0000026160449210>)
2026-01-31 10:44:14,430 - aiosqlite - DEBUG - operation functools.partial(<built-in method commit of sqlite3.Connection object at 0x0000026160449210>) completed
2026-01-31 10:44:14,430 - aiosqlite - DEBUG - executing functools.partial(<built-in method rollback of sqlite3.Connection object at 0x0000026160449210>)
2026-01-31 10:44:14,430 - aiosqlite - DEBUG - operation functools.partial(<built-in method rollback of sqlite3.Connection object at 0x0000026160449210>) completed
2026-01-31 10:44:14,430 - aiosqlite - DEBUG - executing functools.partial(<built-in method close of sqlite3.Connection object at 0x0000026160449210>)
2026-01-31 10:44:14,430 - aiosqlite - DEBUG - operation functools.partial(<built-in method close of sqlite3.Connection object at 0x0000026160449210>) completed
2026-01-31 10:44:14,433 - services.database - DEBUG - [DB_OP] Starting database initialization
2026-01-31 10:44:14,433 - services.database - INFO - 🔧 Starting database initialization...
2026-01-31 10:44:14,433 - core.database - INFO - Starting database initialization...
2026-01-31 10:44:14,433 - core.database - INFO - Database already initialized
2026-01-31 10:44:14,433 - services.database - INFO - 🔧 Database connection initialized, now creating tables if tables not exist...
2026-01-31 10:44:14,433 - core.database - DEBUG - [DB_OP] Starting create_tables
2026-01-31 10:44:14,433 - core.database - INFO - Tables already initialized
2026-01-31 10:44:14,433 - services.database - INFO - 🔧 Table creation completed
2026-01-31 10:44:14,433 - services.database - INFO - Database initialized successfully
2026-01-31 10:44:14,433 - services.database - DEBUG - [DB_OP] Database initialization completed in 0.0000s
2026-01-31 10:44:14,433 - services.auth - WARNING - Admin user ID or email not configured, skipping admin initialization
2026-01-31 10:44:14,433 - main - INFO - === Application startup completed successfully ===
