2026-03-03 20:02:32,886 - main - INFO - === Logging system initialized ===
2026-03-03 20:02:32,886 - main - INFO - Log file: logs/app_20260303_200232.log
2026-03-03 20:02:32,886 - main - INFO - Log level: INFO
2026-03-03 20:02:32,886 - main - INFO - Timestamp: 20260303_200232
2026-03-03 20:02:32,886 - main - INFO - === Logging system initialized ===
2026-03-03 20:02:32,886 - main - INFO - Log file: logs/app_20260303_200232.log
2026-03-03 20:02:32,886 - main - INFO - Log level: INFO
2026-03-03 20:02:32,886 - main - INFO - Timestamp: 20260303_200232
2026-03-03 20:02:33,481 - main - INFO - Included router: routers.aihub.router
2026-03-03 20:02:33,496 - main - INFO - Included router: routers.aihub.router
2026-03-03 20:02:33,516 - main - WARNING - Failed to import module 'routers.auth': No module named 'core.security'
2026-03-03 20:02:33,516 - main - WARNING - Failed to import module 'routers.auth': No module named 'core.security'
2026-03-03 20:02:33,516 - main - INFO - Included router: routers.health.router
2026-03-03 20:02:33,516 - main - INFO - Included router: routers.health.router
2026-03-03 20:02:33,541 - main - INFO - Included router: routers.orders.router
2026-03-03 20:02:33,541 - main - INFO - Included router: routers.orders.router
2026-03-03 20:02:33,595 - main - INFO - Included router: routers.products.router
2026-03-03 20:02:33,595 - main - WARNING - Failed to import module 'routers.settings': cannot import name 'get_admin_user' from 'dependencies.auth' (D:\ASM1\backend\dependencies\auth.py)
2026-03-03 20:02:33,595 - main - INFO - Included router: routers.products.router
2026-03-03 20:02:33,595 - main - WARNING - Failed to import module 'routers.storage': cannot import name 'get_admin_user' from 'dependencies.auth' (D:\ASM1\backend\dependencies\auth.py)
2026-03-03 20:02:33,595 - main - WARNING - Failed to import module 'routers.settings': cannot import name 'get_admin_user' from 'dependencies.auth' (D:\ASM1\backend\dependencies\auth.py)
2026-03-03 20:02:33,603 - main - WARNING - Failed to import module 'routers.storage': cannot import name 'get_admin_user' from 'dependencies.auth' (D:\ASM1\backend\dependencies\auth.py)
2026-03-03 20:02:33,603 - main - INFO - Included router: routers.user.router
2026-03-03 20:02:33,603 - main - INFO - Included router: routers.user.router
2026-03-03 20:02:33,603 - main - INFO - === Application startup initiated ===
2026-03-03 20:02:33,603 - services.database - DEBUG - [DB_OP] Starting database initialization
2026-03-03 20:02:33,603 - services.database - INFO - 🔧 Starting database initialization...
2026-03-03 20:02:33,603 - main - INFO - === Application startup initiated ===
2026-03-03 20:02:33,603 - core.database - INFO - Starting database initialization...
2026-03-03 20:02:33,603 - services.database - DEBUG - [DB_OP] Starting database initialization
2026-03-03 20:02:33,613 - core.database - INFO - Normalizing database URL for async compatibility...
2026-03-03 20:02:33,613 - services.database - INFO - 🔧 Starting database initialization...
2026-03-03 20:02:33,613 - core.database - INFO - Starting database initialization...
2026-03-03 20:02:33,613 - core.database - INFO - Normalizing database URL for async compatibility...
2026-03-03 20:02:33,614 - core.database - DEBUG - Database exists:./test.db
2026-03-03 20:02:33,614 - core.database - WARNING - Adjusted database URL driver for async compatibility
2026-03-03 20:02:33,614 - core.database - DEBUG - Database exists:./test.db
2026-03-03 20:02:33,614 - core.database - INFO - Creating async database engine...
2026-03-03 20:02:33,614 - core.database - WARNING - Adjusted database URL driver for async compatibility
2026-03-03 20:02:33,614 - core.database - INFO - Using NullPool for sqlite+aiosqlite environment
2026-03-03 20:02:33,614 - core.database - INFO - Creating async database engine...
2026-03-03 20:02:33,616 - core.database - INFO - Using NullPool for sqlite+aiosqlite environment
2026-03-03 20:02:33,636 - core.database - INFO - Database engine created successfully
2026-03-03 20:02:33,636 - core.database - INFO - Creating async session maker...
2026-03-03 20:02:33,636 - core.database - INFO - Async session maker created successfully
2026-03-03 20:02:33,636 - core.database - INFO - Database engine created successfully
2026-03-03 20:02:33,636 - core.database - INFO - Database connection initialized successfully
2026-03-03 20:02:33,636 - core.database - INFO - Creating async session maker...
2026-03-03 20:02:33,636 - core.database - INFO - Async session maker created successfully
2026-03-03 20:02:33,636 - services.database - INFO - 🔧 Database connection initialized, now creating tables if tables not exist...
2026-03-03 20:02:33,636 - core.database - INFO - Database connection initialized successfully
2026-03-03 20:02:33,636 - core.database - DEBUG - [DB_OP] Starting create_tables
2026-03-03 20:02:33,636 - services.database - INFO - 🔧 Database connection initialized, now creating tables if tables not exist...
2026-03-03 20:02:33,636 - core.database - INFO - 🔧 Starting table creation...
2026-03-03 20:02:33,636 - core.database - DEBUG - [DB_OP] Starting create_tables
2026-03-03 20:02:33,636 - core.database - INFO - 🔧 Starting table creation...
2026-03-03 20:02:33,636 - aiosqlite - DEBUG - executing <function connect.<locals>.connector at 0x0000013787AB1BC0>
2026-03-03 20:02:33,636 - aiosqlite - DEBUG - executing <function connect.<locals>.connector at 0x000001B627E01BC0>
2026-03-03 20:02:33,636 - aiosqlite - DEBUG - operation <function connect.<locals>.connector at 0x0000013787AB1BC0> completed
2026-03-03 20:02:33,636 - aiosqlite - DEBUG - operation <function connect.<locals>.connector at 0x000001B627E01BC0> completed
2026-03-03 20:02:33,645 - aiosqlite - DEBUG - executing functools.partial(<built-in method create_function of sqlite3.Connection object at 0x0000013787ABC130>, 'regexp', 2, <function SQLiteDialect_pysqlite.on_connect.<locals>.regexp at 0x0000013787AB0EA0>, deterministic=True)
2026-03-03 20:02:33,645 - aiosqlite - DEBUG - executing functools.partial(<built-in method create_function of sqlite3.Connection object at 0x000001B627E0C130>, 'regexp', 2, <function SQLiteDialect_pysqlite.on_connect.<locals>.regexp at 0x000001B627E00EA0>, deterministic=True)
2026-03-03 20:02:33,645 - aiosqlite - DEBUG - operation functools.partial(<built-in method create_function of sqlite3.Connection object at 0x0000013787ABC130>, 'regexp', 2, <function SQLiteDialect_pysqlite.on_connect.<locals>.regexp at 0x0000013787AB0EA0>, deterministic=True) completed
2026-03-03 20:02:33,645 - aiosqlite - DEBUG - operation functools.partial(<built-in method create_function of sqlite3.Connection object at 0x000001B627E0C130>, 'regexp', 2, <function SQLiteDialect_pysqlite.on_connect.<locals>.regexp at 0x000001B627E00EA0>, deterministic=True) completed
2026-03-03 20:02:33,645 - aiosqlite - DEBUG - executing functools.partial(<built-in method create_function of sqlite3.Connection object at 0x0000013787ABC130>, 'floor', 1, <built-in function floor>, deterministic=True)
2026-03-03 20:02:33,645 - aiosqlite - DEBUG - executing functools.partial(<built-in method create_function of sqlite3.Connection object at 0x000001B627E0C130>, 'floor', 1, <built-in function floor>, deterministic=True)
2026-03-03 20:02:33,645 - aiosqlite - DEBUG - operation functools.partial(<built-in method create_function of sqlite3.Connection object at 0x0000013787ABC130>, 'floor', 1, <built-in function floor>, deterministic=True) completed
2026-03-03 20:02:33,645 - aiosqlite - DEBUG - operation functools.partial(<built-in method create_function of sqlite3.Connection object at 0x000001B627E0C130>, 'floor', 1, <built-in function floor>, deterministic=True) completed
2026-03-03 20:02:33,645 - aiosqlite - DEBUG - executing functools.partial(<built-in method cursor of sqlite3.Connection object at 0x0000013787ABC130>)
2026-03-03 20:02:33,645 - aiosqlite - DEBUG - executing functools.partial(<built-in method cursor of sqlite3.Connection object at 0x000001B627E0C130>)
2026-03-03 20:02:33,645 - aiosqlite - DEBUG - operation functools.partial(<built-in method cursor of sqlite3.Connection object at 0x0000013787ABC130>) completed
2026-03-03 20:02:33,645 - aiosqlite - DEBUG - operation functools.partial(<built-in method cursor of sqlite3.Connection object at 0x000001B627E0C130>) completed
2026-03-03 20:02:33,645 - aiosqlite - DEBUG - executing functools.partial(<built-in method execute of sqlite3.Cursor object at 0x0000013787AB8540>, 'PRAGMA read_uncommitted', [])
2026-03-03 20:02:33,645 - aiosqlite - DEBUG - executing functools.partial(<built-in method execute of sqlite3.Cursor object at 0x000001B627E08540>, 'PRAGMA read_uncommitted', [])
2026-03-03 20:02:33,645 - aiosqlite - DEBUG - operation functools.partial(<built-in method execute of sqlite3.Cursor object at 0x0000013787AB8540>, 'PRAGMA read_uncommitted', []) completed
2026-03-03 20:02:33,645 - aiosqlite - DEBUG - operation functools.partial(<built-in method execute of sqlite3.Cursor object at 0x000001B627E08540>, 'PRAGMA read_uncommitted', []) completed
2026-03-03 20:02:33,645 - aiosqlite - DEBUG - executing functools.partial(<built-in method fetchall of sqlite3.Cursor object at 0x0000013787AB8540>)
2026-03-03 20:02:33,645 - aiosqlite - DEBUG - executing functools.partial(<built-in method fetchall of sqlite3.Cursor object at 0x000001B627E08540>)
2026-03-03 20:02:33,645 - aiosqlite - DEBUG - operation functools.partial(<built-in method fetchall of sqlite3.Cursor object at 0x0000013787AB8540>) completed
2026-03-03 20:02:33,645 - aiosqlite - DEBUG - operation functools.partial(<built-in method fetchall of sqlite3.Cursor object at 0x000001B627E08540>) completed
2026-03-03 20:02:33,645 - aiosqlite - DEBUG - executing functools.partial(<built-in method close of sqlite3.Cursor object at 0x0000013787AB8540>)
2026-03-03 20:02:33,645 - aiosqlite - DEBUG - executing functools.partial(<built-in method close of sqlite3.Cursor object at 0x000001B627E08540>)
2026-03-03 20:02:33,645 - aiosqlite - DEBUG - operation functools.partial(<built-in method close of sqlite3.Cursor object at 0x000001B627E08540>) completed
2026-03-03 20:02:33,645 - aiosqlite - DEBUG - executing functools.partial(<built-in method rollback of sqlite3.Connection object at 0x000001B627E0C130>)
2026-03-03 20:02:33,645 - aiosqlite - DEBUG - executing functools.partial(<built-in method rollback of sqlite3.Connection object at 0x0000013787ABC130>)
2026-03-03 20:02:33,645 - aiosqlite - DEBUG - operation functools.partial(<built-in method rollback of sqlite3.Connection object at 0x000001B627E0C130>) completed
2026-03-03 20:02:33,645 - aiosqlite - DEBUG - operation functools.partial(<built-in method rollback of sqlite3.Connection object at 0x0000013787ABC130>) completed
2026-03-03 20:02:33,653 - aiosqlite - DEBUG - executing functools.partial(<built-in method cursor of sqlite3.Connection object at 0x000001B627E0C130>)
2026-03-03 20:02:33,653 - aiosqlite - DEBUG - executing functools.partial(<built-in method cursor of sqlite3.Connection object at 0x0000013787ABC130>)
2026-03-03 20:02:33,653 - aiosqlite - DEBUG - operation functools.partial(<built-in method cursor of sqlite3.Connection object at 0x000001B627E0C130>) completed
2026-03-03 20:02:33,653 - aiosqlite - DEBUG - operation functools.partial(<built-in method cursor of sqlite3.Connection object at 0x0000013787ABC130>) completed
2026-03-03 20:02:33,653 - aiosqlite - DEBUG - executing functools.partial(<built-in method execute of sqlite3.Cursor object at 0x000001B627E08640>, 'PRAGMA main.table_info("users")', ())
2026-03-03 20:02:33,653 - aiosqlite - DEBUG - executing functools.partial(<built-in method execute of sqlite3.Cursor object at 0x0000013787AB8640>, 'PRAGMA main.table_info("users")', ())
2026-03-03 20:02:33,656 - aiosqlite - DEBUG - operation functools.partial(<built-in method execute of sqlite3.Cursor object at 0x0000013787AB8640>, 'PRAGMA main.table_info("users")', ()) completed
2026-03-03 20:02:33,656 - aiosqlite - DEBUG - operation functools.partial(<built-in method execute of sqlite3.Cursor object at 0x000001B627E08640>, 'PRAGMA main.table_info("users")', ()) completed
2026-03-03 20:02:33,656 - aiosqlite - DEBUG - executing functools.partial(<built-in method fetchall of sqlite3.Cursor object at 0x000001B627E08640>)
2026-03-03 20:02:33,656 - aiosqlite - DEBUG - executing functools.partial(<built-in method fetchall of sqlite3.Cursor object at 0x0000013787AB8640>)
2026-03-03 20:02:33,656 - aiosqlite - DEBUG - operation functools.partial(<built-in method fetchall of sqlite3.Cursor object at 0x0000013787AB8640>) completed
2026-03-03 20:02:33,656 - aiosqlite - DEBUG - operation functools.partial(<built-in method fetchall of sqlite3.Cursor object at 0x000001B627E08640>) completed
2026-03-03 20:02:33,656 - aiosqlite - DEBUG - executing functools.partial(<built-in method close of sqlite3.Cursor object at 0x0000013787AB8640>)
2026-03-03 20:02:33,656 - aiosqlite - DEBUG - executing functools.partial(<built-in method close of sqlite3.Cursor object at 0x000001B627E08640>)
2026-03-03 20:02:33,656 - aiosqlite - DEBUG - operation functools.partial(<built-in method close of sqlite3.Cursor object at 0x000001B627E08640>) completed
2026-03-03 20:02:33,656 - aiosqlite - DEBUG - operation functools.partial(<built-in method close of sqlite3.Cursor object at 0x0000013787AB8640>) completed
2026-03-03 20:02:33,656 - aiosqlite - DEBUG - executing functools.partial(<built-in method cursor of sqlite3.Connection object at 0x000001B627E0C130>)
2026-03-03 20:02:33,656 - aiosqlite - DEBUG - executing functools.partial(<built-in method cursor of sqlite3.Connection object at 0x0000013787ABC130>)
2026-03-03 20:02:33,656 - aiosqlite - DEBUG - operation functools.partial(<built-in method cursor of sqlite3.Connection object at 0x000001B627E0C130>) completed
2026-03-03 20:02:33,656 - aiosqlite - DEBUG - operation functools.partial(<built-in method cursor of sqlite3.Connection object at 0x0000013787ABC130>) completed
2026-03-03 20:02:33,656 - aiosqlite - DEBUG - executing functools.partial(<built-in method execute of sqlite3.Cursor object at 0x000001B627E08640>, 'PRAGMA main.table_info("oidc_states")', ())
2026-03-03 20:02:33,656 - aiosqlite - DEBUG - executing functools.partial(<built-in method execute of sqlite3.Cursor object at 0x0000013787AB8640>, 'PRAGMA main.table_info("oidc_states")', ())
2026-03-03 20:02:33,656 - aiosqlite - DEBUG - operation functools.partial(<built-in method execute of sqlite3.Cursor object at 0x000001B627E08640>, 'PRAGMA main.table_info("oidc_states")', ()) completed
2026-03-03 20:02:33,656 - aiosqlite - DEBUG - operation functools.partial(<built-in method execute of sqlite3.Cursor object at 0x0000013787AB8640>, 'PRAGMA main.table_info("oidc_states")', ()) completed
2026-03-03 20:02:33,656 - aiosqlite - DEBUG - executing functools.partial(<built-in method fetchall of sqlite3.Cursor object at 0x000001B627E08640>)
2026-03-03 20:02:33,656 - aiosqlite - DEBUG - executing functools.partial(<built-in method fetchall of sqlite3.Cursor object at 0x0000013787AB8640>)
2026-03-03 20:02:33,656 - aiosqlite - DEBUG - operation functools.partial(<built-in method fetchall of sqlite3.Cursor object at 0x000001B627E08640>) completed
2026-03-03 20:02:33,656 - aiosqlite - DEBUG - operation functools.partial(<built-in method fetchall of sqlite3.Cursor object at 0x0000013787AB8640>) completed
2026-03-03 20:02:33,656 - aiosqlite - DEBUG - executing functools.partial(<built-in method close of sqlite3.Cursor object at 0x000001B627E08640>)
2026-03-03 20:02:33,656 - aiosqlite - DEBUG - executing functools.partial(<built-in method close of sqlite3.Cursor object at 0x0000013787AB8640>)
2026-03-03 20:02:33,656 - aiosqlite - DEBUG - operation functools.partial(<built-in method close of sqlite3.Cursor object at 0x0000013787AB8640>) completed
2026-03-03 20:02:33,664 - aiosqlite - DEBUG - executing functools.partial(<built-in method cursor of sqlite3.Connection object at 0x0000013787ABC130>)
2026-03-03 20:02:33,664 - aiosqlite - DEBUG - executing functools.partial(<built-in method cursor of sqlite3.Connection object at 0x000001B627E0C130>)
2026-03-03 20:02:33,664 - aiosqlite - DEBUG - operation functools.partial(<built-in method cursor of sqlite3.Connection object at 0x0000013787ABC130>) completed
2026-03-03 20:02:33,664 - aiosqlite - DEBUG - operation functools.partial(<built-in method cursor of sqlite3.Connection object at 0x000001B627E0C130>) completed
2026-03-03 20:02:33,665 - aiosqlite - DEBUG - executing functools.partial(<built-in method execute of sqlite3.Cursor object at 0x0000013787AB8640>, 'PRAGMA main.table_info("orders")', ())
2026-03-03 20:02:33,665 - aiosqlite - DEBUG - executing functools.partial(<built-in method execute of sqlite3.Cursor object at 0x000001B627E08640>, 'PRAGMA main.table_info("orders")', ())
2026-03-03 20:02:33,665 - aiosqlite - DEBUG - operation functools.partial(<built-in method execute of sqlite3.Cursor object at 0x000001B627E08640>, 'PRAGMA main.table_info("orders")', ()) completed
2026-03-03 20:02:33,665 - aiosqlite - DEBUG - operation functools.partial(<built-in method execute of sqlite3.Cursor object at 0x0000013787AB8640>, 'PRAGMA main.table_info("orders")', ()) completed
2026-03-03 20:02:33,665 - aiosqlite - DEBUG - executing functools.partial(<built-in method fetchall of sqlite3.Cursor object at 0x000001B627E08640>)
2026-03-03 20:02:33,665 - aiosqlite - DEBUG - executing functools.partial(<built-in method fetchall of sqlite3.Cursor object at 0x0000013787AB8640>)
2026-03-03 20:02:33,665 - aiosqlite - DEBUG - operation functools.partial(<built-in method fetchall of sqlite3.Cursor object at 0x000001B627E08640>) completed
2026-03-03 20:02:33,665 - aiosqlite - DEBUG - operation functools.partial(<built-in method fetchall of sqlite3.Cursor object at 0x0000013787AB8640>) completed
2026-03-03 20:02:33,665 - aiosqlite - DEBUG - executing functools.partial(<built-in method close of sqlite3.Cursor object at 0x000001B627E08640>)
2026-03-03 20:02:33,665 - aiosqlite - DEBUG - executing functools.partial(<built-in method close of sqlite3.Cursor object at 0x0000013787AB8640>)
2026-03-03 20:02:33,665 - aiosqlite - DEBUG - operation functools.partial(<built-in method close of sqlite3.Cursor object at 0x000001B627E08640>) completed
2026-03-03 20:02:33,665 - aiosqlite - DEBUG - operation functools.partial(<built-in method close of sqlite3.Cursor object at 0x0000013787AB8640>) completed
2026-03-03 20:02:33,665 - aiosqlite - DEBUG - executing functools.partial(<built-in method cursor of sqlite3.Connection object at 0x000001B627E0C130>)
2026-03-03 20:02:33,665 - aiosqlite - DEBUG - executing functools.partial(<built-in method cursor of sqlite3.Connection object at 0x0000013787ABC130>)
2026-03-03 20:02:33,665 - aiosqlite - DEBUG - operation functools.partial(<built-in method cursor of sqlite3.Connection object at 0x000001B627E0C130>) completed
2026-03-03 20:02:33,665 - aiosqlite - DEBUG - operation functools.partial(<built-in method cursor of sqlite3.Connection object at 0x0000013787ABC130>) completed
2026-03-03 20:02:33,665 - aiosqlite - DEBUG - executing functools.partial(<built-in method execute of sqlite3.Cursor object at 0x000001B627E08640>, 'PRAGMA main.table_info("products")', ())
2026-03-03 20:02:33,665 - aiosqlite - DEBUG - executing functools.partial(<built-in method execute of sqlite3.Cursor object at 0x0000013787AB8640>, 'PRAGMA main.table_info("products")', ())
2026-03-03 20:02:33,665 - aiosqlite - DEBUG - operation functools.partial(<built-in method execute of sqlite3.Cursor object at 0x000001B627E08640>, 'PRAGMA main.table_info("products")', ()) completed
2026-03-03 20:02:33,665 - aiosqlite - DEBUG - operation functools.partial(<built-in method execute of sqlite3.Cursor object at 0x0000013787AB8640>, 'PRAGMA main.table_info("products")', ()) completed
2026-03-03 20:02:33,665 - aiosqlite - DEBUG - executing functools.partial(<built-in method fetchall of sqlite3.Cursor object at 0x000001B627E08640>)
2026-03-03 20:02:33,665 - aiosqlite - DEBUG - executing functools.partial(<built-in method fetchall of sqlite3.Cursor object at 0x0000013787AB8640>)
2026-03-03 20:02:33,665 - aiosqlite - DEBUG - operation functools.partial(<built-in method fetchall of sqlite3.Cursor object at 0x000001B627E08640>) completed
2026-03-03 20:02:33,665 - aiosqlite - DEBUG - operation functools.partial(<built-in method fetchall of sqlite3.Cursor object at 0x0000013787AB8640>) completed
2026-03-03 20:02:33,665 - aiosqlite - DEBUG - executing functools.partial(<built-in method close of sqlite3.Cursor object at 0x0000013787AB8640>)
2026-03-03 20:02:33,665 - aiosqlite - DEBUG - executing functools.partial(<built-in method close of sqlite3.Cursor object at 0x000001B627E08640>)
2026-03-03 20:02:33,665 - aiosqlite - DEBUG - operation functools.partial(<built-in method close of sqlite3.Cursor object at 0x0000013787AB8640>) completed
2026-03-03 20:02:33,665 - aiosqlite - DEBUG - operation functools.partial(<built-in method close of sqlite3.Cursor object at 0x000001B627E08640>) completed
2026-03-03 20:02:33,665 - core.database - INFO - Tables initialized successfully
2026-03-03 20:02:33,665 - core.database - INFO - Tables initialized successfully
2026-03-03 20:02:33,665 - core.database - DEBUG - [DB_OP] Create tables completed in 0.0300s
2026-03-03 20:02:33,665 - core.database - DEBUG - [DB_OP] Create tables completed in 0.0300s
2026-03-03 20:02:33,665 - aiosqlite - DEBUG - executing functools.partial(<built-in method commit of sqlite3.Connection object at 0x000001B627E0C130>)
2026-03-03 20:02:33,665 - aiosqlite - DEBUG - executing functools.partial(<built-in method commit of sqlite3.Connection object at 0x0000013787ABC130>)
2026-03-03 20:02:33,675 - aiosqlite - DEBUG - operation functools.partial(<built-in method commit of sqlite3.Connection object at 0x000001B627E0C130>) completed
2026-03-03 20:02:33,675 - aiosqlite - DEBUG - operation functools.partial(<built-in method commit of sqlite3.Connection object at 0x0000013787ABC130>) completed
2026-03-03 20:02:33,675 - aiosqlite - DEBUG - executing functools.partial(<built-in method rollback of sqlite3.Connection object at 0x000001B627E0C130>)
2026-03-03 20:02:33,675 - aiosqlite - DEBUG - executing functools.partial(<built-in method rollback of sqlite3.Connection object at 0x0000013787ABC130>)
2026-03-03 20:02:33,675 - aiosqlite - DEBUG - operation functools.partial(<built-in method rollback of sqlite3.Connection object at 0x000001B627E0C130>) completed
2026-03-03 20:02:33,675 - aiosqlite - DEBUG - operation functools.partial(<built-in method rollback of sqlite3.Connection object at 0x0000013787ABC130>) completed
2026-03-03 20:02:33,675 - aiosqlite - DEBUG - executing functools.partial(<built-in method close of sqlite3.Connection object at 0x000001B627E0C130>)
2026-03-03 20:02:33,675 - aiosqlite - DEBUG - executing functools.partial(<built-in method close of sqlite3.Connection object at 0x0000013787ABC130>)
2026-03-03 20:02:33,675 - aiosqlite - DEBUG - operation functools.partial(<built-in method close of sqlite3.Connection object at 0x000001B627E0C130>) completed
2026-03-03 20:02:33,675 - aiosqlite - DEBUG - operation functools.partial(<built-in method close of sqlite3.Connection object at 0x0000013787ABC130>) completed
2026-03-03 20:02:33,675 - services.database - INFO - 🔧 Table creation completed
2026-03-03 20:02:33,675 - services.database - INFO - 🔧 Table creation completed
2026-03-03 20:02:33,675 - services.database - INFO - Database initialized successfully
2026-03-03 20:02:33,675 - services.database - INFO - Database initialized successfully
2026-03-03 20:02:33,675 - services.database - DEBUG - [DB_OP] Database initialization completed in 0.0723s
2026-03-03 20:02:33,675 - services.database - DEBUG - [DB_OP] Database initialization completed in 0.0723s
2026-03-03 20:02:33,675 - services.mock_data - INFO - Processing mock data file products.json for table products
2026-03-03 20:02:33,675 - services.mock_data - INFO - Processing mock data file products.json for table products
2026-03-03 20:02:33,675 - aiosqlite - DEBUG - executing <function connect.<locals>.connector at 0x000001B627E01C60>
2026-03-03 20:02:33,675 - aiosqlite - DEBUG - executing <function connect.<locals>.connector at 0x0000013787AB2160>
2026-03-03 20:02:33,675 - aiosqlite - DEBUG - operation <function connect.<locals>.connector at 0x0000013787AB2160> completed
2026-03-03 20:02:33,675 - aiosqlite - DEBUG - executing functools.partial(<built-in method create_function of sqlite3.Connection object at 0x0000013787ABC220>, 'regexp', 2, <function SQLiteDialect_pysqlite.on_connect.<locals>.regexp at 0x0000013787AB0EA0>, deterministic=True)
2026-03-03 20:02:33,675 - aiosqlite - DEBUG - executing functools.partial(<built-in method create_function of sqlite3.Connection object at 0x000001B627E0C220>, 'regexp', 2, <function SQLiteDialect_pysqlite.on_connect.<locals>.regexp at 0x000001B627E00EA0>, deterministic=True)
2026-03-03 20:02:33,675 - aiosqlite - DEBUG - operation functools.partial(<built-in method create_function of sqlite3.Connection object at 0x0000013787ABC220>, 'regexp', 2, <function SQLiteDialect_pysqlite.on_connect.<locals>.regexp at 0x0000013787AB0EA0>, deterministic=True) completed
2026-03-03 20:02:33,675 - aiosqlite - DEBUG - executing functools.partial(<built-in method create_function of sqlite3.Connection object at 0x000001B627E0C220>, 'floor', 1, <built-in function floor>, deterministic=True)
2026-03-03 20:02:33,675 - aiosqlite - DEBUG - executing functools.partial(<built-in method create_function of sqlite3.Connection object at 0x0000013787ABC220>, 'floor', 1, <built-in function floor>, deterministic=True)
2026-03-03 20:02:33,683 - aiosqlite - DEBUG - operation functools.partial(<built-in method create_function of sqlite3.Connection object at 0x0000013787ABC220>, 'floor', 1, <built-in function floor>, deterministic=True) completed
2026-03-03 20:02:33,683 - aiosqlite - DEBUG - operation functools.partial(<built-in method create_function of sqlite3.Connection object at 0x000001B627E0C220>, 'floor', 1, <built-in function floor>, deterministic=True) completed
2026-03-03 20:02:33,683 - aiosqlite - DEBUG - executing functools.partial(<built-in method cursor of sqlite3.Connection object at 0x0000013787ABC220>)
2026-03-03 20:02:33,683 - aiosqlite - DEBUG - executing functools.partial(<built-in method cursor of sqlite3.Connection object at 0x000001B627E0C220>)
2026-03-03 20:02:33,683 - aiosqlite - DEBUG - operation functools.partial(<built-in method cursor of sqlite3.Connection object at 0x000001B627E0C220>) completed
2026-03-03 20:02:33,683 - aiosqlite - DEBUG - executing functools.partial(<built-in method execute of sqlite3.Cursor object at 0x0000013787AB8EC0>, 'PRAGMA main.table_xinfo("products")', ())
2026-03-03 20:02:33,683 - aiosqlite - DEBUG - executing functools.partial(<built-in method execute of sqlite3.Cursor object at 0x000001B627E08EC0>, 'PRAGMA main.table_xinfo("products")', ())
2026-03-03 20:02:33,683 - aiosqlite - DEBUG - operation functools.partial(<built-in method execute of sqlite3.Cursor object at 0x0000013787AB8EC0>, 'PRAGMA main.table_xinfo("products")', ()) completed
2026-03-03 20:02:33,683 - aiosqlite - DEBUG - executing functools.partial(<built-in method fetchall of sqlite3.Cursor object at 0x0000013787AB8EC0>)
2026-03-03 20:02:33,683 - aiosqlite - DEBUG - operation functools.partial(<built-in method fetchall of sqlite3.Cursor object at 0x0000013787AB8EC0>) completed
2026-03-03 20:02:33,683 - aiosqlite - DEBUG - executing functools.partial(<built-in method close of sqlite3.Cursor object at 0x0000013787AB8EC0>)
2026-03-03 20:02:33,683 - aiosqlite - DEBUG - operation functools.partial(<built-in method close of sqlite3.Cursor object at 0x0000013787AB8EC0>) completed
2026-03-03 20:02:33,683 - aiosqlite - DEBUG - executing functools.partial(<built-in method cursor of sqlite3.Connection object at 0x0000013787ABC220>)
2026-03-03 20:02:33,683 - aiosqlite - DEBUG - operation functools.partial(<built-in method cursor of sqlite3.Connection object at 0x0000013787ABC220>) completed
2026-03-03 20:02:33,683 - aiosqlite - DEBUG - executing functools.partial(<built-in method execute of sqlite3.Cursor object at 0x0000013787AB8EC0>, "SELECT sql FROM  (SELECT * FROM sqlite_master UNION ALL   SELECT * FROM sqlite_temp_master) WHERE name = ? AND type in ('table', 'view')", ('products',))
2026-03-03 20:02:33,691 - aiosqlite - DEBUG - operation functools.partial(<built-in method execute of sqlite3.Cursor object at 0x0000013787AB8EC0>, "SELECT sql FROM  (SELECT * FROM sqlite_master UNION ALL   SELECT * FROM sqlite_temp_master) WHERE name = ? AND type in ('table', 'view')", ('products',)) completed
2026-03-03 20:02:33,691 - aiosqlite - DEBUG - operation functools.partial(<built-in method execute of sqlite3.Cursor object at 0x000001B627E08EC0>, 'PRAGMA main.table_xinfo("products")', ()) completed
2026-03-03 20:02:33,691 - aiosqlite - DEBUG - executing functools.partial(<built-in method fetchall of sqlite3.Cursor object at 0x000001B627E08EC0>)
2026-03-03 20:02:33,691 - aiosqlite - DEBUG - executing functools.partial(<built-in method fetchall of sqlite3.Cursor object at 0x0000013787AB8EC0>)
2026-03-03 20:02:33,691 - aiosqlite - DEBUG - operation functools.partial(<built-in method fetchall of sqlite3.Cursor object at 0x000001B627E08EC0>) completed
2026-03-03 20:02:33,691 - aiosqlite - DEBUG - operation functools.partial(<built-in method fetchall of sqlite3.Cursor object at 0x0000013787AB8EC0>) completed
2026-03-03 20:02:33,691 - aiosqlite - DEBUG - executing functools.partial(<built-in method close of sqlite3.Cursor object at 0x0000013787AB8EC0>)
2026-03-03 20:02:33,691 - aiosqlite - DEBUG - operation functools.partial(<built-in method close of sqlite3.Cursor object at 0x0000013787AB8EC0>) completed
2026-03-03 20:02:33,691 - aiosqlite - DEBUG - executing functools.partial(<built-in method close of sqlite3.Cursor object at 0x000001B627E08EC0>)
2026-03-03 20:02:33,691 - aiosqlite - DEBUG - operation functools.partial(<built-in method close of sqlite3.Cursor object at 0x000001B627E08EC0>) completed
2026-03-03 20:02:33,691 - aiosqlite - DEBUG - executing functools.partial(<built-in method cursor of sqlite3.Connection object at 0x0000013787ABC220>)
2026-03-03 20:02:33,691 - aiosqlite - DEBUG - operation functools.partial(<built-in method cursor of sqlite3.Connection object at 0x0000013787ABC220>) completed
2026-03-03 20:02:33,691 - aiosqlite - DEBUG - executing functools.partial(<built-in method cursor of sqlite3.Connection object at 0x000001B627E0C220>)
2026-03-03 20:02:33,691 - aiosqlite - DEBUG - executing functools.partial(<built-in method execute of sqlite3.Cursor object at 0x0000013787AB8EC0>, 'PRAGMA main.foreign_key_list("products")', ())
2026-03-03 20:02:33,691 - aiosqlite - DEBUG - operation functools.partial(<built-in method cursor of sqlite3.Connection object at 0x000001B627E0C220>) completed
2026-03-03 20:02:33,691 - aiosqlite - DEBUG - operation functools.partial(<built-in method execute of sqlite3.Cursor object at 0x0000013787AB8EC0>, 'PRAGMA main.foreign_key_list("products")', ()) completed
2026-03-03 20:02:33,691 - aiosqlite - DEBUG - executing functools.partial(<built-in method execute of sqlite3.Cursor object at 0x000001B627E08EC0>, "SELECT sql FROM  (SELECT * FROM sqlite_master UNION ALL   SELECT * FROM sqlite_temp_master) WHERE name = ? AND type in ('table', 'view')", ('products',))
2026-03-03 20:02:33,691 - aiosqlite - DEBUG - executing functools.partial(<built-in method fetchall of sqlite3.Cursor object at 0x0000013787AB8EC0>)
2026-03-03 20:02:33,691 - aiosqlite - DEBUG - operation functools.partial(<built-in method fetchall of sqlite3.Cursor object at 0x0000013787AB8EC0>) completed
2026-03-03 20:02:33,691 - aiosqlite - DEBUG - operation functools.partial(<built-in method execute of sqlite3.Cursor object at 0x000001B627E08EC0>, "SELECT sql FROM  (SELECT * FROM sqlite_master UNION ALL   SELECT * FROM sqlite_temp_master) WHERE name = ? AND type in ('table', 'view')", ('products',)) completed
2026-03-03 20:02:33,691 - aiosqlite - DEBUG - executing functools.partial(<built-in method close of sqlite3.Cursor object at 0x0000013787AB8EC0>)
2026-03-03 20:02:33,691 - aiosqlite - DEBUG - operation functools.partial(<built-in method close of sqlite3.Cursor object at 0x0000013787AB8EC0>) completed
2026-03-03 20:02:33,691 - aiosqlite - DEBUG - executing functools.partial(<built-in method fetchall of sqlite3.Cursor object at 0x000001B627E08EC0>)
2026-03-03 20:02:33,691 - aiosqlite - DEBUG - operation functools.partial(<built-in method fetchall of sqlite3.Cursor object at 0x000001B627E08EC0>) completed
2026-03-03 20:02:33,691 - aiosqlite - DEBUG - executing functools.partial(<built-in method cursor of sqlite3.Connection object at 0x0000013787ABC220>)
2026-03-03 20:02:33,691 - aiosqlite - DEBUG - executing functools.partial(<built-in method close of sqlite3.Cursor object at 0x000001B627E08EC0>)
2026-03-03 20:02:33,691 - aiosqlite - DEBUG - operation functools.partial(<built-in method cursor of sqlite3.Connection object at 0x0000013787ABC220>) completed
2026-03-03 20:02:33,691 - aiosqlite - DEBUG - operation functools.partial(<built-in method close of sqlite3.Cursor object at 0x000001B627E08EC0>) completed
2026-03-03 20:02:33,691 - aiosqlite - DEBUG - executing functools.partial(<built-in method execute of sqlite3.Cursor object at 0x0000013787AB8EC0>, 'PRAGMA temp.foreign_key_list("products")', ())
2026-03-03 20:02:33,691 - aiosqlite - DEBUG - operation functools.partial(<built-in method execute of sqlite3.Cursor object at 0x0000013787AB8EC0>, 'PRAGMA temp.foreign_key_list("products")', ()) completed
2026-03-03 20:02:33,691 - aiosqlite - DEBUG - executing functools.partial(<built-in method cursor of sqlite3.Connection object at 0x000001B627E0C220>)
2026-03-03 20:02:33,691 - aiosqlite - DEBUG - executing functools.partial(<built-in method fetchall of sqlite3.Cursor object at 0x0000013787AB8EC0>)
2026-03-03 20:02:33,691 - aiosqlite - DEBUG - operation functools.partial(<built-in method cursor of sqlite3.Connection object at 0x000001B627E0C220>) completed
2026-03-03 20:02:33,691 - aiosqlite - DEBUG - operation functools.partial(<built-in method fetchall of sqlite3.Cursor object at 0x0000013787AB8EC0>) completed
2026-03-03 20:02:33,691 - aiosqlite - DEBUG - executing functools.partial(<built-in method execute of sqlite3.Cursor object at 0x000001B627E08EC0>, 'PRAGMA main.foreign_key_list("products")', ())
2026-03-03 20:02:33,691 - aiosqlite - DEBUG - executing functools.partial(<built-in method close of sqlite3.Cursor object at 0x0000013787AB8EC0>)
2026-03-03 20:02:33,691 - aiosqlite - DEBUG - operation functools.partial(<built-in method close of sqlite3.Cursor object at 0x0000013787AB8EC0>) completed
ain.foreign_key_list("products")', ()) completed
2026-03-03 20:02:33,704 - aiosqlite - DEBUG - executing functools.partial(<built-in method fetchall of sqlite3.Cursor object at 0x000001B627E08EC0>)
2026-03-03 20:02:33,704 - aiosqlite - DEBUG - executing functools.partial(<built-in method cursor of sqlite3.Connection object at 0x0000013787ABC220>)
2026-03-03 20:02:33,704 - aiosqlite - DEBUG - operation functools.partial(<built-in method fetchall of sqlite3.Cursor object at 0x000001B627E08EC0>) completed
2026-03-03 20:02:33,704 - aiosqlite - DEBUG - operation functools.partial(<built-in method cursor of sqlite3.Connection object at 0x0000013787ABC220>) completed
2026-03-03 20:02:33,704 - aiosqlite - DEBUG - executing functools.partial(<built-in method close of sqlite3.Cursor object at 0x000001B627E08EC0>)
2026-03-03 20:02:33,704 - aiosqlite - DEBUG - executing functools.partial(<built-in method execute of sqlite3.Cursor object at 0x0000013787AB8EC0>, "SELECT sql FROM  (SELECT * FROM sqlite_master UNION ALL   SELECT * FROM sqlite_temp_master) WHERE name = ? AND type in ('table', 'view')", ('products',))
2026-03-03 20:02:33,704 - aiosqlite - DEBUG - operation functools.partial(<built-in method close of sqlite3.Cursor object at 0x000001B627E08EC0>) completed
2026-03-03 20:02:33,706 - aiosqlite - DEBUG - operation functools.partial(<built-in method execute of sqlite3.Cursor object at 0x0000013787AB8EC0>, "SELECT sql FROM  (SELECT * FROM sqlite_master UNION ALL   SELECT * FROM sqlite_temp_master) WHERE name = ? AND type in ('table', 'view')", ('products',)) completed
2026-03-03 20:02:33,706 - aiosqlite - DEBUG - executing functools.partial(<built-in method cursor of sqlite3.Connection object at 0x000001B627E0C220>)
2026-03-03 20:02:33,706 - aiosqlite - DEBUG - executing functools.partial(<built-in method fetchall of sqlite3.Cursor object at 0x0000013787AB8EC0>)
2026-03-03 20:02:33,706 - aiosqlite - DEBUG - operation functools.partial(<built-in method cursor of sqlite3.Connection object at 0x000001B627E0C220>) completed
2026-03-03 20:02:33,706 - aiosqlite - DEBUG - operation functools.partial(<built-in method fetchall of sqlite3.Cursor object at 0x0000013787AB8EC0>) completed
2026-03-03 20:02:33,706 - aiosqlite - DEBUG - executing functools.partial(<built-in method execute of sqlite3.Cursor object at 0x000001B627E08EC0>, 'PRAGMA temp.foreign_key_list("products")', ())
2026-03-03 20:02:33,706 - aiosqlite - DEBUG - executing functools.partial(<built-in method close of sqlite3.Cursor object at 0x0000013787AB8EC0>)
2026-03-03 20:02:33,706 - aiosqlite - DEBUG - operation functools.partial(<built-in method execute of sqlite3.Cursor object at 0x000001B627E08EC0>, 'PRAGMA temp.foreign_key_list("products")', ()) completed
2026-03-03 20:02:33,706 - aiosqlite - DEBUG - operation functools.partial(<built-in method close of sqlite3.Cursor object at 0x0000013787AB8EC0>) completed
2026-03-03 20:02:33,706 - aiosqlite - DEBUG - executing functools.partial(<built-in method fetchall of sqlite3.Cursor object at 0x000001B627E08EC0>)
2026-03-03 20:02:33,706 - aiosqlite - DEBUG - operation functools.partial(<built-in method fetchall of sqlite3.Cursor object at 0x000001B627E08EC0>) completed
2026-03-03 20:02:33,706 - aiosqlite - DEBUG - executing functools.partial(<built-in method close of sqlite3.Cursor object at 0x000001B627E08EC0>)
2026-03-03 20:02:33,706 - aiosqlite - DEBUG - operation functools.partial(<built-in method close of sqlite3.Cursor object at 0x000001B627E08EC0>) completed
2026-03-03 20:02:33,706 - aiosqlite - DEBUG - executing functools.partial(<built-in method cursor of sqlite3.Connection object at 0x000001B627E0C220>)
2026-03-03 20:02:33,706 - aiosqlite - DEBUG - operation functools.partial(<built-in method cursor of sqlite3.Connection object at 0x000001B627E0C220>) completed
2026-03-03 20:02:33,706 - aiosqlite - DEBUG - executing functools.partial(<built-in method cursor of sqlite3.Connection object at 0x0000013787ABC220>)
2026-03-03 20:02:33,706 - aiosqlite - DEBUG - operation functools.partial(<built-in method cursor of sqlite3.Connection object at 0x0000013787ABC220>) completed
2026-03-03 20:02:33,706 - aiosqlite - DEBUG - executing functools.partial(<built-in method execute of sqlite3.Cursor object at 0x000001B627E08EC0>, "SELECT sql FROM  (SELECT * FROM sqlite_master UNION ALL   SELECT * FROM sqlite_temp_master) WHERE name = ? AND type in ('table', 'view')", ('products',))
2026-03-03 20:02:33,706 - aiosqlite - DEBUG - executing functools.partial(<built-in method execute of sqlite3.Cursor object at 0x0000013787AB8EC0>, 'PRAGMA main.index_list("products")', ())
2026-03-03 20:02:33,706 - aiosqlite - DEBUG - operation functools.partial(<built-in method execute of sqlite3.Cursor object at 0x000001B627E08EC0>, "SELECT sql FROM  (SELECT * FROM sqlite_master UNION ALL   SELECT * FROM sqlite_temp_master) WHERE name = ? AND type in ('table', 'view')", ('products',)) completed
2026-03-03 20:02:33,706 - aiosqlite - DEBUG - operation functools.partial(<built-in method execute of sqlite3.Cursor object at 0x0000013787AB8EC0>, 'PRAGMA main.index_list("products")', ()) completed
2026-03-03 20:02:33,706 - aiosqlite - DEBUG - executing functools.partial(<built-in method fetchall of sqlite3.Cursor object at 0x000001B627E08EC0>)
2026-03-03 20:02:33,706 - aiosqlite - DEBUG - executing functools.partial(<built-in method fetchall of sqlite3.Cursor object at 0x0000013787AB8EC0>)
2026-03-03 20:02:33,706 - aiosqlite - DEBUG - operation functools.partial(<built-in method fetchall of sqlite3.Cursor object at 0x000001B627E08EC0>) completed
2026-03-03 20:02:33,706 - aiosqlite - DEBUG - operation functools.partial(<built-in method fetchall of sqlite3.Cursor object at 0x0000013787AB8EC0>) completed
2026-03-03 20:02:33,706 - aiosqlite - DEBUG - executing functools.partial(<built-in method close of sqlite3.Cursor object at 0x000001B627E08EC0>)
2026-03-03 20:02:33,706 - aiosqlite - DEBUG - executing functools.partial(<built-in method close of sqlite3.Cursor object at 0x0000013787AB8EC0>)
2026-03-03 20:02:33,714 - aiosqlite - DEBUG - operation functools.partial(<built-in method close of sqlite3.Cursor object at 0x0000013787AB8EC0>) completed
2026-03-03 20:02:33,714 - aiosqlite - DEBUG - operation functools.partial(<built-in method close of sqlite3.Cursor object at 0x000001B627E08EC0>) completed
2026-03-03 20:02:33,715 - aiosqlite - DEBUG - executing functools.partial(<built-in method cursor of sqlite3.Connection object at 0x0000013787ABC220>)
2026-03-03 20:02:33,716 - aiosqlite - DEBUG - operation functools.partial(<built-in method cursor of sqlite3.Connection object at 0x0000013787ABC220>) completed
2026-03-03 20:02:33,716 - aiosqlite - DEBUG - executing functools.partial(<built-in method execute of sqlite3.Cursor object at 0x0000013787AB8EC0>, 'PRAGMA main.index_info("ix_products_id")', ())
2026-03-03 20:02:33,716 - aiosqlite - DEBUG - operation functools.partial(<built-in method execute of sqlite3.Cursor object at 0x0000013787AB8EC0>, 'PRAGMA main.index_info("ix_products_id")', ()) completed
2026-03-03 20:02:33,716 - aiosqlite - DEBUG - executing functools.partial(<built-in method cursor of sqlite3.Connection object at 0x000001B627E0C220>)
2026-03-03 20:02:33,716 - aiosqlite - DEBUG - operation functools.partial(<built-in method cursor of sqlite3.Connection object at 0x000001B627E0C220>) completed
2026-03-03 20:02:33,716 - aiosqlite - DEBUG - executing functools.partial(<built-in method fetchall of sqlite3.Cursor object at 0x0000013787AB8EC0>)
2026-03-03 20:02:33,716 - aiosqlite - DEBUG - operation functools.partial(<built-in method fetchall of sqlite3.Cursor object at 0x0000013787AB8EC0>) completed
2026-03-03 20:02:33,716 - aiosqlite - DEBUG - executing functools.partial(<built-in method execute of sqlite3.Cursor object at 0x000001B627E08EC0>, 'PRAGMA main.index_list("products")', ())
2026-03-03 20:02:33,716 - aiosqlite - DEBUG - operation functools.partial(<built-in method execute of sqlite3.Cursor object at 0x000001B627E08EC0>, 'PRAGMA main.index_list("products")', ()) completed
2026-03-03 20:02:33,716 - aiosqlite - DEBUG - executing functools.partial(<built-in method close of sqlite3.Cursor object at 0x0000013787AB8EC0>)
2026-03-03 20:02:33,716 - aiosqlite - DEBUG - operation functools.partial(<built-in method close of sqlite3.Cursor object at 0x0000013787AB8EC0>) completed
2026-03-03 20:02:33,716 - aiosqlite - DEBUG - executing functools.partial(<built-in method fetchall of sqlite3.Cursor object at 0x000001B627E08EC0>)
2026-03-03 20:02:33,716 - aiosqlite - DEBUG - operation functools.partial(<built-in method fetchall of sqlite3.Cursor object at 0x000001B627E08EC0>) completed
2026-03-03 20:02:33,716 - aiosqlite - DEBUG - executing functools.partial(<built-in method cursor of sqlite3.Connection object at 0x0000013787ABC220>)
2026-03-03 20:02:33,716 - aiosqlite - DEBUG - executing functools.partial(<built-in method close of sqlite3.Cursor object at 0x000001B627E08EC0>)
2026-03-03 20:02:33,716 - aiosqlite - DEBUG - operation functools.partial(<built-in method cursor of sqlite3.Connection object at 0x0000013787ABC220>) completed
2026-03-03 20:02:33,716 - aiosqlite - DEBUG - operation functools.partial(<built-in method close of sqlite3.Cursor object at 0x000001B627E08EC0>) completed
2026-03-03 20:02:33,716 - aiosqlite - DEBUG - executing functools.partial(<built-in method execute of sqlite3.Cursor object at 0x0000013787AB8EC0>, 'PRAGMA main.index_list("products")', ())
2026-03-03 20:02:33,716 - aiosqlite - DEBUG - executing functools.partial(<built-in method cursor of sqlite3.Connection object at 0x000001B627E0C220>)
2026-03-03 20:02:33,716 - aiosqlite - DEBUG - operation functools.partial(<built-in method execute of sqlite3.Cursor object at 0x0000013787AB8EC0>, 'PRAGMA main.index_list("products")', ()) completed
2026-03-03 20:02:33,716 - aiosqlite - DEBUG - operation functools.partial(<built-in method cursor of sqlite3.Connection object at 0x000001B627E0C220>) completed
2026-03-03 20:02:33,716 - aiosqlite - DEBUG - executing functools.partial(<built-in method fetchall of sqlite3.Cursor object at 0x0000013787AB8EC0>)
2026-03-03 20:02:33,716 - aiosqlite - DEBUG - executing functools.partial(<built-in method execute of sqlite3.Cursor object at 0x000001B627E08EC0>, 'PRAGMA main.index_info("ix_products_id")', ())
2026-03-03 20:02:33,716 - aiosqlite - DEBUG - operation functools.partial(<built-in method fetchall of sqlite3.Cursor object at 0x0000013787AB8EC0>) completed
2026-03-03 20:02:33,716 - aiosqlite - DEBUG - operation functools.partial(<built-in method execute of sqlite3.Cursor object at 0x000001B627E08EC0>, 'PRAGMA main.index_info("ix_products_id")', ()) completed
2026-03-03 20:02:33,716 - aiosqlite - DEBUG - executing functools.partial(<built-in method close of sqlite3.Cursor object at 0x0000013787AB8EC0>)
2026-03-03 20:02:33,716 - aiosqlite - DEBUG - operation functools.partial(<built-in method close of sqlite3.Cursor object at 0x0000013787AB8EC0>) completed
2026-03-03 20:02:33,716 - aiosqlite - DEBUG - executing functools.partial(<built-in method fetchall of sqlite3.Cursor object at 0x000001B627E08EC0>)
2026-03-03 20:02:33,716 - aiosqlite - DEBUG - operation functools.partial(<built-in method fetchall of sqlite3.Cursor object at 0x000001B627E08EC0>) completed
2026-03-03 20:02:33,716 - aiosqlite - DEBUG - executing functools.partial(<built-in method cursor of sqlite3.Connection object at 0x0000013787ABC220>)
2026-03-03 20:02:33,716 - aiosqlite - DEBUG - executing functools.partial(<built-in method close of sqlite3.Cursor object at 0x000001B627E08EC0>)
2026-03-03 20:02:33,716 - aiosqlite - DEBUG - operation functools.partial(<built-in method cursor of sqlite3.Connection object at 0x0000013787ABC220>) completed
2026-03-03 20:02:33,716 - aiosqlite - DEBUG - operation functools.partial(<built-in method close of sqlite3.Cursor object at 0x000001B627E08EC0>) completed
2026-03-03 20:02:33,716 - aiosqlite - DEBUG - executing functools.partial(<built-in method execute of sqlite3.Cursor object at 0x0000013787AB8EC0>, 'PRAGMA main.index_info("ix_products_id")', ())
2026-03-03 20:02:33,725 - aiosqlite - DEBUG - executing functools.partial(<built-in method cursor of sqlite3.Connection object at 0x000001B627E0C220>)
2026-03-03 20:02:33,725 - aiosqlite - DEBUG - operation functools.partial(<built-in method execute of sqlite3.Cursor object at 0x0000013787AB8EC0>, 'PRAGMA main.index_info("ix_products_id")', ()) completed
2026-03-03 20:02:33,725 - aiosqlite - DEBUG - operation functools.partial(<built-in method cursor of sqlite3.Connection object at 0x000001B627E0C220>) completed
2026-03-03 20:02:33,725 - aiosqlite - DEBUG - executing functools.partial(<built-in method fetchall of sqlite3.Cursor object at 0x0000013787AB8EC0>)
2026-03-03 20:02:33,725 - aiosqlite - DEBUG - executing functools.partial(<built-in method execute of sqlite3.Cursor object at 0x000001B627E08EC0>, 'PRAGMA main.index_list("products")', ())
2026-03-03 20:02:33,725 - aiosqlite - DEBUG - operation functools.partial(<built-in method fetchall of sqlite3.Cursor object at 0x0000013787AB8EC0>) completed
2026-03-03 20:02:33,725 - aiosqlite - DEBUG - operation functools.partial(<built-in method execute of sqlite3.Cursor object at 0x000001B627E08EC0>, 'PRAGMA main.index_list("products")', ()) completed
2026-03-03 20:02:33,725 - aiosqlite - DEBUG - executing functools.partial(<built-in method close of sqlite3.Cursor object at 0x0000013787AB8EC0>)
2026-03-03 20:02:33,725 - aiosqlite - DEBUG - operation functools.partial(<built-in method close of sqlite3.Cursor object at 0x0000013787AB8EC0>) completed
2026-03-03 20:02:33,725 - aiosqlite - DEBUG - executing functools.partial(<built-in method fetchall of sqlite3.Cursor object at 0x000001B627E08EC0>)
2026-03-03 20:02:33,725 - aiosqlite - DEBUG - operation functools.partial(<built-in method fetchall of sqlite3.Cursor object at 0x000001B627E08EC0>) completed
2026-03-03 20:02:33,725 - aiosqlite - DEBUG - executing functools.partial(<built-in method cursor of sqlite3.Connection object at 0x0000013787ABC220>)
2026-03-03 20:02:33,725 - aiosqlite - DEBUG - operation functools.partial(<built-in method cursor of sqlite3.Connection object at 0x0000013787ABC220>) completed
2026-03-03 20:02:33,725 - aiosqlite - DEBUG - executing functools.partial(<built-in method close of sqlite3.Cursor object at 0x000001B627E08EC0>)
2026-03-03 20:02:33,725 - aiosqlite - DEBUG - operation functools.partial(<built-in method close of sqlite3.Cursor object at 0x000001B627E08EC0>) completed
2026-03-03 20:02:33,725 - aiosqlite - DEBUG - executing functools.partial(<built-in method execute of sqlite3.Cursor object at 0x0000013787AB8EC0>, "SELECT sql FROM  (SELECT * FROM sqlite_master UNION ALL   SELECT * FROM sqlite_temp_master) WHERE name = ? AND type in ('table', 'view')", ('products',))
2026-03-03 20:02:33,725 - aiosqlite - DEBUG - executing functools.partial(<built-in method cursor of sqlite3.Connection object at 0x000001B627E0C220>)
2026-03-03 20:02:33,725 - aiosqlite - DEBUG - operation functools.partial(<built-in method execute of sqlite3.Cursor object at 0x0000013787AB8EC0>, "SELECT sql FROM  (SELECT * FROM sqlite_master UNION ALL   SELECT * FROM sqlite_temp_master) WHERE name = ? AND type in ('table', 'view')", ('products',)) completed
2026-03-03 20:02:33,725 - aiosqlite - DEBUG - operation functools.partial(<built-in method cursor of sqlite3.Connection object at 0x000001B627E0C220>) completed
2026-03-03 20:02:33,725 - aiosqlite - DEBUG - executing functools.partial(<built-in method fetchall of sqlite3.Cursor object at 0x0000013787AB8EC0>)
2026-03-03 20:02:33,725 - aiosqlite - DEBUG - executing functools.partial(<built-in method execute of sqlite3.Cursor object at 0x000001B627E08EC0>, 'PRAGMA main.index_info("ix_products_id")', ())
2026-03-03 20:02:33,725 - aiosqlite - DEBUG - operation functools.partial(<built-in method fetchall of sqlite3.Cursor object at 0x0000013787AB8EC0>) completed
2026-03-03 20:02:33,725 - aiosqlite - DEBUG - operation functools.partial(<built-in method execute of sqlite3.Cursor object at 0x000001B627E08EC0>, 'PRAGMA main.index_info("ix_products_id")', ()) completed
2026-03-03 20:02:33,725 - aiosqlite - DEBUG - executing functools.partial(<built-in method close of sqlite3.Cursor object at 0x0000013787AB8EC0>)
2026-03-03 20:02:33,725 - aiosqlite - DEBUG - executing functools.partial(<built-in method fetchall of sqlite3.Cursor object at 0x000001B627E08EC0>)
2026-03-03 20:02:33,725 - aiosqlite - DEBUG - operation functools.partial(<built-in method close of sqlite3.Cursor object at 0x0000013787AB8EC0>) completed
2026-03-03 20:02:33,725 - aiosqlite - DEBUG - operation functools.partial(<built-in method fetchall of sqlite3.Cursor object at 0x000001B627E08EC0>) completed
2026-03-03 20:02:33,725 - aiosqlite - DEBUG - executing functools.partial(<built-in method close of sqlite3.Cursor object at 0x000001B627E08EC0>)
2026-03-03 20:02:33,725 - aiosqlite - DEBUG - operation functools.partial(<built-in method close of sqlite3.Cursor object at 0x000001B627E08EC0>) completed
2026-03-03 20:02:33,733 - aiosqlite - DEBUG - executing functools.partial(<built-in method cursor of sqlite3.Connection object at 0x000001B627E0C220>)
2026-03-03 20:02:33,733 - aiosqlite - DEBUG - operation functools.partial(<built-in method cursor of sqlite3.Connection object at 0x000001B627E0C220>) completed
2026-03-03 20:02:33,733 - aiosqlite - DEBUG - executing functools.partial(<built-in method execute of sqlite3.Cursor object at 0x000001B627E08EC0>, "SELECT sql FROM  (SELECT * FROM sqlite_master UNION ALL   SELECT * FROM sqlite_temp_master) WHERE name = ? AND type in ('table', 'view')", ('products',))
2026-03-03 20:02:33,733 - aiosqlite - DEBUG - operation functools.partial(<built-in method execute of sqlite3.Cursor object at 0x000001B627E08EC0>, "SELECT sql FROM  (SELECT * FROM sqlite_master UNION ALL   SELECT * FROM sqlite_temp_master) WHERE name = ? AND type in ('table', 'view')", ('products',)) completed
2026-03-03 20:02:33,733 - aiosqlite - DEBUG - executing functools.partial(<built-in method fetchall of sqlite3.Cursor object at 0x000001B627E08EC0>)
2026-03-03 20:02:33,733 - aiosqlite - DEBUG - operation functools.partial(<built-in method fetchall of sqlite3.Cursor object at 0x000001B627E08EC0>) completed
2026-03-03 20:02:33,733 - aiosqlite - DEBUG - executing functools.partial(<built-in method close of sqlite3.Cursor object at 0x000001B627E08EC0>)
2026-03-03 20:02:33,733 - aiosqlite - DEBUG - executing functools.partial(<built-in method cursor of sqlite3.Connection object at 0x0000013787ABC220>)
2026-03-03 20:02:33,733 - aiosqlite - DEBUG - operation functools.partial(<built-in method close of sqlite3.Cursor object at 0x000001B627E08EC0>) completed
2026-03-03 20:02:33,733 - aiosqlite - DEBUG - operation functools.partial(<built-in method cursor of sqlite3.Connection object at 0x0000013787ABC220>) completed
2026-03-03 20:02:33,733 - aiosqlite - DEBUG - executing functools.partial(<built-in method execute of sqlite3.Cursor object at 0x0000013787A46AC0>, 'SELECT count(*) AS count_1 \nFROM products', ())
2026-03-03 20:02:33,733 - aiosqlite - DEBUG - operation functools.partial(<built-in method execute of sqlite3.Cursor object at 0x0000013787A46AC0>, 'SELECT count(*) AS count_1 \nFROM products', ()) completed
2026-03-03 20:02:33,733 - aiosqlite - DEBUG - executing functools.partial(<built-in method fetchall of sqlite3.Cursor object at 0x0000013787A46AC0>)
2026-03-03 20:02:33,733 - aiosqlite - DEBUG - operation functools.partial(<built-in method fetchall of sqlite3.Cursor object at 0x0000013787A46AC0>) completed
2026-03-03 20:02:33,733 - aiosqlite - DEBUG - executing functools.partial(<built-in method close of sqlite3.Cursor object at 0x0000013787A46AC0>)
2026-03-03 20:02:33,733 - aiosqlite - DEBUG - operation functools.partial(<built-in method close of sqlite3.Cursor object at 0x0000013787A46AC0>) completed
2026-03-03 20:02:33,733 - services.mock_data - INFO - Table products already has 8 rows; skipping mock insert
2026-03-03 20:02:33,741 - aiosqlite - DEBUG - executing functools.partial(<built-in method commit of sqlite3.Connection object at 0x0000013787ABC220>)
2026-03-03 20:02:33,741 - aiosqlite - DEBUG - operation functools.partial(<built-in method commit of sqlite3.Connection object at 0x0000013787ABC220>) completed
2026-03-03 20:02:33,741 - aiosqlite - DEBUG - executing functools.partial(<built-in method cursor of sqlite3.Connection object at 0x000001B627E0C220>)
2026-03-03 20:02:33,741 - aiosqlite - DEBUG - operation functools.partial(<built-in method cursor of sqlite3.Connection object at 0x000001B627E0C220>) completed
2026-03-03 20:02:33,741 - aiosqlite - DEBUG - executing functools.partial(<built-in method rollback of sqlite3.Connection object at 0x0000013787ABC220>)
2026-03-03 20:02:33,741 - aiosqlite - DEBUG - executing functools.partial(<built-in method execute of sqlite3.Cursor object at 0x000001B627D96AC0>, 'SELECT count(*) AS count_1 \nFROM products', ())
2026-03-03 20:02:33,741 - aiosqlite - DEBUG - operation functools.partial(<built-in method rollback of sqlite3.Connection object at 0x0000013787ABC220>) completed
2026-03-03 20:02:33,741 - aiosqlite - DEBUG - executing functools.partial(<built-in method close of sqlite3.Connection object at 0x0000013787ABC220>)
2026-03-03 20:02:33,741 - aiosqlite - DEBUG - operation functools.partial(<built-in method execute of sqlite3.Cursor object at 0x000001B627D96AC0>, 'SELECT count(*) AS count_1 \nFROM products', ()) completed
2026-03-03 20:02:33,741 - aiosqlite - DEBUG - operation functools.partial(<built-in method close of sqlite3.Connection object at 0x0000013787ABC220>) completed
2026-03-03 20:02:33,741 - aiosqlite - DEBUG - executing functools.partial(<built-in method fetchall of sqlite3.Cursor object at 0x000001B627D96AC0>)
2026-03-03 20:02:33,741 - aiosqlite - DEBUG - operation functools.partial(<built-in method fetchall of sqlite3.Cursor object at 0x000001B627D96AC0>) completed
2026-03-03 20:02:33,741 - services.database - DEBUG - [DB_OP] Starting database initialization
2026-03-03 20:02:33,741 - services.database - INFO - 🔧 Starting database initialization...
2026-03-03 20:02:33,741 - aiosqlite - DEBUG - executing functools.partial(<built-in method close of sqlite3.Cursor object at 0x000001B627D96AC0>)
2026-03-03 20:02:33,741 - core.database - INFO - Starting database initialization...
2026-03-03 20:02:33,741 - aiosqlite - DEBUG - operation functools.partial(<built-in method close of sqlite3.Cursor object at 0x000001B627D96AC0>) completed
2026-03-03 20:02:33,741 - core.database - INFO - Database already initialized
2026-03-03 20:02:33,741 - services.database - INFO - 🔧 Database connection initialized, now creating tables if tables not exist...
2026-03-03 20:02:33,741 - services.mock_data - INFO - Table products already has 8 rows; skipping mock insert
2026-03-03 20:02:33,741 - core.database - DEBUG - [DB_OP] Starting create_tables
2026-03-03 20:02:33,741 - core.database - INFO - Tables already initialized
2026-03-03 20:02:33,741 - aiosqlite - DEBUG - executing functools.partial(<built-in method commit of sqlite3.Connection object at 0x000001B627E0C220>)
2026-03-03 20:02:33,741 - services.database - INFO - 🔧 Table creation completed
2026-03-03 20:02:33,741 - aiosqlite - DEBUG - operation functools.partial(<built-in method commit of sqlite3.Connection object at 0x000001B627E0C220>) completed
2026-03-03 20:02:33,741 - services.database - INFO - Database initialized successfully
2026-03-03 20:02:33,741 - services.database - DEBUG - [DB_OP] Database initialization completed in 0.0000s
2026-03-03 20:02:33,741 - aiosqlite - DEBUG - executing functools.partial(<built-in method rollback of sqlite3.Connection object at 0x000001B627E0C220>)
2026-03-03 20:02:33,741 - services.auth - WARNING - Admin user ID or email not configured, skipping admin initialization
2026-03-03 20:02:33,741 - aiosqlite - DEBUG - operation functools.partial(<built-in method rollback of sqlite3.Connection object at 0x000001B627E0C220>) completed
2026-03-03 20:02:33,741 - main - INFO - === Application startup completed successfully ===
2026-03-03 20:02:33,741 - aiosqlite - DEBUG - executing functools.partial(<built-in method close of sqlite3.Connection object at 0x000001B627E0C220>)
2026-03-03 20:02:33,749 - aiosqlite - DEBUG - operation functools.partial(<built-in method close of sqlite3.Connection object at 0x000001B627E0C220>) completed
2026-03-03 20:02:33,749 - services.database - DEBUG - [DB_OP] Starting database initialization
2026-03-03 20:02:33,749 - services.database - INFO - 🔧 Starting database initialization...
2026-03-03 20:02:33,749 - core.database - INFO - Starting database initialization...
2026-03-03 20:02:33,749 - core.database - INFO - Database already initialized
2026-03-03 20:02:33,749 - services.database - INFO - 🔧 Database connection initialized, now creating tables if tables not exist...
2026-03-03 20:02:33,749 - core.database - DEBUG - [DB_OP] Starting create_tables
2026-03-03 20:02:33,749 - core.database - INFO - Tables already initialized
2026-03-03 20:02:33,749 - services.database - INFO - 🔧 Table creation completed
2026-03-03 20:02:33,749 - services.database - INFO - Database initialized successfully
2026-03-03 20:02:33,749 - services.database - DEBUG - [DB_OP] Database initialization completed in 0.0000s
2026-03-03 20:02:33,749 - services.auth - WARNING - Admin user ID or email not configured, skipping admin initialization
2026-03-03 20:02:33,749 - main - INFO - === Application startup completed successfully ===
2026-03-03 20:03:46,109 - services.database - DEBUG - [DB_OP] Starting database close
2026-03-03 20:03:46,109 - core.database - INFO - Database connection closed and engine disposed
2026-03-03 20:03:46,109 - services.database - INFO - Database connections closed
2026-03-03 20:03:46,109 - services.database - DEBUG - [DB_OP] Database close completed in 0.0000s
2026-03-03 20:05:52,265 - services.database - DEBUG - [DB_OP] Starting database close
2026-03-03 20:05:52,265 - core.database - INFO - Database connection closed and engine disposed
2026-03-03 20:05:52,265 - services.database - INFO - Database connections closed
2026-03-03 20:05:52,265 - services.database - DEBUG - [DB_OP] Database close completed in 0.0000s
