2026-03-03 13:31:18,751 - main - INFO - === Logging system initialized ===
2026-03-03 13:31:18,751 - main - INFO - Log file: logs/app_20260303_133118.log
2026-03-03 13:31:18,751 - main - INFO - Log level: INFO
2026-03-03 13:31:18,751 - main - INFO - Timestamp: 20260303_133118
2026-03-03 13:31:19,281 - main - INFO - Included router: routers.aihub.router
2026-03-03 13:31:19,316 - passlib.utils.compat - DEBUG - loaded lazy attr 'SafeConfigParser': <class 'configparser.ConfigParser'>
2026-03-03 13:31:19,316 - passlib.utils.compat - DEBUG - loaded lazy attr 'NativeStringIO': <class '_io.StringIO'>
2026-03-03 13:31:19,316 - passlib.utils.compat - DEBUG - loaded lazy attr 'BytesIO': <class '_io.BytesIO'>
2026-03-03 13:31:19,324 - passlib.registry - DEBUG - registered 'bcrypt' handler: <class 'passlib.handlers.bcrypt.bcrypt'>
2026-03-03 13:31:19,332 - main - INFO - Included router: routers.auth.router
2026-03-03 13:31:19,332 - main - INFO - Included router: routers.health.router
2026-03-03 13:31:19,348 - main - INFO - Included router: routers.orders.router
2026-03-03 13:31:19,441 - main - INFO - Included router: routers.products.router
2026-03-03 13:31:19,441 - main - WARNING - Failed to import module 'routers.settings': cannot import name 'get_admin_user' from 'dependencies.auth' (D:\ASM1\backend\dependencies\auth.py)
2026-03-03 13:31:19,451 - main - WARNING - Failed to import module 'routers.storage': cannot import name 'get_admin_user' from 'dependencies.auth' (D:\ASM1\backend\dependencies\auth.py)
2026-03-03 13:31:19,460 - main - INFO - Included router: routers.user.router
2026-03-03 13:31:19,471 - main - INFO - === Application startup initiated ===
2026-03-03 13:31:19,471 - services.database - DEBUG - [DB_OP] Starting database initialization
2026-03-03 13:31:19,471 - services.database - INFO - 🔧 Starting database initialization...
2026-03-03 13:31:19,471 - core.database - INFO - Starting database initialization...
2026-03-03 13:31:19,471 - core.database - INFO - Normalizing database URL for async compatibility...
2026-03-03 13:31:19,471 - core.database - DEBUG - Database exists:./test.db
2026-03-03 13:31:19,471 - core.database - WARNING - Adjusted database URL driver for async compatibility
2026-03-03 13:31:19,471 - core.database - INFO - Creating async database engine...
2026-03-03 13:31:19,471 - core.database - INFO - Using NullPool for sqlite+aiosqlite environment
2026-03-03 13:31:19,526 - core.database - INFO - Database engine created successfully
2026-03-03 13:31:19,526 - core.database - INFO - Creating async session maker...
2026-03-03 13:31:19,526 - core.database - INFO - Async session maker created successfully
2026-03-03 13:31:19,526 - core.database - INFO - Database connection initialized successfully
2026-03-03 13:31:19,526 - services.database - INFO - 🔧 Database connection initialized, now creating tables if tables not exist...
2026-03-03 13:31:19,526 - core.database - DEBUG - [DB_OP] Starting create_tables
2026-03-03 13:31:19,526 - core.database - INFO - 🔧 Starting table creation...
2026-03-03 13:31:19,526 - aiosqlite - DEBUG - executing <function connect.<locals>.connector at 0x000002C5F13F9080>
2026-03-03 13:31:19,531 - aiosqlite - DEBUG - operation <function connect.<locals>.connector at 0x000002C5F13F9080> completed
2026-03-03 13:31:19,531 - aiosqlite - DEBUG - executing functools.partial(<built-in method create_function of sqlite3.Connection object at 0x000002C5F13D16C0>, 'regexp', 2, <function SQLiteDialect_pysqlite.on_connect.<locals>.regexp at 0x000002C5F13F8360>, deterministic=True)
2026-03-03 13:31:19,536 - aiosqlite - DEBUG - operation functools.partial(<built-in method create_function of sqlite3.Connection object at 0x000002C5F13D16C0>, 'regexp', 2, <function SQLiteDialect_pysqlite.on_connect.<locals>.regexp at 0x000002C5F13F8360>, deterministic=True) completed
2026-03-03 13:31:19,536 - aiosqlite - DEBUG - executing functools.partial(<built-in method create_function of sqlite3.Connection object at 0x000002C5F13D16C0>, 'floor', 1, <built-in function floor>, deterministic=True)
2026-03-03 13:31:19,536 - aiosqlite - DEBUG - operation functools.partial(<built-in method create_function of sqlite3.Connection object at 0x000002C5F13D16C0>, 'floor', 1, <built-in function floor>, deterministic=True) completed
2026-03-03 13:31:19,536 - aiosqlite - DEBUG - executing functools.partial(<built-in method cursor of sqlite3.Connection object at 0x000002C5F13D16C0>)
2026-03-03 13:31:19,541 - aiosqlite - DEBUG - operation functools.partial(<built-in method cursor of sqlite3.Connection object at 0x000002C5F13D16C0>) completed
2026-03-03 13:31:19,541 - aiosqlite - DEBUG - executing functools.partial(<built-in method execute of sqlite3.Cursor object at 0x000002C5F13C2740>, 'PRAGMA read_uncommitted', [])
2026-03-03 13:31:19,541 - aiosqlite - DEBUG - operation functools.partial(<built-in method execute of sqlite3.Cursor object at 0x000002C5F13C2740>, 'PRAGMA read_uncommitted', []) completed
2026-03-03 13:31:19,541 - aiosqlite - DEBUG - executing functools.partial(<built-in method fetchall of sqlite3.Cursor object at 0x000002C5F13C2740>)
2026-03-03 13:31:19,541 - aiosqlite - DEBUG - operation functools.partial(<built-in method fetchall of sqlite3.Cursor object at 0x000002C5F13C2740>) completed
2026-03-03 13:31:19,541 - aiosqlite - DEBUG - executing functools.partial(<built-in method close of sqlite3.Cursor object at 0x000002C5F13C2740>)
2026-03-03 13:31:19,541 - aiosqlite - DEBUG - operation functools.partial(<built-in method close of sqlite3.Cursor object at 0x000002C5F13C2740>) completed
2026-03-03 13:31:19,541 - aiosqlite - DEBUG - executing functools.partial(<built-in method rollback of sqlite3.Connection object at 0x000002C5F13D16C0>)
2026-03-03 13:31:19,541 - aiosqlite - DEBUG - operation functools.partial(<built-in method rollback of sqlite3.Connection object at 0x000002C5F13D16C0>) completed
2026-03-03 13:31:19,541 - aiosqlite - DEBUG - executing functools.partial(<built-in method cursor of sqlite3.Connection object at 0x000002C5F13D16C0>)
2026-03-03 13:31:19,541 - aiosqlite - DEBUG - operation functools.partial(<built-in method cursor of sqlite3.Connection object at 0x000002C5F13D16C0>) completed
2026-03-03 13:31:19,550 - aiosqlite - DEBUG - executing functools.partial(<built-in method execute of sqlite3.Cursor object at 0x000002C5F13C2840>, 'PRAGMA main.table_info("users")', ())
2026-03-03 13:31:19,550 - aiosqlite - DEBUG - operation functools.partial(<built-in method execute of sqlite3.Cursor object at 0x000002C5F13C2840>, 'PRAGMA main.table_info("users")', ()) completed
2026-03-03 13:31:19,550 - aiosqlite - DEBUG - executing functools.partial(<built-in method fetchall of sqlite3.Cursor object at 0x000002C5F13C2840>)
2026-03-03 13:31:19,550 - aiosqlite - DEBUG - operation functools.partial(<built-in method fetchall of sqlite3.Cursor object at 0x000002C5F13C2840>) completed
2026-03-03 13:31:19,550 - aiosqlite - DEBUG - executing functools.partial(<built-in method close of sqlite3.Cursor object at 0x000002C5F13C2840>)
2026-03-03 13:31:19,550 - aiosqlite - DEBUG - operation functools.partial(<built-in method close of sqlite3.Cursor object at 0x000002C5F13C2840>) completed
2026-03-03 13:31:19,550 - aiosqlite - DEBUG - executing functools.partial(<built-in method cursor of sqlite3.Connection object at 0x000002C5F13D16C0>)
2026-03-03 13:31:19,550 - aiosqlite - DEBUG - operation functools.partial(<built-in method cursor of sqlite3.Connection object at 0x000002C5F13D16C0>) completed
2026-03-03 13:31:19,550 - aiosqlite - DEBUG - executing functools.partial(<built-in method execute of sqlite3.Cursor object at 0x000002C5F13C2840>, 'PRAGMA main.table_info("oidc_states")', ())
2026-03-03 13:31:19,550 - aiosqlite - DEBUG - operation functools.partial(<built-in method execute of sqlite3.Cursor object at 0x000002C5F13C2840>, 'PRAGMA main.table_info("oidc_states")', ()) completed
2026-03-03 13:31:19,561 - aiosqlite - DEBUG - executing functools.partial(<built-in method fetchall of sqlite3.Cursor object at 0x000002C5F13C2840>)
2026-03-03 13:31:19,561 - aiosqlite - DEBUG - operation functools.partial(<built-in method fetchall of sqlite3.Cursor object at 0x000002C5F13C2840>) completed
2026-03-03 13:31:19,561 - aiosqlite - DEBUG - executing functools.partial(<built-in method close of sqlite3.Cursor object at 0x000002C5F13C2840>)
2026-03-03 13:31:19,561 - aiosqlite - DEBUG - operation functools.partial(<built-in method close of sqlite3.Cursor object at 0x000002C5F13C2840>) completed
2026-03-03 13:31:19,561 - aiosqlite - DEBUG - executing functools.partial(<built-in method cursor of sqlite3.Connection object at 0x000002C5F13D16C0>)
2026-03-03 13:31:19,561 - aiosqlite - DEBUG - operation functools.partial(<built-in method cursor of sqlite3.Connection object at 0x000002C5F13D16C0>) completed
2026-03-03 13:31:19,561 - aiosqlite - DEBUG - executing functools.partial(<built-in method execute of sqlite3.Cursor object at 0x000002C5F13C2840>, 'PRAGMA main.table_info("orders")', ())
2026-03-03 13:31:19,561 - aiosqlite - DEBUG - operation functools.partial(<built-in method execute of sqlite3.Cursor object at 0x000002C5F13C2840>, 'PRAGMA main.table_info("orders")', ()) completed
2026-03-03 13:31:19,561 - aiosqlite - DEBUG - executing functools.partial(<built-in method fetchall of sqlite3.Cursor object at 0x000002C5F13C2840>)
2026-03-03 13:31:19,561 - aiosqlite - DEBUG - operation functools.partial(<built-in method fetchall of sqlite3.Cursor object at 0x000002C5F13C2840>) completed
2026-03-03 13:31:19,561 - aiosqlite - DEBUG - executing functools.partial(<built-in method close of sqlite3.Cursor object at 0x000002C5F13C2840>)
2026-03-03 13:31:19,561 - aiosqlite - DEBUG - operation functools.partial(<built-in method close of sqlite3.Cursor object at 0x000002C5F13C2840>) completed
2026-03-03 13:31:19,569 - aiosqlite - DEBUG - executing functools.partial(<built-in method cursor of sqlite3.Connection object at 0x000002C5F13D16C0>)
2026-03-03 13:31:19,569 - aiosqlite - DEBUG - operation functools.partial(<built-in method cursor of sqlite3.Connection object at 0x000002C5F13D16C0>) completed
2026-03-03 13:31:19,569 - aiosqlite - DEBUG - executing functools.partial(<built-in method execute of sqlite3.Cursor object at 0x000002C5F13C2840>, 'PRAGMA main.table_info("products")', ())
2026-03-03 13:31:19,571 - aiosqlite - DEBUG - operation functools.partial(<built-in method execute of sqlite3.Cursor object at 0x000002C5F13C2840>, 'PRAGMA main.table_info("products")', ()) completed
2026-03-03 13:31:19,571 - aiosqlite - DEBUG - executing functools.partial(<built-in method fetchall of sqlite3.Cursor object at 0x000002C5F13C2840>)
2026-03-03 13:31:19,571 - aiosqlite - DEBUG - operation functools.partial(<built-in method fetchall of sqlite3.Cursor object at 0x000002C5F13C2840>) completed
2026-03-03 13:31:19,571 - aiosqlite - DEBUG - executing functools.partial(<built-in method close of sqlite3.Cursor object at 0x000002C5F13C2840>)
2026-03-03 13:31:19,571 - aiosqlite - DEBUG - operation functools.partial(<built-in method close of sqlite3.Cursor object at 0x000002C5F13C2840>) completed
2026-03-03 13:31:19,571 - core.database - INFO - Tables initialized successfully
2026-03-03 13:31:19,571 - core.database - DEBUG - [DB_OP] Create tables completed in 0.0451s
2026-03-03 13:31:19,571 - aiosqlite - DEBUG - executing functools.partial(<built-in method commit of sqlite3.Connection object at 0x000002C5F13D16C0>)
2026-03-03 13:31:19,571 - aiosqlite - DEBUG - operation functools.partial(<built-in method commit of sqlite3.Connection object at 0x000002C5F13D16C0>) completed
2026-03-03 13:31:19,571 - aiosqlite - DEBUG - executing functools.partial(<built-in method rollback of sqlite3.Connection object at 0x000002C5F13D16C0>)
2026-03-03 13:31:19,571 - aiosqlite - DEBUG - operation functools.partial(<built-in method rollback of sqlite3.Connection object at 0x000002C5F13D16C0>) completed
2026-03-03 13:31:19,571 - aiosqlite - DEBUG - executing functools.partial(<built-in method close of sqlite3.Connection object at 0x000002C5F13D16C0>)
2026-03-03 13:31:19,571 - aiosqlite - DEBUG - operation functools.partial(<built-in method close of sqlite3.Connection object at 0x000002C5F13D16C0>) completed
2026-03-03 13:31:19,580 - services.database - INFO - 🔧 Table creation completed
2026-03-03 13:31:19,580 - services.database - INFO - Database initialized successfully
2026-03-03 13:31:19,580 - services.database - DEBUG - [DB_OP] Database initialization completed in 0.1091s
2026-03-03 13:31:19,580 - services.mock_data - INFO - Processing mock data file products.json for table products
2026-03-03 13:31:19,580 - aiosqlite - DEBUG - executing <function connect.<locals>.connector at 0x000002C5F13F9620>
2026-03-03 13:31:19,580 - aiosqlite - DEBUG - operation <function connect.<locals>.connector at 0x000002C5F13F9620> completed
2026-03-03 13:31:19,580 - aiosqlite - DEBUG - executing functools.partial(<built-in method create_function of sqlite3.Connection object at 0x000002C5F13D17B0>, 'regexp', 2, <function SQLiteDialect_pysqlite.on_connect.<locals>.regexp at 0x000002C5F13F8360>, deterministic=True)
2026-03-03 13:31:19,580 - aiosqlite - DEBUG - operation functools.partial(<built-in method create_function of sqlite3.Connection object at 0x000002C5F13D17B0>, 'regexp', 2, <function SQLiteDialect_pysqlite.on_connect.<locals>.regexp at 0x000002C5F13F8360>, deterministic=True) completed
2026-03-03 13:31:19,580 - aiosqlite - DEBUG - executing functools.partial(<built-in method create_function of sqlite3.Connection object at 0x000002C5F13D17B0>, 'floor', 1, <built-in function floor>, deterministic=True)
2026-03-03 13:31:19,580 - aiosqlite - DEBUG - operation functools.partial(<built-in method create_function of sqlite3.Connection object at 0x000002C5F13D17B0>, 'floor', 1, <built-in function floor>, deterministic=True) completed
2026-03-03 13:31:19,580 - aiosqlite - DEBUG - executing functools.partial(<built-in method cursor of sqlite3.Connection object at 0x000002C5F13D17B0>)
2026-03-03 13:31:19,589 - aiosqlite - DEBUG - operation functools.partial(<built-in method cursor of sqlite3.Connection object at 0x000002C5F13D17B0>) completed
2026-03-03 13:31:19,589 - aiosqlite - DEBUG - executing functools.partial(<built-in method execute of sqlite3.Cursor object at 0x000002C5F13C2CC0>, 'PRAGMA main.table_xinfo("products")', ())
2026-03-03 13:31:19,589 - aiosqlite - DEBUG - operation functools.partial(<built-in method execute of sqlite3.Cursor object at 0x000002C5F13C2CC0>, 'PRAGMA main.table_xinfo("products")', ()) completed
2026-03-03 13:31:19,591 - aiosqlite - DEBUG - executing functools.partial(<built-in method fetchall of sqlite3.Cursor object at 0x000002C5F13C2CC0>)
2026-03-03 13:31:19,591 - aiosqlite - DEBUG - operation functools.partial(<built-in method fetchall of sqlite3.Cursor object at 0x000002C5F13C2CC0>) completed
2026-03-03 13:31:19,591 - aiosqlite - DEBUG - executing functools.partial(<built-in method close of sqlite3.Cursor object at 0x000002C5F13C2CC0>)
2026-03-03 13:31:19,591 - aiosqlite - DEBUG - operation functools.partial(<built-in method close of sqlite3.Cursor object at 0x000002C5F13C2CC0>) completed
2026-03-03 13:31:19,591 - aiosqlite - DEBUG - executing functools.partial(<built-in method cursor of sqlite3.Connection object at 0x000002C5F13D17B0>)
2026-03-03 13:31:19,591 - aiosqlite - DEBUG - operation functools.partial(<built-in method cursor of sqlite3.Connection object at 0x000002C5F13D17B0>) completed
2026-03-03 13:31:19,591 - aiosqlite - DEBUG - executing functools.partial(<built-in method execute of sqlite3.Cursor object at 0x000002C5F13C2CC0>, "SELECT sql FROM  (SELECT * FROM sqlite_master UNION ALL   SELECT * FROM sqlite_temp_master) WHERE name = ? AND type in ('table', 'view')", ('products',))
2026-03-03 13:31:19,591 - aiosqlite - DEBUG - operation functools.partial(<built-in method execute of sqlite3.Cursor object at 0x000002C5F13C2CC0>, "SELECT sql FROM  (SELECT * FROM sqlite_master UNION ALL   SELECT * FROM sqlite_temp_master) WHERE name = ? AND type in ('table', 'view')", ('products',)) completed
2026-03-03 13:31:19,591 - aiosqlite - DEBUG - executing functools.partial(<built-in method fetchall of sqlite3.Cursor object at 0x000002C5F13C2CC0>)
2026-03-03 13:31:19,591 - aiosqlite - DEBUG - operation functools.partial(<built-in method fetchall of sqlite3.Cursor object at 0x000002C5F13C2CC0>) completed
2026-03-03 13:31:19,591 - aiosqlite - DEBUG - executing functools.partial(<built-in method close of sqlite3.Cursor object at 0x000002C5F13C2CC0>)
2026-03-03 13:31:19,591 - aiosqlite - DEBUG - operation functools.partial(<built-in method close of sqlite3.Cursor object at 0x000002C5F13C2CC0>) completed
2026-03-03 13:31:19,591 - aiosqlite - DEBUG - executing functools.partial(<built-in method cursor of sqlite3.Connection object at 0x000002C5F13D17B0>)
2026-03-03 13:31:19,591 - aiosqlite - DEBUG - operation functools.partial(<built-in method cursor of sqlite3.Connection object at 0x000002C5F13D17B0>) completed
2026-03-03 13:31:19,591 - aiosqlite - DEBUG - executing functools.partial(<built-in method execute of sqlite3.Cursor object at 0x000002C5F13C2CC0>, 'PRAGMA main.foreign_key_list("products")', ())
2026-03-03 13:31:19,600 - aiosqlite - DEBUG - operation functools.partial(<built-in method execute of sqlite3.Cursor object at 0x000002C5F13C2CC0>, 'PRAGMA main.foreign_key_list("products")', ()) completed
2026-03-03 13:31:19,600 - aiosqlite - DEBUG - executing functools.partial(<built-in method fetchall of sqlite3.Cursor object at 0x000002C5F13C2CC0>)
2026-03-03 13:31:19,600 - aiosqlite - DEBUG - operation functools.partial(<built-in method fetchall of sqlite3.Cursor object at 0x000002C5F13C2CC0>) completed
2026-03-03 13:31:19,600 - aiosqlite - DEBUG - executing functools.partial(<built-in method close of sqlite3.Cursor object at 0x000002C5F13C2CC0>)
2026-03-03 13:31:19,600 - aiosqlite - DEBUG - operation functools.partial(<built-in method close of sqlite3.Cursor object at 0x000002C5F13C2CC0>) completed
2026-03-03 13:31:19,600 - aiosqlite - DEBUG - executing functools.partial(<built-in method cursor of sqlite3.Connection object at 0x000002C5F13D17B0>)
2026-03-03 13:31:19,600 - aiosqlite - DEBUG - operation functools.partial(<built-in method cursor of sqlite3.Connection object at 0x000002C5F13D17B0>) completed
2026-03-03 13:31:19,600 - aiosqlite - DEBUG - executing functools.partial(<built-in method execute of sqlite3.Cursor object at 0x000002C5F13C2CC0>, 'PRAGMA temp.foreign_key_list("products")', ())
2026-03-03 13:31:19,600 - aiosqlite - DEBUG - operation functools.partial(<built-in method execute of sqlite3.Cursor object at 0x000002C5F13C2CC0>, 'PRAGMA temp.foreign_key_list("products")', ()) completed
2026-03-03 13:31:19,600 - aiosqlite - DEBUG - executing functools.partial(<built-in method fetchall of sqlite3.Cursor object at 0x000002C5F13C2CC0>)
2026-03-03 13:31:19,600 - aiosqlite - DEBUG - operation functools.partial(<built-in method fetchall of sqlite3.Cursor object at 0x000002C5F13C2CC0>) completed
2026-03-03 13:31:19,600 - aiosqlite - DEBUG - executing functools.partial(<built-in method close of sqlite3.Cursor object at 0x000002C5F13C2CC0>)
2026-03-03 13:31:19,608 - aiosqlite - DEBUG - operation functools.partial(<built-in method close of sqlite3.Cursor object at 0x000002C5F13C2CC0>) completed
2026-03-03 13:31:19,608 - aiosqlite - DEBUG - executing functools.partial(<built-in method cursor of sqlite3.Connection object at 0x000002C5F13D17B0>)
2026-03-03 13:31:19,608 - aiosqlite - DEBUG - operation functools.partial(<built-in method cursor of sqlite3.Connection object at 0x000002C5F13D17B0>) completed
2026-03-03 13:31:19,608 - aiosqlite - DEBUG - executing functools.partial(<built-in method execute of sqlite3.Cursor object at 0x000002C5F13C2CC0>, "SELECT sql FROM  (SELECT * FROM sqlite_master UNION ALL   SELECT * FROM sqlite_temp_master) WHERE name = ? AND type in ('table', 'view')", ('products',))
2026-03-03 13:31:19,608 - aiosqlite - DEBUG - operation functools.partial(<built-in method execute of sqlite3.Cursor object at 0x000002C5F13C2CC0>, "SELECT sql FROM  (SELECT * FROM sqlite_master UNION ALL   SELECT * FROM sqlite_temp_master) WHERE name = ? AND type in ('table', 'view')", ('products',)) completed
2026-03-03 13:31:19,608 - aiosqlite - DEBUG - executing functools.partial(<built-in method fetchall of sqlite3.Cursor object at 0x000002C5F13C2CC0>)
2026-03-03 13:31:19,608 - aiosqlite - DEBUG - operation functools.partial(<built-in method fetchall of sqlite3.Cursor object at 0x000002C5F13C2CC0>) completed
2026-03-03 13:31:19,608 - aiosqlite - DEBUG - executing functools.partial(<built-in method close of sqlite3.Cursor object at 0x000002C5F13C2CC0>)
2026-03-03 13:31:19,608 - aiosqlite - DEBUG - operation functools.partial(<built-in method close of sqlite3.Cursor object at 0x000002C5F13C2CC0>) completed
2026-03-03 13:31:19,616 - aiosqlite - DEBUG - executing functools.partial(<built-in method cursor of sqlite3.Connection object at 0x000002C5F13D17B0>)
2026-03-03 13:31:19,616 - aiosqlite - DEBUG - operation functools.partial(<built-in method cursor of sqlite3.Connection object at 0x000002C5F13D17B0>) completed
2026-03-03 13:31:19,616 - aiosqlite - DEBUG - executing functools.partial(<built-in method execute of sqlite3.Cursor object at 0x000002C5F13C2CC0>, 'PRAGMA main.index_list("products")', ())
2026-03-03 13:31:19,616 - aiosqlite - DEBUG - operation functools.partial(<built-in method execute of sqlite3.Cursor object at 0x000002C5F13C2CC0>, 'PRAGMA main.index_list("products")', ()) completed
2026-03-03 13:31:19,616 - aiosqlite - DEBUG - executing functools.partial(<built-in method fetchall of sqlite3.Cursor object at 0x000002C5F13C2CC0>)
2026-03-03 13:31:19,616 - aiosqlite - DEBUG - operation functools.partial(<built-in method fetchall of sqlite3.Cursor object at 0x000002C5F13C2CC0>) completed
2026-03-03 13:31:19,616 - aiosqlite - DEBUG - executing functools.partial(<built-in method close of sqlite3.Cursor object at 0x000002C5F13C2CC0>)
2026-03-03 13:31:19,616 - aiosqlite - DEBUG - operation functools.partial(<built-in method close of sqlite3.Cursor object at 0x000002C5F13C2CC0>) completed
2026-03-03 13:31:19,616 - aiosqlite - DEBUG - executing functools.partial(<built-in method cursor of sqlite3.Connection object at 0x000002C5F13D17B0>)
2026-03-03 13:31:19,616 - aiosqlite - DEBUG - operation functools.partial(<built-in method cursor of sqlite3.Connection object at 0x000002C5F13D17B0>) completed
2026-03-03 13:31:19,616 - aiosqlite - DEBUG - executing functools.partial(<built-in method execute of sqlite3.Cursor object at 0x000002C5F13C2CC0>, 'PRAGMA main.index_info("ix_products_id")', ())
2026-03-03 13:31:19,616 - aiosqlite - DEBUG - operation functools.partial(<built-in method execute of sqlite3.Cursor object at 0x000002C5F13C2CC0>, 'PRAGMA main.index_info("ix_products_id")', ()) completed
2026-03-03 13:31:19,616 - aiosqlite - DEBUG - executing functools.partial(<built-in method fetchall of sqlite3.Cursor object at 0x000002C5F13C2CC0>)
2026-03-03 13:31:19,616 - aiosqlite - DEBUG - operation functools.partial(<built-in method fetchall of sqlite3.Cursor object at 0x000002C5F13C2CC0>) completed
2026-03-03 13:31:19,616 - aiosqlite - DEBUG - executing functools.partial(<built-in method close of sqlite3.Cursor object at 0x000002C5F13C2CC0>)
2026-03-03 13:31:19,616 - aiosqlite - DEBUG - operation functools.partial(<built-in method close of sqlite3.Cursor object at 0x000002C5F13C2CC0>) completed
2026-03-03 13:31:19,616 - aiosqlite - DEBUG - executing functools.partial(<built-in method cursor of sqlite3.Connection object at 0x000002C5F13D17B0>)
2026-03-03 13:31:19,616 - aiosqlite - DEBUG - operation functools.partial(<built-in method cursor of sqlite3.Connection object at 0x000002C5F13D17B0>) completed
2026-03-03 13:31:19,616 - aiosqlite - DEBUG - executing functools.partial(<built-in method execute of sqlite3.Cursor object at 0x000002C5F13C2CC0>, 'PRAGMA main.index_list("products")', ())
2026-03-03 13:31:19,616 - aiosqlite - DEBUG - operation functools.partial(<built-in method execute of sqlite3.Cursor object at 0x000002C5F13C2CC0>, 'PRAGMA main.index_list("products")', ()) completed
2026-03-03 13:31:19,616 - aiosqlite - DEBUG - executing functools.partial(<built-in method fetchall of sqlite3.Cursor object at 0x000002C5F13C2CC0>)
2026-03-03 13:31:19,616 - aiosqlite - DEBUG - operation functools.partial(<built-in method fetchall of sqlite3.Cursor object at 0x000002C5F13C2CC0>) completed
2026-03-03 13:31:19,616 - aiosqlite - DEBUG - executing functools.partial(<built-in method close of sqlite3.Cursor object at 0x000002C5F13C2CC0>)
2026-03-03 13:31:19,616 - aiosqlite - DEBUG - operation functools.partial(<built-in method close of sqlite3.Cursor object at 0x000002C5F13C2CC0>) completed
2026-03-03 13:31:19,616 - aiosqlite - DEBUG - executing functools.partial(<built-in method cursor of sqlite3.Connection object at 0x000002C5F13D17B0>)
2026-03-03 13:31:19,616 - aiosqlite - DEBUG - operation functools.partial(<built-in method cursor of sqlite3.Connection object at 0x000002C5F13D17B0>) completed
2026-03-03 13:31:19,631 - aiosqlite - DEBUG - executing functools.partial(<built-in method execute of sqlite3.Cursor object at 0x000002C5F13C2CC0>, 'PRAGMA main.index_info("ix_products_id")', ())
2026-03-03 13:31:19,631 - aiosqlite - DEBUG - operation functools.partial(<built-in method execute of sqlite3.Cursor object at 0x000002C5F13C2CC0>, 'PRAGMA main.index_info("ix_products_id")', ()) completed
2026-03-03 13:31:19,631 - aiosqlite - DEBUG - executing functools.partial(<built-in method fetchall of sqlite3.Cursor object at 0x000002C5F13C2CC0>)
2026-03-03 13:31:19,631 - aiosqlite - DEBUG - operation functools.partial(<built-in method fetchall of sqlite3.Cursor object at 0x000002C5F13C2CC0>) completed
2026-03-03 13:31:19,631 - aiosqlite - DEBUG - executing functools.partial(<built-in method close of sqlite3.Cursor object at 0x000002C5F13C2CC0>)
2026-03-03 13:31:19,631 - aiosqlite - DEBUG - operation functools.partial(<built-in method close of sqlite3.Cursor object at 0x000002C5F13C2CC0>) completed
2026-03-03 13:31:19,631 - aiosqlite - DEBUG - executing functools.partial(<built-in method cursor of sqlite3.Connection object at 0x000002C5F13D17B0>)
2026-03-03 13:31:19,631 - aiosqlite - DEBUG - operation functools.partial(<built-in method cursor of sqlite3.Connection object at 0x000002C5F13D17B0>) completed
2026-03-03 13:31:19,631 - aiosqlite - DEBUG - executing functools.partial(<built-in method execute of sqlite3.Cursor object at 0x000002C5F13C2CC0>, "SELECT sql FROM  (SELECT * FROM sqlite_master UNION ALL   SELECT * FROM sqlite_temp_master) WHERE name = ? AND type in ('table', 'view')", ('products',))
2026-03-03 13:31:19,631 - aiosqlite - DEBUG - operation functools.partial(<built-in method execute of sqlite3.Cursor object at 0x000002C5F13C2CC0>, "SELECT sql FROM  (SELECT * FROM sqlite_master UNION ALL   SELECT * FROM sqlite_temp_master) WHERE name = ? AND type in ('table', 'view')", ('products',)) completed
2026-03-03 13:31:19,631 - aiosqlite - DEBUG - executing functools.partial(<built-in method fetchall of sqlite3.Cursor object at 0x000002C5F13C2CC0>)
2026-03-03 13:31:19,631 - aiosqlite - DEBUG - operation functools.partial(<built-in method fetchall of sqlite3.Cursor object at 0x000002C5F13C2CC0>) completed
2026-03-03 13:31:19,631 - aiosqlite - DEBUG - executing functools.partial(<built-in method close of sqlite3.Cursor object at 0x000002C5F13C2CC0>)
2026-03-03 13:31:19,631 - aiosqlite - DEBUG - operation functools.partial(<built-in method close of sqlite3.Cursor object at 0x000002C5F13C2CC0>) completed
2026-03-03 13:31:19,640 - aiosqlite - DEBUG - executing functools.partial(<built-in method cursor of sqlite3.Connection object at 0x000002C5F13D17B0>)
2026-03-03 13:31:19,640 - aiosqlite - DEBUG - operation functools.partial(<built-in method cursor of sqlite3.Connection object at 0x000002C5F13D17B0>) completed
2026-03-03 13:31:19,640 - aiosqlite - DEBUG - executing functools.partial(<built-in method execute of sqlite3.Cursor object at 0x000002C5F1377040>, 'SELECT count(*) AS count_1 \nFROM products', ())
2026-03-03 13:31:19,640 - aiosqlite - DEBUG - operation functools.partial(<built-in method execute of sqlite3.Cursor object at 0x000002C5F1377040>, 'SELECT count(*) AS count_1 \nFROM products', ()) completed
2026-03-03 13:31:19,640 - aiosqlite - DEBUG - executing functools.partial(<built-in method fetchall of sqlite3.Cursor object at 0x000002C5F1377040>)
2026-03-03 13:31:19,640 - aiosqlite - DEBUG - operation functools.partial(<built-in method fetchall of sqlite3.Cursor object at 0x000002C5F1377040>) completed
2026-03-03 13:31:19,640 - aiosqlite - DEBUG - executing functools.partial(<built-in method close of sqlite3.Cursor object at 0x000002C5F1377040>)
2026-03-03 13:31:19,640 - aiosqlite - DEBUG - operation functools.partial(<built-in method close of sqlite3.Cursor object at 0x000002C5F1377040>) completed
2026-03-03 13:31:19,640 - services.mock_data - INFO - Table products already has 14 rows; skipping mock insert
2026-03-03 13:31:19,640 - aiosqlite - DEBUG - executing functools.partial(<built-in method commit of sqlite3.Connection object at 0x000002C5F13D17B0>)
2026-03-03 13:31:19,648 - aiosqlite - DEBUG - operation functools.partial(<built-in method commit of sqlite3.Connection object at 0x000002C5F13D17B0>) completed
2026-03-03 13:31:19,648 - aiosqlite - DEBUG - executing functools.partial(<built-in method rollback of sqlite3.Connection object at 0x000002C5F13D17B0>)
2026-03-03 13:31:19,648 - aiosqlite - DEBUG - operation functools.partial(<built-in method rollback of sqlite3.Connection object at 0x000002C5F13D17B0>) completed
2026-03-03 13:31:19,648 - aiosqlite - DEBUG - executing functools.partial(<built-in method close of sqlite3.Connection object at 0x000002C5F13D17B0>)
2026-03-03 13:31:19,648 - aiosqlite - DEBUG - operation functools.partial(<built-in method close of sqlite3.Connection object at 0x000002C5F13D17B0>) completed
2026-03-03 13:31:19,648 - services.database - DEBUG - [DB_OP] Starting database initialization
2026-03-03 13:31:19,648 - services.database - INFO - 🔧 Starting database initialization...
2026-03-03 13:31:19,648 - core.database - INFO - Starting database initialization...
2026-03-03 13:31:19,648 - core.database - INFO - Database already initialized
2026-03-03 13:31:19,648 - services.database - INFO - 🔧 Database connection initialized, now creating tables if tables not exist...
2026-03-03 13:31:19,648 - core.database - DEBUG - [DB_OP] Starting create_tables
2026-03-03 13:31:19,648 - core.database - INFO - Tables already initialized
2026-03-03 13:31:19,648 - services.database - INFO - 🔧 Table creation completed
2026-03-03 13:31:19,648 - services.database - INFO - Database initialized successfully
2026-03-03 13:31:19,648 - services.database - DEBUG - [DB_OP] Database initialization completed in 0.0000s
2026-03-03 13:31:19,648 - services.auth - WARNING - Admin user ID or email not configured, skipping admin initialization
2026-03-03 13:31:19,648 - main - INFO - === Application startup completed successfully ===
2026-03-03 14:02:17,582 - services.database - DEBUG - [DB_OP] Starting database close
2026-03-03 14:02:17,582 - core.database - INFO - Database connection closed and engine disposed
2026-03-03 14:02:17,582 - services.database - INFO - Database connections closed
2026-03-03 14:02:17,582 - services.database - DEBUG - [DB_OP] Database close completed in 0.0000s
