2026-03-03 18:29:00,699 - main - INFO - === Logging system initialized ===
2026-03-03 18:29:00,699 - main - INFO - Log file: logs/app_20260303_182900.log
2026-03-03 18:29:00,700 - main - INFO - Log level: INFO
2026-03-03 18:29:00,700 - main - INFO - Timestamp: 20260303_182900
2026-03-03 18:29:01,051 - main - INFO - Included router: routers.aihub.router
2026-03-03 18:29:01,073 - main - WARNING - Failed to import module 'routers.auth': No module named 'core.security'
2026-03-03 18:29:01,074 - main - INFO - Included router: routers.health.router
2026-03-03 18:29:01,095 - main - INFO - Included router: routers.orders.router
2026-03-03 18:29:01,151 - main - INFO - Included router: routers.products.router
2026-03-03 18:29:01,152 - main - WARNING - Failed to import module 'routers.settings': cannot import name 'get_admin_user' from 'dependencies.auth' (D:\ASM1\backend\dependencies\auth.py)
2026-03-03 18:29:01,153 - main - WARNING - Failed to import module 'routers.storage': cannot import name 'get_admin_user' from 'dependencies.auth' (D:\ASM1\backend\dependencies\auth.py)
2026-03-03 18:29:01,163 - main - INFO - Included router: routers.user.router
2026-03-03 18:29:01,164 - main - INFO - === Application startup initiated ===
2026-03-03 18:29:01,164 - services.database - DEBUG - [DB_OP] Starting database initialization
2026-03-03 18:29:01,164 - services.database - INFO - 🔧 Starting database initialization...
2026-03-03 18:29:01,165 - core.database - INFO - Starting database initialization...
2026-03-03 18:29:01,165 - core.database - INFO - Normalizing database URL for async compatibility...
2026-03-03 18:29:01,166 - core.database - DEBUG - Database exists:./test.db
2026-03-03 18:29:01,166 - core.database - WARNING - Adjusted database URL driver for async compatibility
2026-03-03 18:29:01,166 - core.database - INFO - Creating async database engine...
2026-03-03 18:29:01,167 - core.database - INFO - Using NullPool for sqlite+aiosqlite environment
2026-03-03 18:29:01,191 - core.database - INFO - Database engine created successfully
2026-03-03 18:29:01,192 - core.database - INFO - Creating async session maker...
2026-03-03 18:29:01,193 - core.database - INFO - Async session maker created successfully
2026-03-03 18:29:01,194 - core.database - INFO - Database connection initialized successfully
2026-03-03 18:29:01,194 - services.database - INFO - 🔧 Database connection initialized, now creating tables if tables not exist...
2026-03-03 18:29:01,195 - core.database - DEBUG - [DB_OP] Starting create_tables
2026-03-03 18:29:01,195 - core.database - INFO - 🔧 Starting table creation...
2026-03-03 18:29:01,197 - aiosqlite - DEBUG - executing <function connect.<locals>.connector at 0x0000019841581BC0>
2026-03-03 18:29:01,198 - aiosqlite - DEBUG - operation <function connect.<locals>.connector at 0x0000019841581BC0> completed
2026-03-03 18:29:01,198 - aiosqlite - DEBUG - executing functools.partial(<built-in method create_function of sqlite3.Connection object at 0x000001984158C130>, 'regexp', 2, <function SQLiteDialect_pysqlite.on_connect.<locals>.regexp at 0x0000019841580EA0>, deterministic=True)
2026-03-03 18:29:01,199 - aiosqlite - DEBUG - operation functools.partial(<built-in method create_function of sqlite3.Connection object at 0x000001984158C130>, 'regexp', 2, <function SQLiteDialect_pysqlite.on_connect.<locals>.regexp at 0x0000019841580EA0>, deterministic=True) completed
2026-03-03 18:29:01,200 - aiosqlite - DEBUG - executing functools.partial(<built-in method create_function of sqlite3.Connection object at 0x000001984158C130>, 'floor', 1, <built-in function floor>, deterministic=True)
2026-03-03 18:29:01,201 - aiosqlite - DEBUG - operation functools.partial(<built-in method create_function of sqlite3.Connection object at 0x000001984158C130>, 'floor', 1, <built-in function floor>, deterministic=True) completed
2026-03-03 18:29:01,202 - aiosqlite - DEBUG - executing functools.partial(<built-in method cursor of sqlite3.Connection object at 0x000001984158C130>)
2026-03-03 18:29:01,202 - aiosqlite - DEBUG - operation functools.partial(<built-in method cursor of sqlite3.Connection object at 0x000001984158C130>) completed
2026-03-03 18:29:01,204 - aiosqlite - DEBUG - executing functools.partial(<built-in method execute of sqlite3.Cursor object at 0x0000019841588540>, 'PRAGMA read_uncommitted', [])
2026-03-03 18:29:01,207 - aiosqlite - DEBUG - operation functools.partial(<built-in method execute of sqlite3.Cursor object at 0x0000019841588540>, 'PRAGMA read_uncommitted', []) completed
2026-03-03 18:29:01,215 - aiosqlite - DEBUG - executing functools.partial(<built-in method fetchall of sqlite3.Cursor object at 0x0000019841588540>)
2026-03-03 18:29:01,215 - aiosqlite - DEBUG - operation functools.partial(<built-in method fetchall of sqlite3.Cursor object at 0x0000019841588540>) completed
2026-03-03 18:29:01,216 - aiosqlite - DEBUG - executing functools.partial(<built-in method close of sqlite3.Cursor object at 0x0000019841588540>)
2026-03-03 18:29:01,217 - aiosqlite - DEBUG - operation functools.partial(<built-in method close of sqlite3.Cursor object at 0x0000019841588540>) completed
2026-03-03 18:29:01,218 - aiosqlite - DEBUG - executing functools.partial(<built-in method rollback of sqlite3.Connection object at 0x000001984158C130>)
2026-03-03 18:29:01,219 - aiosqlite - DEBUG - operation functools.partial(<built-in method rollback of sqlite3.Connection object at 0x000001984158C130>) completed
2026-03-03 18:29:01,219 - aiosqlite - DEBUG - executing functools.partial(<built-in method cursor of sqlite3.Connection object at 0x000001984158C130>)
2026-03-03 18:29:01,220 - aiosqlite - DEBUG - operation functools.partial(<built-in method cursor of sqlite3.Connection object at 0x000001984158C130>) completed
2026-03-03 18:29:01,220 - aiosqlite - DEBUG - executing functools.partial(<built-in method execute of sqlite3.Cursor object at 0x0000019841588640>, 'PRAGMA main.table_info("users")', ())
2026-03-03 18:29:01,221 - aiosqlite - DEBUG - operation functools.partial(<built-in method execute of sqlite3.Cursor object at 0x0000019841588640>, 'PRAGMA main.table_info("users")', ()) completed
2026-03-03 18:29:01,221 - aiosqlite - DEBUG - executing functools.partial(<built-in method fetchall of sqlite3.Cursor object at 0x0000019841588640>)
2026-03-03 18:29:01,222 - aiosqlite - DEBUG - operation functools.partial(<built-in method fetchall of sqlite3.Cursor object at 0x0000019841588640>) completed
2026-03-03 18:29:01,222 - aiosqlite - DEBUG - executing functools.partial(<built-in method close of sqlite3.Cursor object at 0x0000019841588640>)
2026-03-03 18:29:01,223 - aiosqlite - DEBUG - operation functools.partial(<built-in method close of sqlite3.Cursor object at 0x0000019841588640>) completed
2026-03-03 18:29:01,224 - aiosqlite - DEBUG - executing functools.partial(<built-in method cursor of sqlite3.Connection object at 0x000001984158C130>)
2026-03-03 18:29:01,225 - aiosqlite - DEBUG - operation functools.partial(<built-in method cursor of sqlite3.Connection object at 0x000001984158C130>) completed
2026-03-03 18:29:01,226 - aiosqlite - DEBUG - executing functools.partial(<built-in method execute of sqlite3.Cursor object at 0x0000019841588640>, 'PRAGMA main.table_info("oidc_states")', ())
2026-03-03 18:29:01,226 - aiosqlite - DEBUG - operation functools.partial(<built-in method execute of sqlite3.Cursor object at 0x0000019841588640>, 'PRAGMA main.table_info("oidc_states")', ()) completed
2026-03-03 18:29:01,228 - aiosqlite - DEBUG - executing functools.partial(<built-in method fetchall of sqlite3.Cursor object at 0x0000019841588640>)
2026-03-03 18:29:01,231 - aiosqlite - DEBUG - operation functools.partial(<built-in method fetchall of sqlite3.Cursor object at 0x0000019841588640>) completed
2026-03-03 18:29:01,233 - aiosqlite - DEBUG - executing functools.partial(<built-in method close of sqlite3.Cursor object at 0x0000019841588640>)
2026-03-03 18:29:01,234 - aiosqlite - DEBUG - operation functools.partial(<built-in method close of sqlite3.Cursor object at 0x0000019841588640>) completed
2026-03-03 18:29:01,236 - aiosqlite - DEBUG - executing functools.partial(<built-in method cursor of sqlite3.Connection object at 0x000001984158C130>)
2026-03-03 18:29:01,236 - aiosqlite - DEBUG - operation functools.partial(<built-in method cursor of sqlite3.Connection object at 0x000001984158C130>) completed
2026-03-03 18:29:01,238 - aiosqlite - DEBUG - executing functools.partial(<built-in method execute of sqlite3.Cursor object at 0x0000019841588640>, 'PRAGMA main.table_info("orders")', ())
2026-03-03 18:29:01,238 - aiosqlite - DEBUG - operation functools.partial(<built-in method execute of sqlite3.Cursor object at 0x0000019841588640>, 'PRAGMA main.table_info("orders")', ()) completed
2026-03-03 18:29:01,239 - aiosqlite - DEBUG - executing functools.partial(<built-in method fetchall of sqlite3.Cursor object at 0x0000019841588640>)
2026-03-03 18:29:01,239 - aiosqlite - DEBUG - operation functools.partial(<built-in method fetchall of sqlite3.Cursor object at 0x0000019841588640>) completed
2026-03-03 18:29:01,239 - aiosqlite - DEBUG - executing functools.partial(<built-in method close of sqlite3.Cursor object at 0x0000019841588640>)
2026-03-03 18:29:01,240 - aiosqlite - DEBUG - operation functools.partial(<built-in method close of sqlite3.Cursor object at 0x0000019841588640>) completed
2026-03-03 18:29:01,241 - aiosqlite - DEBUG - executing functools.partial(<built-in method cursor of sqlite3.Connection object at 0x000001984158C130>)
2026-03-03 18:29:01,241 - aiosqlite - DEBUG - operation functools.partial(<built-in method cursor of sqlite3.Connection object at 0x000001984158C130>) completed
2026-03-03 18:29:01,242 - aiosqlite - DEBUG - executing functools.partial(<built-in method execute of sqlite3.Cursor object at 0x0000019841588640>, 'PRAGMA main.table_info("products")', ())
2026-03-03 18:29:01,242 - aiosqlite - DEBUG - operation functools.partial(<built-in method execute of sqlite3.Cursor object at 0x0000019841588640>, 'PRAGMA main.table_info("products")', ()) completed
2026-03-03 18:29:01,243 - aiosqlite - DEBUG - executing functools.partial(<built-in method fetchall of sqlite3.Cursor object at 0x0000019841588640>)
2026-03-03 18:29:01,243 - aiosqlite - DEBUG - operation functools.partial(<built-in method fetchall of sqlite3.Cursor object at 0x0000019841588640>) completed
2026-03-03 18:29:01,244 - aiosqlite - DEBUG - executing functools.partial(<built-in method close of sqlite3.Cursor object at 0x0000019841588640>)
2026-03-03 18:29:01,244 - aiosqlite - DEBUG - operation functools.partial(<built-in method close of sqlite3.Cursor object at 0x0000019841588640>) completed
2026-03-03 18:29:01,245 - core.database - INFO - Tables initialized successfully
2026-03-03 18:29:01,248 - core.database - DEBUG - [DB_OP] Create tables completed in 0.0539s
2026-03-03 18:29:01,249 - aiosqlite - DEBUG - executing functools.partial(<built-in method commit of sqlite3.Connection object at 0x000001984158C130>)
2026-03-03 18:29:01,251 - aiosqlite - DEBUG - operation functools.partial(<built-in method commit of sqlite3.Connection object at 0x000001984158C130>) completed
2026-03-03 18:29:01,253 - aiosqlite - DEBUG - executing functools.partial(<built-in method rollback of sqlite3.Connection object at 0x000001984158C130>)
2026-03-03 18:29:01,254 - aiosqlite - DEBUG - operation functools.partial(<built-in method rollback of sqlite3.Connection object at 0x000001984158C130>) completed
2026-03-03 18:29:01,255 - aiosqlite - DEBUG - executing functools.partial(<built-in method close of sqlite3.Connection object at 0x000001984158C130>)
2026-03-03 18:29:01,255 - aiosqlite - DEBUG - operation functools.partial(<built-in method close of sqlite3.Connection object at 0x000001984158C130>) completed
2026-03-03 18:29:01,256 - services.database - INFO - 🔧 Table creation completed
2026-03-03 18:29:01,256 - services.database - INFO - Database initialized successfully
2026-03-03 18:29:01,256 - services.database - DEBUG - [DB_OP] Database initialization completed in 0.0928s
2026-03-03 18:29:01,257 - services.mock_data - INFO - Processing mock data file products.json for table products
2026-03-03 18:29:01,259 - aiosqlite - DEBUG - executing <function connect.<locals>.connector at 0x0000019841581C60>
2026-03-03 18:29:01,259 - aiosqlite - DEBUG - operation <function connect.<locals>.connector at 0x0000019841581C60> completed
2026-03-03 18:29:01,260 - aiosqlite - DEBUG - executing functools.partial(<built-in method create_function of sqlite3.Connection object at 0x000001984158C220>, 'regexp', 2, <function SQLiteDialect_pysqlite.on_connect.<locals>.regexp at 0x0000019841580EA0>, deterministic=True)
2026-03-03 18:29:01,260 - aiosqlite - DEBUG - operation functools.partial(<built-in method create_function of sqlite3.Connection object at 0x000001984158C220>, 'regexp', 2, <function SQLiteDialect_pysqlite.on_connect.<locals>.regexp at 0x0000019841580EA0>, deterministic=True) completed
2026-03-03 18:29:01,261 - aiosqlite - DEBUG - executing functools.partial(<built-in method create_function of sqlite3.Connection object at 0x000001984158C220>, 'floor', 1, <built-in function floor>, deterministic=True)
2026-03-03 18:29:01,261 - aiosqlite - DEBUG - operation functools.partial(<built-in method create_function of sqlite3.Connection object at 0x000001984158C220>, 'floor', 1, <built-in function floor>, deterministic=True) completed
2026-03-03 18:29:01,262 - aiosqlite - DEBUG - executing functools.partial(<built-in method cursor of sqlite3.Connection object at 0x000001984158C220>)
2026-03-03 18:29:01,262 - aiosqlite - DEBUG - operation functools.partial(<built-in method cursor of sqlite3.Connection object at 0x000001984158C220>) completed
2026-03-03 18:29:01,263 - aiosqlite - DEBUG - executing functools.partial(<built-in method execute of sqlite3.Cursor object at 0x0000019841588EC0>, 'PRAGMA main.table_xinfo("products")', ())
2026-03-03 18:29:01,263 - aiosqlite - DEBUG - operation functools.partial(<built-in method execute of sqlite3.Cursor object at 0x0000019841588EC0>, 'PRAGMA main.table_xinfo("products")', ()) completed
2026-03-03 18:29:01,264 - aiosqlite - DEBUG - executing functools.partial(<built-in method fetchall of sqlite3.Cursor object at 0x0000019841588EC0>)
2026-03-03 18:29:01,264 - aiosqlite - DEBUG - operation functools.partial(<built-in method fetchall of sqlite3.Cursor object at 0x0000019841588EC0>) completed
2026-03-03 18:29:01,264 - aiosqlite - DEBUG - executing functools.partial(<built-in method close of sqlite3.Cursor object at 0x0000019841588EC0>)
2026-03-03 18:29:01,264 - aiosqlite - DEBUG - operation functools.partial(<built-in method close of sqlite3.Cursor object at 0x0000019841588EC0>) completed
2026-03-03 18:29:01,266 - aiosqlite - DEBUG - executing functools.partial(<built-in method cursor of sqlite3.Connection object at 0x000001984158C220>)
2026-03-03 18:29:01,266 - aiosqlite - DEBUG - operation functools.partial(<built-in method cursor of sqlite3.Connection object at 0x000001984158C220>) completed
2026-03-03 18:29:01,266 - aiosqlite - DEBUG - executing functools.partial(<built-in method execute of sqlite3.Cursor object at 0x0000019841588EC0>, "SELECT sql FROM  (SELECT * FROM sqlite_master UNION ALL   SELECT * FROM sqlite_temp_master) WHERE name = ? AND type in ('table', 'view')", ('products',))
2026-03-03 18:29:01,267 - aiosqlite - DEBUG - operation functools.partial(<built-in method execute of sqlite3.Cursor object at 0x0000019841588EC0>, "SELECT sql FROM  (SELECT * FROM sqlite_master UNION ALL   SELECT * FROM sqlite_temp_master) WHERE name = ? AND type in ('table', 'view')", ('products',)) completed
2026-03-03 18:29:01,267 - aiosqlite - DEBUG - executing functools.partial(<built-in method fetchall of sqlite3.Cursor object at 0x0000019841588EC0>)
2026-03-03 18:29:01,268 - aiosqlite - DEBUG - operation functools.partial(<built-in method fetchall of sqlite3.Cursor object at 0x0000019841588EC0>) completed
2026-03-03 18:29:01,268 - aiosqlite - DEBUG - executing functools.partial(<built-in method close of sqlite3.Cursor object at 0x0000019841588EC0>)
2026-03-03 18:29:01,268 - aiosqlite - DEBUG - operation functools.partial(<built-in method close of sqlite3.Cursor object at 0x0000019841588EC0>) completed
2026-03-03 18:29:01,269 - aiosqlite - DEBUG - executing functools.partial(<built-in method cursor of sqlite3.Connection object at 0x000001984158C220>)
2026-03-03 18:29:01,269 - aiosqlite - DEBUG - operation functools.partial(<built-in method cursor of sqlite3.Connection object at 0x000001984158C220>) completed
2026-03-03 18:29:01,269 - aiosqlite - DEBUG - executing functools.partial(<built-in method execute of sqlite3.Cursor object at 0x0000019841588EC0>, 'PRAGMA main.foreign_key_list("products")', ())
2026-03-03 18:29:01,269 - aiosqlite - DEBUG - operation functools.partial(<built-in method execute of sqlite3.Cursor object at 0x0000019841588EC0>, 'PRAGMA main.foreign_key_list("products")', ()) completed
2026-03-03 18:29:01,270 - aiosqlite - DEBUG - executing functools.partial(<built-in method fetchall of sqlite3.Cursor object at 0x0000019841588EC0>)
2026-03-03 18:29:01,270 - aiosqlite - DEBUG - operation functools.partial(<built-in method fetchall of sqlite3.Cursor object at 0x0000019841588EC0>) completed
2026-03-03 18:29:01,270 - aiosqlite - DEBUG - executing functools.partial(<built-in method close of sqlite3.Cursor object at 0x0000019841588EC0>)
2026-03-03 18:29:01,270 - aiosqlite - DEBUG - operation functools.partial(<built-in method close of sqlite3.Cursor object at 0x0000019841588EC0>) completed
2026-03-03 18:29:01,271 - aiosqlite - DEBUG - executing functools.partial(<built-in method cursor of sqlite3.Connection object at 0x000001984158C220>)
2026-03-03 18:29:01,271 - aiosqlite - DEBUG - operation functools.partial(<built-in method cursor of sqlite3.Connection object at 0x000001984158C220>) completed
2026-03-03 18:29:01,271 - aiosqlite - DEBUG - executing functools.partial(<built-in method execute of sqlite3.Cursor object at 0x0000019841588EC0>, 'PRAGMA temp.foreign_key_list("products")', ())
2026-03-03 18:29:01,272 - aiosqlite - DEBUG - operation functools.partial(<built-in method execute of sqlite3.Cursor object at 0x0000019841588EC0>, 'PRAGMA temp.foreign_key_list("products")', ()) completed
2026-03-03 18:29:01,272 - aiosqlite - DEBUG - executing functools.partial(<built-in method fetchall of sqlite3.Cursor object at 0x0000019841588EC0>)
2026-03-03 18:29:01,272 - aiosqlite - DEBUG - operation functools.partial(<built-in method fetchall of sqlite3.Cursor object at 0x0000019841588EC0>) completed
2026-03-03 18:29:01,273 - aiosqlite - DEBUG - executing functools.partial(<built-in method close of sqlite3.Cursor object at 0x0000019841588EC0>)
2026-03-03 18:29:01,273 - aiosqlite - DEBUG - operation functools.partial(<built-in method close of sqlite3.Cursor object at 0x0000019841588EC0>) completed
2026-03-03 18:29:01,273 - aiosqlite - DEBUG - executing functools.partial(<built-in method cursor of sqlite3.Connection object at 0x000001984158C220>)
2026-03-03 18:29:01,274 - aiosqlite - DEBUG - operation functools.partial(<built-in method cursor of sqlite3.Connection object at 0x000001984158C220>) completed
2026-03-03 18:29:01,274 - aiosqlite - DEBUG - executing functools.partial(<built-in method execute of sqlite3.Cursor object at 0x0000019841588EC0>, "SELECT sql FROM  (SELECT * FROM sqlite_master UNION ALL   SELECT * FROM sqlite_temp_master) WHERE name = ? AND type in ('table', 'view')", ('products',))
2026-03-03 18:29:01,274 - aiosqlite - DEBUG - operation functools.partial(<built-in method execute of sqlite3.Cursor object at 0x0000019841588EC0>, "SELECT sql FROM  (SELECT * FROM sqlite_master UNION ALL   SELECT * FROM sqlite_temp_master) WHERE name = ? AND type in ('table', 'view')", ('products',)) completed
2026-03-03 18:29:01,275 - aiosqlite - DEBUG - executing functools.partial(<built-in method fetchall of sqlite3.Cursor object at 0x0000019841588EC0>)
2026-03-03 18:29:01,275 - aiosqlite - DEBUG - operation functools.partial(<built-in method fetchall of sqlite3.Cursor object at 0x0000019841588EC0>) completed
2026-03-03 18:29:01,275 - aiosqlite - DEBUG - executing functools.partial(<built-in method close of sqlite3.Cursor object at 0x0000019841588EC0>)
2026-03-03 18:29:01,276 - aiosqlite - DEBUG - operation functools.partial(<built-in method close of sqlite3.Cursor object at 0x0000019841588EC0>) completed
2026-03-03 18:29:01,278 - aiosqlite - DEBUG - executing functools.partial(<built-in method cursor of sqlite3.Connection object at 0x000001984158C220>)
2026-03-03 18:29:01,278 - aiosqlite - DEBUG - operation functools.partial(<built-in method cursor of sqlite3.Connection object at 0x000001984158C220>) completed
2026-03-03 18:29:01,278 - aiosqlite - DEBUG - executing functools.partial(<built-in method execute of sqlite3.Cursor object at 0x0000019841588EC0>, 'PRAGMA main.index_list("products")', ())
2026-03-03 18:29:01,279 - aiosqlite - DEBUG - operation functools.partial(<built-in method execute of sqlite3.Cursor object at 0x0000019841588EC0>, 'PRAGMA main.index_list("products")', ()) completed
2026-03-03 18:29:01,279 - aiosqlite - DEBUG - executing functools.partial(<built-in method fetchall of sqlite3.Cursor object at 0x0000019841588EC0>)
2026-03-03 18:29:01,279 - aiosqlite - DEBUG - operation functools.partial(<built-in method fetchall of sqlite3.Cursor object at 0x0000019841588EC0>) completed
2026-03-03 18:29:01,280 - aiosqlite - DEBUG - executing functools.partial(<built-in method close of sqlite3.Cursor object at 0x0000019841588EC0>)
2026-03-03 18:29:01,280 - aiosqlite - DEBUG - operation functools.partial(<built-in method close of sqlite3.Cursor object at 0x0000019841588EC0>) completed
2026-03-03 18:29:01,281 - aiosqlite - DEBUG - executing functools.partial(<built-in method cursor of sqlite3.Connection object at 0x000001984158C220>)
2026-03-03 18:29:01,281 - aiosqlite - DEBUG - operation functools.partial(<built-in method cursor of sqlite3.Connection object at 0x000001984158C220>) completed
2026-03-03 18:29:01,281 - aiosqlite - DEBUG - executing functools.partial(<built-in method execute of sqlite3.Cursor object at 0x0000019841588EC0>, 'PRAGMA main.index_info("ix_products_id")', ())
2026-03-03 18:29:01,282 - aiosqlite - DEBUG - operation functools.partial(<built-in method execute of sqlite3.Cursor object at 0x0000019841588EC0>, 'PRAGMA main.index_info("ix_products_id")', ()) completed
2026-03-03 18:29:01,282 - aiosqlite - DEBUG - executing functools.partial(<built-in method fetchall of sqlite3.Cursor object at 0x0000019841588EC0>)
2026-03-03 18:29:01,282 - aiosqlite - DEBUG - operation functools.partial(<built-in method fetchall of sqlite3.Cursor object at 0x0000019841588EC0>) completed
2026-03-03 18:29:01,283 - aiosqlite - DEBUG - executing functools.partial(<built-in method close of sqlite3.Cursor object at 0x0000019841588EC0>)
2026-03-03 18:29:01,283 - aiosqlite - DEBUG - operation functools.partial(<built-in method close of sqlite3.Cursor object at 0x0000019841588EC0>) completed
2026-03-03 18:29:01,284 - aiosqlite - DEBUG - executing functools.partial(<built-in method cursor of sqlite3.Connection object at 0x000001984158C220>)
2026-03-03 18:29:01,285 - aiosqlite - DEBUG - operation functools.partial(<built-in method cursor of sqlite3.Connection object at 0x000001984158C220>) completed
2026-03-03 18:29:01,285 - aiosqlite - DEBUG - executing functools.partial(<built-in method execute of sqlite3.Cursor object at 0x0000019841588EC0>, 'PRAGMA main.index_list("products")', ())
2026-03-03 18:29:01,285 - aiosqlite - DEBUG - operation functools.partial(<built-in method execute of sqlite3.Cursor object at 0x0000019841588EC0>, 'PRAGMA main.index_list("products")', ()) completed
2026-03-03 18:29:01,286 - aiosqlite - DEBUG - executing functools.partial(<built-in method fetchall of sqlite3.Cursor object at 0x0000019841588EC0>)
2026-03-03 18:29:01,286 - aiosqlite - DEBUG - operation functools.partial(<built-in method fetchall of sqlite3.Cursor object at 0x0000019841588EC0>) completed
2026-03-03 18:29:01,287 - aiosqlite - DEBUG - executing functools.partial(<built-in method close of sqlite3.Cursor object at 0x0000019841588EC0>)
2026-03-03 18:29:01,287 - aiosqlite - DEBUG - operation functools.partial(<built-in method close of sqlite3.Cursor object at 0x0000019841588EC0>) completed
2026-03-03 18:29:01,289 - aiosqlite - DEBUG - executing functools.partial(<built-in method cursor of sqlite3.Connection object at 0x000001984158C220>)
2026-03-03 18:29:01,289 - aiosqlite - DEBUG - operation functools.partial(<built-in method cursor of sqlite3.Connection object at 0x000001984158C220>) completed
2026-03-03 18:29:01,291 - aiosqlite - DEBUG - executing functools.partial(<built-in method execute of sqlite3.Cursor object at 0x0000019841588EC0>, 'PRAGMA main.index_info("ix_products_id")', ())
2026-03-03 18:29:01,291 - aiosqlite - DEBUG - operation functools.partial(<built-in method execute of sqlite3.Cursor object at 0x0000019841588EC0>, 'PRAGMA main.index_info("ix_products_id")', ()) completed
2026-03-03 18:29:01,291 - aiosqlite - DEBUG - executing functools.partial(<built-in method fetchall of sqlite3.Cursor object at 0x0000019841588EC0>)
2026-03-03 18:29:01,292 - aiosqlite - DEBUG - operation functools.partial(<built-in method fetchall of sqlite3.Cursor object at 0x0000019841588EC0>) completed
2026-03-03 18:29:01,292 - aiosqlite - DEBUG - executing functools.partial(<built-in method close of sqlite3.Cursor object at 0x0000019841588EC0>)
2026-03-03 18:29:01,292 - aiosqlite - DEBUG - operation functools.partial(<built-in method close of sqlite3.Cursor object at 0x0000019841588EC0>) completed
2026-03-03 18:29:01,293 - aiosqlite - DEBUG - executing functools.partial(<built-in method cursor of sqlite3.Connection object at 0x000001984158C220>)
2026-03-03 18:29:01,293 - aiosqlite - DEBUG - operation functools.partial(<built-in method cursor of sqlite3.Connection object at 0x000001984158C220>) completed
2026-03-03 18:29:01,293 - aiosqlite - DEBUG - executing functools.partial(<built-in method execute of sqlite3.Cursor object at 0x0000019841588EC0>, "SELECT sql FROM  (SELECT * FROM sqlite_master UNION ALL   SELECT * FROM sqlite_temp_master) WHERE name = ? AND type in ('table', 'view')", ('products',))
2026-03-03 18:29:01,293 - aiosqlite - DEBUG - operation functools.partial(<built-in method execute of sqlite3.Cursor object at 0x0000019841588EC0>, "SELECT sql FROM  (SELECT * FROM sqlite_master UNION ALL   SELECT * FROM sqlite_temp_master) WHERE name = ? AND type in ('table', 'view')", ('products',)) completed
2026-03-03 18:29:01,294 - aiosqlite - DEBUG - executing functools.partial(<built-in method fetchall of sqlite3.Cursor object at 0x0000019841588EC0>)
2026-03-03 18:29:01,294 - aiosqlite - DEBUG - operation functools.partial(<built-in method fetchall of sqlite3.Cursor object at 0x0000019841588EC0>) completed
2026-03-03 18:29:01,294 - aiosqlite - DEBUG - executing functools.partial(<built-in method close of sqlite3.Cursor object at 0x0000019841588EC0>)
2026-03-03 18:29:01,294 - aiosqlite - DEBUG - operation functools.partial(<built-in method close of sqlite3.Cursor object at 0x0000019841588EC0>) completed
2026-03-03 18:29:01,297 - aiosqlite - DEBUG - executing functools.partial(<built-in method cursor of sqlite3.Connection object at 0x000001984158C220>)
2026-03-03 18:29:01,298 - aiosqlite - DEBUG - operation functools.partial(<built-in method cursor of sqlite3.Connection object at 0x000001984158C220>) completed
2026-03-03 18:29:01,298 - aiosqlite - DEBUG - executing functools.partial(<built-in method execute of sqlite3.Cursor object at 0x0000019841516AC0>, 'SELECT count(*) AS count_1 \nFROM products', ())
2026-03-03 18:29:01,299 - aiosqlite - DEBUG - operation functools.partial(<built-in method execute of sqlite3.Cursor object at 0x0000019841516AC0>, 'SELECT count(*) AS count_1 \nFROM products', ()) completed
2026-03-03 18:29:01,299 - aiosqlite - DEBUG - executing functools.partial(<built-in method fetchall of sqlite3.Cursor object at 0x0000019841516AC0>)
2026-03-03 18:29:01,299 - aiosqlite - DEBUG - operation functools.partial(<built-in method fetchall of sqlite3.Cursor object at 0x0000019841516AC0>) completed
2026-03-03 18:29:01,300 - aiosqlite - DEBUG - executing functools.partial(<built-in method close of sqlite3.Cursor object at 0x0000019841516AC0>)
2026-03-03 18:29:01,300 - aiosqlite - DEBUG - operation functools.partial(<built-in method close of sqlite3.Cursor object at 0x0000019841516AC0>) completed
2026-03-03 18:29:01,300 - services.mock_data - INFO - Table products already has 8 rows; skipping mock insert
2026-03-03 18:29:01,300 - aiosqlite - DEBUG - executing functools.partial(<built-in method commit of sqlite3.Connection object at 0x000001984158C220>)
2026-03-03 18:29:01,301 - aiosqlite - DEBUG - operation functools.partial(<built-in method commit of sqlite3.Connection object at 0x000001984158C220>) completed
2026-03-03 18:29:01,301 - aiosqlite - DEBUG - executing functools.partial(<built-in method rollback of sqlite3.Connection object at 0x000001984158C220>)
2026-03-03 18:29:01,301 - aiosqlite - DEBUG - operation functools.partial(<built-in method rollback of sqlite3.Connection object at 0x000001984158C220>) completed
2026-03-03 18:29:01,301 - aiosqlite - DEBUG - executing functools.partial(<built-in method close of sqlite3.Connection object at 0x000001984158C220>)
2026-03-03 18:29:01,302 - aiosqlite - DEBUG - operation functools.partial(<built-in method close of sqlite3.Connection object at 0x000001984158C220>) completed
2026-03-03 18:29:01,302 - services.database - DEBUG - [DB_OP] Starting database initialization
2026-03-03 18:29:01,302 - services.database - INFO - 🔧 Starting database initialization...
2026-03-03 18:29:01,302 - core.database - INFO - Starting database initialization...
2026-03-03 18:29:01,302 - core.database - INFO - Database already initialized
2026-03-03 18:29:01,303 - services.database - INFO - 🔧 Database connection initialized, now creating tables if tables not exist...
2026-03-03 18:29:01,303 - core.database - DEBUG - [DB_OP] Starting create_tables
2026-03-03 18:29:01,303 - core.database - INFO - Tables already initialized
2026-03-03 18:29:01,303 - services.database - INFO - 🔧 Table creation completed
2026-03-03 18:29:01,303 - services.database - INFO - Database initialized successfully
2026-03-03 18:29:01,303 - services.database - DEBUG - [DB_OP] Database initialization completed in 0.0010s
2026-03-03 18:29:01,304 - services.auth - WARNING - Admin user ID or email not configured, skipping admin initialization
2026-03-03 18:29:01,304 - main - INFO - === Application startup completed successfully ===
2026-03-03 18:38:44,352 - core.database - DEBUG - [DB_OP] Starting get_db session creation
2026-03-03 18:38:44,353 - core.database - DEBUG - [DB_OP] Database session created successfully in 0.0010s
2026-03-03 18:38:44,353 - routers.products - DEBUG - Querying productss: query=None, sort=None, skip=0, limit=1000, fields=None
2026-03-03 18:38:44,354 - aiosqlite - DEBUG - executing <function connect.<locals>.connector at 0x0000019841612FC0>
2026-03-03 18:38:44,355 - aiosqlite - DEBUG - operation <function connect.<locals>.connector at 0x0000019841612FC0> completed
2026-03-03 18:38:44,355 - aiosqlite - DEBUG - executing functools.partial(<built-in method create_function of sqlite3.Connection object at 0x0000019841618400>, 'regexp', 2, <function SQLiteDialect_pysqlite.on_connect.<locals>.regexp at 0x0000019841580EA0>, deterministic=True)
2026-03-03 18:38:44,355 - aiosqlite - DEBUG - operation functools.partial(<built-in method create_function of sqlite3.Connection object at 0x0000019841618400>, 'regexp', 2, <function SQLiteDialect_pysqlite.on_connect.<locals>.regexp at 0x0000019841580EA0>, deterministic=True) completed
2026-03-03 18:38:44,356 - aiosqlite - DEBUG - executing functools.partial(<built-in method create_function of sqlite3.Connection object at 0x0000019841618400>, 'floor', 1, <built-in function floor>, deterministic=True)
2026-03-03 18:38:44,356 - aiosqlite - DEBUG - operation functools.partial(<built-in method create_function of sqlite3.Connection object at 0x0000019841618400>, 'floor', 1, <built-in function floor>, deterministic=True) completed
2026-03-03 18:38:44,359 - aiosqlite - DEBUG - executing functools.partial(<built-in method cursor of sqlite3.Connection object at 0x0000019841618400>)
2026-03-03 18:38:44,360 - aiosqlite - DEBUG - operation functools.partial(<built-in method cursor of sqlite3.Connection object at 0x0000019841618400>) completed
2026-03-03 18:38:44,360 - aiosqlite - DEBUG - executing functools.partial(<built-in method execute of sqlite3.Cursor object at 0x00000198416319C0>, 'SELECT count(products.id) AS count_1 \nFROM products', ())
2026-03-03 18:38:44,361 - aiosqlite - DEBUG - operation functools.partial(<built-in method execute of sqlite3.Cursor object at 0x00000198416319C0>, 'SELECT count(products.id) AS count_1 \nFROM products', ()) completed
2026-03-03 18:38:44,361 - aiosqlite - DEBUG - executing functools.partial(<built-in method fetchall of sqlite3.Cursor object at 0x00000198416319C0>)
2026-03-03 18:38:44,361 - aiosqlite - DEBUG - operation functools.partial(<built-in method fetchall of sqlite3.Cursor object at 0x00000198416319C0>) completed
2026-03-03 18:38:44,362 - aiosqlite - DEBUG - executing functools.partial(<built-in method close of sqlite3.Cursor object at 0x00000198416319C0>)
2026-03-03 18:38:44,362 - aiosqlite - DEBUG - operation functools.partial(<built-in method close of sqlite3.Cursor object at 0x00000198416319C0>) completed
2026-03-03 18:38:44,364 - aiosqlite - DEBUG - executing functools.partial(<built-in method cursor of sqlite3.Connection object at 0x0000019841618400>)
2026-03-03 18:38:44,364 - aiosqlite - DEBUG - operation functools.partial(<built-in method cursor of sqlite3.Connection object at 0x0000019841618400>) completed
2026-03-03 18:38:44,364 - aiosqlite - DEBUG - executing functools.partial(<built-in method execute of sqlite3.Cursor object at 0x000001984158A2C0>, 'SELECT products.id, products.name, products.description, products.price, products.image, products.category, products.size, products.color, products.stock, products.created_at \nFROM products ORDER BY products.id DESC\n LIMIT ? OFFSET ?', (1000, 0))
2026-03-03 18:38:44,365 - aiosqlite - DEBUG - operation functools.partial(<built-in method execute of sqlite3.Cursor object at 0x000001984158A2C0>, 'SELECT products.id, products.name, products.description, products.price, products.image, products.category, products.size, products.color, products.stock, products.created_at \nFROM products ORDER BY products.id DESC\n LIMIT ? OFFSET ?', (1000, 0)) completed
2026-03-03 18:38:44,365 - aiosqlite - DEBUG - executing functools.partial(<built-in method fetchall of sqlite3.Cursor object at 0x000001984158A2C0>)
2026-03-03 18:38:44,366 - aiosqlite - DEBUG - operation functools.partial(<built-in method fetchall of sqlite3.Cursor object at 0x000001984158A2C0>) completed
2026-03-03 18:38:44,366 - aiosqlite - DEBUG - executing functools.partial(<built-in method close of sqlite3.Cursor object at 0x000001984158A2C0>)
2026-03-03 18:38:44,366 - aiosqlite - DEBUG - operation functools.partial(<built-in method close of sqlite3.Cursor object at 0x000001984158A2C0>) completed
2026-03-03 18:38:44,367 - routers.products - DEBUG - Found 8 productss
2026-03-03 18:38:44,367 - core.database - DEBUG - [DB_OP] Database session cleanup after 0.0150s
2026-03-03 18:38:44,368 - aiosqlite - DEBUG - executing functools.partial(<built-in method rollback of sqlite3.Connection object at 0x0000019841618400>)
2026-03-03 18:38:44,368 - aiosqlite - DEBUG - operation functools.partial(<built-in method rollback of sqlite3.Connection object at 0x0000019841618400>) completed
2026-03-03 18:38:44,368 - aiosqlite - DEBUG - executing functools.partial(<built-in method rollback of sqlite3.Connection object at 0x0000019841618400>)
2026-03-03 18:38:44,368 - aiosqlite - DEBUG - operation functools.partial(<built-in method rollback of sqlite3.Connection object at 0x0000019841618400>) completed
2026-03-03 18:38:44,369 - aiosqlite - DEBUG - executing functools.partial(<built-in method close of sqlite3.Connection object at 0x0000019841618400>)
2026-03-03 18:38:44,369 - aiosqlite - DEBUG - operation functools.partial(<built-in method close of sqlite3.Connection object at 0x0000019841618400>) completed
2026-03-03 18:39:13,020 - core.database - DEBUG - [DB_OP] Starting get_db session creation
2026-03-03 18:39:13,020 - core.database - DEBUG - [DB_OP] Database session created successfully in 0.0000s
2026-03-03 18:39:13,021 - routers.products - DEBUG - Querying productss: query=None, sort=None, skip=0, limit=1000, fields=None
2026-03-03 18:39:13,021 - aiosqlite - DEBUG - executing <function connect.<locals>.connector at 0x0000019841612E80>
2026-03-03 18:39:13,022 - aiosqlite - DEBUG - operation <function connect.<locals>.connector at 0x0000019841612E80> completed
2026-03-03 18:39:13,022 - aiosqlite - DEBUG - executing functools.partial(<built-in method create_function of sqlite3.Connection object at 0x0000019841618220>, 'regexp', 2, <function SQLiteDialect_pysqlite.on_connect.<locals>.regexp at 0x0000019841580EA0>, deterministic=True)
2026-03-03 18:39:13,023 - aiosqlite - DEBUG - operation functools.partial(<built-in method create_function of sqlite3.Connection object at 0x0000019841618220>, 'regexp', 2, <function SQLiteDialect_pysqlite.on_connect.<locals>.regexp at 0x0000019841580EA0>, deterministic=True) completed
2026-03-03 18:39:13,023 - aiosqlite - DEBUG - executing functools.partial(<built-in method create_function of sqlite3.Connection object at 0x0000019841618220>, 'floor', 1, <built-in function floor>, deterministic=True)
2026-03-03 18:39:13,023 - aiosqlite - DEBUG - operation functools.partial(<built-in method create_function of sqlite3.Connection object at 0x0000019841618220>, 'floor', 1, <built-in function floor>, deterministic=True) completed
2026-03-03 18:39:13,024 - aiosqlite - DEBUG - executing functools.partial(<built-in method cursor of sqlite3.Connection object at 0x0000019841618220>)
2026-03-03 18:39:13,024 - aiosqlite - DEBUG - operation functools.partial(<built-in method cursor of sqlite3.Connection object at 0x0000019841618220>) completed
2026-03-03 18:39:13,024 - aiosqlite - DEBUG - executing functools.partial(<built-in method execute of sqlite3.Cursor object at 0x0000019841640F40>, 'SELECT count(products.id) AS count_1 \nFROM products', ())
2026-03-03 18:39:13,025 - aiosqlite - DEBUG - operation functools.partial(<built-in method execute of sqlite3.Cursor object at 0x0000019841640F40>, 'SELECT count(products.id) AS count_1 \nFROM products', ()) completed
2026-03-03 18:39:13,025 - aiosqlite - DEBUG - executing functools.partial(<built-in method fetchall of sqlite3.Cursor object at 0x0000019841640F40>)
2026-03-03 18:39:13,025 - aiosqlite - DEBUG - operation functools.partial(<built-in method fetchall of sqlite3.Cursor object at 0x0000019841640F40>) completed
2026-03-03 18:39:13,025 - aiosqlite - DEBUG - executing functools.partial(<built-in method close of sqlite3.Cursor object at 0x0000019841640F40>)
2026-03-03 18:39:13,026 - aiosqlite - DEBUG - operation functools.partial(<built-in method close of sqlite3.Cursor object at 0x0000019841640F40>) completed
2026-03-03 18:39:13,027 - aiosqlite - DEBUG - executing functools.partial(<built-in method cursor of sqlite3.Connection object at 0x0000019841618220>)
2026-03-03 18:39:13,027 - aiosqlite - DEBUG - operation functools.partial(<built-in method cursor of sqlite3.Connection object at 0x0000019841618220>) completed
2026-03-03 18:39:13,027 - aiosqlite - DEBUG - executing functools.partial(<built-in method execute of sqlite3.Cursor object at 0x0000019841640F40>, 'SELECT products.id, products.name, products.description, products.price, products.image, products.category, products.size, products.color, products.stock, products.created_at \nFROM products ORDER BY products.id DESC\n LIMIT ? OFFSET ?', (1000, 0))
2026-03-03 18:39:13,028 - aiosqlite - DEBUG - operation functools.partial(<built-in method execute of sqlite3.Cursor object at 0x0000019841640F40>, 'SELECT products.id, products.name, products.description, products.price, products.image, products.category, products.size, products.color, products.stock, products.created_at \nFROM products ORDER BY products.id DESC\n LIMIT ? OFFSET ?', (1000, 0)) completed
2026-03-03 18:39:13,028 - aiosqlite - DEBUG - executing functools.partial(<built-in method fetchall of sqlite3.Cursor object at 0x0000019841640F40>)
2026-03-03 18:39:13,028 - aiosqlite - DEBUG - operation functools.partial(<built-in method fetchall of sqlite3.Cursor object at 0x0000019841640F40>) completed
2026-03-03 18:39:13,029 - aiosqlite - DEBUG - executing functools.partial(<built-in method close of sqlite3.Cursor object at 0x0000019841640F40>)
2026-03-03 18:39:13,029 - aiosqlite - DEBUG - operation functools.partial(<built-in method close of sqlite3.Cursor object at 0x0000019841640F40>) completed
2026-03-03 18:39:13,029 - routers.products - DEBUG - Found 8 productss
2026-03-03 18:39:13,029 - core.database - DEBUG - [DB_OP] Database session cleanup after 0.0090s
2026-03-03 18:39:13,030 - aiosqlite - DEBUG - executing functools.partial(<built-in method rollback of sqlite3.Connection object at 0x0000019841618220>)
2026-03-03 18:39:13,030 - aiosqlite - DEBUG - operation functools.partial(<built-in method rollback of sqlite3.Connection object at 0x0000019841618220>) completed
2026-03-03 18:39:13,030 - aiosqlite - DEBUG - executing functools.partial(<built-in method rollback of sqlite3.Connection object at 0x0000019841618220>)
2026-03-03 18:39:13,030 - aiosqlite - DEBUG - operation functools.partial(<built-in method rollback of sqlite3.Connection object at 0x0000019841618220>) completed
2026-03-03 18:39:13,031 - aiosqlite - DEBUG - executing functools.partial(<built-in method close of sqlite3.Connection object at 0x0000019841618220>)
2026-03-03 18:39:13,031 - aiosqlite - DEBUG - operation functools.partial(<built-in method close of sqlite3.Connection object at 0x0000019841618220>) completed
2026-03-03 18:39:20,639 - core.database - DEBUG - [DB_OP] Starting get_db session creation
2026-03-03 18:39:20,640 - core.database - DEBUG - [DB_OP] Database session created successfully in 0.0010s
2026-03-03 18:39:20,640 - routers.products - DEBUG - Querying productss: query=None, sort=None, skip=0, limit=1000, fields=None
2026-03-03 18:39:20,641 - aiosqlite - DEBUG - executing <function connect.<locals>.connector at 0x0000019841613060>
2026-03-03 18:39:20,641 - aiosqlite - DEBUG - operation <function connect.<locals>.connector at 0x0000019841613060> completed
2026-03-03 18:39:20,642 - aiosqlite - DEBUG - executing functools.partial(<built-in method create_function of sqlite3.Connection object at 0x00000198416193F0>, 'regexp', 2, <function SQLiteDialect_pysqlite.on_connect.<locals>.regexp at 0x0000019841580EA0>, deterministic=True)
2026-03-03 18:39:20,642 - aiosqlite - DEBUG - operation functools.partial(<built-in method create_function of sqlite3.Connection object at 0x00000198416193F0>, 'regexp', 2, <function SQLiteDialect_pysqlite.on_connect.<locals>.regexp at 0x0000019841580EA0>, deterministic=True) completed
2026-03-03 18:39:20,642 - aiosqlite - DEBUG - executing functools.partial(<built-in method create_function of sqlite3.Connection object at 0x00000198416193F0>, 'floor', 1, <built-in function floor>, deterministic=True)
2026-03-03 18:39:20,642 - aiosqlite - DEBUG - operation functools.partial(<built-in method create_function of sqlite3.Connection object at 0x00000198416193F0>, 'floor', 1, <built-in function floor>, deterministic=True) completed
2026-03-03 18:39:20,643 - aiosqlite - DEBUG - executing functools.partial(<built-in method cursor of sqlite3.Connection object at 0x00000198416193F0>)
2026-03-03 18:39:20,643 - aiosqlite - DEBUG - operation functools.partial(<built-in method cursor of sqlite3.Connection object at 0x00000198416193F0>) completed
2026-03-03 18:39:20,643 - aiosqlite - DEBUG - executing functools.partial(<built-in method execute of sqlite3.Cursor object at 0x0000019841641040>, 'SELECT count(products.id) AS count_1 \nFROM products', ())
2026-03-03 18:39:20,644 - aiosqlite - DEBUG - operation functools.partial(<built-in method execute of sqlite3.Cursor object at 0x0000019841641040>, 'SELECT count(products.id) AS count_1 \nFROM products', ()) completed
2026-03-03 18:39:20,644 - aiosqlite - DEBUG - executing functools.partial(<built-in method fetchall of sqlite3.Cursor object at 0x0000019841641040>)
2026-03-03 18:39:20,644 - aiosqlite - DEBUG - operation functools.partial(<built-in method fetchall of sqlite3.Cursor object at 0x0000019841641040>) completed
2026-03-03 18:39:20,644 - aiosqlite - DEBUG - executing functools.partial(<built-in method close of sqlite3.Cursor object at 0x0000019841641040>)
2026-03-03 18:39:20,645 - aiosqlite - DEBUG - operation functools.partial(<built-in method close of sqlite3.Cursor object at 0x0000019841641040>) completed
2026-03-03 18:39:20,646 - aiosqlite - DEBUG - executing functools.partial(<built-in method cursor of sqlite3.Connection object at 0x00000198416193F0>)
2026-03-03 18:39:20,646 - aiosqlite - DEBUG - operation functools.partial(<built-in method cursor of sqlite3.Connection object at 0x00000198416193F0>) completed
2026-03-03 18:39:20,646 - aiosqlite - DEBUG - executing functools.partial(<built-in method execute of sqlite3.Cursor object at 0x0000019841641040>, 'SELECT products.id, products.name, products.description, products.price, products.image, products.category, products.size, products.color, products.stock, products.created_at \nFROM products ORDER BY products.id DESC\n LIMIT ? OFFSET ?', (1000, 0))
2026-03-03 18:39:20,647 - aiosqlite - DEBUG - operation functools.partial(<built-in method execute of sqlite3.Cursor object at 0x0000019841641040>, 'SELECT products.id, products.name, products.description, products.price, products.image, products.category, products.size, products.color, products.stock, products.created_at \nFROM products ORDER BY products.id DESC\n LIMIT ? OFFSET ?', (1000, 0)) completed
2026-03-03 18:39:20,647 - aiosqlite - DEBUG - executing functools.partial(<built-in method fetchall of sqlite3.Cursor object at 0x0000019841641040>)
2026-03-03 18:39:20,648 - aiosqlite - DEBUG - operation functools.partial(<built-in method fetchall of sqlite3.Cursor object at 0x0000019841641040>) completed
2026-03-03 18:39:20,648 - aiosqlite - DEBUG - executing functools.partial(<built-in method close of sqlite3.Cursor object at 0x0000019841641040>)
2026-03-03 18:39:20,648 - aiosqlite - DEBUG - operation functools.partial(<built-in method close of sqlite3.Cursor object at 0x0000019841641040>) completed
2026-03-03 18:39:20,649 - routers.products - DEBUG - Found 8 productss
2026-03-03 18:39:20,649 - core.database - DEBUG - [DB_OP] Database session cleanup after 0.0100s
2026-03-03 18:39:20,649 - aiosqlite - DEBUG - executing functools.partial(<built-in method rollback of sqlite3.Connection object at 0x00000198416193F0>)
2026-03-03 18:39:20,649 - aiosqlite - DEBUG - operation functools.partial(<built-in method rollback of sqlite3.Connection object at 0x00000198416193F0>) completed
2026-03-03 18:39:20,650 - aiosqlite - DEBUG - executing functools.partial(<built-in method rollback of sqlite3.Connection object at 0x00000198416193F0>)
2026-03-03 18:39:20,650 - aiosqlite - DEBUG - operation functools.partial(<built-in method rollback of sqlite3.Connection object at 0x00000198416193F0>) completed
2026-03-03 18:39:20,650 - aiosqlite - DEBUG - executing functools.partial(<built-in method close of sqlite3.Connection object at 0x00000198416193F0>)
2026-03-03 18:39:20,650 - aiosqlite - DEBUG - operation functools.partial(<built-in method close of sqlite3.Connection object at 0x00000198416193F0>) completed
2026-03-03 19:55:41,946 - core.database - DEBUG - [DB_OP] Starting get_db session creation
2026-03-03 19:55:41,946 - core.database - DEBUG - [DB_OP] Database session created successfully in 0.0000s
2026-03-03 19:55:41,946 - routers.products - DEBUG - Querying productss: query=None, sort=None, skip=0, limit=1000, fields=None
2026-03-03 19:55:41,946 - aiosqlite - DEBUG - executing <function connect.<locals>.connector at 0x0000019841583A60>
2026-03-03 19:55:41,946 - aiosqlite - DEBUG - operation <function connect.<locals>.connector at 0x0000019841583A60> completed
2026-03-03 19:55:41,946 - aiosqlite - DEBUG - executing functools.partial(<built-in method create_function of sqlite3.Connection object at 0x0000019841618310>, 'regexp', 2, <function SQLiteDialect_pysqlite.on_connect.<locals>.regexp at 0x0000019841580EA0>, deterministic=True)
2026-03-03 19:55:41,946 - aiosqlite - DEBUG - operation functools.partial(<built-in method create_function of sqlite3.Connection object at 0x0000019841618310>, 'regexp', 2, <function SQLiteDialect_pysqlite.on_connect.<locals>.regexp at 0x0000019841580EA0>, deterministic=True) completed
2026-03-03 19:55:41,946 - aiosqlite - DEBUG - executing functools.partial(<built-in method create_function of sqlite3.Connection object at 0x0000019841618310>, 'floor', 1, <built-in function floor>, deterministic=True)
2026-03-03 19:55:41,946 - aiosqlite - DEBUG - operation functools.partial(<built-in method create_function of sqlite3.Connection object at 0x0000019841618310>, 'floor', 1, <built-in function floor>, deterministic=True) completed
2026-03-03 19:55:41,946 - aiosqlite - DEBUG - executing functools.partial(<built-in method cursor of sqlite3.Connection object at 0x0000019841618310>)
2026-03-03 19:55:41,946 - aiosqlite - DEBUG - operation functools.partial(<built-in method cursor of sqlite3.Connection object at 0x0000019841618310>) completed
2026-03-03 19:55:41,955 - aiosqlite - DEBUG - executing functools.partial(<built-in method execute of sqlite3.Cursor object at 0x0000019841641440>, 'SELECT count(products.id) AS count_1 \nFROM products', ())
2026-03-03 19:55:41,955 - aiosqlite - DEBUG - operation functools.partial(<built-in method execute of sqlite3.Cursor object at 0x0000019841641440>, 'SELECT count(products.id) AS count_1 \nFROM products', ()) completed
2026-03-03 19:55:41,955 - aiosqlite - DEBUG - executing functools.partial(<built-in method fetchall of sqlite3.Cursor object at 0x0000019841641440>)
2026-03-03 19:55:41,955 - aiosqlite - DEBUG - operation functools.partial(<built-in method fetchall of sqlite3.Cursor object at 0x0000019841641440>) completed
2026-03-03 19:55:41,955 - aiosqlite - DEBUG - executing functools.partial(<built-in method close of sqlite3.Cursor object at 0x0000019841641440>)
2026-03-03 19:55:41,955 - aiosqlite - DEBUG - operation functools.partial(<built-in method close of sqlite3.Cursor object at 0x0000019841641440>) completed
2026-03-03 19:55:41,955 - aiosqlite - DEBUG - executing functools.partial(<built-in method cursor of sqlite3.Connection object at 0x0000019841618310>)
2026-03-03 19:55:41,955 - aiosqlite - DEBUG - operation functools.partial(<built-in method cursor of sqlite3.Connection object at 0x0000019841618310>) completed
2026-03-03 19:55:41,955 - aiosqlite - DEBUG - executing functools.partial(<built-in method execute of sqlite3.Cursor object at 0x0000019841641440>, 'SELECT products.id, products.name, products.description, products.price, products.image, products.category, products.size, products.color, products.stock, products.created_at \nFROM products ORDER BY products.id DESC\n LIMIT ? OFFSET ?', (1000, 0))
2026-03-03 19:55:41,955 - aiosqlite - DEBUG - operation functools.partial(<built-in method execute of sqlite3.Cursor object at 0x0000019841641440>, 'SELECT products.id, products.name, products.description, products.price, products.image, products.category, products.size, products.color, products.stock, products.created_at \nFROM products ORDER BY products.id DESC\n LIMIT ? OFFSET ?', (1000, 0)) completed
2026-03-03 19:55:41,955 - aiosqlite - DEBUG - executing functools.partial(<built-in method fetchall of sqlite3.Cursor object at 0x0000019841641440>)
2026-03-03 19:55:41,955 - aiosqlite - DEBUG - operation functools.partial(<built-in method fetchall of sqlite3.Cursor object at 0x0000019841641440>) completed
2026-03-03 19:55:41,955 - aiosqlite - DEBUG - executing functools.partial(<built-in method close of sqlite3.Cursor object at 0x0000019841641440>)
2026-03-03 19:55:41,955 - aiosqlite - DEBUG - operation functools.partial(<built-in method close of sqlite3.Cursor object at 0x0000019841641440>) completed
2026-03-03 19:55:41,966 - routers.products - DEBUG - Found 8 productss
2026-03-03 19:55:41,966 - core.database - DEBUG - [DB_OP] Database session cleanup after 0.0200s
2026-03-03 19:55:41,966 - aiosqlite - DEBUG - executing functools.partial(<built-in method rollback of sqlite3.Connection object at 0x0000019841618310>)
2026-03-03 19:55:41,966 - aiosqlite - DEBUG - operation functools.partial(<built-in method rollback of sqlite3.Connection object at 0x0000019841618310>) completed
2026-03-03 19:55:41,966 - aiosqlite - DEBUG - executing functools.partial(<built-in method rollback of sqlite3.Connection object at 0x0000019841618310>)
2026-03-03 19:55:41,966 - aiosqlite - DEBUG - operation functools.partial(<built-in method rollback of sqlite3.Connection object at 0x0000019841618310>) completed
2026-03-03 19:55:41,966 - aiosqlite - DEBUG - executing functools.partial(<built-in method close of sqlite3.Connection object at 0x0000019841618310>)
2026-03-03 19:55:41,966 - aiosqlite - DEBUG - operation functools.partial(<built-in method close of sqlite3.Connection object at 0x0000019841618310>) completed
2026-03-03 19:55:51,087 - core.database - DEBUG - [DB_OP] Starting get_db session creation
2026-03-03 19:55:51,087 - core.database - DEBUG - [DB_OP] Database session created successfully in 0.0000s
2026-03-03 19:55:51,087 - routers.products - DEBUG - Querying productss: query=None, sort=None, skip=0, limit=1000, fields=None
2026-03-03 19:55:51,087 - aiosqlite - DEBUG - executing <function connect.<locals>.connector at 0x0000019841581B20>
2026-03-03 19:55:51,087 - aiosqlite - DEBUG - operation <function connect.<locals>.connector at 0x0000019841581B20> completed
2026-03-03 19:55:51,087 - aiosqlite - DEBUG - executing functools.partial(<built-in method create_function of sqlite3.Connection object at 0x0000019841618400>, 'regexp', 2, <function SQLiteDialect_pysqlite.on_connect.<locals>.regexp at 0x0000019841580EA0>, deterministic=True)
2026-03-03 19:55:51,087 - aiosqlite - DEBUG - operation functools.partial(<built-in method create_function of sqlite3.Connection object at 0x0000019841618400>, 'regexp', 2, <function SQLiteDialect_pysqlite.on_connect.<locals>.regexp at 0x0000019841580EA0>, deterministic=True) completed
2026-03-03 19:55:51,087 - aiosqlite - DEBUG - executing functools.partial(<built-in method create_function of sqlite3.Connection object at 0x0000019841618400>, 'floor', 1, <built-in function floor>, deterministic=True)
2026-03-03 19:55:51,095 - aiosqlite - DEBUG - operation functools.partial(<built-in method create_function of sqlite3.Connection object at 0x0000019841618400>, 'floor', 1, <built-in function floor>, deterministic=True) completed
2026-03-03 19:55:51,095 - aiosqlite - DEBUG - executing functools.partial(<built-in method cursor of sqlite3.Connection object at 0x0000019841618400>)
2026-03-03 19:55:51,095 - aiosqlite - DEBUG - operation functools.partial(<built-in method cursor of sqlite3.Connection object at 0x0000019841618400>) completed
2026-03-03 19:55:51,095 - aiosqlite - DEBUG - executing functools.partial(<built-in method execute of sqlite3.Cursor object at 0x0000019841640340>, 'SELECT count(products.id) AS count_1 \nFROM products', ())
2026-03-03 19:55:51,095 - aiosqlite - DEBUG - operation functools.partial(<built-in method execute of sqlite3.Cursor object at 0x0000019841640340>, 'SELECT count(products.id) AS count_1 \nFROM products', ()) completed
2026-03-03 19:55:51,095 - aiosqlite - DEBUG - executing functools.partial(<built-in method fetchall of sqlite3.Cursor object at 0x0000019841640340>)
2026-03-03 19:55:51,095 - aiosqlite - DEBUG - operation functools.partial(<built-in method fetchall of sqlite3.Cursor object at 0x0000019841640340>) completed
2026-03-03 19:55:51,095 - aiosqlite - DEBUG - executing functools.partial(<built-in method close of sqlite3.Cursor object at 0x0000019841640340>)
2026-03-03 19:55:51,095 - aiosqlite - DEBUG - operation functools.partial(<built-in method close of sqlite3.Cursor object at 0x0000019841640340>) completed
2026-03-03 19:55:51,095 - aiosqlite - DEBUG - executing functools.partial(<built-in method cursor of sqlite3.Connection object at 0x0000019841618400>)
2026-03-03 19:55:51,095 - aiosqlite - DEBUG - operation functools.partial(<built-in method cursor of sqlite3.Connection object at 0x0000019841618400>) completed
2026-03-03 19:55:51,095 - aiosqlite - DEBUG - executing functools.partial(<built-in method execute of sqlite3.Cursor object at 0x0000019841640340>, 'SELECT products.id, products.name, products.description, products.price, products.image, products.category, products.size, products.color, products.stock, products.created_at \nFROM products ORDER BY products.id DESC\n LIMIT ? OFFSET ?', (1000, 0))
2026-03-03 19:55:51,103 - aiosqlite - DEBUG - operation functools.partial(<built-in method execute of sqlite3.Cursor object at 0x0000019841640340>, 'SELECT products.id, products.name, products.description, products.price, products.image, products.category, products.size, products.color, products.stock, products.created_at \nFROM products ORDER BY products.id DESC\n LIMIT ? OFFSET ?', (1000, 0)) completed
2026-03-03 19:55:51,103 - aiosqlite - DEBUG - executing functools.partial(<built-in method fetchall of sqlite3.Cursor object at 0x0000019841640340>)
2026-03-03 19:55:51,103 - aiosqlite - DEBUG - operation functools.partial(<built-in method fetchall of sqlite3.Cursor object at 0x0000019841640340>) completed
2026-03-03 19:55:51,103 - aiosqlite - DEBUG - executing functools.partial(<built-in method close of sqlite3.Cursor object at 0x0000019841640340>)
2026-03-03 19:55:51,103 - aiosqlite - DEBUG - operation functools.partial(<built-in method close of sqlite3.Cursor object at 0x0000019841640340>) completed
2026-03-03 19:55:51,103 - routers.products - DEBUG - Found 8 productss
2026-03-03 19:55:51,103 - core.database - DEBUG - [DB_OP] Database session cleanup after 0.0160s
2026-03-03 19:55:51,103 - aiosqlite - DEBUG - executing functools.partial(<built-in method rollback of sqlite3.Connection object at 0x0000019841618400>)
2026-03-03 19:55:51,103 - aiosqlite - DEBUG - operation functools.partial(<built-in method rollback of sqlite3.Connection object at 0x0000019841618400>) completed
2026-03-03 19:55:51,103 - aiosqlite - DEBUG - executing functools.partial(<built-in method rollback of sqlite3.Connection object at 0x0000019841618400>)
2026-03-03 19:55:51,103 - aiosqlite - DEBUG - operation functools.partial(<built-in method rollback of sqlite3.Connection object at 0x0000019841618400>) completed
2026-03-03 19:55:51,103 - aiosqlite - DEBUG - executing functools.partial(<built-in method close of sqlite3.Connection object at 0x0000019841618400>)
2026-03-03 19:55:51,103 - aiosqlite - DEBUG - operation functools.partial(<built-in method close of sqlite3.Connection object at 0x0000019841618400>) completed
2026-03-03 20:02:30,035 - services.database - DEBUG - [DB_OP] Starting database close
2026-03-03 20:02:30,035 - core.database - INFO - Database connection closed and engine disposed
2026-03-03 20:02:30,035 - services.database - INFO - Database connections closed
2026-03-03 20:02:30,035 - services.database - DEBUG - [DB_OP] Database close completed in 0.0000s
