2026-01-30 21:58:40,646 - main - INFO - === Logging system initialized ===
2026-01-30 21:58:40,646 - main - INFO - Log file: logs/app_20260130_215840.log
2026-01-30 21:58:40,647 - main - INFO - Log level: INFO
2026-01-30 21:58:40,647 - main - INFO - Timestamp: 20260130_215840
2026-01-30 21:58:40,825 - main - INFO - === Logging system initialized ===
2026-01-30 21:58:40,825 - main - INFO - Log file: logs/app_20260130_215840.log
2026-01-30 21:58:40,826 - main - INFO - Log level: INFO
2026-01-30 21:58:40,826 - main - INFO - Timestamp: 20260130_215840
2026-01-30 21:58:41,131 - main - INFO - Included router: routers.aihub.router
2026-01-30 21:58:41,146 - main - INFO - Included router: routers.auth.router
2026-01-30 21:58:41,149 - main - INFO - Included router: routers.health.router
2026-01-30 21:58:41,199 - main - INFO - Included router: routers.products.router
2026-01-30 21:58:41,200 - main - WARNING - Failed to import module 'routers.settings': cannot import name 'get_admin_user' from 'dependencies.auth' (D:\ASM1\backend\dependencies\auth.py)
2026-01-30 21:58:41,200 - main - WARNING - Failed to import module 'routers.storage': cannot import name 'get_admin_user' from 'dependencies.auth' (D:\ASM1\backend\dependencies\auth.py)
2026-01-30 21:58:41,208 - main - INFO - Included router: routers.user.router
2026-01-30 21:58:41,209 - main - INFO - === Application startup initiated ===
2026-01-30 21:58:41,210 - services.database - DEBUG - [DB_OP] Starting database initialization
2026-01-30 21:58:41,210 - services.database - INFO - 🔧 Starting database initialization...
2026-01-30 21:58:41,211 - core.database - INFO - Starting database initialization...
2026-01-30 21:58:41,211 - core.database - INFO - Normalizing database URL for async compatibility...
2026-01-30 21:58:41,212 - core.database - DEBUG - Database exists:./test.db
2026-01-30 21:58:41,212 - core.database - WARNING - Adjusted database URL driver for async compatibility
2026-01-30 21:58:41,212 - core.database - INFO - Creating async database engine...
2026-01-30 21:58:41,212 - core.database - INFO - Using NullPool for sqlite+aiosqlite environment
2026-01-30 21:58:41,247 - core.database - INFO - Database engine created successfully
2026-01-30 21:58:41,247 - core.database - INFO - Creating async session maker...
2026-01-30 21:58:41,248 - core.database - INFO - Async session maker created successfully
2026-01-30 21:58:41,248 - core.database - INFO - Database connection initialized successfully
2026-01-30 21:58:41,248 - services.database - INFO - 🔧 Database connection initialized, now creating tables if tables not exist...
2026-01-30 21:58:41,248 - core.database - DEBUG - [DB_OP] Starting create_tables
2026-01-30 21:58:41,248 - core.database - INFO - 🔧 Starting table creation...
2026-01-30 21:58:41,250 - aiosqlite - DEBUG - executing <function connect.<locals>.connector at 0x000002391DC51DA0>
2026-01-30 21:58:41,257 - aiosqlite - DEBUG - operation <function connect.<locals>.connector at 0x000002391DC51DA0> completed
2026-01-30 21:58:41,258 - aiosqlite - DEBUG - executing functools.partial(<built-in method create_function of sqlite3.Connection object at 0x000002391DC1ED40>, 'regexp', 2, <function SQLiteDialect_pysqlite.on_connect.<locals>.regexp at 0x000002391DC51120>, deterministic=True)
2026-01-30 21:58:41,258 - aiosqlite - DEBUG - operation functools.partial(<built-in method create_function of sqlite3.Connection object at 0x000002391DC1ED40>, 'regexp', 2, <function SQLiteDialect_pysqlite.on_connect.<locals>.regexp at 0x000002391DC51120>, deterministic=True) completed
2026-01-30 21:58:41,259 - aiosqlite - DEBUG - executing functools.partial(<built-in method create_function of sqlite3.Connection object at 0x000002391DC1ED40>, 'floor', 1, <built-in function floor>, deterministic=True)
2026-01-30 21:58:41,259 - aiosqlite - DEBUG - operation functools.partial(<built-in method create_function of sqlite3.Connection object at 0x000002391DC1ED40>, 'floor', 1, <built-in function floor>, deterministic=True) completed
2026-01-30 21:58:41,260 - aiosqlite - DEBUG - executing functools.partial(<built-in method cursor of sqlite3.Connection object at 0x000002391DC1ED40>)
2026-01-30 21:58:41,260 - aiosqlite - DEBUG - operation functools.partial(<built-in method cursor of sqlite3.Connection object at 0x000002391DC1ED40>) completed
2026-01-30 21:58:41,261 - aiosqlite - DEBUG - executing functools.partial(<built-in method execute of sqlite3.Cursor object at 0x000002391DBFBA40>, 'PRAGMA read_uncommitted', [])
2026-01-30 21:58:41,263 - aiosqlite - DEBUG - operation functools.partial(<built-in method execute of sqlite3.Cursor object at 0x000002391DBFBA40>, 'PRAGMA read_uncommitted', []) completed
2026-01-30 21:58:41,264 - aiosqlite - DEBUG - executing functools.partial(<built-in method fetchall of sqlite3.Cursor object at 0x000002391DBFBA40>)
2026-01-30 21:58:41,264 - aiosqlite - DEBUG - operation functools.partial(<built-in method fetchall of sqlite3.Cursor object at 0x000002391DBFBA40>) completed
2026-01-30 21:58:41,265 - aiosqlite - DEBUG - executing functools.partial(<built-in method close of sqlite3.Cursor object at 0x000002391DBFBA40>)
2026-01-30 21:58:41,265 - aiosqlite - DEBUG - operation functools.partial(<built-in method close of sqlite3.Cursor object at 0x000002391DBFBA40>) completed
2026-01-30 21:58:41,266 - aiosqlite - DEBUG - executing functools.partial(<built-in method rollback of sqlite3.Connection object at 0x000002391DC1ED40>)
2026-01-30 21:58:41,266 - aiosqlite - DEBUG - operation functools.partial(<built-in method rollback of sqlite3.Connection object at 0x000002391DC1ED40>) completed
2026-01-30 21:58:41,267 - aiosqlite - DEBUG - executing functools.partial(<built-in method cursor of sqlite3.Connection object at 0x000002391DC1ED40>)
2026-01-30 21:58:41,267 - aiosqlite - DEBUG - operation functools.partial(<built-in method cursor of sqlite3.Connection object at 0x000002391DC1ED40>) completed
2026-01-30 21:58:41,268 - aiosqlite - DEBUG - executing functools.partial(<built-in method execute of sqlite3.Cursor object at 0x000002391DBFBB40>, 'PRAGMA main.table_info("users")', ())
2026-01-30 21:58:41,270 - aiosqlite - DEBUG - operation functools.partial(<built-in method execute of sqlite3.Cursor object at 0x000002391DBFBB40>, 'PRAGMA main.table_info("users")', ()) completed
2026-01-30 21:58:41,271 - aiosqlite - DEBUG - executing functools.partial(<built-in method fetchall of sqlite3.Cursor object at 0x000002391DBFBB40>)
2026-01-30 21:58:41,271 - aiosqlite - DEBUG - operation functools.partial(<built-in method fetchall of sqlite3.Cursor object at 0x000002391DBFBB40>) completed
2026-01-30 21:58:41,272 - aiosqlite - DEBUG - executing functools.partial(<built-in method close of sqlite3.Cursor object at 0x000002391DBFBB40>)
2026-01-30 21:58:41,272 - aiosqlite - DEBUG - operation functools.partial(<built-in method close of sqlite3.Cursor object at 0x000002391DBFBB40>) completed
2026-01-30 21:58:41,273 - aiosqlite - DEBUG - executing functools.partial(<built-in method cursor of sqlite3.Connection object at 0x000002391DC1ED40>)
2026-01-30 21:58:41,273 - aiosqlite - DEBUG - operation functools.partial(<built-in method cursor of sqlite3.Connection object at 0x000002391DC1ED40>) completed
2026-01-30 21:58:41,274 - aiosqlite - DEBUG - executing functools.partial(<built-in method execute of sqlite3.Cursor object at 0x000002391DBFBB40>, 'PRAGMA main.table_info("oidc_states")', ())
2026-01-30 21:58:41,274 - aiosqlite - DEBUG - operation functools.partial(<built-in method execute of sqlite3.Cursor object at 0x000002391DBFBB40>, 'PRAGMA main.table_info("oidc_states")', ()) completed
2026-01-30 21:58:41,275 - aiosqlite - DEBUG - executing functools.partial(<built-in method fetchall of sqlite3.Cursor object at 0x000002391DBFBB40>)
2026-01-30 21:58:41,275 - aiosqlite - DEBUG - operation functools.partial(<built-in method fetchall of sqlite3.Cursor object at 0x000002391DBFBB40>) completed
2026-01-30 21:58:41,275 - aiosqlite - DEBUG - executing functools.partial(<built-in method close of sqlite3.Cursor object at 0x000002391DBFBB40>)
2026-01-30 21:58:41,275 - aiosqlite - DEBUG - operation functools.partial(<built-in method close of sqlite3.Cursor object at 0x000002391DBFBB40>) completed
2026-01-30 21:58:41,276 - aiosqlite - DEBUG - executing functools.partial(<built-in method cursor of sqlite3.Connection object at 0x000002391DC1ED40>)
2026-01-30 21:58:41,276 - aiosqlite - DEBUG - operation functools.partial(<built-in method cursor of sqlite3.Connection object at 0x000002391DC1ED40>) completed
2026-01-30 21:58:41,277 - aiosqlite - DEBUG - executing functools.partial(<built-in method execute of sqlite3.Cursor object at 0x000002391DBFBB40>, 'PRAGMA main.table_info("products")', ())
2026-01-30 21:58:41,277 - aiosqlite - DEBUG - operation functools.partial(<built-in method execute of sqlite3.Cursor object at 0x000002391DBFBB40>, 'PRAGMA main.table_info("products")', ()) completed
2026-01-30 21:58:41,278 - aiosqlite - DEBUG - executing functools.partial(<built-in method fetchall of sqlite3.Cursor object at 0x000002391DBFBB40>)
2026-01-30 21:58:41,278 - aiosqlite - DEBUG - operation functools.partial(<built-in method fetchall of sqlite3.Cursor object at 0x000002391DBFBB40>) completed
2026-01-30 21:58:41,278 - aiosqlite - DEBUG - executing functools.partial(<built-in method close of sqlite3.Cursor object at 0x000002391DBFBB40>)
2026-01-30 21:58:41,278 - aiosqlite - DEBUG - operation functools.partial(<built-in method close of sqlite3.Cursor object at 0x000002391DBFBB40>) completed
2026-01-30 21:58:41,279 - core.database - INFO - Tables initialized successfully
2026-01-30 21:58:41,280 - core.database - DEBUG - [DB_OP] Create tables completed in 0.0309s
2026-01-30 21:58:41,280 - aiosqlite - DEBUG - executing functools.partial(<built-in method commit of sqlite3.Connection object at 0x000002391DC1ED40>)
2026-01-30 21:58:41,280 - aiosqlite - DEBUG - operation functools.partial(<built-in method commit of sqlite3.Connection object at 0x000002391DC1ED40>) completed
2026-01-30 21:58:41,281 - aiosqlite - DEBUG - executing functools.partial(<built-in method rollback of sqlite3.Connection object at 0x000002391DC1ED40>)
2026-01-30 21:58:41,281 - aiosqlite - DEBUG - operation functools.partial(<built-in method rollback of sqlite3.Connection object at 0x000002391DC1ED40>) completed
2026-01-30 21:58:41,282 - aiosqlite - DEBUG - executing functools.partial(<built-in method close of sqlite3.Connection object at 0x000002391DC1ED40>)
2026-01-30 21:58:41,282 - aiosqlite - DEBUG - operation functools.partial(<built-in method close of sqlite3.Connection object at 0x000002391DC1ED40>) completed
2026-01-30 21:58:41,282 - services.database - INFO - 🔧 Table creation completed
2026-01-30 21:58:41,282 - services.database - INFO - Database initialized successfully
2026-01-30 21:58:41,283 - services.database - DEBUG - [DB_OP] Database initialization completed in 0.0728s
2026-01-30 21:58:41,283 - services.mock_data - INFO - Processing mock data file products.json for table products
2026-01-30 21:58:41,284 - aiosqlite - DEBUG - executing <function connect.<locals>.connector at 0x000002391DC52F20>
2026-01-30 21:58:41,284 - aiosqlite - DEBUG - operation <function connect.<locals>.connector at 0x000002391DC52F20> completed
2026-01-30 21:58:41,285 - aiosqlite - DEBUG - executing functools.partial(<built-in method create_function of sqlite3.Connection object at 0x000002391DC69120>, 'regexp', 2, <function SQLiteDialect_pysqlite.on_connect.<locals>.regexp at 0x000002391DC51120>, deterministic=True)
2026-01-30 21:58:41,285 - aiosqlite - DEBUG - operation functools.partial(<built-in method create_function of sqlite3.Connection object at 0x000002391DC69120>, 'regexp', 2, <function SQLiteDialect_pysqlite.on_connect.<locals>.regexp at 0x000002391DC51120>, deterministic=True) completed
2026-01-30 21:58:41,285 - aiosqlite - DEBUG - executing functools.partial(<built-in method create_function of sqlite3.Connection object at 0x000002391DC69120>, 'floor', 1, <built-in function floor>, deterministic=True)
2026-01-30 21:58:41,286 - aiosqlite - DEBUG - operation functools.partial(<built-in method create_function of sqlite3.Connection object at 0x000002391DC69120>, 'floor', 1, <built-in function floor>, deterministic=True) completed
2026-01-30 21:58:41,287 - aiosqlite - DEBUG - executing functools.partial(<built-in method cursor of sqlite3.Connection object at 0x000002391DC69120>)
2026-01-30 21:58:41,287 - aiosqlite - DEBUG - operation functools.partial(<built-in method cursor of sqlite3.Connection object at 0x000002391DC69120>) completed
2026-01-30 21:58:41,287 - aiosqlite - DEBUG - executing functools.partial(<built-in method execute of sqlite3.Cursor object at 0x000002391DC6C3C0>, 'PRAGMA main.table_xinfo("products")', ())
2026-01-30 21:58:41,288 - aiosqlite - DEBUG - operation functools.partial(<built-in method execute of sqlite3.Cursor object at 0x000002391DC6C3C0>, 'PRAGMA main.table_xinfo("products")', ()) completed
2026-01-30 21:58:41,288 - aiosqlite - DEBUG - executing functools.partial(<built-in method fetchall of sqlite3.Cursor object at 0x000002391DC6C3C0>)
2026-01-30 21:58:41,288 - aiosqlite - DEBUG - operation functools.partial(<built-in method fetchall of sqlite3.Cursor object at 0x000002391DC6C3C0>) completed
2026-01-30 21:58:41,289 - aiosqlite - DEBUG - executing functools.partial(<built-in method close of sqlite3.Cursor object at 0x000002391DC6C3C0>)
2026-01-30 21:58:41,289 - aiosqlite - DEBUG - operation functools.partial(<built-in method close of sqlite3.Cursor object at 0x000002391DC6C3C0>) completed
2026-01-30 21:58:41,290 - aiosqlite - DEBUG - executing functools.partial(<built-in method cursor of sqlite3.Connection object at 0x000002391DC69120>)
2026-01-30 21:58:41,290 - aiosqlite - DEBUG - operation functools.partial(<built-in method cursor of sqlite3.Connection object at 0x000002391DC69120>) completed
2026-01-30 21:58:41,291 - aiosqlite - DEBUG - executing functools.partial(<built-in method execute of sqlite3.Cursor object at 0x000002391DC6C3C0>, "SELECT sql FROM  (SELECT * FROM sqlite_master UNION ALL   SELECT * FROM sqlite_temp_master) WHERE name = ? AND type in ('table', 'view')", ('products',))
2026-01-30 21:58:41,292 - aiosqlite - DEBUG - operation functools.partial(<built-in method execute of sqlite3.Cursor object at 0x000002391DC6C3C0>, "SELECT sql FROM  (SELECT * FROM sqlite_master UNION ALL   SELECT * FROM sqlite_temp_master) WHERE name = ? AND type in ('table', 'view')", ('products',)) completed
2026-01-30 21:58:41,293 - aiosqlite - DEBUG - executing functools.partial(<built-in method fetchall of sqlite3.Cursor object at 0x000002391DC6C3C0>)
2026-01-30 21:58:41,294 - aiosqlite - DEBUG - operation functools.partial(<built-in method fetchall of sqlite3.Cursor object at 0x000002391DC6C3C0>) completed
2026-01-30 21:58:41,294 - aiosqlite - DEBUG - executing functools.partial(<built-in method close of sqlite3.Cursor object at 0x000002391DC6C3C0>)
2026-01-30 21:58:41,295 - aiosqlite - DEBUG - operation functools.partial(<built-in method close of sqlite3.Cursor object at 0x000002391DC6C3C0>) completed
2026-01-30 21:58:41,295 - aiosqlite - DEBUG - executing functools.partial(<built-in method cursor of sqlite3.Connection object at 0x000002391DC69120>)
2026-01-30 21:58:41,296 - aiosqlite - DEBUG - operation functools.partial(<built-in method cursor of sqlite3.Connection object at 0x000002391DC69120>) completed
2026-01-30 21:58:41,296 - aiosqlite - DEBUG - executing functools.partial(<built-in method execute of sqlite3.Cursor object at 0x000002391DC6C3C0>, 'PRAGMA main.foreign_key_list("products")', ())
2026-01-30 21:58:41,296 - aiosqlite - DEBUG - operation functools.partial(<built-in method execute of sqlite3.Cursor object at 0x000002391DC6C3C0>, 'PRAGMA main.foreign_key_list("products")', ()) completed
2026-01-30 21:58:41,297 - aiosqlite - DEBUG - executing functools.partial(<built-in method fetchall of sqlite3.Cursor object at 0x000002391DC6C3C0>)
2026-01-30 21:58:41,297 - aiosqlite - DEBUG - operation functools.partial(<built-in method fetchall of sqlite3.Cursor object at 0x000002391DC6C3C0>) completed
2026-01-30 21:58:41,297 - aiosqlite - DEBUG - executing functools.partial(<built-in method close of sqlite3.Cursor object at 0x000002391DC6C3C0>)
2026-01-30 21:58:41,298 - aiosqlite - DEBUG - operation functools.partial(<built-in method close of sqlite3.Cursor object at 0x000002391DC6C3C0>) completed
2026-01-30 21:58:41,298 - main - INFO - Included router: routers.aihub.router
2026-01-30 21:58:41,298 - aiosqlite - DEBUG - executing functools.partial(<built-in method cursor of sqlite3.Connection object at 0x000002391DC69120>)
2026-01-30 21:58:41,299 - aiosqlite - DEBUG - operation functools.partial(<built-in method cursor of sqlite3.Connection object at 0x000002391DC69120>) completed
2026-01-30 21:58:41,299 - aiosqlite - DEBUG - executing functools.partial(<built-in method execute of sqlite3.Cursor object at 0x000002391DC6C3C0>, 'PRAGMA temp.foreign_key_list("products")', ())
2026-01-30 21:58:41,299 - aiosqlite - DEBUG - operation functools.partial(<built-in method execute of sqlite3.Cursor object at 0x000002391DC6C3C0>, 'PRAGMA temp.foreign_key_list("products")', ()) completed
2026-01-30 21:58:41,300 - aiosqlite - DEBUG - executing functools.partial(<built-in method fetchall of sqlite3.Cursor object at 0x000002391DC6C3C0>)
2026-01-30 21:58:41,300 - aiosqlite - DEBUG - operation functools.partial(<built-in method fetchall of sqlite3.Cursor object at 0x000002391DC6C3C0>) completed
2026-01-30 21:58:41,301 - aiosqlite - DEBUG - executing functools.partial(<built-in method close of sqlite3.Cursor object at 0x000002391DC6C3C0>)
2026-01-30 21:58:41,301 - aiosqlite - DEBUG - operation functools.partial(<built-in method close of sqlite3.Cursor object at 0x000002391DC6C3C0>) completed
2026-01-30 21:58:41,302 - aiosqlite - DEBUG - executing functools.partial(<built-in method cursor of sqlite3.Connection object at 0x000002391DC69120>)
2026-01-30 21:58:41,302 - aiosqlite - DEBUG - operation functools.partial(<built-in method cursor of sqlite3.Connection object at 0x000002391DC69120>) completed
2026-01-30 21:58:41,303 - aiosqlite - DEBUG - executing functools.partial(<built-in method execute of sqlite3.Cursor object at 0x000002391DC6C3C0>, "SELECT sql FROM  (SELECT * FROM sqlite_master UNION ALL   SELECT * FROM sqlite_temp_master) WHERE name = ? AND type in ('table', 'view')", ('products',))
2026-01-30 21:58:41,303 - aiosqlite - DEBUG - operation functools.partial(<built-in method execute of sqlite3.Cursor object at 0x000002391DC6C3C0>, "SELECT sql FROM  (SELECT * FROM sqlite_master UNION ALL   SELECT * FROM sqlite_temp_master) WHERE name = ? AND type in ('table', 'view')", ('products',)) completed
2026-01-30 21:58:41,304 - aiosqlite - DEBUG - executing functools.partial(<built-in method fetchall of sqlite3.Cursor object at 0x000002391DC6C3C0>)
2026-01-30 21:58:41,304 - aiosqlite - DEBUG - operation functools.partial(<built-in method fetchall of sqlite3.Cursor object at 0x000002391DC6C3C0>) completed
2026-01-30 21:58:41,305 - aiosqlite - DEBUG - executing functools.partial(<built-in method close of sqlite3.Cursor object at 0x000002391DC6C3C0>)
2026-01-30 21:58:41,305 - aiosqlite - DEBUG - operation functools.partial(<built-in method close of sqlite3.Cursor object at 0x000002391DC6C3C0>) completed
2026-01-30 21:58:41,306 - aiosqlite - DEBUG - executing functools.partial(<built-in method cursor of sqlite3.Connection object at 0x000002391DC69120>)
2026-01-30 21:58:41,307 - aiosqlite - DEBUG - operation functools.partial(<built-in method cursor of sqlite3.Connection object at 0x000002391DC69120>) completed
2026-01-30 21:58:41,307 - aiosqlite - DEBUG - executing functools.partial(<built-in method execute of sqlite3.Cursor object at 0x000002391DC6C3C0>, 'PRAGMA main.index_list("products")', ())
2026-01-30 21:58:41,308 - aiosqlite - DEBUG - operation functools.partial(<built-in method execute of sqlite3.Cursor object at 0x000002391DC6C3C0>, 'PRAGMA main.index_list("products")', ()) completed
2026-01-30 21:58:41,308 - aiosqlite - DEBUG - executing functools.partial(<built-in method fetchall of sqlite3.Cursor object at 0x000002391DC6C3C0>)
2026-01-30 21:58:41,308 - aiosqlite - DEBUG - operation functools.partial(<built-in method fetchall of sqlite3.Cursor object at 0x000002391DC6C3C0>) completed
2026-01-30 21:58:41,309 - aiosqlite - DEBUG - executing functools.partial(<built-in method close of sqlite3.Cursor object at 0x000002391DC6C3C0>)
2026-01-30 21:58:41,309 - aiosqlite - DEBUG - operation functools.partial(<built-in method close of sqlite3.Cursor object at 0x000002391DC6C3C0>) completed
2026-01-30 21:58:41,309 - aiosqlite - DEBUG - executing functools.partial(<built-in method cursor of sqlite3.Connection object at 0x000002391DC69120>)
2026-01-30 21:58:41,310 - aiosqlite - DEBUG - operation functools.partial(<built-in method cursor of sqlite3.Connection object at 0x000002391DC69120>) completed
2026-01-30 21:58:41,310 - aiosqlite - DEBUG - executing functools.partial(<built-in method execute of sqlite3.Cursor object at 0x000002391DC6C3C0>, 'PRAGMA main.index_info("ix_products_id")', ())
2026-01-30 21:58:41,310 - aiosqlite - DEBUG - operation functools.partial(<built-in method execute of sqlite3.Cursor object at 0x000002391DC6C3C0>, 'PRAGMA main.index_info("ix_products_id")', ()) completed
2026-01-30 21:58:41,311 - aiosqlite - DEBUG - executing functools.partial(<built-in method fetchall of sqlite3.Cursor object at 0x000002391DC6C3C0>)
2026-01-30 21:58:41,311 - aiosqlite - DEBUG - operation functools.partial(<built-in method fetchall of sqlite3.Cursor object at 0x000002391DC6C3C0>) completed
2026-01-30 21:58:41,312 - aiosqlite - DEBUG - executing functools.partial(<built-in method close of sqlite3.Cursor object at 0x000002391DC6C3C0>)
2026-01-30 21:58:41,312 - aiosqlite - DEBUG - operation functools.partial(<built-in method close of sqlite3.Cursor object at 0x000002391DC6C3C0>) completed
2026-01-30 21:58:41,313 - aiosqlite - DEBUG - executing functools.partial(<built-in method cursor of sqlite3.Connection object at 0x000002391DC69120>)
2026-01-30 21:58:41,313 - aiosqlite - DEBUG - operation functools.partial(<built-in method cursor of sqlite3.Connection object at 0x000002391DC69120>) completed
2026-01-30 21:58:41,313 - aiosqlite - DEBUG - executing functools.partial(<built-in method execute of sqlite3.Cursor object at 0x000002391DC6C3C0>, 'PRAGMA main.index_list("products")', ())
2026-01-30 21:58:41,314 - aiosqlite - DEBUG - operation functools.partial(<built-in method execute of sqlite3.Cursor object at 0x000002391DC6C3C0>, 'PRAGMA main.index_list("products")', ()) completed
2026-01-30 21:58:41,314 - aiosqlite - DEBUG - executing functools.partial(<built-in method fetchall of sqlite3.Cursor object at 0x000002391DC6C3C0>)
2026-01-30 21:58:41,315 - aiosqlite - DEBUG - operation functools.partial(<built-in method fetchall of sqlite3.Cursor object at 0x000002391DC6C3C0>) completed
2026-01-30 21:58:41,315 - aiosqlite - DEBUG - executing functools.partial(<built-in method close of sqlite3.Cursor object at 0x000002391DC6C3C0>)
2026-01-30 21:58:41,315 - aiosqlite - DEBUG - operation functools.partial(<built-in method close of sqlite3.Cursor object at 0x000002391DC6C3C0>) completed
2026-01-30 21:58:41,316 - aiosqlite - DEBUG - executing functools.partial(<built-in method cursor of sqlite3.Connection object at 0x000002391DC69120>)
2026-01-30 21:58:41,316 - aiosqlite - DEBUG - operation functools.partial(<built-in method cursor of sqlite3.Connection object at 0x000002391DC69120>) completed
2026-01-30 21:58:41,316 - aiosqlite - DEBUG - executing functools.partial(<built-in method execute of sqlite3.Cursor object at 0x000002391DC6C3C0>, 'PRAGMA main.index_info("ix_products_id")', ())
2026-01-30 21:58:41,316 - aiosqlite - DEBUG - operation functools.partial(<built-in method execute of sqlite3.Cursor object at 0x000002391DC6C3C0>, 'PRAGMA main.index_info("ix_products_id")', ()) completed
2026-01-30 21:58:41,317 - aiosqlite - DEBUG - executing functools.partial(<built-in method fetchall of sqlite3.Cursor object at 0x000002391DC6C3C0>)
2026-01-30 21:58:41,317 - aiosqlite - DEBUG - operation functools.partial(<built-in method fetchall of sqlite3.Cursor object at 0x000002391DC6C3C0>) completed
2026-01-30 21:58:41,317 - aiosqlite - DEBUG - executing functools.partial(<built-in method close of sqlite3.Cursor object at 0x000002391DC6C3C0>)
2026-01-30 21:58:41,318 - aiosqlite - DEBUG - operation functools.partial(<built-in method close of sqlite3.Cursor object at 0x000002391DC6C3C0>) completed
2026-01-30 21:58:41,318 - aiosqlite - DEBUG - executing functools.partial(<built-in method cursor of sqlite3.Connection object at 0x000002391DC69120>)
2026-01-30 21:58:41,318 - aiosqlite - DEBUG - operation functools.partial(<built-in method cursor of sqlite3.Connection object at 0x000002391DC69120>) completed
2026-01-30 21:58:41,319 - aiosqlite - DEBUG - executing functools.partial(<built-in method execute of sqlite3.Cursor object at 0x000002391DC6C3C0>, "SELECT sql FROM  (SELECT * FROM sqlite_master UNION ALL   SELECT * FROM sqlite_temp_master) WHERE name = ? AND type in ('table', 'view')", ('products',))
2026-01-30 21:58:41,319 - aiosqlite - DEBUG - operation functools.partial(<built-in method execute of sqlite3.Cursor object at 0x000002391DC6C3C0>, "SELECT sql FROM  (SELECT * FROM sqlite_master UNION ALL   SELECT * FROM sqlite_temp_master) WHERE name = ? AND type in ('table', 'view')", ('products',)) completed
2026-01-30 21:58:41,319 - aiosqlite - DEBUG - executing functools.partial(<built-in method fetchall of sqlite3.Cursor object at 0x000002391DC6C3C0>)
2026-01-30 21:58:41,320 - aiosqlite - DEBUG - operation functools.partial(<built-in method fetchall of sqlite3.Cursor object at 0x000002391DC6C3C0>) completed
2026-01-30 21:58:41,320 - aiosqlite - DEBUG - executing functools.partial(<built-in method close of sqlite3.Cursor object at 0x000002391DC6C3C0>)
2026-01-30 21:58:41,320 - aiosqlite - DEBUG - operation functools.partial(<built-in method close of sqlite3.Cursor object at 0x000002391DC6C3C0>) completed
2026-01-30 21:58:41,321 - main - INFO - Included router: routers.auth.router
2026-01-30 21:58:41,322 - main - INFO - Included router: routers.health.router
2026-01-30 21:58:41,324 - aiosqlite - DEBUG - executing functools.partial(<built-in method cursor of sqlite3.Connection object at 0x000002391DC69120>)
2026-01-30 21:58:41,325 - aiosqlite - DEBUG - operation functools.partial(<built-in method cursor of sqlite3.Connection object at 0x000002391DC69120>) completed
2026-01-30 21:58:41,325 - aiosqlite - DEBUG - executing functools.partial(<built-in method execute of sqlite3.Cursor object at 0x000002391DBDAB40>, 'SELECT count(*) AS count_1 \nFROM products', ())
2026-01-30 21:58:41,326 - aiosqlite - DEBUG - operation functools.partial(<built-in method execute of sqlite3.Cursor object at 0x000002391DBDAB40>, 'SELECT count(*) AS count_1 \nFROM products', ()) completed
2026-01-30 21:58:41,326 - aiosqlite - DEBUG - executing functools.partial(<built-in method fetchall of sqlite3.Cursor object at 0x000002391DBDAB40>)
2026-01-30 21:58:41,326 - aiosqlite - DEBUG - operation functools.partial(<built-in method fetchall of sqlite3.Cursor object at 0x000002391DBDAB40>) completed
2026-01-30 21:58:41,327 - aiosqlite - DEBUG - executing functools.partial(<built-in method close of sqlite3.Cursor object at 0x000002391DBDAB40>)
2026-01-30 21:58:41,327 - aiosqlite - DEBUG - operation functools.partial(<built-in method close of sqlite3.Cursor object at 0x000002391DBDAB40>) completed
2026-01-30 21:58:41,327 - services.mock_data - INFO - Table products already has 8 rows; skipping mock insert
2026-01-30 21:58:41,327 - aiosqlite - DEBUG - executing functools.partial(<built-in method commit of sqlite3.Connection object at 0x000002391DC69120>)
2026-01-30 21:58:41,328 - aiosqlite - DEBUG - operation functools.partial(<built-in method commit of sqlite3.Connection object at 0x000002391DC69120>) completed
2026-01-30 21:58:41,328 - aiosqlite - DEBUG - executing functools.partial(<built-in method rollback of sqlite3.Connection object at 0x000002391DC69120>)
2026-01-30 21:58:41,328 - aiosqlite - DEBUG - operation functools.partial(<built-in method rollback of sqlite3.Connection object at 0x000002391DC69120>) completed
2026-01-30 21:58:41,329 - aiosqlite - DEBUG - executing functools.partial(<built-in method close of sqlite3.Connection object at 0x000002391DC69120>)
2026-01-30 21:58:41,329 - aiosqlite - DEBUG - operation functools.partial(<built-in method close of sqlite3.Connection object at 0x000002391DC69120>) completed
2026-01-30 21:58:41,330 - services.database - DEBUG - [DB_OP] Starting database initialization
2026-01-30 21:58:41,330 - services.database - INFO - 🔧 Starting database initialization...
2026-01-30 21:58:41,330 - core.database - INFO - Starting database initialization...
2026-01-30 21:58:41,330 - core.database - INFO - Database already initialized
2026-01-30 21:58:41,330 - services.database - INFO - 🔧 Database connection initialized, now creating tables if tables not exist...
2026-01-30 21:58:41,331 - core.database - DEBUG - [DB_OP] Starting create_tables
2026-01-30 21:58:41,331 - core.database - INFO - Tables already initialized
2026-01-30 21:58:41,331 - services.database - INFO - 🔧 Table creation completed
2026-01-30 21:58:41,332 - services.database - INFO - Database initialized successfully
2026-01-30 21:58:41,332 - services.database - DEBUG - [DB_OP] Database initialization completed in 0.0020s
2026-01-30 21:58:41,332 - services.auth - WARNING - Admin user ID or email not configured, skipping admin initialization
2026-01-30 21:58:41,333 - main - INFO - === Application startup completed successfully ===
2026-01-30 21:58:41,372 - main - INFO - Included router: routers.products.router
2026-01-30 21:58:41,373 - main - WARNING - Failed to import module 'routers.settings': cannot import name 'get_admin_user' from 'dependencies.auth' (D:\ASM1\backend\dependencies\auth.py)
2026-01-30 21:58:41,374 - main - WARNING - Failed to import module 'routers.storage': cannot import name 'get_admin_user' from 'dependencies.auth' (D:\ASM1\backend\dependencies\auth.py)
2026-01-30 21:58:41,380 - main - INFO - Included router: routers.user.router
2026-01-30 21:58:41,382 - main - INFO - === Application startup initiated ===
2026-01-30 21:58:41,382 - services.database - DEBUG - [DB_OP] Starting database initialization
2026-01-30 21:58:41,382 - services.database - INFO - 🔧 Starting database initialization...
2026-01-30 21:58:41,382 - core.database - INFO - Starting database initialization...
2026-01-30 21:58:41,382 - core.database - INFO - Normalizing database URL for async compatibility...
2026-01-30 21:58:41,383 - core.database - DEBUG - Database exists:./test.db
2026-01-30 21:58:41,383 - core.database - WARNING - Adjusted database URL driver for async compatibility
2026-01-30 21:58:41,383 - core.database - INFO - Creating async database engine...
2026-01-30 21:58:41,384 - core.database - INFO - Using NullPool for sqlite+aiosqlite environment
2026-01-30 21:58:41,397 - core.database - INFO - Database engine created successfully
2026-01-30 21:58:41,398 - core.database - INFO - Creating async session maker...
2026-01-30 21:58:41,398 - core.database - INFO - Async session maker created successfully
2026-01-30 21:58:41,398 - core.database - INFO - Database connection initialized successfully
2026-01-30 21:58:41,399 - services.database - INFO - 🔧 Database connection initialized, now creating tables if tables not exist...
2026-01-30 21:58:41,399 - core.database - DEBUG - [DB_OP] Starting create_tables
2026-01-30 21:58:41,399 - core.database - INFO - 🔧 Starting table creation...
2026-01-30 21:58:41,400 - aiosqlite - DEBUG - executing <function connect.<locals>.connector at 0x000001377FBA9D00>
2026-01-30 21:58:41,401 - aiosqlite - DEBUG - operation <function connect.<locals>.connector at 0x000001377FBA9D00> completed
2026-01-30 21:58:41,401 - aiosqlite - DEBUG - executing functools.partial(<built-in method create_function of sqlite3.Connection object at 0x000001377FB6EE30>, 'regexp', 2, <function SQLiteDialect_pysqlite.on_connect.<locals>.regexp at 0x000001377FBA9080>, deterministic=True)
2026-01-30 21:58:41,401 - aiosqlite - DEBUG - operation functools.partial(<built-in method create_function of sqlite3.Connection object at 0x000001377FB6EE30>, 'regexp', 2, <function SQLiteDialect_pysqlite.on_connect.<locals>.regexp at 0x000001377FBA9080>, deterministic=True) completed
2026-01-30 21:58:41,402 - aiosqlite - DEBUG - executing functools.partial(<built-in method create_function of sqlite3.Connection object at 0x000001377FB6EE30>, 'floor', 1, <built-in function floor>, deterministic=True)
2026-01-30 21:58:41,402 - aiosqlite - DEBUG - operation functools.partial(<built-in method create_function of sqlite3.Connection object at 0x000001377FB6EE30>, 'floor', 1, <built-in function floor>, deterministic=True) completed
2026-01-30 21:58:41,403 - aiosqlite - DEBUG - executing functools.partial(<built-in method cursor of sqlite3.Connection object at 0x000001377FB6EE30>)
2026-01-30 21:58:41,403 - aiosqlite - DEBUG - operation functools.partial(<built-in method cursor of sqlite3.Connection object at 0x000001377FB6EE30>) completed
2026-01-30 21:58:41,403 - aiosqlite - DEBUG - executing functools.partial(<built-in method execute of sqlite3.Cursor object at 0x000001377FB4BA40>, 'PRAGMA read_uncommitted', [])
2026-01-30 21:58:41,403 - aiosqlite - DEBUG - operation functools.partial(<built-in method execute of sqlite3.Cursor object at 0x000001377FB4BA40>, 'PRAGMA read_uncommitted', []) completed
2026-01-30 21:58:41,404 - aiosqlite - DEBUG - executing functools.partial(<built-in method fetchall of sqlite3.Cursor object at 0x000001377FB4BA40>)
2026-01-30 21:58:41,404 - aiosqlite - DEBUG - operation functools.partial(<built-in method fetchall of sqlite3.Cursor object at 0x000001377FB4BA40>) completed
2026-01-30 21:58:41,404 - aiosqlite - DEBUG - executing functools.partial(<built-in method close of sqlite3.Cursor object at 0x000001377FB4BA40>)
2026-01-30 21:58:41,404 - aiosqlite - DEBUG - operation functools.partial(<built-in method close of sqlite3.Cursor object at 0x000001377FB4BA40>) completed
2026-01-30 21:58:41,405 - aiosqlite - DEBUG - executing functools.partial(<built-in method rollback of sqlite3.Connection object at 0x000001377FB6EE30>)
2026-01-30 21:58:41,405 - aiosqlite - DEBUG - operation functools.partial(<built-in method rollback of sqlite3.Connection object at 0x000001377FB6EE30>) completed
2026-01-30 21:58:41,406 - aiosqlite - DEBUG - executing functools.partial(<built-in method cursor of sqlite3.Connection object at 0x000001377FB6EE30>)
2026-01-30 21:58:41,406 - aiosqlite - DEBUG - operation functools.partial(<built-in method cursor of sqlite3.Connection object at 0x000001377FB6EE30>) completed
2026-01-30 21:58:41,406 - aiosqlite - DEBUG - executing functools.partial(<built-in method execute of sqlite3.Cursor object at 0x000001377FB4BB40>, 'PRAGMA main.table_info("users")', ())
2026-01-30 21:58:41,407 - aiosqlite - DEBUG - operation functools.partial(<built-in method execute of sqlite3.Cursor object at 0x000001377FB4BB40>, 'PRAGMA main.table_info("users")', ()) completed
2026-01-30 21:58:41,407 - aiosqlite - DEBUG - executing functools.partial(<built-in method fetchall of sqlite3.Cursor object at 0x000001377FB4BB40>)
2026-01-30 21:58:41,407 - aiosqlite - DEBUG - operation functools.partial(<built-in method fetchall of sqlite3.Cursor object at 0x000001377FB4BB40>) completed
2026-01-30 21:58:41,408 - aiosqlite - DEBUG - executing functools.partial(<built-in method close of sqlite3.Cursor object at 0x000001377FB4BB40>)
2026-01-30 21:58:41,408 - aiosqlite - DEBUG - operation functools.partial(<built-in method close of sqlite3.Cursor object at 0x000001377FB4BB40>) completed
2026-01-30 21:58:41,409 - aiosqlite - DEBUG - executing functools.partial(<built-in method cursor of sqlite3.Connection object at 0x000001377FB6EE30>)
2026-01-30 21:58:41,409 - aiosqlite - DEBUG - operation functools.partial(<built-in method cursor of sqlite3.Connection object at 0x000001377FB6EE30>) completed
2026-01-30 21:58:41,409 - aiosqlite - DEBUG - executing functools.partial(<built-in method execute of sqlite3.Cursor object at 0x000001377FB4BB40>, 'PRAGMA main.table_info("oidc_states")', ())
2026-01-30 21:58:41,409 - aiosqlite - DEBUG - operation functools.partial(<built-in method execute of sqlite3.Cursor object at 0x000001377FB4BB40>, 'PRAGMA main.table_info("oidc_states")', ()) completed
2026-01-30 21:58:41,410 - aiosqlite - DEBUG - executing functools.partial(<built-in method fetchall of sqlite3.Cursor object at 0x000001377FB4BB40>)
2026-01-30 21:58:41,410 - aiosqlite - DEBUG - operation functools.partial(<built-in method fetchall of sqlite3.Cursor object at 0x000001377FB4BB40>) completed
2026-01-30 21:58:41,410 - aiosqlite - DEBUG - executing functools.partial(<built-in method close of sqlite3.Cursor object at 0x000001377FB4BB40>)
2026-01-30 21:58:41,410 - aiosqlite - DEBUG - operation functools.partial(<built-in method close of sqlite3.Cursor object at 0x000001377FB4BB40>) completed
2026-01-30 21:58:41,410 - aiosqlite - DEBUG - executing functools.partial(<built-in method cursor of sqlite3.Connection object at 0x000001377FB6EE30>)
2026-01-30 21:58:41,410 - aiosqlite - DEBUG - operation functools.partial(<built-in method cursor of sqlite3.Connection object at 0x000001377FB6EE30>) completed
2026-01-30 21:58:41,411 - aiosqlite - DEBUG - executing functools.partial(<built-in method execute of sqlite3.Cursor object at 0x000001377FB4BB40>, 'PRAGMA main.table_info("products")', ())
2026-01-30 21:58:41,411 - aiosqlite - DEBUG - operation functools.partial(<built-in method execute of sqlite3.Cursor object at 0x000001377FB4BB40>, 'PRAGMA main.table_info("products")', ()) completed
2026-01-30 21:58:41,411 - aiosqlite - DEBUG - executing functools.partial(<built-in method fetchall of sqlite3.Cursor object at 0x000001377FB4BB40>)
2026-01-30 21:58:41,411 - aiosqlite - DEBUG - operation functools.partial(<built-in method fetchall of sqlite3.Cursor object at 0x000001377FB4BB40>) completed
2026-01-30 21:58:41,412 - aiosqlite - DEBUG - executing functools.partial(<built-in method close of sqlite3.Cursor object at 0x000001377FB4BB40>)
2026-01-30 21:58:41,412 - aiosqlite - DEBUG - operation functools.partial(<built-in method close of sqlite3.Cursor object at 0x000001377FB4BB40>) completed
2026-01-30 21:58:41,412 - core.database - INFO - Tables initialized successfully
2026-01-30 21:58:41,413 - core.database - DEBUG - [DB_OP] Create tables completed in 0.0146s
2026-01-30 21:58:41,413 - aiosqlite - DEBUG - executing functools.partial(<built-in method commit of sqlite3.Connection object at 0x000001377FB6EE30>)
2026-01-30 21:58:41,413 - aiosqlite - DEBUG - operation functools.partial(<built-in method commit of sqlite3.Connection object at 0x000001377FB6EE30>) completed
2026-01-30 21:58:41,414 - aiosqlite - DEBUG - executing functools.partial(<built-in method rollback of sqlite3.Connection object at 0x000001377FB6EE30>)
2026-01-30 21:58:41,414 - aiosqlite - DEBUG - operation functools.partial(<built-in method rollback of sqlite3.Connection object at 0x000001377FB6EE30>) completed
2026-01-30 21:58:41,415 - aiosqlite - DEBUG - executing functools.partial(<built-in method close of sqlite3.Connection object at 0x000001377FB6EE30>)
2026-01-30 21:58:41,415 - aiosqlite - DEBUG - operation functools.partial(<built-in method close of sqlite3.Connection object at 0x000001377FB6EE30>) completed
2026-01-30 21:58:41,416 - services.database - INFO - 🔧 Table creation completed
2026-01-30 21:58:41,416 - services.database - INFO - Database initialized successfully
2026-01-30 21:58:41,416 - services.database - DEBUG - [DB_OP] Database initialization completed in 0.0345s
2026-01-30 21:58:41,417 - services.mock_data - INFO - Processing mock data file products.json for table products
2026-01-30 21:58:41,418 - aiosqlite - DEBUG - executing <function connect.<locals>.connector at 0x000001377FBAAE80>
2026-01-30 21:58:41,419 - aiosqlite - DEBUG - operation <function connect.<locals>.connector at 0x000001377FBAAE80> completed
2026-01-30 21:58:41,419 - aiosqlite - DEBUG - executing functools.partial(<built-in method create_function of sqlite3.Connection object at 0x000001377FBB9210>, 'regexp', 2, <function SQLiteDialect_pysqlite.on_connect.<locals>.regexp at 0x000001377FBA9080>, deterministic=True)
2026-01-30 21:58:41,419 - aiosqlite - DEBUG - operation functools.partial(<built-in method create_function of sqlite3.Connection object at 0x000001377FBB9210>, 'regexp', 2, <function SQLiteDialect_pysqlite.on_connect.<locals>.regexp at 0x000001377FBA9080>, deterministic=True) completed
2026-01-30 21:58:41,420 - aiosqlite - DEBUG - executing functools.partial(<built-in method create_function of sqlite3.Connection object at 0x000001377FBB9210>, 'floor', 1, <built-in function floor>, deterministic=True)
2026-01-30 21:58:41,420 - aiosqlite - DEBUG - operation functools.partial(<built-in method create_function of sqlite3.Connection object at 0x000001377FBB9210>, 'floor', 1, <built-in function floor>, deterministic=True) completed
2026-01-30 21:58:41,421 - aiosqlite - DEBUG - executing functools.partial(<built-in method cursor of sqlite3.Connection object at 0x000001377FBB9210>)
2026-01-30 21:58:41,421 - aiosqlite - DEBUG - operation functools.partial(<built-in method cursor of sqlite3.Connection object at 0x000001377FBB9210>) completed
2026-01-30 21:58:41,421 - aiosqlite - DEBUG - executing functools.partial(<built-in method execute of sqlite3.Cursor object at 0x000001377FBBC3C0>, 'PRAGMA main.table_xinfo("products")', ())
2026-01-30 21:58:41,422 - aiosqlite - DEBUG - operation functools.partial(<built-in method execute of sqlite3.Cursor object at 0x000001377FBBC3C0>, 'PRAGMA main.table_xinfo("products")', ()) completed
2026-01-30 21:58:41,422 - aiosqlite - DEBUG - executing functools.partial(<built-in method fetchall of sqlite3.Cursor object at 0x000001377FBBC3C0>)
2026-01-30 21:58:41,423 - aiosqlite - DEBUG - operation functools.partial(<built-in method fetchall of sqlite3.Cursor object at 0x000001377FBBC3C0>) completed
2026-01-30 21:58:41,423 - aiosqlite - DEBUG - executing functools.partial(<built-in method close of sqlite3.Cursor object at 0x000001377FBBC3C0>)
2026-01-30 21:58:41,424 - aiosqlite - DEBUG - operation functools.partial(<built-in method close of sqlite3.Cursor object at 0x000001377FBBC3C0>) completed
2026-01-30 21:58:41,424 - aiosqlite - DEBUG - executing functools.partial(<built-in method cursor of sqlite3.Connection object at 0x000001377FBB9210>)
2026-01-30 21:58:41,424 - aiosqlite - DEBUG - operation functools.partial(<built-in method cursor of sqlite3.Connection object at 0x000001377FBB9210>) completed
2026-01-30 21:58:41,425 - aiosqlite - DEBUG - executing functools.partial(<built-in method execute of sqlite3.Cursor object at 0x000001377FBBC3C0>, "SELECT sql FROM  (SELECT * FROM sqlite_master UNION ALL   SELECT * FROM sqlite_temp_master) WHERE name = ? AND type in ('table', 'view')", ('products',))
2026-01-30 21:58:41,425 - aiosqlite - DEBUG - operation functools.partial(<built-in method execute of sqlite3.Cursor object at 0x000001377FBBC3C0>, "SELECT sql FROM  (SELECT * FROM sqlite_master UNION ALL   SELECT * FROM sqlite_temp_master) WHERE name = ? AND type in ('table', 'view')", ('products',)) completed
2026-01-30 21:58:41,426 - aiosqlite - DEBUG - executing functools.partial(<built-in method fetchall of sqlite3.Cursor object at 0x000001377FBBC3C0>)
2026-01-30 21:58:41,426 - aiosqlite - DEBUG - operation functools.partial(<built-in method fetchall of sqlite3.Cursor object at 0x000001377FBBC3C0>) completed
2026-01-30 21:58:41,426 - aiosqlite - DEBUG - executing functools.partial(<built-in method close of sqlite3.Cursor object at 0x000001377FBBC3C0>)
2026-01-30 21:58:41,427 - aiosqlite - DEBUG - operation functools.partial(<built-in method close of sqlite3.Cursor object at 0x000001377FBBC3C0>) completed
2026-01-30 21:58:41,427 - aiosqlite - DEBUG - executing functools.partial(<built-in method cursor of sqlite3.Connection object at 0x000001377FBB9210>)
2026-01-30 21:58:41,428 - aiosqlite - DEBUG - operation functools.partial(<built-in method cursor of sqlite3.Connection object at 0x000001377FBB9210>) completed
2026-01-30 21:58:41,428 - aiosqlite - DEBUG - executing functools.partial(<built-in method execute of sqlite3.Cursor object at 0x000001377FBBC3C0>, 'PRAGMA main.foreign_key_list("products")', ())
2026-01-30 21:58:41,428 - aiosqlite - DEBUG - operation functools.partial(<built-in method execute of sqlite3.Cursor object at 0x000001377FBBC3C0>, 'PRAGMA main.foreign_key_list("products")', ()) completed
2026-01-30 21:58:41,429 - aiosqlite - DEBUG - executing functools.partial(<built-in method fetchall of sqlite3.Cursor object at 0x000001377FBBC3C0>)
2026-01-30 21:58:41,429 - aiosqlite - DEBUG - operation functools.partial(<built-in method fetchall of sqlite3.Cursor object at 0x000001377FBBC3C0>) completed
2026-01-30 21:58:41,429 - aiosqlite - DEBUG - executing functools.partial(<built-in method close of sqlite3.Cursor object at 0x000001377FBBC3C0>)
2026-01-30 21:58:41,429 - aiosqlite - DEBUG - operation functools.partial(<built-in method close of sqlite3.Cursor object at 0x000001377FBBC3C0>) completed
2026-01-30 21:58:41,430 - aiosqlite - DEBUG - executing functools.partial(<built-in method cursor of sqlite3.Connection object at 0x000001377FBB9210>)
2026-01-30 21:58:41,430 - aiosqlite - DEBUG - operation functools.partial(<built-in method cursor of sqlite3.Connection object at 0x000001377FBB9210>) completed
2026-01-30 21:58:41,431 - aiosqlite - DEBUG - executing functools.partial(<built-in method execute of sqlite3.Cursor object at 0x000001377FBBC3C0>, 'PRAGMA temp.foreign_key_list("products")', ())
2026-01-30 21:58:41,431 - aiosqlite - DEBUG - operation functools.partial(<built-in method execute of sqlite3.Cursor object at 0x000001377FBBC3C0>, 'PRAGMA temp.foreign_key_list("products")', ()) completed
2026-01-30 21:58:41,431 - aiosqlite - DEBUG - executing functools.partial(<built-in method fetchall of sqlite3.Cursor object at 0x000001377FBBC3C0>)
2026-01-30 21:58:41,431 - aiosqlite - DEBUG - operation functools.partial(<built-in method fetchall of sqlite3.Cursor object at 0x000001377FBBC3C0>) completed
2026-01-30 21:58:41,432 - aiosqlite - DEBUG - executing functools.partial(<built-in method close of sqlite3.Cursor object at 0x000001377FBBC3C0>)
2026-01-30 21:58:41,432 - aiosqlite - DEBUG - operation functools.partial(<built-in method close of sqlite3.Cursor object at 0x000001377FBBC3C0>) completed
2026-01-30 21:58:41,433 - aiosqlite - DEBUG - executing functools.partial(<built-in method cursor of sqlite3.Connection object at 0x000001377FBB9210>)
2026-01-30 21:58:41,433 - aiosqlite - DEBUG - operation functools.partial(<built-in method cursor of sqlite3.Connection object at 0x000001377FBB9210>) completed
2026-01-30 21:58:41,433 - aiosqlite - DEBUG - executing functools.partial(<built-in method execute of sqlite3.Cursor object at 0x000001377FBBC3C0>, "SELECT sql FROM  (SELECT * FROM sqlite_master UNION ALL   SELECT * FROM sqlite_temp_master) WHERE name = ? AND type in ('table', 'view')", ('products',))
2026-01-30 21:58:41,433 - aiosqlite - DEBUG - operation functools.partial(<built-in method execute of sqlite3.Cursor object at 0x000001377FBBC3C0>, "SELECT sql FROM  (SELECT * FROM sqlite_master UNION ALL   SELECT * FROM sqlite_temp_master) WHERE name = ? AND type in ('table', 'view')", ('products',)) completed
2026-01-30 21:58:41,434 - aiosqlite - DEBUG - executing functools.partial(<built-in method fetchall of sqlite3.Cursor object at 0x000001377FBBC3C0>)
2026-01-30 21:58:41,434 - aiosqlite - DEBUG - operation functools.partial(<built-in method fetchall of sqlite3.Cursor object at 0x000001377FBBC3C0>) completed
2026-01-30 21:58:41,434 - aiosqlite - DEBUG - executing functools.partial(<built-in method close of sqlite3.Cursor object at 0x000001377FBBC3C0>)
2026-01-30 21:58:41,435 - aiosqlite - DEBUG - operation functools.partial(<built-in method close of sqlite3.Cursor object at 0x000001377FBBC3C0>) completed
2026-01-30 21:58:41,436 - aiosqlite - DEBUG - executing functools.partial(<built-in method cursor of sqlite3.Connection object at 0x000001377FBB9210>)
2026-01-30 21:58:41,436 - aiosqlite - DEBUG - operation functools.partial(<built-in method cursor of sqlite3.Connection object at 0x000001377FBB9210>) completed
2026-01-30 21:58:41,436 - aiosqlite - DEBUG - executing functools.partial(<built-in method execute of sqlite3.Cursor object at 0x000001377FBBC3C0>, 'PRAGMA main.index_list("products")', ())
2026-01-30 21:58:41,437 - aiosqlite - DEBUG - operation functools.partial(<built-in method execute of sqlite3.Cursor object at 0x000001377FBBC3C0>, 'PRAGMA main.index_list("products")', ()) completed
2026-01-30 21:58:41,437 - aiosqlite - DEBUG - executing functools.partial(<built-in method fetchall of sqlite3.Cursor object at 0x000001377FBBC3C0>)
2026-01-30 21:58:41,437 - aiosqlite - DEBUG - operation functools.partial(<built-in method fetchall of sqlite3.Cursor object at 0x000001377FBBC3C0>) completed
2026-01-30 21:58:41,437 - aiosqlite - DEBUG - executing functools.partial(<built-in method close of sqlite3.Cursor object at 0x000001377FBBC3C0>)
2026-01-30 21:58:41,438 - aiosqlite - DEBUG - operation functools.partial(<built-in method close of sqlite3.Cursor object at 0x000001377FBBC3C0>) completed
2026-01-30 21:58:41,438 - aiosqlite - DEBUG - executing functools.partial(<built-in method cursor of sqlite3.Connection object at 0x000001377FBB9210>)
2026-01-30 21:58:41,438 - aiosqlite - DEBUG - operation functools.partial(<built-in method cursor of sqlite3.Connection object at 0x000001377FBB9210>) completed
2026-01-30 21:58:41,439 - aiosqlite - DEBUG - executing functools.partial(<built-in method execute of sqlite3.Cursor object at 0x000001377FBBC3C0>, 'PRAGMA main.index_info("ix_products_id")', ())
2026-01-30 21:58:41,439 - aiosqlite - DEBUG - operation functools.partial(<built-in method execute of sqlite3.Cursor object at 0x000001377FBBC3C0>, 'PRAGMA main.index_info("ix_products_id")', ()) completed
2026-01-30 21:58:41,439 - aiosqlite - DEBUG - executing functools.partial(<built-in method fetchall of sqlite3.Cursor object at 0x000001377FBBC3C0>)
2026-01-30 21:58:41,440 - aiosqlite - DEBUG - operation functools.partial(<built-in method fetchall of sqlite3.Cursor object at 0x000001377FBBC3C0>) completed
2026-01-30 21:58:41,440 - aiosqlite - DEBUG - executing functools.partial(<built-in method close of sqlite3.Cursor object at 0x000001377FBBC3C0>)
2026-01-30 21:58:41,440 - aiosqlite - DEBUG - operation functools.partial(<built-in method close of sqlite3.Cursor object at 0x000001377FBBC3C0>) completed
2026-01-30 21:58:41,441 - aiosqlite - DEBUG - executing functools.partial(<built-in method cursor of sqlite3.Connection object at 0x000001377FBB9210>)
2026-01-30 21:58:41,441 - aiosqlite - DEBUG - operation functools.partial(<built-in method cursor of sqlite3.Connection object at 0x000001377FBB9210>) completed
2026-01-30 21:58:41,441 - aiosqlite - DEBUG - executing functools.partial(<built-in method execute of sqlite3.Cursor object at 0x000001377FBBC3C0>, 'PRAGMA main.index_list("products")', ())
2026-01-30 21:58:41,441 - aiosqlite - DEBUG - operation functools.partial(<built-in method execute of sqlite3.Cursor object at 0x000001377FBBC3C0>, 'PRAGMA main.index_list("products")', ()) completed
2026-01-30 21:58:41,442 - aiosqlite - DEBUG - executing functools.partial(<built-in method fetchall of sqlite3.Cursor object at 0x000001377FBBC3C0>)
2026-01-30 21:58:41,442 - aiosqlite - DEBUG - operation functools.partial(<built-in method fetchall of sqlite3.Cursor object at 0x000001377FBBC3C0>) completed
2026-01-30 21:58:41,442 - aiosqlite - DEBUG - executing functools.partial(<built-in method close of sqlite3.Cursor object at 0x000001377FBBC3C0>)
2026-01-30 21:58:41,443 - aiosqlite - DEBUG - operation functools.partial(<built-in method close of sqlite3.Cursor object at 0x000001377FBBC3C0>) completed
2026-01-30 21:58:41,443 - aiosqlite - DEBUG - executing functools.partial(<built-in method cursor of sqlite3.Connection object at 0x000001377FBB9210>)
2026-01-30 21:58:41,444 - aiosqlite - DEBUG - operation functools.partial(<built-in method cursor of sqlite3.Connection object at 0x000001377FBB9210>) completed
2026-01-30 21:58:41,444 - aiosqlite - DEBUG - executing functools.partial(<built-in method execute of sqlite3.Cursor object at 0x000001377FBBC3C0>, 'PRAGMA main.index_info("ix_products_id")', ())
2026-01-30 21:58:41,444 - aiosqlite - DEBUG - operation functools.partial(<built-in method execute of sqlite3.Cursor object at 0x000001377FBBC3C0>, 'PRAGMA main.index_info("ix_products_id")', ()) completed
2026-01-30 21:58:41,445 - aiosqlite - DEBUG - executing functools.partial(<built-in method fetchall of sqlite3.Cursor object at 0x000001377FBBC3C0>)
2026-01-30 21:58:41,445 - aiosqlite - DEBUG - operation functools.partial(<built-in method fetchall of sqlite3.Cursor object at 0x000001377FBBC3C0>) completed
2026-01-30 21:58:41,445 - aiosqlite - DEBUG - executing functools.partial(<built-in method close of sqlite3.Cursor object at 0x000001377FBBC3C0>)
2026-01-30 21:58:41,446 - aiosqlite - DEBUG - operation functools.partial(<built-in method close of sqlite3.Cursor object at 0x000001377FBBC3C0>) completed
2026-01-30 21:58:41,447 - aiosqlite - DEBUG - executing functools.partial(<built-in method cursor of sqlite3.Connection object at 0x000001377FBB9210>)
2026-01-30 21:58:41,447 - aiosqlite - DEBUG - operation functools.partial(<built-in method cursor of sqlite3.Connection object at 0x000001377FBB9210>) completed
2026-01-30 21:58:41,448 - aiosqlite - DEBUG - executing functools.partial(<built-in method execute of sqlite3.Cursor object at 0x000001377FBBC3C0>, "SELECT sql FROM  (SELECT * FROM sqlite_master UNION ALL   SELECT * FROM sqlite_temp_master) WHERE name = ? AND type in ('table', 'view')", ('products',))
2026-01-30 21:58:41,448 - aiosqlite - DEBUG - operation functools.partial(<built-in method execute of sqlite3.Cursor object at 0x000001377FBBC3C0>, "SELECT sql FROM  (SELECT * FROM sqlite_master UNION ALL   SELECT * FROM sqlite_temp_master) WHERE name = ? AND type in ('table', 'view')", ('products',)) completed
2026-01-30 21:58:41,449 - aiosqlite - DEBUG - executing functools.partial(<built-in method fetchall of sqlite3.Cursor object at 0x000001377FBBC3C0>)
2026-01-30 21:58:41,449 - aiosqlite - DEBUG - operation functools.partial(<built-in method fetchall of sqlite3.Cursor object at 0x000001377FBBC3C0>) completed
2026-01-30 21:58:41,449 - aiosqlite - DEBUG - executing functools.partial(<built-in method close of sqlite3.Cursor object at 0x000001377FBBC3C0>)
2026-01-30 21:58:41,450 - aiosqlite - DEBUG - operation functools.partial(<built-in method close of sqlite3.Cursor object at 0x000001377FBBC3C0>) completed
2026-01-30 21:58:41,453 - aiosqlite - DEBUG - executing functools.partial(<built-in method cursor of sqlite3.Connection object at 0x000001377FBB9210>)
2026-01-30 21:58:41,453 - aiosqlite - DEBUG - operation functools.partial(<built-in method cursor of sqlite3.Connection object at 0x000001377FBB9210>) completed
2026-01-30 21:58:41,454 - aiosqlite - DEBUG - executing functools.partial(<built-in method execute of sqlite3.Cursor object at 0x000001377FB26B40>, 'SELECT count(*) AS count_1 \nFROM products', ())
2026-01-30 21:58:41,454 - aiosqlite - DEBUG - operation functools.partial(<built-in method execute of sqlite3.Cursor object at 0x000001377FB26B40>, 'SELECT count(*) AS count_1 \nFROM products', ()) completed
2026-01-30 21:58:41,455 - aiosqlite - DEBUG - executing functools.partial(<built-in method fetchall of sqlite3.Cursor object at 0x000001377FB26B40>)
2026-01-30 21:58:41,456 - aiosqlite - DEBUG - operation functools.partial(<built-in method fetchall of sqlite3.Cursor object at 0x000001377FB26B40>) completed
2026-01-30 21:58:41,456 - aiosqlite - DEBUG - executing functools.partial(<built-in method close of sqlite3.Cursor object at 0x000001377FB26B40>)
2026-01-30 21:58:41,456 - aiosqlite - DEBUG - operation functools.partial(<built-in method close of sqlite3.Cursor object at 0x000001377FB26B40>) completed
2026-01-30 21:58:41,457 - services.mock_data - INFO - Table products already has 8 rows; skipping mock insert
2026-01-30 21:58:41,457 - aiosqlite - DEBUG - executing functools.partial(<built-in method commit of sqlite3.Connection object at 0x000001377FBB9210>)
2026-01-30 21:58:41,457 - aiosqlite - DEBUG - operation functools.partial(<built-in method commit of sqlite3.Connection object at 0x000001377FBB9210>) completed
2026-01-30 21:58:41,458 - aiosqlite - DEBUG - executing functools.partial(<built-in method rollback of sqlite3.Connection object at 0x000001377FBB9210>)
2026-01-30 21:58:41,458 - aiosqlite - DEBUG - operation functools.partial(<built-in method rollback of sqlite3.Connection object at 0x000001377FBB9210>) completed
2026-01-30 21:58:41,458 - aiosqlite - DEBUG - executing functools.partial(<built-in method close of sqlite3.Connection object at 0x000001377FBB9210>)
2026-01-30 21:58:41,459 - aiosqlite - DEBUG - operation functools.partial(<built-in method close of sqlite3.Connection object at 0x000001377FBB9210>) completed
2026-01-30 21:58:41,459 - services.database - DEBUG - [DB_OP] Starting database initialization
2026-01-30 21:58:41,459 - services.database - INFO - 🔧 Starting database initialization...
2026-01-30 21:58:41,460 - core.database - INFO - Starting database initialization...
2026-01-30 21:58:41,460 - core.database - INFO - Database already initialized
2026-01-30 21:58:41,460 - services.database - INFO - 🔧 Database connection initialized, now creating tables if tables not exist...
2026-01-30 21:58:41,460 - core.database - DEBUG - [DB_OP] Starting create_tables
2026-01-30 21:58:41,460 - core.database - INFO - Tables already initialized
2026-01-30 21:58:41,461 - services.database - INFO - 🔧 Table creation completed
2026-01-30 21:58:41,461 - services.database - INFO - Database initialized successfully
2026-01-30 21:58:41,461 - services.database - DEBUG - [DB_OP] Database initialization completed in 0.0020s
2026-01-30 21:58:41,461 - services.auth - WARNING - Admin user ID or email not configured, skipping admin initialization
2026-01-30 21:58:41,461 - main - INFO - === Application startup completed successfully ===
