2026-03-04 13:31:20,995 - main - INFO - === Logging system initialized ===
2026-03-04 13:31:20,995 - main - INFO - Log file: logs/app_20260304_133120.log
2026-03-04 13:31:20,995 - main - INFO - Log level: INFO
2026-03-04 13:31:20,996 - main - INFO - Timestamp: 20260304_133120
2026-03-04 13:31:21,323 - main - INFO - Included router: routers.aihub.router
2026-03-04 13:31:21,341 - main - INFO - Included router: routers.auth.router
2026-03-04 13:31:21,341 - main - INFO - Included router: routers.health.router
2026-03-04 13:31:21,348 - main - INFO - Included router: routers.orders.router
2026-03-04 13:31:21,394 - main - INFO - Included router: routers.products.router
2026-03-04 13:31:21,407 - main - INFO - Included router: routers.settings.router
2026-03-04 13:31:21,438 - main - INFO - Included router: routers.storage.router
2026-03-04 13:31:21,444 - main - INFO - Included router: routers.user.router
2026-03-04 13:31:21,446 - main - INFO - === Application startup initiated ===
2026-03-04 13:31:21,446 - services.database - DEBUG - [DB_OP] Starting database initialization
2026-03-04 13:31:21,446 - services.database - INFO - 🔧 Starting database initialization...
2026-03-04 13:31:21,447 - core.database - INFO - Starting database initialization...
2026-03-04 13:31:21,447 - core.database - INFO - Normalizing database URL for async compatibility...
2026-03-04 13:31:21,447 - core.database - DEBUG - Database exists:./test.db
2026-03-04 13:31:21,447 - core.database - WARNING - Adjusted database URL driver for async compatibility
2026-03-04 13:31:21,448 - core.database - INFO - Creating async database engine...
2026-03-04 13:31:21,448 - core.database - INFO - Using NullPool for sqlite+aiosqlite environment
2026-03-04 13:31:21,462 - core.database - INFO - Database engine created successfully
2026-03-04 13:31:21,463 - core.database - INFO - Creating async session maker...
2026-03-04 13:31:21,463 - core.database - INFO - Async session maker created successfully
2026-03-04 13:31:21,463 - core.database - INFO - Database connection initialized successfully
2026-03-04 13:31:21,463 - services.database - INFO - 🔧 Database connection initialized, now creating tables if tables not exist...
2026-03-04 13:31:21,463 - core.database - DEBUG - [DB_OP] Starting create_tables
2026-03-04 13:31:21,463 - core.database - INFO - 🔧 Starting table creation...
2026-03-04 13:31:21,464 - aiosqlite - DEBUG - executing <function connect.<locals>.connector at 0x000002699701D6C0>
2026-03-04 13:31:21,464 - aiosqlite - DEBUG - operation <function connect.<locals>.connector at 0x000002699701D6C0> completed
2026-03-04 13:31:21,465 - aiosqlite - DEBUG - executing functools.partial(<built-in method create_function of sqlite3.Connection object at 0x0000026996FC7B50>, 'regexp', 2, <function SQLiteDialect_pysqlite.on_connect.<locals>.regexp at 0x000002699701C9A0>, deterministic=True)
2026-03-04 13:31:21,465 - aiosqlite - DEBUG - operation functools.partial(<built-in method create_function of sqlite3.Connection object at 0x0000026996FC7B50>, 'regexp', 2, <function SQLiteDialect_pysqlite.on_connect.<locals>.regexp at 0x000002699701C9A0>, deterministic=True) completed
2026-03-04 13:31:21,466 - aiosqlite - DEBUG - executing functools.partial(<built-in method create_function of sqlite3.Connection object at 0x0000026996FC7B50>, 'floor', 1, <built-in function floor>, deterministic=True)
2026-03-04 13:31:21,466 - aiosqlite - DEBUG - operation functools.partial(<built-in method create_function of sqlite3.Connection object at 0x0000026996FC7B50>, 'floor', 1, <built-in function floor>, deterministic=True) completed
2026-03-04 13:31:21,467 - aiosqlite - DEBUG - executing functools.partial(<built-in method cursor of sqlite3.Connection object at 0x0000026996FC7B50>)
2026-03-04 13:31:21,467 - aiosqlite - DEBUG - operation functools.partial(<built-in method cursor of sqlite3.Connection object at 0x0000026996FC7B50>) completed
2026-03-04 13:31:21,467 - aiosqlite - DEBUG - executing functools.partial(<built-in method execute of sqlite3.Cursor object at 0x00000269970542C0>, 'PRAGMA read_uncommitted', [])
2026-03-04 13:31:21,467 - aiosqlite - DEBUG - operation functools.partial(<built-in method execute of sqlite3.Cursor object at 0x00000269970542C0>, 'PRAGMA read_uncommitted', []) completed
2026-03-04 13:31:21,467 - aiosqlite - DEBUG - executing functools.partial(<built-in method fetchall of sqlite3.Cursor object at 0x00000269970542C0>)
2026-03-04 13:31:21,467 - aiosqlite - DEBUG - operation functools.partial(<built-in method fetchall of sqlite3.Cursor object at 0x00000269970542C0>) completed
2026-03-04 13:31:21,469 - aiosqlite - DEBUG - executing functools.partial(<built-in method close of sqlite3.Cursor object at 0x00000269970542C0>)
2026-03-04 13:31:21,469 - aiosqlite - DEBUG - operation functools.partial(<built-in method close of sqlite3.Cursor object at 0x00000269970542C0>) completed
2026-03-04 13:31:21,469 - aiosqlite - DEBUG - executing functools.partial(<built-in method rollback of sqlite3.Connection object at 0x0000026996FC7B50>)
2026-03-04 13:31:21,469 - aiosqlite - DEBUG - operation functools.partial(<built-in method rollback of sqlite3.Connection object at 0x0000026996FC7B50>) completed
2026-03-04 13:31:21,470 - aiosqlite - DEBUG - executing functools.partial(<built-in method cursor of sqlite3.Connection object at 0x0000026996FC7B50>)
2026-03-04 13:31:21,470 - aiosqlite - DEBUG - operation functools.partial(<built-in method cursor of sqlite3.Connection object at 0x0000026996FC7B50>) completed
2026-03-04 13:31:21,470 - aiosqlite - DEBUG - executing functools.partial(<built-in method execute of sqlite3.Cursor object at 0x00000269970543C0>, 'PRAGMA main.table_info("users")', ())
2026-03-04 13:31:21,470 - aiosqlite - DEBUG - operation functools.partial(<built-in method execute of sqlite3.Cursor object at 0x00000269970543C0>, 'PRAGMA main.table_info("users")', ()) completed
2026-03-04 13:31:21,471 - aiosqlite - DEBUG - executing functools.partial(<built-in method fetchall of sqlite3.Cursor object at 0x00000269970543C0>)
2026-03-04 13:31:21,471 - aiosqlite - DEBUG - operation functools.partial(<built-in method fetchall of sqlite3.Cursor object at 0x00000269970543C0>) completed
2026-03-04 13:31:21,471 - aiosqlite - DEBUG - executing functools.partial(<built-in method close of sqlite3.Cursor object at 0x00000269970543C0>)
2026-03-04 13:31:21,471 - aiosqlite - DEBUG - operation functools.partial(<built-in method close of sqlite3.Cursor object at 0x00000269970543C0>) completed
2026-03-04 13:31:21,472 - aiosqlite - DEBUG - executing functools.partial(<built-in method cursor of sqlite3.Connection object at 0x0000026996FC7B50>)
2026-03-04 13:31:21,472 - aiosqlite - DEBUG - operation functools.partial(<built-in method cursor of sqlite3.Connection object at 0x0000026996FC7B50>) completed
2026-03-04 13:31:21,472 - aiosqlite - DEBUG - executing functools.partial(<built-in method execute of sqlite3.Cursor object at 0x00000269970543C0>, 'PRAGMA main.table_info("oidc_states")', ())
2026-03-04 13:31:21,473 - aiosqlite - DEBUG - operation functools.partial(<built-in method execute of sqlite3.Cursor object at 0x00000269970543C0>, 'PRAGMA main.table_info("oidc_states")', ()) completed
2026-03-04 13:31:21,473 - aiosqlite - DEBUG - executing functools.partial(<built-in method fetchall of sqlite3.Cursor object at 0x00000269970543C0>)
2026-03-04 13:31:21,473 - aiosqlite - DEBUG - operation functools.partial(<built-in method fetchall of sqlite3.Cursor object at 0x00000269970543C0>) completed
2026-03-04 13:31:21,473 - aiosqlite - DEBUG - executing functools.partial(<built-in method close of sqlite3.Cursor object at 0x00000269970543C0>)
2026-03-04 13:31:21,473 - aiosqlite - DEBUG - operation functools.partial(<built-in method close of sqlite3.Cursor object at 0x00000269970543C0>) completed
2026-03-04 13:31:21,474 - aiosqlite - DEBUG - executing functools.partial(<built-in method cursor of sqlite3.Connection object at 0x0000026996FC7B50>)
2026-03-04 13:31:21,474 - aiosqlite - DEBUG - operation functools.partial(<built-in method cursor of sqlite3.Connection object at 0x0000026996FC7B50>) completed
2026-03-04 13:31:21,474 - aiosqlite - DEBUG - executing functools.partial(<built-in method execute of sqlite3.Cursor object at 0x00000269970543C0>, 'PRAGMA main.table_info("orders")', ())
2026-03-04 13:31:21,475 - aiosqlite - DEBUG - operation functools.partial(<built-in method execute of sqlite3.Cursor object at 0x00000269970543C0>, 'PRAGMA main.table_info("orders")', ()) completed
2026-03-04 13:31:21,475 - aiosqlite - DEBUG - executing functools.partial(<built-in method fetchall of sqlite3.Cursor object at 0x00000269970543C0>)
2026-03-04 13:31:21,475 - aiosqlite - DEBUG - operation functools.partial(<built-in method fetchall of sqlite3.Cursor object at 0x00000269970543C0>) completed
2026-03-04 13:31:21,475 - aiosqlite - DEBUG - executing functools.partial(<built-in method close of sqlite3.Cursor object at 0x00000269970543C0>)
2026-03-04 13:31:21,475 - aiosqlite - DEBUG - operation functools.partial(<built-in method close of sqlite3.Cursor object at 0x00000269970543C0>) completed
2026-03-04 13:31:21,476 - aiosqlite - DEBUG - executing functools.partial(<built-in method cursor of sqlite3.Connection object at 0x0000026996FC7B50>)
2026-03-04 13:31:21,476 - aiosqlite - DEBUG - operation functools.partial(<built-in method cursor of sqlite3.Connection object at 0x0000026996FC7B50>) completed
2026-03-04 13:31:21,476 - aiosqlite - DEBUG - executing functools.partial(<built-in method execute of sqlite3.Cursor object at 0x00000269970543C0>, 'PRAGMA main.table_info("products")', ())
2026-03-04 13:31:21,476 - aiosqlite - DEBUG - operation functools.partial(<built-in method execute of sqlite3.Cursor object at 0x00000269970543C0>, 'PRAGMA main.table_info("products")', ()) completed
2026-03-04 13:31:21,477 - aiosqlite - DEBUG - executing functools.partial(<built-in method fetchall of sqlite3.Cursor object at 0x00000269970543C0>)
2026-03-04 13:31:21,477 - aiosqlite - DEBUG - operation functools.partial(<built-in method fetchall of sqlite3.Cursor object at 0x00000269970543C0>) completed
2026-03-04 13:31:21,477 - aiosqlite - DEBUG - executing functools.partial(<built-in method close of sqlite3.Cursor object at 0x00000269970543C0>)
2026-03-04 13:31:21,477 - aiosqlite - DEBUG - operation functools.partial(<built-in method close of sqlite3.Cursor object at 0x00000269970543C0>) completed
2026-03-04 13:31:21,478 - core.database - INFO - Tables initialized successfully
2026-03-04 13:31:21,478 - core.database - DEBUG - [DB_OP] Create tables completed in 0.0153s
2026-03-04 13:31:21,479 - aiosqlite - DEBUG - executing functools.partial(<built-in method commit of sqlite3.Connection object at 0x0000026996FC7B50>)
2026-03-04 13:31:21,479 - aiosqlite - DEBUG - operation functools.partial(<built-in method commit of sqlite3.Connection object at 0x0000026996FC7B50>) completed
2026-03-04 13:31:21,479 - aiosqlite - DEBUG - executing functools.partial(<built-in method rollback of sqlite3.Connection object at 0x0000026996FC7B50>)
2026-03-04 13:31:21,479 - aiosqlite - DEBUG - operation functools.partial(<built-in method rollback of sqlite3.Connection object at 0x0000026996FC7B50>) completed
2026-03-04 13:31:21,479 - aiosqlite - DEBUG - executing functools.partial(<built-in method close of sqlite3.Connection object at 0x0000026996FC7B50>)
2026-03-04 13:31:21,480 - aiosqlite - DEBUG - operation functools.partial(<built-in method close of sqlite3.Connection object at 0x0000026996FC7B50>) completed
2026-03-04 13:31:21,480 - services.database - INFO - 🔧 Table creation completed
2026-03-04 13:31:21,480 - services.database - INFO - Database initialized successfully
2026-03-04 13:31:21,480 - services.database - DEBUG - [DB_OP] Database initialization completed in 0.0337s
2026-03-04 13:31:21,481 - services.mock_data - INFO - Processing mock data file products.json for table products
2026-03-04 13:31:21,481 - aiosqlite - DEBUG - executing <function connect.<locals>.connector at 0x000002699701D760>
2026-03-04 13:31:21,481 - aiosqlite - DEBUG - operation <function connect.<locals>.connector at 0x000002699701D760> completed
2026-03-04 13:31:21,482 - aiosqlite - DEBUG - executing functools.partial(<built-in method create_function of sqlite3.Connection object at 0x0000026997059F30>, 'regexp', 2, <function SQLiteDialect_pysqlite.on_connect.<locals>.regexp at 0x000002699701C9A0>, deterministic=True)
2026-03-04 13:31:21,482 - aiosqlite - DEBUG - operation functools.partial(<built-in method create_function of sqlite3.Connection object at 0x0000026997059F30>, 'regexp', 2, <function SQLiteDialect_pysqlite.on_connect.<locals>.regexp at 0x000002699701C9A0>, deterministic=True) completed
2026-03-04 13:31:21,482 - aiosqlite - DEBUG - executing functools.partial(<built-in method create_function of sqlite3.Connection object at 0x0000026997059F30>, 'floor', 1, <built-in function floor>, deterministic=True)
2026-03-04 13:31:21,482 - aiosqlite - DEBUG - operation functools.partial(<built-in method create_function of sqlite3.Connection object at 0x0000026997059F30>, 'floor', 1, <built-in function floor>, deterministic=True) completed
2026-03-04 13:31:21,483 - aiosqlite - DEBUG - executing functools.partial(<built-in method cursor of sqlite3.Connection object at 0x0000026997059F30>)
2026-03-04 13:31:21,483 - aiosqlite - DEBUG - operation functools.partial(<built-in method cursor of sqlite3.Connection object at 0x0000026997059F30>) completed
2026-03-04 13:31:21,484 - aiosqlite - DEBUG - executing functools.partial(<built-in method execute of sqlite3.Cursor object at 0x0000026997054C40>, 'PRAGMA main.table_xinfo("products")', ())
2026-03-04 13:31:21,484 - aiosqlite - DEBUG - operation functools.partial(<built-in method execute of sqlite3.Cursor object at 0x0000026997054C40>, 'PRAGMA main.table_xinfo("products")', ()) completed
2026-03-04 13:31:21,484 - aiosqlite - DEBUG - executing functools.partial(<built-in method fetchall of sqlite3.Cursor object at 0x0000026997054C40>)
2026-03-04 13:31:21,484 - aiosqlite - DEBUG - operation functools.partial(<built-in method fetchall of sqlite3.Cursor object at 0x0000026997054C40>) completed
2026-03-04 13:31:21,485 - aiosqlite - DEBUG - executing functools.partial(<built-in method close of sqlite3.Cursor object at 0x0000026997054C40>)
2026-03-04 13:31:21,485 - aiosqlite - DEBUG - operation functools.partial(<built-in method close of sqlite3.Cursor object at 0x0000026997054C40>) completed
2026-03-04 13:31:21,485 - aiosqlite - DEBUG - executing functools.partial(<built-in method cursor of sqlite3.Connection object at 0x0000026997059F30>)
2026-03-04 13:31:21,486 - aiosqlite - DEBUG - operation functools.partial(<built-in method cursor of sqlite3.Connection object at 0x0000026997059F30>) completed
2026-03-04 13:31:21,486 - aiosqlite - DEBUG - executing functools.partial(<built-in method execute of sqlite3.Cursor object at 0x0000026997054C40>, "SELECT sql FROM  (SELECT * FROM sqlite_master UNION ALL   SELECT * FROM sqlite_temp_master) WHERE name = ? AND type in ('table', 'view')", ('products',))
2026-03-04 13:31:21,487 - aiosqlite - DEBUG - operation functools.partial(<built-in method execute of sqlite3.Cursor object at 0x0000026997054C40>, "SELECT sql FROM  (SELECT * FROM sqlite_master UNION ALL   SELECT * FROM sqlite_temp_master) WHERE name = ? AND type in ('table', 'view')", ('products',)) completed
2026-03-04 13:31:21,487 - aiosqlite - DEBUG - executing functools.partial(<built-in method fetchall of sqlite3.Cursor object at 0x0000026997054C40>)
2026-03-04 13:31:21,487 - aiosqlite - DEBUG - operation functools.partial(<built-in method fetchall of sqlite3.Cursor object at 0x0000026997054C40>) completed
2026-03-04 13:31:21,488 - aiosqlite - DEBUG - executing functools.partial(<built-in method close of sqlite3.Cursor object at 0x0000026997054C40>)
2026-03-04 13:31:21,488 - aiosqlite - DEBUG - operation functools.partial(<built-in method close of sqlite3.Cursor object at 0x0000026997054C40>) completed
2026-03-04 13:31:21,488 - aiosqlite - DEBUG - executing functools.partial(<built-in method cursor of sqlite3.Connection object at 0x0000026997059F30>)
2026-03-04 13:31:21,489 - aiosqlite - DEBUG - operation functools.partial(<built-in method cursor of sqlite3.Connection object at 0x0000026997059F30>) completed
2026-03-04 13:31:21,489 - aiosqlite - DEBUG - executing functools.partial(<built-in method execute of sqlite3.Cursor object at 0x0000026997054C40>, 'PRAGMA main.foreign_key_list("products")', ())
2026-03-04 13:31:21,489 - aiosqlite - DEBUG - operation functools.partial(<built-in method execute of sqlite3.Cursor object at 0x0000026997054C40>, 'PRAGMA main.foreign_key_list("products")', ()) completed
2026-03-04 13:31:21,489 - aiosqlite - DEBUG - executing functools.partial(<built-in method fetchall of sqlite3.Cursor object at 0x0000026997054C40>)
2026-03-04 13:31:21,489 - aiosqlite - DEBUG - operation functools.partial(<built-in method fetchall of sqlite3.Cursor object at 0x0000026997054C40>) completed
2026-03-04 13:31:21,490 - aiosqlite - DEBUG - executing functools.partial(<built-in method close of sqlite3.Cursor object at 0x0000026997054C40>)
2026-03-04 13:31:21,490 - aiosqlite - DEBUG - operation functools.partial(<built-in method close of sqlite3.Cursor object at 0x0000026997054C40>) completed
2026-03-04 13:31:21,490 - aiosqlite - DEBUG - executing functools.partial(<built-in method cursor of sqlite3.Connection object at 0x0000026997059F30>)
2026-03-04 13:31:21,490 - aiosqlite - DEBUG - operation functools.partial(<built-in method cursor of sqlite3.Connection object at 0x0000026997059F30>) completed
2026-03-04 13:31:21,491 - aiosqlite - DEBUG - executing functools.partial(<built-in method execute of sqlite3.Cursor object at 0x0000026997054C40>, 'PRAGMA temp.foreign_key_list("products")', ())
2026-03-04 13:31:21,491 - aiosqlite - DEBUG - operation functools.partial(<built-in method execute of sqlite3.Cursor object at 0x0000026997054C40>, 'PRAGMA temp.foreign_key_list("products")', ()) completed
2026-03-04 13:31:21,491 - aiosqlite - DEBUG - executing functools.partial(<built-in method fetchall of sqlite3.Cursor object at 0x0000026997054C40>)
2026-03-04 13:31:21,491 - aiosqlite - DEBUG - operation functools.partial(<built-in method fetchall of sqlite3.Cursor object at 0x0000026997054C40>) completed
2026-03-04 13:31:21,491 - aiosqlite - DEBUG - executing functools.partial(<built-in method close of sqlite3.Cursor object at 0x0000026997054C40>)
2026-03-04 13:31:21,492 - aiosqlite - DEBUG - operation functools.partial(<built-in method close of sqlite3.Cursor object at 0x0000026997054C40>) completed
2026-03-04 13:31:21,492 - aiosqlite - DEBUG - executing functools.partial(<built-in method cursor of sqlite3.Connection object at 0x0000026997059F30>)
2026-03-04 13:31:21,492 - aiosqlite - DEBUG - operation functools.partial(<built-in method cursor of sqlite3.Connection object at 0x0000026997059F30>) completed
2026-03-04 13:31:21,492 - aiosqlite - DEBUG - executing functools.partial(<built-in method execute of sqlite3.Cursor object at 0x0000026997054C40>, "SELECT sql FROM  (SELECT * FROM sqlite_master UNION ALL   SELECT * FROM sqlite_temp_master) WHERE name = ? AND type in ('table', 'view')", ('products',))
2026-03-04 13:31:21,492 - aiosqlite - DEBUG - operation functools.partial(<built-in method execute of sqlite3.Cursor object at 0x0000026997054C40>, "SELECT sql FROM  (SELECT * FROM sqlite_master UNION ALL   SELECT * FROM sqlite_temp_master) WHERE name = ? AND type in ('table', 'view')", ('products',)) completed
2026-03-04 13:31:21,492 - aiosqlite - DEBUG - executing functools.partial(<built-in method fetchall of sqlite3.Cursor object at 0x0000026997054C40>)
2026-03-04 13:31:21,492 - aiosqlite - DEBUG - operation functools.partial(<built-in method fetchall of sqlite3.Cursor object at 0x0000026997054C40>) completed
2026-03-04 13:31:21,492 - aiosqlite - DEBUG - executing functools.partial(<built-in method close of sqlite3.Cursor object at 0x0000026997054C40>)
2026-03-04 13:31:21,492 - aiosqlite - DEBUG - operation functools.partial(<built-in method close of sqlite3.Cursor object at 0x0000026997054C40>) completed
2026-03-04 13:31:21,496 - aiosqlite - DEBUG - executing functools.partial(<built-in method cursor of sqlite3.Connection object at 0x0000026997059F30>)
2026-03-04 13:31:21,496 - aiosqlite - DEBUG - operation functools.partial(<built-in method cursor of sqlite3.Connection object at 0x0000026997059F30>) completed
2026-03-04 13:31:21,496 - aiosqlite - DEBUG - executing functools.partial(<built-in method execute of sqlite3.Cursor object at 0x0000026997054C40>, 'PRAGMA main.index_list("products")', ())
2026-03-04 13:31:21,496 - aiosqlite - DEBUG - operation functools.partial(<built-in method execute of sqlite3.Cursor object at 0x0000026997054C40>, 'PRAGMA main.index_list("products")', ()) completed
2026-03-04 13:31:21,496 - aiosqlite - DEBUG - executing functools.partial(<built-in method fetchall of sqlite3.Cursor object at 0x0000026997054C40>)
2026-03-04 13:31:21,497 - aiosqlite - DEBUG - operation functools.partial(<built-in method fetchall of sqlite3.Cursor object at 0x0000026997054C40>) completed
2026-03-04 13:31:21,497 - aiosqlite - DEBUG - executing functools.partial(<built-in method close of sqlite3.Cursor object at 0x0000026997054C40>)
2026-03-04 13:31:21,497 - aiosqlite - DEBUG - operation functools.partial(<built-in method close of sqlite3.Cursor object at 0x0000026997054C40>) completed
2026-03-04 13:31:21,498 - aiosqlite - DEBUG - executing functools.partial(<built-in method cursor of sqlite3.Connection object at 0x0000026997059F30>)
2026-03-04 13:31:21,498 - aiosqlite - DEBUG - operation functools.partial(<built-in method cursor of sqlite3.Connection object at 0x0000026997059F30>) completed
2026-03-04 13:31:21,498 - aiosqlite - DEBUG - executing functools.partial(<built-in method execute of sqlite3.Cursor object at 0x0000026997054C40>, 'PRAGMA main.index_info("ix_products_id")', ())
2026-03-04 13:31:21,498 - aiosqlite - DEBUG - operation functools.partial(<built-in method execute of sqlite3.Cursor object at 0x0000026997054C40>, 'PRAGMA main.index_info("ix_products_id")', ()) completed
2026-03-04 13:31:21,498 - aiosqlite - DEBUG - executing functools.partial(<built-in method fetchall of sqlite3.Cursor object at 0x0000026997054C40>)
2026-03-04 13:31:21,499 - aiosqlite - DEBUG - operation functools.partial(<built-in method fetchall of sqlite3.Cursor object at 0x0000026997054C40>) completed
2026-03-04 13:31:21,499 - aiosqlite - DEBUG - executing functools.partial(<built-in method close of sqlite3.Cursor object at 0x0000026997054C40>)
2026-03-04 13:31:21,499 - aiosqlite - DEBUG - operation functools.partial(<built-in method close of sqlite3.Cursor object at 0x0000026997054C40>) completed
2026-03-04 13:31:21,500 - aiosqlite - DEBUG - executing functools.partial(<built-in method cursor of sqlite3.Connection object at 0x0000026997059F30>)
2026-03-04 13:31:21,500 - aiosqlite - DEBUG - operation functools.partial(<built-in method cursor of sqlite3.Connection object at 0x0000026997059F30>) completed
2026-03-04 13:31:21,501 - aiosqlite - DEBUG - executing functools.partial(<built-in method execute of sqlite3.Cursor object at 0x0000026997054C40>, 'PRAGMA main.index_list("products")', ())
2026-03-04 13:31:21,501 - aiosqlite - DEBUG - operation functools.partial(<built-in method execute of sqlite3.Cursor object at 0x0000026997054C40>, 'PRAGMA main.index_list("products")', ()) completed
2026-03-04 13:31:21,501 - aiosqlite - DEBUG - executing functools.partial(<built-in method fetchall of sqlite3.Cursor object at 0x0000026997054C40>)
2026-03-04 13:31:21,502 - aiosqlite - DEBUG - operation functools.partial(<built-in method fetchall of sqlite3.Cursor object at 0x0000026997054C40>) completed
2026-03-04 13:31:21,502 - aiosqlite - DEBUG - executing functools.partial(<built-in method close of sqlite3.Cursor object at 0x0000026997054C40>)
2026-03-04 13:31:21,502 - aiosqlite - DEBUG - operation functools.partial(<built-in method close of sqlite3.Cursor object at 0x0000026997054C40>) completed
2026-03-04 13:31:21,502 - aiosqlite - DEBUG - executing functools.partial(<built-in method cursor of sqlite3.Connection object at 0x0000026997059F30>)
2026-03-04 13:31:21,503 - aiosqlite - DEBUG - operation functools.partial(<built-in method cursor of sqlite3.Connection object at 0x0000026997059F30>) completed
2026-03-04 13:31:21,503 - aiosqlite - DEBUG - executing functools.partial(<built-in method execute of sqlite3.Cursor object at 0x0000026997054C40>, 'PRAGMA main.index_info("ix_products_id")', ())
2026-03-04 13:31:21,503 - aiosqlite - DEBUG - operation functools.partial(<built-in method execute of sqlite3.Cursor object at 0x0000026997054C40>, 'PRAGMA main.index_info("ix_products_id")', ()) completed
2026-03-04 13:31:21,503 - aiosqlite - DEBUG - executing functools.partial(<built-in method fetchall of sqlite3.Cursor object at 0x0000026997054C40>)
2026-03-04 13:31:21,504 - aiosqlite - DEBUG - operation functools.partial(<built-in method fetchall of sqlite3.Cursor object at 0x0000026997054C40>) completed
2026-03-04 13:31:21,504 - aiosqlite - DEBUG - executing functools.partial(<built-in method close of sqlite3.Cursor object at 0x0000026997054C40>)
2026-03-04 13:31:21,504 - aiosqlite - DEBUG - operation functools.partial(<built-in method close of sqlite3.Cursor object at 0x0000026997054C40>) completed
2026-03-04 13:31:21,504 - aiosqlite - DEBUG - executing functools.partial(<built-in method cursor of sqlite3.Connection object at 0x0000026997059F30>)
2026-03-04 13:31:21,505 - aiosqlite - DEBUG - operation functools.partial(<built-in method cursor of sqlite3.Connection object at 0x0000026997059F30>) completed
2026-03-04 13:31:21,505 - aiosqlite - DEBUG - executing functools.partial(<built-in method execute of sqlite3.Cursor object at 0x0000026997054C40>, "SELECT sql FROM  (SELECT * FROM sqlite_master UNION ALL   SELECT * FROM sqlite_temp_master) WHERE name = ? AND type in ('table', 'view')", ('products',))
2026-03-04 13:31:21,505 - aiosqlite - DEBUG - operation functools.partial(<built-in method execute of sqlite3.Cursor object at 0x0000026997054C40>, "SELECT sql FROM  (SELECT * FROM sqlite_master UNION ALL   SELECT * FROM sqlite_temp_master) WHERE name = ? AND type in ('table', 'view')", ('products',)) completed
2026-03-04 13:31:21,505 - aiosqlite - DEBUG - executing functools.partial(<built-in method fetchall of sqlite3.Cursor object at 0x0000026997054C40>)
2026-03-04 13:31:21,505 - aiosqlite - DEBUG - operation functools.partial(<built-in method fetchall of sqlite3.Cursor object at 0x0000026997054C40>) completed
2026-03-04 13:31:21,506 - aiosqlite - DEBUG - executing functools.partial(<built-in method close of sqlite3.Cursor object at 0x0000026997054C40>)
2026-03-04 13:31:21,506 - aiosqlite - DEBUG - operation functools.partial(<built-in method close of sqlite3.Cursor object at 0x0000026997054C40>) completed
2026-03-04 13:31:21,509 - aiosqlite - DEBUG - executing functools.partial(<built-in method cursor of sqlite3.Connection object at 0x0000026997059F30>)
2026-03-04 13:31:21,509 - aiosqlite - DEBUG - operation functools.partial(<built-in method cursor of sqlite3.Connection object at 0x0000026997059F30>) completed
2026-03-04 13:31:21,509 - aiosqlite - DEBUG - executing functools.partial(<built-in method execute of sqlite3.Cursor object at 0x0000026996FABD40>, 'SELECT count(*) AS count_1 \nFROM products', ())
2026-03-04 13:31:21,510 - aiosqlite - DEBUG - operation functools.partial(<built-in method execute of sqlite3.Cursor object at 0x0000026996FABD40>, 'SELECT count(*) AS count_1 \nFROM products', ()) completed
2026-03-04 13:31:21,510 - aiosqlite - DEBUG - executing functools.partial(<built-in method fetchall of sqlite3.Cursor object at 0x0000026996FABD40>)
2026-03-04 13:31:21,510 - aiosqlite - DEBUG - operation functools.partial(<built-in method fetchall of sqlite3.Cursor object at 0x0000026996FABD40>) completed
2026-03-04 13:31:21,510 - aiosqlite - DEBUG - executing functools.partial(<built-in method close of sqlite3.Cursor object at 0x0000026996FABD40>)
2026-03-04 13:31:21,511 - aiosqlite - DEBUG - operation functools.partial(<built-in method close of sqlite3.Cursor object at 0x0000026996FABD40>) completed
2026-03-04 13:31:21,511 - services.mock_data - INFO - Table products already has 8 rows; skipping mock insert
2026-03-04 13:31:21,511 - aiosqlite - DEBUG - executing functools.partial(<built-in method commit of sqlite3.Connection object at 0x0000026997059F30>)
2026-03-04 13:31:21,511 - aiosqlite - DEBUG - operation functools.partial(<built-in method commit of sqlite3.Connection object at 0x0000026997059F30>) completed
2026-03-04 13:31:21,512 - aiosqlite - DEBUG - executing functools.partial(<built-in method rollback of sqlite3.Connection object at 0x0000026997059F30>)
2026-03-04 13:31:21,512 - aiosqlite - DEBUG - operation functools.partial(<built-in method rollback of sqlite3.Connection object at 0x0000026997059F30>) completed
2026-03-04 13:31:21,512 - aiosqlite - DEBUG - executing functools.partial(<built-in method close of sqlite3.Connection object at 0x0000026997059F30>)
2026-03-04 13:31:21,512 - aiosqlite - DEBUG - operation functools.partial(<built-in method close of sqlite3.Connection object at 0x0000026997059F30>) completed
2026-03-04 13:31:21,513 - services.database - DEBUG - [DB_OP] Starting database initialization
2026-03-04 13:31:21,514 - services.database - INFO - 🔧 Starting database initialization...
2026-03-04 13:31:21,514 - core.database - INFO - Starting database initialization...
2026-03-04 13:31:21,514 - core.database - INFO - Database already initialized
2026-03-04 13:31:21,514 - services.database - INFO - 🔧 Database connection initialized, now creating tables if tables not exist...
2026-03-04 13:31:21,514 - core.database - DEBUG - [DB_OP] Starting create_tables
2026-03-04 13:31:21,514 - core.database - INFO - Tables already initialized
2026-03-04 13:31:21,514 - services.database - INFO - 🔧 Table creation completed
2026-03-04 13:31:21,515 - services.database - INFO - Database initialized successfully
2026-03-04 13:31:21,515 - services.database - DEBUG - [DB_OP] Database initialization completed in 0.0015s
2026-03-04 13:31:21,515 - services.auth - WARNING - Admin user ID or email not configured, skipping admin initialization
2026-03-04 13:31:21,515 - main - INFO - === Application startup completed successfully ===
2026-03-04 13:31:57,382 - services.database - DEBUG - [DB_OP] Starting database close
2026-03-04 13:31:57,382 - core.database - INFO - Database connection closed and engine disposed
2026-03-04 13:31:57,382 - services.database - INFO - Database connections closed
2026-03-04 13:31:57,382 - services.database - DEBUG - [DB_OP] Database close completed in 0.0000s
