2026-03-03 17:39:29,095 - main - INFO - === Logging system initialized ===
2026-03-03 17:39:29,095 - main - INFO - Log file: logs/app_20260303_173929.log
2026-03-03 17:39:29,095 - main - INFO - Log level: INFO
2026-03-03 17:39:29,095 - main - INFO - Timestamp: 20260303_173929
2026-03-03 17:39:29,585 - main - INFO - Included router: routers.aihub.router
2026-03-03 17:39:29,634 - passlib.utils.compat - DEBUG - loaded lazy attr 'SafeConfigParser': <class 'configparser.ConfigParser'>
2026-03-03 17:39:29,634 - passlib.utils.compat - DEBUG - loaded lazy attr 'NativeStringIO': <class '_io.StringIO'>
2026-03-03 17:39:29,634 - passlib.utils.compat - DEBUG - loaded lazy attr 'BytesIO': <class '_io.BytesIO'>
2026-03-03 17:39:29,642 - passlib.registry - DEBUG - registered 'bcrypt' handler: <class 'passlib.handlers.bcrypt.bcrypt'>
2026-03-03 17:39:29,650 - main - INFO - Included router: routers.auth.router
2026-03-03 17:39:29,650 - main - INFO - Included router: routers.health.router
2026-03-03 17:39:29,658 - main - INFO - Included router: routers.orders.router
2026-03-03 17:39:29,735 - main - INFO - Included router: routers.products.router
2026-03-03 17:39:29,755 - main - WARNING - Failed to import module 'routers.settings': cannot import name 'get_admin_user' from 'dependencies.auth' (D:\ASM1\backend\dependencies\auth.py)
2026-03-03 17:39:29,755 - main - WARNING - Failed to import module 'routers.storage': cannot import name 'get_admin_user' from 'dependencies.auth' (D:\ASM1\backend\dependencies\auth.py)
2026-03-03 17:39:29,765 - main - INFO - Included router: routers.user.router
2026-03-03 17:39:29,765 - main - INFO - === Application startup initiated ===
2026-03-03 17:39:29,765 - services.database - DEBUG - [DB_OP] Starting database initialization
2026-03-03 17:39:29,765 - services.database - INFO - 🔧 Starting database initialization...
2026-03-03 17:39:29,765 - core.database - INFO - Starting database initialization...
2026-03-03 17:39:29,775 - core.database - INFO - Normalizing database URL for async compatibility...
2026-03-03 17:39:29,775 - core.database - DEBUG - Database exists:./test.db
2026-03-03 17:39:29,775 - core.database - WARNING - Adjusted database URL driver for async compatibility
2026-03-03 17:39:29,775 - core.database - INFO - Creating async database engine...
2026-03-03 17:39:29,775 - core.database - INFO - Using NullPool for sqlite+aiosqlite environment
2026-03-03 17:39:29,805 - core.database - INFO - Database engine created successfully
2026-03-03 17:39:29,805 - core.database - INFO - Creating async session maker...
2026-03-03 17:39:29,805 - core.database - INFO - Async session maker created successfully
2026-03-03 17:39:29,805 - core.database - INFO - Database connection initialized successfully
2026-03-03 17:39:29,805 - services.database - INFO - 🔧 Database connection initialized, now creating tables if tables not exist...
2026-03-03 17:39:29,805 - core.database - DEBUG - [DB_OP] Starting create_tables
2026-03-03 17:39:29,805 - core.database - INFO - 🔧 Starting table creation...
2026-03-03 17:39:29,805 - aiosqlite - DEBUG - executing <function connect.<locals>.connector at 0x000002226C808D60>
2026-03-03 17:39:29,814 - aiosqlite - DEBUG - operation <function connect.<locals>.connector at 0x000002226C808D60> completed
2026-03-03 17:39:29,814 - aiosqlite - DEBUG - executing functools.partial(<built-in method create_function of sqlite3.Connection object at 0x000002226C7E16C0>, 'regexp', 2, <function SQLiteDialect_pysqlite.on_connect.<locals>.regexp at 0x000002226C7DBF60>, deterministic=True)
2026-03-03 17:39:29,815 - aiosqlite - DEBUG - operation functools.partial(<built-in method create_function of sqlite3.Connection object at 0x000002226C7E16C0>, 'regexp', 2, <function SQLiteDialect_pysqlite.on_connect.<locals>.regexp at 0x000002226C7DBF60>, deterministic=True) completed
2026-03-03 17:39:29,815 - aiosqlite - DEBUG - executing functools.partial(<built-in method create_function of sqlite3.Connection object at 0x000002226C7E16C0>, 'floor', 1, <built-in function floor>, deterministic=True)
2026-03-03 17:39:29,815 - aiosqlite - DEBUG - operation functools.partial(<built-in method create_function of sqlite3.Connection object at 0x000002226C7E16C0>, 'floor', 1, <built-in function floor>, deterministic=True) completed
2026-03-03 17:39:29,815 - aiosqlite - DEBUG - executing functools.partial(<built-in method cursor of sqlite3.Connection object at 0x000002226C7E16C0>)
2026-03-03 17:39:29,815 - aiosqlite - DEBUG - operation functools.partial(<built-in method cursor of sqlite3.Connection object at 0x000002226C7E16C0>) completed
2026-03-03 17:39:29,815 - aiosqlite - DEBUG - executing functools.partial(<built-in method execute of sqlite3.Cursor object at 0x000002226C78FC40>, 'PRAGMA read_uncommitted', [])
2026-03-03 17:39:29,815 - aiosqlite - DEBUG - operation functools.partial(<built-in method execute of sqlite3.Cursor object at 0x000002226C78FC40>, 'PRAGMA read_uncommitted', []) completed
2026-03-03 17:39:29,815 - aiosqlite - DEBUG - executing functools.partial(<built-in method fetchall of sqlite3.Cursor object at 0x000002226C78FC40>)
2026-03-03 17:39:29,815 - aiosqlite - DEBUG - operation functools.partial(<built-in method fetchall of sqlite3.Cursor object at 0x000002226C78FC40>) completed
2026-03-03 17:39:29,815 - aiosqlite - DEBUG - executing functools.partial(<built-in method close of sqlite3.Cursor object at 0x000002226C78FC40>)
2026-03-03 17:39:29,815 - aiosqlite - DEBUG - operation functools.partial(<built-in method close of sqlite3.Cursor object at 0x000002226C78FC40>) completed
2026-03-03 17:39:29,815 - aiosqlite - DEBUG - executing functools.partial(<built-in method rollback of sqlite3.Connection object at 0x000002226C7E16C0>)
2026-03-03 17:39:29,815 - aiosqlite - DEBUG - operation functools.partial(<built-in method rollback of sqlite3.Connection object at 0x000002226C7E16C0>) completed
2026-03-03 17:39:29,815 - aiosqlite - DEBUG - executing functools.partial(<built-in method cursor of sqlite3.Connection object at 0x000002226C7E16C0>)
2026-03-03 17:39:29,815 - aiosqlite - DEBUG - operation functools.partial(<built-in method cursor of sqlite3.Connection object at 0x000002226C7E16C0>) completed
2026-03-03 17:39:29,815 - aiosqlite - DEBUG - executing functools.partial(<built-in method execute of sqlite3.Cursor object at 0x000002226C78FD40>, 'PRAGMA main.table_info("users")', ())
2026-03-03 17:39:29,815 - aiosqlite - DEBUG - operation functools.partial(<built-in method execute of sqlite3.Cursor object at 0x000002226C78FD40>, 'PRAGMA main.table_info("users")', ()) completed
2026-03-03 17:39:29,815 - aiosqlite - DEBUG - executing functools.partial(<built-in method fetchall of sqlite3.Cursor object at 0x000002226C78FD40>)
2026-03-03 17:39:29,815 - aiosqlite - DEBUG - operation functools.partial(<built-in method fetchall of sqlite3.Cursor object at 0x000002226C78FD40>) completed
2026-03-03 17:39:29,815 - aiosqlite - DEBUG - executing functools.partial(<built-in method close of sqlite3.Cursor object at 0x000002226C78FD40>)
2026-03-03 17:39:29,815 - aiosqlite - DEBUG - operation functools.partial(<built-in method close of sqlite3.Cursor object at 0x000002226C78FD40>) completed
2026-03-03 17:39:29,824 - aiosqlite - DEBUG - executing functools.partial(<built-in method cursor of sqlite3.Connection object at 0x000002226C7E16C0>)
2026-03-03 17:39:29,825 - aiosqlite - DEBUG - operation functools.partial(<built-in method cursor of sqlite3.Connection object at 0x000002226C7E16C0>) completed
2026-03-03 17:39:29,825 - aiosqlite - DEBUG - executing functools.partial(<built-in method execute of sqlite3.Cursor object at 0x000002226C78FD40>, 'PRAGMA main.table_info("oidc_states")', ())
2026-03-03 17:39:29,825 - aiosqlite - DEBUG - operation functools.partial(<built-in method execute of sqlite3.Cursor object at 0x000002226C78FD40>, 'PRAGMA main.table_info("oidc_states")', ()) completed
2026-03-03 17:39:29,825 - aiosqlite - DEBUG - executing functools.partial(<built-in method fetchall of sqlite3.Cursor object at 0x000002226C78FD40>)
2026-03-03 17:39:29,825 - aiosqlite - DEBUG - operation functools.partial(<built-in method fetchall of sqlite3.Cursor object at 0x000002226C78FD40>) completed
2026-03-03 17:39:29,825 - aiosqlite - DEBUG - executing functools.partial(<built-in method close of sqlite3.Cursor object at 0x000002226C78FD40>)
2026-03-03 17:39:29,825 - aiosqlite - DEBUG - operation functools.partial(<built-in method close of sqlite3.Cursor object at 0x000002226C78FD40>) completed
2026-03-03 17:39:29,825 - aiosqlite - DEBUG - executing functools.partial(<built-in method cursor of sqlite3.Connection object at 0x000002226C7E16C0>)
2026-03-03 17:39:29,825 - aiosqlite - DEBUG - operation functools.partial(<built-in method cursor of sqlite3.Connection object at 0x000002226C7E16C0>) completed
2026-03-03 17:39:29,825 - aiosqlite - DEBUG - executing functools.partial(<built-in method execute of sqlite3.Cursor object at 0x000002226C78FD40>, 'PRAGMA main.table_info("orders")', ())
2026-03-03 17:39:29,825 - aiosqlite - DEBUG - operation functools.partial(<built-in method execute of sqlite3.Cursor object at 0x000002226C78FD40>, 'PRAGMA main.table_info("orders")', ()) completed
2026-03-03 17:39:29,825 - aiosqlite - DEBUG - executing functools.partial(<built-in method fetchall of sqlite3.Cursor object at 0x000002226C78FD40>)
2026-03-03 17:39:29,825 - aiosqlite - DEBUG - operation functools.partial(<built-in method fetchall of sqlite3.Cursor object at 0x000002226C78FD40>) completed
2026-03-03 17:39:29,825 - aiosqlite - DEBUG - executing functools.partial(<built-in method close of sqlite3.Cursor object at 0x000002226C78FD40>)
2026-03-03 17:39:29,825 - aiosqlite - DEBUG - operation functools.partial(<built-in method close of sqlite3.Cursor object at 0x000002226C78FD40>) completed
2026-03-03 17:39:29,825 - aiosqlite - DEBUG - executing functools.partial(<built-in method cursor of sqlite3.Connection object at 0x000002226C7E16C0>)
2026-03-03 17:39:29,825 - aiosqlite - DEBUG - operation functools.partial(<built-in method cursor of sqlite3.Connection object at 0x000002226C7E16C0>) completed
2026-03-03 17:39:29,825 - aiosqlite - DEBUG - executing functools.partial(<built-in method execute of sqlite3.Cursor object at 0x000002226C78FD40>, 'PRAGMA main.table_info("products")', ())
2026-03-03 17:39:29,825 - aiosqlite - DEBUG - operation functools.partial(<built-in method execute of sqlite3.Cursor object at 0x000002226C78FD40>, 'PRAGMA main.table_info("products")', ()) completed
2026-03-03 17:39:29,825 - aiosqlite - DEBUG - executing functools.partial(<built-in method fetchall of sqlite3.Cursor object at 0x000002226C78FD40>)
2026-03-03 17:39:29,834 - aiosqlite - DEBUG - operation functools.partial(<built-in method fetchall of sqlite3.Cursor object at 0x000002226C78FD40>) completed
2026-03-03 17:39:29,834 - aiosqlite - DEBUG - executing functools.partial(<built-in method close of sqlite3.Cursor object at 0x000002226C78FD40>)
2026-03-03 17:39:29,835 - aiosqlite - DEBUG - operation functools.partial(<built-in method close of sqlite3.Cursor object at 0x000002226C78FD40>) completed
2026-03-03 17:39:29,835 - core.database - INFO - Tables initialized successfully
2026-03-03 17:39:29,835 - core.database - DEBUG - [DB_OP] Create tables completed in 0.0298s
2026-03-03 17:39:29,835 - aiosqlite - DEBUG - executing functools.partial(<built-in method commit of sqlite3.Connection object at 0x000002226C7E16C0>)
2026-03-03 17:39:29,835 - aiosqlite - DEBUG - operation functools.partial(<built-in method commit of sqlite3.Connection object at 0x000002226C7E16C0>) completed
2026-03-03 17:39:29,835 - aiosqlite - DEBUG - executing functools.partial(<built-in method rollback of sqlite3.Connection object at 0x000002226C7E16C0>)
2026-03-03 17:39:29,835 - aiosqlite - DEBUG - operation functools.partial(<built-in method rollback of sqlite3.Connection object at 0x000002226C7E16C0>) completed
2026-03-03 17:39:29,835 - aiosqlite - DEBUG - executing functools.partial(<built-in method close of sqlite3.Connection object at 0x000002226C7E16C0>)
2026-03-03 17:39:29,835 - aiosqlite - DEBUG - operation functools.partial(<built-in method close of sqlite3.Connection object at 0x000002226C7E16C0>) completed
2026-03-03 17:39:29,835 - services.database - INFO - 🔧 Table creation completed
2026-03-03 17:39:29,835 - services.database - INFO - Database initialized successfully
2026-03-03 17:39:29,835 - services.database - DEBUG - [DB_OP] Database initialization completed in 0.0701s
2026-03-03 17:39:29,835 - services.mock_data - INFO - Processing mock data file products.json for table products
2026-03-03 17:39:29,835 - aiosqlite - DEBUG - executing <function connect.<locals>.connector at 0x000002226C808E00>
2026-03-03 17:39:29,835 - aiosqlite - DEBUG - operation <function connect.<locals>.connector at 0x000002226C808E00> completed
2026-03-03 17:39:29,835 - aiosqlite - DEBUG - executing functools.partial(<built-in method create_function of sqlite3.Connection object at 0x000002226C7E17B0>, 'regexp', 2, <function SQLiteDialect_pysqlite.on_connect.<locals>.regexp at 0x000002226C7DBF60>, deterministic=True)
2026-03-03 17:39:29,835 - aiosqlite - DEBUG - operation functools.partial(<built-in method create_function of sqlite3.Connection object at 0x000002226C7E17B0>, 'regexp', 2, <function SQLiteDialect_pysqlite.on_connect.<locals>.regexp at 0x000002226C7DBF60>, deterministic=True) completed
2026-03-03 17:39:29,835 - aiosqlite - DEBUG - executing functools.partial(<built-in method create_function of sqlite3.Connection object at 0x000002226C7E17B0>, 'floor', 1, <built-in function floor>, deterministic=True)
2026-03-03 17:39:29,835 - aiosqlite - DEBUG - operation functools.partial(<built-in method create_function of sqlite3.Connection object at 0x000002226C7E17B0>, 'floor', 1, <built-in function floor>, deterministic=True) completed
2026-03-03 17:39:29,835 - aiosqlite - DEBUG - executing functools.partial(<built-in method cursor of sqlite3.Connection object at 0x000002226C7E17B0>)
2026-03-03 17:39:29,835 - aiosqlite - DEBUG - operation functools.partial(<built-in method cursor of sqlite3.Connection object at 0x000002226C7E17B0>) completed
2026-03-03 17:39:29,844 - aiosqlite - DEBUG - executing functools.partial(<built-in method execute of sqlite3.Cursor object at 0x000002226C8141C0>, 'PRAGMA main.table_xinfo("products")', ())
2026-03-03 17:39:29,845 - aiosqlite - DEBUG - operation functools.partial(<built-in method execute of sqlite3.Cursor object at 0x000002226C8141C0>, 'PRAGMA main.table_xinfo("products")', ()) completed
2026-03-03 17:39:29,845 - aiosqlite - DEBUG - executing functools.partial(<built-in method fetchall of sqlite3.Cursor object at 0x000002226C8141C0>)
2026-03-03 17:39:29,845 - aiosqlite - DEBUG - operation functools.partial(<built-in method fetchall of sqlite3.Cursor object at 0x000002226C8141C0>) completed
2026-03-03 17:39:29,845 - aiosqlite - DEBUG - executing functools.partial(<built-in method close of sqlite3.Cursor object at 0x000002226C8141C0>)
2026-03-03 17:39:29,845 - aiosqlite - DEBUG - operation functools.partial(<built-in method close of sqlite3.Cursor object at 0x000002226C8141C0>) completed
2026-03-03 17:39:29,845 - aiosqlite - DEBUG - executing functools.partial(<built-in method cursor of sqlite3.Connection object at 0x000002226C7E17B0>)
2026-03-03 17:39:29,845 - aiosqlite - DEBUG - operation functools.partial(<built-in method cursor of sqlite3.Connection object at 0x000002226C7E17B0>) completed
2026-03-03 17:39:29,845 - aiosqlite - DEBUG - executing functools.partial(<built-in method execute of sqlite3.Cursor object at 0x000002226C8141C0>, "SELECT sql FROM  (SELECT * FROM sqlite_master UNION ALL   SELECT * FROM sqlite_temp_master) WHERE name = ? AND type in ('table', 'view')", ('products',))
2026-03-03 17:39:29,845 - aiosqlite - DEBUG - operation functools.partial(<built-in method execute of sqlite3.Cursor object at 0x000002226C8141C0>, "SELECT sql FROM  (SELECT * FROM sqlite_master UNION ALL   SELECT * FROM sqlite_temp_master) WHERE name = ? AND type in ('table', 'view')", ('products',)) completed
2026-03-03 17:39:29,845 - aiosqlite - DEBUG - executing functools.partial(<built-in method fetchall of sqlite3.Cursor object at 0x000002226C8141C0>)
2026-03-03 17:39:29,845 - aiosqlite - DEBUG - operation functools.partial(<built-in method fetchall of sqlite3.Cursor object at 0x000002226C8141C0>) completed
2026-03-03 17:39:29,845 - aiosqlite - DEBUG - executing functools.partial(<built-in method close of sqlite3.Cursor object at 0x000002226C8141C0>)
2026-03-03 17:39:29,845 - aiosqlite - DEBUG - operation functools.partial(<built-in method close of sqlite3.Cursor object at 0x000002226C8141C0>) completed
2026-03-03 17:39:29,845 - aiosqlite - DEBUG - executing functools.partial(<built-in method cursor of sqlite3.Connection object at 0x000002226C7E17B0>)
2026-03-03 17:39:29,845 - aiosqlite - DEBUG - operation functools.partial(<built-in method cursor of sqlite3.Connection object at 0x000002226C7E17B0>) completed
2026-03-03 17:39:29,845 - aiosqlite - DEBUG - executing functools.partial(<built-in method execute of sqlite3.Cursor object at 0x000002226C8141C0>, 'PRAGMA main.foreign_key_list("products")', ())
2026-03-03 17:39:29,845 - aiosqlite - DEBUG - operation functools.partial(<built-in method execute of sqlite3.Cursor object at 0x000002226C8141C0>, 'PRAGMA main.foreign_key_list("products")', ()) completed
2026-03-03 17:39:29,845 - aiosqlite - DEBUG - executing functools.partial(<built-in method fetchall of sqlite3.Cursor object at 0x000002226C8141C0>)
2026-03-03 17:39:29,845 - aiosqlite - DEBUG - operation functools.partial(<built-in method fetchall of sqlite3.Cursor object at 0x000002226C8141C0>) completed
2026-03-03 17:39:29,845 - aiosqlite - DEBUG - executing functools.partial(<built-in method close of sqlite3.Cursor object at 0x000002226C8141C0>)
2026-03-03 17:39:29,845 - aiosqlite - DEBUG - operation functools.partial(<built-in method close of sqlite3.Cursor object at 0x000002226C8141C0>) completed
2026-03-03 17:39:29,845 - aiosqlite - DEBUG - executing functools.partial(<built-in method cursor of sqlite3.Connection object at 0x000002226C7E17B0>)
2026-03-03 17:39:29,845 - aiosqlite - DEBUG - operation functools.partial(<built-in method cursor of sqlite3.Connection object at 0x000002226C7E17B0>) completed
2026-03-03 17:39:29,854 - aiosqlite - DEBUG - executing functools.partial(<built-in method execute of sqlite3.Cursor object at 0x000002226C8141C0>, 'PRAGMA temp.foreign_key_list("products")', ())
2026-03-03 17:39:29,855 - aiosqlite - DEBUG - operation functools.partial(<built-in method execute of sqlite3.Cursor object at 0x000002226C8141C0>, 'PRAGMA temp.foreign_key_list("products")', ()) completed
2026-03-03 17:39:29,855 - aiosqlite - DEBUG - executing functools.partial(<built-in method fetchall of sqlite3.Cursor object at 0x000002226C8141C0>)
2026-03-03 17:39:29,855 - aiosqlite - DEBUG - operation functools.partial(<built-in method fetchall of sqlite3.Cursor object at 0x000002226C8141C0>) completed
2026-03-03 17:39:29,856 - aiosqlite - DEBUG - executing functools.partial(<built-in method close of sqlite3.Cursor object at 0x000002226C8141C0>)
2026-03-03 17:39:29,856 - aiosqlite - DEBUG - operation functools.partial(<built-in method close of sqlite3.Cursor object at 0x000002226C8141C0>) completed
2026-03-03 17:39:29,856 - aiosqlite - DEBUG - executing functools.partial(<built-in method cursor of sqlite3.Connection object at 0x000002226C7E17B0>)
2026-03-03 17:39:29,856 - aiosqlite - DEBUG - operation functools.partial(<built-in method cursor of sqlite3.Connection object at 0x000002226C7E17B0>) completed
2026-03-03 17:39:29,856 - aiosqlite - DEBUG - executing functools.partial(<built-in method execute of sqlite3.Cursor object at 0x000002226C8141C0>, "SELECT sql FROM  (SELECT * FROM sqlite_master UNION ALL   SELECT * FROM sqlite_temp_master) WHERE name = ? AND type in ('table', 'view')", ('products',))
2026-03-03 17:39:29,856 - aiosqlite - DEBUG - operation functools.partial(<built-in method execute of sqlite3.Cursor object at 0x000002226C8141C0>, "SELECT sql FROM  (SELECT * FROM sqlite_master UNION ALL   SELECT * FROM sqlite_temp_master) WHERE name = ? AND type in ('table', 'view')", ('products',)) completed
2026-03-03 17:39:29,856 - aiosqlite - DEBUG - executing functools.partial(<built-in method fetchall of sqlite3.Cursor object at 0x000002226C8141C0>)
2026-03-03 17:39:29,856 - aiosqlite - DEBUG - operation functools.partial(<built-in method fetchall of sqlite3.Cursor object at 0x000002226C8141C0>) completed
2026-03-03 17:39:29,856 - aiosqlite - DEBUG - executing functools.partial(<built-in method close of sqlite3.Cursor object at 0x000002226C8141C0>)
2026-03-03 17:39:29,856 - aiosqlite - DEBUG - operation functools.partial(<built-in method close of sqlite3.Cursor object at 0x000002226C8141C0>) completed
2026-03-03 17:39:29,856 - aiosqlite - DEBUG - executing functools.partial(<built-in method cursor of sqlite3.Connection object at 0x000002226C7E17B0>)
2026-03-03 17:39:29,856 - aiosqlite - DEBUG - operation functools.partial(<built-in method cursor of sqlite3.Connection object at 0x000002226C7E17B0>) completed
2026-03-03 17:39:29,856 - aiosqlite - DEBUG - executing functools.partial(<built-in method execute of sqlite3.Cursor object at 0x000002226C8141C0>, 'PRAGMA main.index_list("products")', ())
2026-03-03 17:39:29,856 - aiosqlite - DEBUG - operation functools.partial(<built-in method execute of sqlite3.Cursor object at 0x000002226C8141C0>, 'PRAGMA main.index_list("products")', ()) completed
2026-03-03 17:39:29,856 - aiosqlite - DEBUG - executing functools.partial(<built-in method fetchall of sqlite3.Cursor object at 0x000002226C8141C0>)
2026-03-03 17:39:29,856 - aiosqlite - DEBUG - operation functools.partial(<built-in method fetchall of sqlite3.Cursor object at 0x000002226C8141C0>) completed
2026-03-03 17:39:29,864 - aiosqlite - DEBUG - executing functools.partial(<built-in method close of sqlite3.Cursor object at 0x000002226C8141C0>)
2026-03-03 17:39:29,864 - aiosqlite - DEBUG - operation functools.partial(<built-in method close of sqlite3.Cursor object at 0x000002226C8141C0>) completed
2026-03-03 17:39:29,864 - aiosqlite - DEBUG - executing functools.partial(<built-in method cursor of sqlite3.Connection object at 0x000002226C7E17B0>)
2026-03-03 17:39:29,864 - aiosqlite - DEBUG - operation functools.partial(<built-in method cursor of sqlite3.Connection object at 0x000002226C7E17B0>) completed
2026-03-03 17:39:29,864 - aiosqlite - DEBUG - executing functools.partial(<built-in method execute of sqlite3.Cursor object at 0x000002226C8141C0>, 'PRAGMA main.index_info("ix_products_id")', ())
2026-03-03 17:39:29,864 - aiosqlite - DEBUG - operation functools.partial(<built-in method execute of sqlite3.Cursor object at 0x000002226C8141C0>, 'PRAGMA main.index_info("ix_products_id")', ()) completed
2026-03-03 17:39:29,864 - aiosqlite - DEBUG - executing functools.partial(<built-in method fetchall of sqlite3.Cursor object at 0x000002226C8141C0>)
2026-03-03 17:39:29,864 - aiosqlite - DEBUG - operation functools.partial(<built-in method fetchall of sqlite3.Cursor object at 0x000002226C8141C0>) completed
2026-03-03 17:39:29,864 - aiosqlite - DEBUG - executing functools.partial(<built-in method close of sqlite3.Cursor object at 0x000002226C8141C0>)
2026-03-03 17:39:29,864 - aiosqlite - DEBUG - operation functools.partial(<built-in method close of sqlite3.Cursor object at 0x000002226C8141C0>) completed
2026-03-03 17:39:29,864 - aiosqlite - DEBUG - executing functools.partial(<built-in method cursor of sqlite3.Connection object at 0x000002226C7E17B0>)
2026-03-03 17:39:29,864 - aiosqlite - DEBUG - operation functools.partial(<built-in method cursor of sqlite3.Connection object at 0x000002226C7E17B0>) completed
2026-03-03 17:39:29,864 - aiosqlite - DEBUG - executing functools.partial(<built-in method execute of sqlite3.Cursor object at 0x000002226C8141C0>, 'PRAGMA main.index_list("products")', ())
2026-03-03 17:39:29,864 - aiosqlite - DEBUG - operation functools.partial(<built-in method execute of sqlite3.Cursor object at 0x000002226C8141C0>, 'PRAGMA main.index_list("products")', ()) completed
2026-03-03 17:39:29,864 - aiosqlite - DEBUG - executing functools.partial(<built-in method fetchall of sqlite3.Cursor object at 0x000002226C8141C0>)
2026-03-03 17:39:29,872 - aiosqlite - DEBUG - operation functools.partial(<built-in method fetchall of sqlite3.Cursor object at 0x000002226C8141C0>) completed
2026-03-03 17:39:29,872 - aiosqlite - DEBUG - executing functools.partial(<built-in method close of sqlite3.Cursor object at 0x000002226C8141C0>)
2026-03-03 17:39:29,872 - aiosqlite - DEBUG - operation functools.partial(<built-in method close of sqlite3.Cursor object at 0x000002226C8141C0>) completed
2026-03-03 17:39:29,872 - aiosqlite - DEBUG - executing functools.partial(<built-in method cursor of sqlite3.Connection object at 0x000002226C7E17B0>)
2026-03-03 17:39:29,872 - aiosqlite - DEBUG - operation functools.partial(<built-in method cursor of sqlite3.Connection object at 0x000002226C7E17B0>) completed
2026-03-03 17:39:29,872 - aiosqlite - DEBUG - executing functools.partial(<built-in method execute of sqlite3.Cursor object at 0x000002226C8141C0>, 'PRAGMA main.index_info("ix_products_id")', ())
2026-03-03 17:39:29,872 - aiosqlite - DEBUG - operation functools.partial(<built-in method execute of sqlite3.Cursor object at 0x000002226C8141C0>, 'PRAGMA main.index_info("ix_products_id")', ()) completed
2026-03-03 17:39:29,872 - aiosqlite - DEBUG - executing functools.partial(<built-in method fetchall of sqlite3.Cursor object at 0x000002226C8141C0>)
2026-03-03 17:39:29,872 - aiosqlite - DEBUG - operation functools.partial(<built-in method fetchall of sqlite3.Cursor object at 0x000002226C8141C0>) completed
2026-03-03 17:39:29,872 - aiosqlite - DEBUG - executing functools.partial(<built-in method close of sqlite3.Cursor object at 0x000002226C8141C0>)
2026-03-03 17:39:29,872 - aiosqlite - DEBUG - operation functools.partial(<built-in method close of sqlite3.Cursor object at 0x000002226C8141C0>) completed
2026-03-03 17:39:29,872 - aiosqlite - DEBUG - executing functools.partial(<built-in method cursor of sqlite3.Connection object at 0x000002226C7E17B0>)
2026-03-03 17:39:29,872 - aiosqlite - DEBUG - operation functools.partial(<built-in method cursor of sqlite3.Connection object at 0x000002226C7E17B0>) completed
2026-03-03 17:39:29,872 - aiosqlite - DEBUG - executing functools.partial(<built-in method execute of sqlite3.Cursor object at 0x000002226C8141C0>, "SELECT sql FROM  (SELECT * FROM sqlite_master UNION ALL   SELECT * FROM sqlite_temp_master) WHERE name = ? AND type in ('table', 'view')", ('products',))
2026-03-03 17:39:29,872 - aiosqlite - DEBUG - operation functools.partial(<built-in method execute of sqlite3.Cursor object at 0x000002226C8141C0>, "SELECT sql FROM  (SELECT * FROM sqlite_master UNION ALL   SELECT * FROM sqlite_temp_master) WHERE name = ? AND type in ('table', 'view')", ('products',)) completed
2026-03-03 17:39:29,872 - aiosqlite - DEBUG - executing functools.partial(<built-in method fetchall of sqlite3.Cursor object at 0x000002226C8141C0>)
2026-03-03 17:39:29,872 - aiosqlite - DEBUG - operation functools.partial(<built-in method fetchall of sqlite3.Cursor object at 0x000002226C8141C0>) completed
2026-03-03 17:39:29,872 - aiosqlite - DEBUG - executing functools.partial(<built-in method close of sqlite3.Cursor object at 0x000002226C8141C0>)
2026-03-03 17:39:29,872 - aiosqlite - DEBUG - operation functools.partial(<built-in method close of sqlite3.Cursor object at 0x000002226C8141C0>) completed
2026-03-03 17:39:29,885 - aiosqlite - DEBUG - executing functools.partial(<built-in method cursor of sqlite3.Connection object at 0x000002226C7E17B0>)
2026-03-03 17:39:29,885 - aiosqlite - DEBUG - operation functools.partial(<built-in method cursor of sqlite3.Connection object at 0x000002226C7E17B0>) completed
2026-03-03 17:39:29,885 - aiosqlite - DEBUG - executing functools.partial(<built-in method execute of sqlite3.Cursor object at 0x000002226C78F7C0>, 'SELECT count(*) AS count_1 \nFROM products', ())
2026-03-03 17:39:29,885 - aiosqlite - DEBUG - operation functools.partial(<built-in method execute of sqlite3.Cursor object at 0x000002226C78F7C0>, 'SELECT count(*) AS count_1 \nFROM products', ()) completed
2026-03-03 17:39:29,885 - aiosqlite - DEBUG - executing functools.partial(<built-in method fetchall of sqlite3.Cursor object at 0x000002226C78F7C0>)
2026-03-03 17:39:29,885 - aiosqlite - DEBUG - operation functools.partial(<built-in method fetchall of sqlite3.Cursor object at 0x000002226C78F7C0>) completed
2026-03-03 17:39:29,885 - aiosqlite - DEBUG - executing functools.partial(<built-in method close of sqlite3.Cursor object at 0x000002226C78F7C0>)
2026-03-03 17:39:29,885 - aiosqlite - DEBUG - operation functools.partial(<built-in method close of sqlite3.Cursor object at 0x000002226C78F7C0>) completed
2026-03-03 17:39:29,885 - services.mock_data - INFO - Table products already has 15 rows; skipping mock insert
2026-03-03 17:39:29,885 - aiosqlite - DEBUG - executing functools.partial(<built-in method commit of sqlite3.Connection object at 0x000002226C7E17B0>)
2026-03-03 17:39:29,885 - aiosqlite - DEBUG - operation functools.partial(<built-in method commit of sqlite3.Connection object at 0x000002226C7E17B0>) completed
2026-03-03 17:39:29,885 - aiosqlite - DEBUG - executing functools.partial(<built-in method rollback of sqlite3.Connection object at 0x000002226C7E17B0>)
2026-03-03 17:39:29,885 - aiosqlite - DEBUG - operation functools.partial(<built-in method rollback of sqlite3.Connection object at 0x000002226C7E17B0>) completed
2026-03-03 17:39:29,885 - aiosqlite - DEBUG - executing functools.partial(<built-in method close of sqlite3.Connection object at 0x000002226C7E17B0>)
2026-03-03 17:39:29,885 - aiosqlite - DEBUG - operation functools.partial(<built-in method close of sqlite3.Connection object at 0x000002226C7E17B0>) completed
2026-03-03 17:39:29,894 - services.database - DEBUG - [DB_OP] Starting database initialization
2026-03-03 17:39:29,894 - services.database - INFO - 🔧 Starting database initialization...
2026-03-03 17:39:29,894 - core.database - INFO - Starting database initialization...
2026-03-03 17:39:29,894 - core.database - INFO - Database already initialized
2026-03-03 17:39:29,894 - services.database - INFO - 🔧 Database connection initialized, now creating tables if tables not exist...
2026-03-03 17:39:29,894 - core.database - DEBUG - [DB_OP] Starting create_tables
2026-03-03 17:39:29,894 - core.database - INFO - Tables already initialized
2026-03-03 17:39:29,894 - services.database - INFO - 🔧 Table creation completed
2026-03-03 17:39:29,894 - services.database - INFO - Database initialized successfully
2026-03-03 17:39:29,894 - services.database - DEBUG - [DB_OP] Database initialization completed in 0.0000s
2026-03-03 17:39:29,894 - services.auth - WARNING - Admin user ID or email not configured, skipping admin initialization
2026-03-03 17:39:29,894 - main - INFO - === Application startup completed successfully ===
2026-03-03 17:39:29,894 - core.database - DEBUG - [DB_OP] Starting get_db session creation
2026-03-03 17:39:29,894 - core.database - DEBUG - [DB_OP] Database session created successfully in 0.0000s
2026-03-03 17:39:29,903 - aiosqlite - DEBUG - executing <function connect.<locals>.connector at 0x000002226C82CC20>
2026-03-03 17:39:29,903 - aiosqlite - DEBUG - operation <function connect.<locals>.connector at 0x000002226C82CC20> completed
2026-03-03 17:39:29,903 - aiosqlite - DEBUG - executing functools.partial(<built-in method create_function of sqlite3.Connection object at 0x000002226C8132E0>, 'regexp', 2, <function SQLiteDialect_pysqlite.on_connect.<locals>.regexp at 0x000002226C7DBF60>, deterministic=True)
2026-03-03 17:39:29,903 - aiosqlite - DEBUG - operation functools.partial(<built-in method create_function of sqlite3.Connection object at 0x000002226C8132E0>, 'regexp', 2, <function SQLiteDialect_pysqlite.on_connect.<locals>.regexp at 0x000002226C7DBF60>, deterministic=True) completed
2026-03-03 17:39:29,903 - aiosqlite - DEBUG - executing functools.partial(<built-in method create_function of sqlite3.Connection object at 0x000002226C8132E0>, 'floor', 1, <built-in function floor>, deterministic=True)
2026-03-03 17:39:29,905 - aiosqlite - DEBUG - operation functools.partial(<built-in method create_function of sqlite3.Connection object at 0x000002226C8132E0>, 'floor', 1, <built-in function floor>, deterministic=True) completed
2026-03-03 17:39:29,906 - aiosqlite - DEBUG - executing functools.partial(<built-in method cursor of sqlite3.Connection object at 0x000002226C8132E0>)
2026-03-03 17:39:29,906 - aiosqlite - DEBUG - operation functools.partial(<built-in method cursor of sqlite3.Connection object at 0x000002226C8132E0>) completed
2026-03-03 17:39:29,906 - aiosqlite - DEBUG - executing functools.partial(<built-in method execute of sqlite3.Cursor object at 0x000002226C86D6C0>, 'SELECT users.id, users.email, users.name, users.role, users.created_at, users.last_login, users.hashed_password \nFROM users \nWHERE users.email = ?', ('admin@gmail.com',))
2026-03-03 17:39:29,914 - aiosqlite - DEBUG - returning exception no such column: users.hashed_password
2026-03-03 17:39:29,915 - core.database - ERROR - Database session error: (sqlite3.OperationalError) no such column: users.hashed_password
[SQL: SELECT users.id, users.email, users.name, users.role, users.created_at, users.last_login, users.hashed_password 
FROM users 
WHERE users.email = ?]
[parameters: ('admin@gmail.com',)]
(Background on this error at: https://sqlalche.me/e/20/e3q8)
Traceback (most recent call last):
  File "D:\ASM1\.venv\Lib\site-packages\sqlalchemy\engine\base.py", line 1967, in _exec_single_context
    self.dialect.do_execute(
  File "D:\ASM1\.venv\Lib\site-packages\sqlalchemy\engine\default.py", line 941, in do_execute
    cursor.execute(statement, parameters)
  File "D:\ASM1\.venv\Lib\site-packages\sqlalchemy\dialects\sqlite\aiosqlite.py", line 147, in execute
    self._adapt_connection._handle_exception(error)
  File "D:\ASM1\.venv\Lib\site-packages\sqlalchemy\dialects\sqlite\aiosqlite.py", line 298, in _handle_exception
    raise error
  File "D:\ASM1\.venv\Lib\site-packages\sqlalchemy\dialects\sqlite\aiosqlite.py", line 129, in execute
    self.await_(_cursor.execute(operation, parameters))
  File "D:\ASM1\.venv\Lib\site-packages\sqlalchemy\util\_concurrency_py3k.py", line 132, in await_only
    return current.parent.switch(awaitable)  # type: ignore[no-any-return,attr-defined] # noqa: E501
           ^^^^^^^^^^^^^^^^^^^^^^^^^^^^^^^^
  File "D:\ASM1\.venv\Lib\site-packages\sqlalchemy\util\_concurrency_py3k.py", line 196, in greenlet_spawn
    value = await result
            ^^^^^^^^^^^^
  File "D:\ASM1\.venv\Lib\site-packages\aiosqlite\cursor.py", line 48, in execute
    await self._execute(self._cursor.execute, sql, parameters)
  File "D:\ASM1\.venv\Lib\site-packages\aiosqlite\cursor.py", line 40, in _execute
    return await self._conn._execute(fn, *args, **kwargs)
           ^^^^^^^^^^^^^^^^^^^^^^^^^^^^^^^^^^^^^^^^^^^^^^
  File "D:\ASM1\.venv\Lib\site-packages\aiosqlite\core.py", line 132, in _execute
    return await future
           ^^^^^^^^^^^^
  File "D:\ASM1\.venv\Lib\site-packages\aiosqlite\core.py", line 115, in run
    result = function()
             ^^^^^^^^^^
sqlite3.OperationalError: no such column: users.hashed_password

The above exception was the direct cause of the following exception:

Traceback (most recent call last):
  File "D:\ASM1\backend\core\database.py", line 542, in get_db
    yield session
  File "D:\ASM1\.venv\Lib\site-packages\fastapi\routing.py", line 301, in app
    raw_response = await run_endpoint_function(
                   ^^^^^^^^^^^^^^^^^^^^^^^^^^^^
  File "D:\ASM1\.venv\Lib\site-packages\fastapi\routing.py", line 212, in run_endpoint_function
    return await dependant.call(**values)
           ^^^^^^^^^^^^^^^^^^^^^^^^^^^^^^
  File "D:\ASM1\backend\routers\auth.py", line 349, in login_password
    result = await db.execute(select(User).where(User.email == clean_email))
             ^^^^^^^^^^^^^^^^^^^^^^^^^^^^^^^^^^^^^^^^^^^^^^^^^^^^^^^^^^^^^^^
  File "D:\ASM1\.venv\Lib\site-packages\sqlalchemy\ext\asyncio\session.py", line 461, in execute
    result = await greenlet_spawn(
             ^^^^^^^^^^^^^^^^^^^^^
  File "D:\ASM1\.venv\Lib\site-packages\sqlalchemy\util\_concurrency_py3k.py", line 201, in greenlet_spawn
    result = context.throw(*sys.exc_info())
             ^^^^^^^^^^^^^^^^^^^^^^^^^^^^^^
  File "D:\ASM1\.venv\Lib\site-packages\sqlalchemy\orm\session.py", line 2362, in execute
    return self._execute_internal(
           ^^^^^^^^^^^^^^^^^^^^^^^
  File "D:\ASM1\.venv\Lib\site-packages\sqlalchemy\orm\session.py", line 2247, in _execute_internal
    result: Result[Any] = compile_state_cls.orm_execute_statement(
                          ^^^^^^^^^^^^^^^^^^^^^^^^^^^^^^^^^^^^^^^^
  File "D:\ASM1\.venv\Lib\site-packages\sqlalchemy\orm\context.py", line 305, in orm_execute_statement
    result = conn.execute(
             ^^^^^^^^^^^^^
  File "D:\ASM1\.venv\Lib\site-packages\sqlalchemy\engine\base.py", line 1418, in execute
    return meth(
           ^^^^^
  File "D:\ASM1\.venv\Lib\site-packages\sqlalchemy\sql\elements.py", line 515, in _execute_on_connection
    return connection._execute_clauseelement(
           ^^^^^^^^^^^^^^^^^^^^^^^^^^^^^^^^^^
  File "D:\ASM1\.venv\Lib\site-packages\sqlalchemy\engine\base.py", line 1640, in _execute_clauseelement
    ret = self._execute_context(
          ^^^^^^^^^^^^^^^^^^^^^^
  File "D:\ASM1\.venv\Lib\site-packages\sqlalchemy\engine\base.py", line 1846, in _execute_context
    return self._exec_single_context(
           ^^^^^^^^^^^^^^^^^^^^^^^^^^
  File "D:\ASM1\.venv\Lib\site-packages\sqlalchemy\engine\base.py", line 1986, in _exec_single_context
    self._handle_dbapi_exception(
  File "D:\ASM1\.venv\Lib\site-packages\sqlalchemy\engine\base.py", line 2355, in _handle_dbapi_exception
    raise sqlalchemy_exception.with_traceback(exc_info[2]) from e
  File "D:\ASM1\.venv\Lib\site-packages\sqlalchemy\engine\base.py", line 1967, in _exec_single_context
    self.dialect.do_execute(
  File "D:\ASM1\.venv\Lib\site-packages\sqlalchemy\engine\default.py", line 941, in do_execute
    cursor.execute(statement, parameters)
  File "D:\ASM1\.venv\Lib\site-packages\sqlalchemy\dialects\sqlite\aiosqlite.py", line 147, in execute
    self._adapt_connection._handle_exception(error)
  File "D:\ASM1\.venv\Lib\site-packages\sqlalchemy\dialects\sqlite\aiosqlite.py", line 298, in _handle_exception
    raise error
  File "D:\ASM1\.venv\Lib\site-packages\sqlalchemy\dialects\sqlite\aiosqlite.py", line 129, in execute
    self.await_(_cursor.execute(operation, parameters))
  File "D:\ASM1\.venv\Lib\site-packages\sqlalchemy\util\_concurrency_py3k.py", line 132, in await_only
    return current.parent.switch(awaitable)  # type: ignore[no-any-return,attr-defined] # noqa: E501
           ^^^^^^^^^^^^^^^^^^^^^^^^^^^^^^^^
  File "D:\ASM1\.venv\Lib\site-packages\sqlalchemy\util\_concurrency_py3k.py", line 196, in greenlet_spawn
    value = await result
            ^^^^^^^^^^^^
  File "D:\ASM1\.venv\Lib\site-packages\aiosqlite\cursor.py", line 48, in execute
    await self._execute(self._cursor.execute, sql, parameters)
  File "D:\ASM1\.venv\Lib\site-packages\aiosqlite\cursor.py", line 40, in _execute
    return await self._conn._execute(fn, *args, **kwargs)
           ^^^^^^^^^^^^^^^^^^^^^^^^^^^^^^^^^^^^^^^^^^^^^^
  File "D:\ASM1\.venv\Lib\site-packages\aiosqlite\core.py", line 132, in _execute
    return await future
           ^^^^^^^^^^^^
  File "D:\ASM1\.venv\Lib\site-packages\aiosqlite\core.py", line 115, in run
    result = function()
             ^^^^^^^^^^
sqlalchemy.exc.OperationalError: (sqlite3.OperationalError) no such column: users.hashed_password
[SQL: SELECT users.id, users.email, users.name, users.role, users.created_at, users.last_login, users.hashed_password 
FROM users 
WHERE users.email = ?]
[parameters: ('admin@gmail.com',)]
(Background on this error at: https://sqlalche.me/e/20/e3q8)
2026-03-03 17:39:29,925 - core.database - DEBUG - [DB_OP] Database session cleanup after 0.0305s
2026-03-03 17:39:29,925 - aiosqlite - DEBUG - executing functools.partial(<built-in method rollback of sqlite3.Connection object at 0x000002226C8132E0>)
2026-03-03 17:39:29,925 - aiosqlite - DEBUG - operation functools.partial(<built-in method rollback of sqlite3.Connection object at 0x000002226C8132E0>) completed
2026-03-03 17:39:29,925 - aiosqlite - DEBUG - executing functools.partial(<built-in method rollback of sqlite3.Connection object at 0x000002226C8132E0>)
2026-03-03 17:39:29,925 - aiosqlite - DEBUG - operation functools.partial(<built-in method rollback of sqlite3.Connection object at 0x000002226C8132E0>) completed
2026-03-03 17:39:29,934 - aiosqlite - DEBUG - executing functools.partial(<built-in method close of sqlite3.Connection object at 0x000002226C8132E0>)
2026-03-03 17:39:29,936 - aiosqlite - DEBUG - operation functools.partial(<built-in method close of sqlite3.Connection object at 0x000002226C8132E0>) completed
2026-03-03 17:39:29,936 - core.database - ERROR - Failed to create database session: (sqlite3.OperationalError) no such column: users.hashed_password
[SQL: SELECT users.id, users.email, users.name, users.role, users.created_at, users.last_login, users.hashed_password 
FROM users 
WHERE users.email = ?]
[parameters: ('admin@gmail.com',)]
(Background on this error at: https://sqlalche.me/e/20/e3q8)
Traceback (most recent call last):
  File "D:\ASM1\.venv\Lib\site-packages\sqlalchemy\engine\base.py", line 1967, in _exec_single_context
    self.dialect.do_execute(
  File "D:\ASM1\.venv\Lib\site-packages\sqlalchemy\engine\default.py", line 941, in do_execute
    cursor.execute(statement, parameters)
  File "D:\ASM1\.venv\Lib\site-packages\sqlalchemy\dialects\sqlite\aiosqlite.py", line 147, in execute
    self._adapt_connection._handle_exception(error)
  File "D:\ASM1\.venv\Lib\site-packages\sqlalchemy\dialects\sqlite\aiosqlite.py", line 298, in _handle_exception
    raise error
  File "D:\ASM1\.venv\Lib\site-packages\sqlalchemy\dialects\sqlite\aiosqlite.py", line 129, in execute
    self.await_(_cursor.execute(operation, parameters))
  File "D:\ASM1\.venv\Lib\site-packages\sqlalchemy\util\_concurrency_py3k.py", line 132, in await_only
    return current.parent.switch(awaitable)  # type: ignore[no-any-return,attr-defined] # noqa: E501
           ^^^^^^^^^^^^^^^^^^^^^^^^^^^^^^^^
  File "D:\ASM1\.venv\Lib\site-packages\sqlalchemy\util\_concurrency_py3k.py", line 196, in greenlet_spawn
    value = await result
            ^^^^^^^^^^^^
  File "D:\ASM1\.venv\Lib\site-packages\aiosqlite\cursor.py", line 48, in execute
    await self._execute(self._cursor.execute, sql, parameters)
  File "D:\ASM1\.venv\Lib\site-packages\aiosqlite\cursor.py", line 40, in _execute
    return await self._conn._execute(fn, *args, **kwargs)
           ^^^^^^^^^^^^^^^^^^^^^^^^^^^^^^^^^^^^^^^^^^^^^^
  File "D:\ASM1\.venv\Lib\site-packages\aiosqlite\core.py", line 132, in _execute
    return await future
           ^^^^^^^^^^^^
  File "D:\ASM1\.venv\Lib\site-packages\aiosqlite\core.py", line 115, in run
    result = function()
             ^^^^^^^^^^
sqlite3.OperationalError: no such column: users.hashed_password

The above exception was the direct cause of the following exception:

Traceback (most recent call last):
  File "D:\ASM1\backend\core\database.py", line 542, in get_db
    yield session
  File "D:\ASM1\.venv\Lib\site-packages\fastapi\routing.py", line 301, in app
    raw_response = await run_endpoint_function(
                   ^^^^^^^^^^^^^^^^^^^^^^^^^^^^
  File "D:\ASM1\.venv\Lib\site-packages\fastapi\routing.py", line 212, in run_endpoint_function
    return await dependant.call(**values)
           ^^^^^^^^^^^^^^^^^^^^^^^^^^^^^^
  File "D:\ASM1\backend\routers\auth.py", line 349, in login_password
    result = await db.execute(select(User).where(User.email == clean_email))
             ^^^^^^^^^^^^^^^^^^^^^^^^^^^^^^^^^^^^^^^^^^^^^^^^^^^^^^^^^^^^^^^
  File "D:\ASM1\.venv\Lib\site-packages\sqlalchemy\ext\asyncio\session.py", line 461, in execute
    result = await greenlet_spawn(
             ^^^^^^^^^^^^^^^^^^^^^
  File "D:\ASM1\.venv\Lib\site-packages\sqlalchemy\util\_concurrency_py3k.py", line 201, in greenlet_spawn
    result = context.throw(*sys.exc_info())
             ^^^^^^^^^^^^^^^^^^^^^^^^^^^^^^
  File "D:\ASM1\.venv\Lib\site-packages\sqlalchemy\orm\session.py", line 2362, in execute
    return self._execute_internal(
           ^^^^^^^^^^^^^^^^^^^^^^^
  File "D:\ASM1\.venv\Lib\site-packages\sqlalchemy\orm\session.py", line 2247, in _execute_internal
    result: Result[Any] = compile_state_cls.orm_execute_statement(
                          ^^^^^^^^^^^^^^^^^^^^^^^^^^^^^^^^^^^^^^^^
  File "D:\ASM1\.venv\Lib\site-packages\sqlalchemy\orm\context.py", line 305, in orm_execute_statement
    result = conn.execute(
             ^^^^^^^^^^^^^
  File "D:\ASM1\.venv\Lib\site-packages\sqlalchemy\engine\base.py", line 1418, in execute
    return meth(
           ^^^^^
  File "D:\ASM1\.venv\Lib\site-packages\sqlalchemy\sql\elements.py", line 515, in _execute_on_connection
    return connection._execute_clauseelement(
           ^^^^^^^^^^^^^^^^^^^^^^^^^^^^^^^^^^
  File "D:\ASM1\.venv\Lib\site-packages\sqlalchemy\engine\base.py", line 1640, in _execute_clauseelement
    ret = self._execute_context(
          ^^^^^^^^^^^^^^^^^^^^^^
  File "D:\ASM1\.venv\Lib\site-packages\sqlalchemy\engine\base.py", line 1846, in _execute_context
    return self._exec_single_context(
           ^^^^^^^^^^^^^^^^^^^^^^^^^^
  File "D:\ASM1\.venv\Lib\site-packages\sqlalchemy\engine\base.py", line 1986, in _exec_single_context
    self._handle_dbapi_exception(
  File "D:\ASM1\.venv\Lib\site-packages\sqlalchemy\engine\base.py", line 2355, in _handle_dbapi_exception
    raise sqlalchemy_exception.with_traceback(exc_info[2]) from e
  File "D:\ASM1\.venv\Lib\site-packages\sqlalchemy\engine\base.py", line 1967, in _exec_single_context
    self.dialect.do_execute(
  File "D:\ASM1\.venv\Lib\site-packages\sqlalchemy\engine\default.py", line 941, in do_execute
    cursor.execute(statement, parameters)
  File "D:\ASM1\.venv\Lib\site-packages\sqlalchemy\dialects\sqlite\aiosqlite.py", line 147, in execute
    self._adapt_connection._handle_exception(error)
  File "D:\ASM1\.venv\Lib\site-packages\sqlalchemy\dialects\sqlite\aiosqlite.py", line 298, in _handle_exception
    raise error
  File "D:\ASM1\.venv\Lib\site-packages\sqlalchemy\dialects\sqlite\aiosqlite.py", line 129, in execute
    self.await_(_cursor.execute(operation, parameters))
  File "D:\ASM1\.venv\Lib\site-packages\sqlalchemy\util\_concurrency_py3k.py", line 132, in await_only
    return current.parent.switch(awaitable)  # type: ignore[no-any-return,attr-defined] # noqa: E501
           ^^^^^^^^^^^^^^^^^^^^^^^^^^^^^^^^
  File "D:\ASM1\.venv\Lib\site-packages\sqlalchemy\util\_concurrency_py3k.py", line 196, in greenlet_spawn
    value = await result
            ^^^^^^^^^^^^
  File "D:\ASM1\.venv\Lib\site-packages\aiosqlite\cursor.py", line 48, in execute
    await self._execute(self._cursor.execute, sql, parameters)
  File "D:\ASM1\.venv\Lib\site-packages\aiosqlite\cursor.py", line 40, in _execute
    return await self._conn._execute(fn, *args, **kwargs)
           ^^^^^^^^^^^^^^^^^^^^^^^^^^^^^^^^^^^^^^^^^^^^^^
  File "D:\ASM1\.venv\Lib\site-packages\aiosqlite\core.py", line 132, in _execute
    return await future
           ^^^^^^^^^^^^
  File "D:\ASM1\.venv\Lib\site-packages\aiosqlite\core.py", line 115, in run
    result = function()
             ^^^^^^^^^^
sqlalchemy.exc.OperationalError: (sqlite3.OperationalError) no such column: users.hashed_password
[SQL: SELECT users.id, users.email, users.name, users.role, users.created_at, users.last_login, users.hashed_password 
FROM users 
WHERE users.email = ?]
[parameters: ('admin@gmail.com',)]
(Background on this error at: https://sqlalche.me/e/20/e3q8)
2026-03-03 17:40:01,835 - services.database - DEBUG - [DB_OP] Starting database close
2026-03-03 17:40:01,835 - core.database - INFO - Database connection closed and engine disposed
2026-03-03 17:40:01,835 - services.database - INFO - Database connections closed
2026-03-03 17:40:01,835 - services.database - DEBUG - [DB_OP] Database close completed in 0.0000s
