2026-02-01 08:18:20,667 - main - INFO - === Logging system initialized ===
2026-02-01 08:18:20,667 - main - INFO - Log file: logs/app_20260201_081820.log
2026-02-01 08:18:20,668 - main - INFO - Log level: INFO
2026-02-01 08:18:20,668 - main - INFO - Timestamp: 20260201_081820
2026-02-01 08:18:21,303 - main - INFO - Included router: routers.aihub.router
2026-02-01 08:18:21,320 - main - INFO - Included router: routers.auth.router
2026-02-01 08:18:21,323 - main - INFO - Included router: routers.health.router
2026-02-01 08:18:21,375 - main - INFO - Included router: routers.products.router
2026-02-01 08:18:21,378 - main - WARNING - Failed to import module 'routers.settings': cannot import name 'get_admin_user' from 'dependencies.auth' (D:\ASM1\backend\dependencies\auth.py)
2026-02-01 08:18:21,381 - main - WARNING - Failed to import module 'routers.storage': cannot import name 'get_admin_user' from 'dependencies.auth' (D:\ASM1\backend\dependencies\auth.py)
2026-02-01 08:18:21,391 - main - INFO - Included router: routers.user.router
2026-02-01 08:18:21,393 - main - INFO - === Application startup initiated ===
2026-02-01 08:18:21,393 - services.database - DEBUG - [DB_OP] Starting database initialization
2026-02-01 08:18:21,394 - services.database - INFO - 🔧 Starting database initialization...
2026-02-01 08:18:21,394 - core.database - INFO - Starting database initialization...
2026-02-01 08:18:21,394 - core.database - INFO - Normalizing database URL for async compatibility...
2026-02-01 08:18:21,396 - core.database - DEBUG - Database exists:./test.db
2026-02-01 08:18:21,397 - core.database - WARNING - Adjusted database URL driver for async compatibility
2026-02-01 08:18:21,397 - core.database - INFO - Creating async database engine...
2026-02-01 08:18:21,397 - core.database - INFO - Using NullPool for sqlite+aiosqlite environment
2026-02-01 08:18:21,435 - core.database - INFO - Database engine created successfully
2026-02-01 08:18:21,435 - core.database - INFO - Creating async session maker...
2026-02-01 08:18:21,435 - core.database - INFO - Async session maker created successfully
2026-02-01 08:18:21,436 - core.database - INFO - Database connection initialized successfully
2026-02-01 08:18:21,436 - services.database - INFO - 🔧 Database connection initialized, now creating tables if tables not exist...
2026-02-01 08:18:21,437 - core.database - DEBUG - [DB_OP] Starting create_tables
2026-02-01 08:18:21,437 - core.database - INFO - 🔧 Starting table creation...
2026-02-01 08:18:21,439 - aiosqlite - DEBUG - executing <function connect.<locals>.connector at 0x0000029114779D00>
2026-02-01 08:18:21,439 - aiosqlite - DEBUG - operation <function connect.<locals>.connector at 0x0000029114779D00> completed
2026-02-01 08:18:21,440 - aiosqlite - DEBUG - executing functools.partial(<built-in method create_function of sqlite3.Connection object at 0x000002911473EE30>, 'regexp', 2, <function SQLiteDialect_pysqlite.on_connect.<locals>.regexp at 0x0000029114779080>, deterministic=True)
2026-02-01 08:18:21,440 - aiosqlite - DEBUG - operation functools.partial(<built-in method create_function of sqlite3.Connection object at 0x000002911473EE30>, 'regexp', 2, <function SQLiteDialect_pysqlite.on_connect.<locals>.regexp at 0x0000029114779080>, deterministic=True) completed
2026-02-01 08:18:21,441 - aiosqlite - DEBUG - executing functools.partial(<built-in method create_function of sqlite3.Connection object at 0x000002911473EE30>, 'floor', 1, <built-in function floor>, deterministic=True)
2026-02-01 08:18:21,442 - aiosqlite - DEBUG - operation functools.partial(<built-in method create_function of sqlite3.Connection object at 0x000002911473EE30>, 'floor', 1, <built-in function floor>, deterministic=True) completed
2026-02-01 08:18:21,443 - aiosqlite - DEBUG - executing functools.partial(<built-in method cursor of sqlite3.Connection object at 0x000002911473EE30>)
2026-02-01 08:18:21,443 - aiosqlite - DEBUG - operation functools.partial(<built-in method cursor of sqlite3.Connection object at 0x000002911473EE30>) completed
2026-02-01 08:18:21,444 - aiosqlite - DEBUG - executing functools.partial(<built-in method execute of sqlite3.Cursor object at 0x000002911471BA40>, 'PRAGMA read_uncommitted', [])
2026-02-01 08:18:21,444 - aiosqlite - DEBUG - operation functools.partial(<built-in method execute of sqlite3.Cursor object at 0x000002911471BA40>, 'PRAGMA read_uncommitted', []) completed
2026-02-01 08:18:21,445 - aiosqlite - DEBUG - executing functools.partial(<built-in method fetchall of sqlite3.Cursor object at 0x000002911471BA40>)
2026-02-01 08:18:21,446 - aiosqlite - DEBUG - operation functools.partial(<built-in method fetchall of sqlite3.Cursor object at 0x000002911471BA40>) completed
2026-02-01 08:18:21,446 - aiosqlite - DEBUG - executing functools.partial(<built-in method close of sqlite3.Cursor object at 0x000002911471BA40>)
2026-02-01 08:18:21,447 - aiosqlite - DEBUG - operation functools.partial(<built-in method close of sqlite3.Cursor object at 0x000002911471BA40>) completed
2026-02-01 08:18:21,448 - aiosqlite - DEBUG - executing functools.partial(<built-in method rollback of sqlite3.Connection object at 0x000002911473EE30>)
2026-02-01 08:18:21,448 - aiosqlite - DEBUG - operation functools.partial(<built-in method rollback of sqlite3.Connection object at 0x000002911473EE30>) completed
2026-02-01 08:18:21,450 - aiosqlite - DEBUG - executing functools.partial(<built-in method cursor of sqlite3.Connection object at 0x000002911473EE30>)
2026-02-01 08:18:21,450 - aiosqlite - DEBUG - operation functools.partial(<built-in method cursor of sqlite3.Connection object at 0x000002911473EE30>) completed
2026-02-01 08:18:21,451 - aiosqlite - DEBUG - executing functools.partial(<built-in method execute of sqlite3.Cursor object at 0x000002911471BB40>, 'PRAGMA main.table_info("users")', ())
2026-02-01 08:18:21,452 - aiosqlite - DEBUG - operation functools.partial(<built-in method execute of sqlite3.Cursor object at 0x000002911471BB40>, 'PRAGMA main.table_info("users")', ()) completed
2026-02-01 08:18:21,453 - aiosqlite - DEBUG - executing functools.partial(<built-in method fetchall of sqlite3.Cursor object at 0x000002911471BB40>)
2026-02-01 08:18:21,453 - aiosqlite - DEBUG - operation functools.partial(<built-in method fetchall of sqlite3.Cursor object at 0x000002911471BB40>) completed
2026-02-01 08:18:21,454 - aiosqlite - DEBUG - executing functools.partial(<built-in method close of sqlite3.Cursor object at 0x000002911471BB40>)
2026-02-01 08:18:21,454 - aiosqlite - DEBUG - operation functools.partial(<built-in method close of sqlite3.Cursor object at 0x000002911471BB40>) completed
2026-02-01 08:18:21,455 - aiosqlite - DEBUG - executing functools.partial(<built-in method cursor of sqlite3.Connection object at 0x000002911473EE30>)
2026-02-01 08:18:21,456 - aiosqlite - DEBUG - operation functools.partial(<built-in method cursor of sqlite3.Connection object at 0x000002911473EE30>) completed
2026-02-01 08:18:21,456 - aiosqlite - DEBUG - executing functools.partial(<built-in method execute of sqlite3.Cursor object at 0x000002911471BB40>, 'PRAGMA main.table_info("oidc_states")', ())
2026-02-01 08:18:21,457 - aiosqlite - DEBUG - operation functools.partial(<built-in method execute of sqlite3.Cursor object at 0x000002911471BB40>, 'PRAGMA main.table_info("oidc_states")', ()) completed
2026-02-01 08:18:21,458 - aiosqlite - DEBUG - executing functools.partial(<built-in method fetchall of sqlite3.Cursor object at 0x000002911471BB40>)
2026-02-01 08:18:21,458 - aiosqlite - DEBUG - operation functools.partial(<built-in method fetchall of sqlite3.Cursor object at 0x000002911471BB40>) completed
2026-02-01 08:18:21,459 - aiosqlite - DEBUG - executing functools.partial(<built-in method close of sqlite3.Cursor object at 0x000002911471BB40>)
2026-02-01 08:18:21,459 - aiosqlite - DEBUG - operation functools.partial(<built-in method close of sqlite3.Cursor object at 0x000002911471BB40>) completed
2026-02-01 08:18:21,460 - aiosqlite - DEBUG - executing functools.partial(<built-in method cursor of sqlite3.Connection object at 0x000002911473EE30>)
2026-02-01 08:18:21,460 - aiosqlite - DEBUG - operation functools.partial(<built-in method cursor of sqlite3.Connection object at 0x000002911473EE30>) completed
2026-02-01 08:18:21,461 - aiosqlite - DEBUG - executing functools.partial(<built-in method execute of sqlite3.Cursor object at 0x000002911471BB40>, 'PRAGMA main.table_info("products")', ())
2026-02-01 08:18:21,461 - aiosqlite - DEBUG - operation functools.partial(<built-in method execute of sqlite3.Cursor object at 0x000002911471BB40>, 'PRAGMA main.table_info("products")', ()) completed
2026-02-01 08:18:21,462 - aiosqlite - DEBUG - executing functools.partial(<built-in method fetchall of sqlite3.Cursor object at 0x000002911471BB40>)
2026-02-01 08:18:21,463 - aiosqlite - DEBUG - operation functools.partial(<built-in method fetchall of sqlite3.Cursor object at 0x000002911471BB40>) completed
2026-02-01 08:18:21,464 - aiosqlite - DEBUG - executing functools.partial(<built-in method close of sqlite3.Cursor object at 0x000002911471BB40>)
2026-02-01 08:18:21,464 - aiosqlite - DEBUG - operation functools.partial(<built-in method close of sqlite3.Cursor object at 0x000002911471BB40>) completed
2026-02-01 08:18:21,465 - core.database - INFO - Tables initialized successfully
2026-02-01 08:18:21,466 - core.database - DEBUG - [DB_OP] Create tables completed in 0.0289s
2026-02-01 08:18:21,466 - aiosqlite - DEBUG - executing functools.partial(<built-in method commit of sqlite3.Connection object at 0x000002911473EE30>)
2026-02-01 08:18:21,467 - aiosqlite - DEBUG - operation functools.partial(<built-in method commit of sqlite3.Connection object at 0x000002911473EE30>) completed
2026-02-01 08:18:21,468 - aiosqlite - DEBUG - executing functools.partial(<built-in method rollback of sqlite3.Connection object at 0x000002911473EE30>)
2026-02-01 08:18:21,468 - aiosqlite - DEBUG - operation functools.partial(<built-in method rollback of sqlite3.Connection object at 0x000002911473EE30>) completed
2026-02-01 08:18:21,469 - aiosqlite - DEBUG - executing functools.partial(<built-in method close of sqlite3.Connection object at 0x000002911473EE30>)
2026-02-01 08:18:21,469 - aiosqlite - DEBUG - operation functools.partial(<built-in method close of sqlite3.Connection object at 0x000002911473EE30>) completed
2026-02-01 08:18:21,470 - services.database - INFO - 🔧 Table creation completed
2026-02-01 08:18:21,470 - services.database - INFO - Database initialized successfully
2026-02-01 08:18:21,470 - services.database - DEBUG - [DB_OP] Database initialization completed in 0.0768s
2026-02-01 08:18:21,471 - services.mock_data - INFO - Processing mock data file products.json for table products
2026-02-01 08:18:21,472 - aiosqlite - DEBUG - executing <function connect.<locals>.connector at 0x000002911477AE80>
2026-02-01 08:18:21,472 - aiosqlite - DEBUG - operation <function connect.<locals>.connector at 0x000002911477AE80> completed
2026-02-01 08:18:21,473 - aiosqlite - DEBUG - executing functools.partial(<built-in method create_function of sqlite3.Connection object at 0x0000029114789210>, 'regexp', 2, <function SQLiteDialect_pysqlite.on_connect.<locals>.regexp at 0x0000029114779080>, deterministic=True)
2026-02-01 08:18:21,474 - aiosqlite - DEBUG - operation functools.partial(<built-in method create_function of sqlite3.Connection object at 0x0000029114789210>, 'regexp', 2, <function SQLiteDialect_pysqlite.on_connect.<locals>.regexp at 0x0000029114779080>, deterministic=True) completed
2026-02-01 08:18:21,474 - aiosqlite - DEBUG - executing functools.partial(<built-in method create_function of sqlite3.Connection object at 0x0000029114789210>, 'floor', 1, <built-in function floor>, deterministic=True)
2026-02-01 08:18:21,475 - aiosqlite - DEBUG - operation functools.partial(<built-in method create_function of sqlite3.Connection object at 0x0000029114789210>, 'floor', 1, <built-in function floor>, deterministic=True) completed
2026-02-01 08:18:21,476 - aiosqlite - DEBUG - executing functools.partial(<built-in method cursor of sqlite3.Connection object at 0x0000029114789210>)
2026-02-01 08:18:21,476 - aiosqlite - DEBUG - operation functools.partial(<built-in method cursor of sqlite3.Connection object at 0x0000029114789210>) completed
2026-02-01 08:18:21,477 - aiosqlite - DEBUG - executing functools.partial(<built-in method execute of sqlite3.Cursor object at 0x000002911478C3C0>, 'PRAGMA main.table_xinfo("products")', ())
2026-02-01 08:18:21,478 - aiosqlite - DEBUG - operation functools.partial(<built-in method execute of sqlite3.Cursor object at 0x000002911478C3C0>, 'PRAGMA main.table_xinfo("products")', ()) completed
2026-02-01 08:18:21,479 - aiosqlite - DEBUG - executing functools.partial(<built-in method fetchall of sqlite3.Cursor object at 0x000002911478C3C0>)
2026-02-01 08:18:21,480 - aiosqlite - DEBUG - operation functools.partial(<built-in method fetchall of sqlite3.Cursor object at 0x000002911478C3C0>) completed
2026-02-01 08:18:21,481 - aiosqlite - DEBUG - executing functools.partial(<built-in method close of sqlite3.Cursor object at 0x000002911478C3C0>)
2026-02-01 08:18:21,481 - aiosqlite - DEBUG - operation functools.partial(<built-in method close of sqlite3.Cursor object at 0x000002911478C3C0>) completed
2026-02-01 08:18:21,482 - aiosqlite - DEBUG - executing functools.partial(<built-in method cursor of sqlite3.Connection object at 0x0000029114789210>)
2026-02-01 08:18:21,483 - aiosqlite - DEBUG - operation functools.partial(<built-in method cursor of sqlite3.Connection object at 0x0000029114789210>) completed
2026-02-01 08:18:21,484 - aiosqlite - DEBUG - executing functools.partial(<built-in method execute of sqlite3.Cursor object at 0x000002911478C3C0>, "SELECT sql FROM  (SELECT * FROM sqlite_master UNION ALL   SELECT * FROM sqlite_temp_master) WHERE name = ? AND type in ('table', 'view')", ('products',))
2026-02-01 08:18:21,484 - aiosqlite - DEBUG - operation functools.partial(<built-in method execute of sqlite3.Cursor object at 0x000002911478C3C0>, "SELECT sql FROM  (SELECT * FROM sqlite_master UNION ALL   SELECT * FROM sqlite_temp_master) WHERE name = ? AND type in ('table', 'view')", ('products',)) completed
2026-02-01 08:18:21,485 - aiosqlite - DEBUG - executing functools.partial(<built-in method fetchall of sqlite3.Cursor object at 0x000002911478C3C0>)
2026-02-01 08:18:21,485 - aiosqlite - DEBUG - operation functools.partial(<built-in method fetchall of sqlite3.Cursor object at 0x000002911478C3C0>) completed
2026-02-01 08:18:21,486 - aiosqlite - DEBUG - executing functools.partial(<built-in method close of sqlite3.Cursor object at 0x000002911478C3C0>)
2026-02-01 08:18:21,486 - aiosqlite - DEBUG - operation functools.partial(<built-in method close of sqlite3.Cursor object at 0x000002911478C3C0>) completed
2026-02-01 08:18:21,487 - aiosqlite - DEBUG - executing functools.partial(<built-in method cursor of sqlite3.Connection object at 0x0000029114789210>)
2026-02-01 08:18:21,487 - aiosqlite - DEBUG - operation functools.partial(<built-in method cursor of sqlite3.Connection object at 0x0000029114789210>) completed
2026-02-01 08:18:21,488 - aiosqlite - DEBUG - executing functools.partial(<built-in method execute of sqlite3.Cursor object at 0x000002911478C3C0>, 'PRAGMA main.foreign_key_list("products")', ())
2026-02-01 08:18:21,489 - aiosqlite - DEBUG - operation functools.partial(<built-in method execute of sqlite3.Cursor object at 0x000002911478C3C0>, 'PRAGMA main.foreign_key_list("products")', ()) completed
2026-02-01 08:18:21,489 - aiosqlite - DEBUG - executing functools.partial(<built-in method fetchall of sqlite3.Cursor object at 0x000002911478C3C0>)
2026-02-01 08:18:21,490 - aiosqlite - DEBUG - operation functools.partial(<built-in method fetchall of sqlite3.Cursor object at 0x000002911478C3C0>) completed
2026-02-01 08:18:21,490 - aiosqlite - DEBUG - executing functools.partial(<built-in method close of sqlite3.Cursor object at 0x000002911478C3C0>)
2026-02-01 08:18:21,491 - aiosqlite - DEBUG - operation functools.partial(<built-in method close of sqlite3.Cursor object at 0x000002911478C3C0>) completed
2026-02-01 08:18:21,491 - aiosqlite - DEBUG - executing functools.partial(<built-in method cursor of sqlite3.Connection object at 0x0000029114789210>)
2026-02-01 08:18:21,492 - aiosqlite - DEBUG - operation functools.partial(<built-in method cursor of sqlite3.Connection object at 0x0000029114789210>) completed
2026-02-01 08:18:21,492 - aiosqlite - DEBUG - executing functools.partial(<built-in method execute of sqlite3.Cursor object at 0x000002911478C3C0>, 'PRAGMA temp.foreign_key_list("products")', ())
2026-02-01 08:18:21,493 - aiosqlite - DEBUG - operation functools.partial(<built-in method execute of sqlite3.Cursor object at 0x000002911478C3C0>, 'PRAGMA temp.foreign_key_list("products")', ()) completed
2026-02-01 08:18:21,494 - aiosqlite - DEBUG - executing functools.partial(<built-in method fetchall of sqlite3.Cursor object at 0x000002911478C3C0>)
2026-02-01 08:18:21,494 - aiosqlite - DEBUG - operation functools.partial(<built-in method fetchall of sqlite3.Cursor object at 0x000002911478C3C0>) completed
2026-02-01 08:18:21,495 - aiosqlite - DEBUG - executing functools.partial(<built-in method close of sqlite3.Cursor object at 0x000002911478C3C0>)
2026-02-01 08:18:21,495 - aiosqlite - DEBUG - operation functools.partial(<built-in method close of sqlite3.Cursor object at 0x000002911478C3C0>) completed
2026-02-01 08:18:21,496 - aiosqlite - DEBUG - executing functools.partial(<built-in method cursor of sqlite3.Connection object at 0x0000029114789210>)
2026-02-01 08:18:21,497 - aiosqlite - DEBUG - operation functools.partial(<built-in method cursor of sqlite3.Connection object at 0x0000029114789210>) completed
2026-02-01 08:18:21,498 - aiosqlite - DEBUG - executing functools.partial(<built-in method execute of sqlite3.Cursor object at 0x000002911478C3C0>, "SELECT sql FROM  (SELECT * FROM sqlite_master UNION ALL   SELECT * FROM sqlite_temp_master) WHERE name = ? AND type in ('table', 'view')", ('products',))
2026-02-01 08:18:21,498 - aiosqlite - DEBUG - operation functools.partial(<built-in method execute of sqlite3.Cursor object at 0x000002911478C3C0>, "SELECT sql FROM  (SELECT * FROM sqlite_master UNION ALL   SELECT * FROM sqlite_temp_master) WHERE name = ? AND type in ('table', 'view')", ('products',)) completed
2026-02-01 08:18:21,499 - aiosqlite - DEBUG - executing functools.partial(<built-in method fetchall of sqlite3.Cursor object at 0x000002911478C3C0>)
2026-02-01 08:18:21,499 - aiosqlite - DEBUG - operation functools.partial(<built-in method fetchall of sqlite3.Cursor object at 0x000002911478C3C0>) completed
2026-02-01 08:18:21,499 - aiosqlite - DEBUG - executing functools.partial(<built-in method close of sqlite3.Cursor object at 0x000002911478C3C0>)
2026-02-01 08:18:21,500 - aiosqlite - DEBUG - operation functools.partial(<built-in method close of sqlite3.Cursor object at 0x000002911478C3C0>) completed
2026-02-01 08:18:21,502 - aiosqlite - DEBUG - executing functools.partial(<built-in method cursor of sqlite3.Connection object at 0x0000029114789210>)
2026-02-01 08:18:21,503 - aiosqlite - DEBUG - operation functools.partial(<built-in method cursor of sqlite3.Connection object at 0x0000029114789210>) completed
2026-02-01 08:18:21,503 - aiosqlite - DEBUG - executing functools.partial(<built-in method execute of sqlite3.Cursor object at 0x000002911478C3C0>, 'PRAGMA main.index_list("products")', ())
2026-02-01 08:18:21,504 - aiosqlite - DEBUG - operation functools.partial(<built-in method execute of sqlite3.Cursor object at 0x000002911478C3C0>, 'PRAGMA main.index_list("products")', ()) completed
2026-02-01 08:18:21,505 - aiosqlite - DEBUG - executing functools.partial(<built-in method fetchall of sqlite3.Cursor object at 0x000002911478C3C0>)
2026-02-01 08:18:21,505 - aiosqlite - DEBUG - operation functools.partial(<built-in method fetchall of sqlite3.Cursor object at 0x000002911478C3C0>) completed
2026-02-01 08:18:21,506 - aiosqlite - DEBUG - executing functools.partial(<built-in method close of sqlite3.Cursor object at 0x000002911478C3C0>)
2026-02-01 08:18:21,506 - aiosqlite - DEBUG - operation functools.partial(<built-in method close of sqlite3.Cursor object at 0x000002911478C3C0>) completed
2026-02-01 08:18:21,507 - aiosqlite - DEBUG - executing functools.partial(<built-in method cursor of sqlite3.Connection object at 0x0000029114789210>)
2026-02-01 08:18:21,507 - aiosqlite - DEBUG - operation functools.partial(<built-in method cursor of sqlite3.Connection object at 0x0000029114789210>) completed
2026-02-01 08:18:21,508 - aiosqlite - DEBUG - executing functools.partial(<built-in method execute of sqlite3.Cursor object at 0x000002911478C3C0>, 'PRAGMA main.index_info("ix_products_id")', ())
2026-02-01 08:18:21,508 - aiosqlite - DEBUG - operation functools.partial(<built-in method execute of sqlite3.Cursor object at 0x000002911478C3C0>, 'PRAGMA main.index_info("ix_products_id")', ()) completed
2026-02-01 08:18:21,509 - aiosqlite - DEBUG - executing functools.partial(<built-in method fetchall of sqlite3.Cursor object at 0x000002911478C3C0>)
2026-02-01 08:18:21,509 - aiosqlite - DEBUG - operation functools.partial(<built-in method fetchall of sqlite3.Cursor object at 0x000002911478C3C0>) completed
2026-02-01 08:18:21,510 - aiosqlite - DEBUG - executing functools.partial(<built-in method close of sqlite3.Cursor object at 0x000002911478C3C0>)
2026-02-01 08:18:21,510 - aiosqlite - DEBUG - operation functools.partial(<built-in method close of sqlite3.Cursor object at 0x000002911478C3C0>) completed
2026-02-01 08:18:21,511 - aiosqlite - DEBUG - executing functools.partial(<built-in method cursor of sqlite3.Connection object at 0x0000029114789210>)
2026-02-01 08:18:21,512 - aiosqlite - DEBUG - operation functools.partial(<built-in method cursor of sqlite3.Connection object at 0x0000029114789210>) completed
2026-02-01 08:18:21,512 - aiosqlite - DEBUG - executing functools.partial(<built-in method execute of sqlite3.Cursor object at 0x000002911478C3C0>, 'PRAGMA main.index_list("products")', ())
2026-02-01 08:18:21,513 - aiosqlite - DEBUG - operation functools.partial(<built-in method execute of sqlite3.Cursor object at 0x000002911478C3C0>, 'PRAGMA main.index_list("products")', ()) completed
2026-02-01 08:18:21,514 - aiosqlite - DEBUG - executing functools.partial(<built-in method fetchall of sqlite3.Cursor object at 0x000002911478C3C0>)
2026-02-01 08:18:21,515 - aiosqlite - DEBUG - operation functools.partial(<built-in method fetchall of sqlite3.Cursor object at 0x000002911478C3C0>) completed
2026-02-01 08:18:21,516 - aiosqlite - DEBUG - executing functools.partial(<built-in method close of sqlite3.Cursor object at 0x000002911478C3C0>)
2026-02-01 08:18:21,516 - aiosqlite - DEBUG - operation functools.partial(<built-in method close of sqlite3.Cursor object at 0x000002911478C3C0>) completed
2026-02-01 08:18:21,517 - aiosqlite - DEBUG - executing functools.partial(<built-in method cursor of sqlite3.Connection object at 0x0000029114789210>)
2026-02-01 08:18:21,517 - aiosqlite - DEBUG - operation functools.partial(<built-in method cursor of sqlite3.Connection object at 0x0000029114789210>) completed
2026-02-01 08:18:21,518 - aiosqlite - DEBUG - executing functools.partial(<built-in method execute of sqlite3.Cursor object at 0x000002911478C3C0>, 'PRAGMA main.index_info("ix_products_id")', ())
2026-02-01 08:18:21,518 - aiosqlite - DEBUG - operation functools.partial(<built-in method execute of sqlite3.Cursor object at 0x000002911478C3C0>, 'PRAGMA main.index_info("ix_products_id")', ()) completed
2026-02-01 08:18:21,519 - aiosqlite - DEBUG - executing functools.partial(<built-in method fetchall of sqlite3.Cursor object at 0x000002911478C3C0>)
2026-02-01 08:18:21,519 - aiosqlite - DEBUG - operation functools.partial(<built-in method fetchall of sqlite3.Cursor object at 0x000002911478C3C0>) completed
2026-02-01 08:18:21,520 - aiosqlite - DEBUG - executing functools.partial(<built-in method close of sqlite3.Cursor object at 0x000002911478C3C0>)
2026-02-01 08:18:21,520 - aiosqlite - DEBUG - operation functools.partial(<built-in method close of sqlite3.Cursor object at 0x000002911478C3C0>) completed
2026-02-01 08:18:21,521 - aiosqlite - DEBUG - executing functools.partial(<built-in method cursor of sqlite3.Connection object at 0x0000029114789210>)
2026-02-01 08:18:21,521 - aiosqlite - DEBUG - operation functools.partial(<built-in method cursor of sqlite3.Connection object at 0x0000029114789210>) completed
2026-02-01 08:18:21,522 - aiosqlite - DEBUG - executing functools.partial(<built-in method execute of sqlite3.Cursor object at 0x000002911478C3C0>, "SELECT sql FROM  (SELECT * FROM sqlite_master UNION ALL   SELECT * FROM sqlite_temp_master) WHERE name = ? AND type in ('table', 'view')", ('products',))
2026-02-01 08:18:21,523 - aiosqlite - DEBUG - operation functools.partial(<built-in method execute of sqlite3.Cursor object at 0x000002911478C3C0>, "SELECT sql FROM  (SELECT * FROM sqlite_master UNION ALL   SELECT * FROM sqlite_temp_master) WHERE name = ? AND type in ('table', 'view')", ('products',)) completed
2026-02-01 08:18:21,524 - aiosqlite - DEBUG - executing functools.partial(<built-in method fetchall of sqlite3.Cursor object at 0x000002911478C3C0>)
2026-02-01 08:18:21,524 - aiosqlite - DEBUG - operation functools.partial(<built-in method fetchall of sqlite3.Cursor object at 0x000002911478C3C0>) completed
2026-02-01 08:18:21,525 - aiosqlite - DEBUG - executing functools.partial(<built-in method close of sqlite3.Cursor object at 0x000002911478C3C0>)
2026-02-01 08:18:21,525 - aiosqlite - DEBUG - operation functools.partial(<built-in method close of sqlite3.Cursor object at 0x000002911478C3C0>) completed
2026-02-01 08:18:21,531 - aiosqlite - DEBUG - executing functools.partial(<built-in method cursor of sqlite3.Connection object at 0x0000029114789210>)
2026-02-01 08:18:21,531 - aiosqlite - DEBUG - operation functools.partial(<built-in method cursor of sqlite3.Connection object at 0x0000029114789210>) completed
2026-02-01 08:18:21,532 - aiosqlite - DEBUG - executing functools.partial(<built-in method execute of sqlite3.Cursor object at 0x00000291146F6B40>, 'SELECT count(*) AS count_1 \nFROM products', ())
2026-02-01 08:18:21,532 - aiosqlite - DEBUG - operation functools.partial(<built-in method execute of sqlite3.Cursor object at 0x00000291146F6B40>, 'SELECT count(*) AS count_1 \nFROM products', ()) completed
2026-02-01 08:18:21,533 - aiosqlite - DEBUG - executing functools.partial(<built-in method fetchall of sqlite3.Cursor object at 0x00000291146F6B40>)
2026-02-01 08:18:21,533 - aiosqlite - DEBUG - operation functools.partial(<built-in method fetchall of sqlite3.Cursor object at 0x00000291146F6B40>) completed
2026-02-01 08:18:21,534 - aiosqlite - DEBUG - executing functools.partial(<built-in method close of sqlite3.Cursor object at 0x00000291146F6B40>)
2026-02-01 08:18:21,534 - aiosqlite - DEBUG - operation functools.partial(<built-in method close of sqlite3.Cursor object at 0x00000291146F6B40>) completed
2026-02-01 08:18:21,535 - services.mock_data - INFO - Table products already has 13 rows; skipping mock insert
2026-02-01 08:18:21,535 - aiosqlite - DEBUG - executing functools.partial(<built-in method commit of sqlite3.Connection object at 0x0000029114789210>)
2026-02-01 08:18:21,536 - aiosqlite - DEBUG - operation functools.partial(<built-in method commit of sqlite3.Connection object at 0x0000029114789210>) completed
2026-02-01 08:18:21,536 - aiosqlite - DEBUG - executing functools.partial(<built-in method rollback of sqlite3.Connection object at 0x0000029114789210>)
2026-02-01 08:18:21,537 - aiosqlite - DEBUG - operation functools.partial(<built-in method rollback of sqlite3.Connection object at 0x0000029114789210>) completed
2026-02-01 08:18:21,537 - aiosqlite - DEBUG - executing functools.partial(<built-in method close of sqlite3.Connection object at 0x0000029114789210>)
2026-02-01 08:18:21,538 - aiosqlite - DEBUG - operation functools.partial(<built-in method close of sqlite3.Connection object at 0x0000029114789210>) completed
2026-02-01 08:18:21,539 - services.database - DEBUG - [DB_OP] Starting database initialization
2026-02-01 08:18:21,539 - services.database - INFO - 🔧 Starting database initialization...
2026-02-01 08:18:21,540 - core.database - INFO - Starting database initialization...
2026-02-01 08:18:21,540 - core.database - INFO - Database already initialized
2026-02-01 08:18:21,540 - services.database - INFO - 🔧 Database connection initialized, now creating tables if tables not exist...
2026-02-01 08:18:21,541 - core.database - DEBUG - [DB_OP] Starting create_tables
2026-02-01 08:18:21,541 - core.database - INFO - Tables already initialized
2026-02-01 08:18:21,541 - services.database - INFO - 🔧 Table creation completed
2026-02-01 08:18:21,542 - services.database - INFO - Database initialized successfully
2026-02-01 08:18:21,542 - services.database - DEBUG - [DB_OP] Database initialization completed in 0.0030s
2026-02-01 08:18:21,542 - services.auth - WARNING - Admin user ID or email not configured, skipping admin initialization
2026-02-01 08:18:21,543 - main - INFO - === Application startup completed successfully ===
