2026-03-03 11:39:19,776 - main - INFO - === Logging system initialized ===
2026-03-03 11:39:19,776 - main - INFO - Log file: logs/app_20260303_113919.log
2026-03-03 11:39:19,776 - main - INFO - Log level: INFO
2026-03-03 11:39:19,776 - main - INFO - Timestamp: 20260303_113919
2026-03-03 11:39:20,102 - main - INFO - Included router: routers.aihub.router
2026-03-03 11:39:20,114 - main - INFO - Included router: routers.auth.router
2026-03-03 11:39:20,116 - main - INFO - Included router: routers.health.router
2026-03-03 11:39:20,151 - main - INFO - Included router: routers.products.router
2026-03-03 11:39:20,154 - main - WARNING - Failed to import module 'routers.settings': cannot import name 'get_admin_user' from 'dependencies.auth' (D:\ASM1\backend\dependencies\auth.py)
2026-03-03 11:39:20,154 - main - WARNING - Failed to import module 'routers.storage': cannot import name 'get_admin_user' from 'dependencies.auth' (D:\ASM1\backend\dependencies\auth.py)
2026-03-03 11:39:20,160 - main - INFO - Included router: routers.user.router
2026-03-03 11:39:20,161 - main - INFO - === Application startup initiated ===
2026-03-03 11:39:20,161 - services.database - DEBUG - [DB_OP] Starting database initialization
2026-03-03 11:39:20,162 - services.database - INFO - 🔧 Starting database initialization...
2026-03-03 11:39:20,162 - core.database - INFO - Starting database initialization...
2026-03-03 11:39:20,162 - core.database - INFO - Normalizing database URL for async compatibility...
2026-03-03 11:39:20,163 - core.database - DEBUG - Database exists:./test.db
2026-03-03 11:39:20,163 - core.database - WARNING - Adjusted database URL driver for async compatibility
2026-03-03 11:39:20,163 - core.database - INFO - Creating async database engine...
2026-03-03 11:39:20,164 - core.database - INFO - Using NullPool for sqlite+aiosqlite environment
2026-03-03 11:39:20,177 - core.database - INFO - Database engine created successfully
2026-03-03 11:39:20,177 - core.database - INFO - Creating async session maker...
2026-03-03 11:39:20,178 - core.database - INFO - Async session maker created successfully
2026-03-03 11:39:20,178 - core.database - INFO - Database connection initialized successfully
2026-03-03 11:39:20,178 - services.database - INFO - 🔧 Database connection initialized, now creating tables if tables not exist...
2026-03-03 11:39:20,178 - core.database - DEBUG - [DB_OP] Starting create_tables
2026-03-03 11:39:20,178 - core.database - INFO - 🔧 Starting table creation...
2026-03-03 11:39:20,179 - aiosqlite - DEBUG - executing <function connect.<locals>.connector at 0x000001BC683F9BC0>
2026-03-03 11:39:20,179 - aiosqlite - DEBUG - operation <function connect.<locals>.connector at 0x000001BC683F9BC0> completed
2026-03-03 11:39:20,180 - aiosqlite - DEBUG - executing functools.partial(<built-in method create_function of sqlite3.Connection object at 0x000001BC683BEF20>, 'regexp', 2, <function SQLiteDialect_pysqlite.on_connect.<locals>.regexp at 0x000001BC683F8F40>, deterministic=True)
2026-03-03 11:39:20,180 - aiosqlite - DEBUG - operation functools.partial(<built-in method create_function of sqlite3.Connection object at 0x000001BC683BEF20>, 'regexp', 2, <function SQLiteDialect_pysqlite.on_connect.<locals>.regexp at 0x000001BC683F8F40>, deterministic=True) completed
2026-03-03 11:39:20,180 - aiosqlite - DEBUG - executing functools.partial(<built-in method create_function of sqlite3.Connection object at 0x000001BC683BEF20>, 'floor', 1, <built-in function floor>, deterministic=True)
2026-03-03 11:39:20,181 - aiosqlite - DEBUG - operation functools.partial(<built-in method create_function of sqlite3.Connection object at 0x000001BC683BEF20>, 'floor', 1, <built-in function floor>, deterministic=True) completed
2026-03-03 11:39:20,181 - aiosqlite - DEBUG - executing functools.partial(<built-in method cursor of sqlite3.Connection object at 0x000001BC683BEF20>)
2026-03-03 11:39:20,181 - aiosqlite - DEBUG - operation functools.partial(<built-in method cursor of sqlite3.Connection object at 0x000001BC683BEF20>) completed
2026-03-03 11:39:20,181 - aiosqlite - DEBUG - executing functools.partial(<built-in method execute of sqlite3.Cursor object at 0x000001BC6839BCC0>, 'PRAGMA read_uncommitted', [])
2026-03-03 11:39:20,182 - aiosqlite - DEBUG - operation functools.partial(<built-in method execute of sqlite3.Cursor object at 0x000001BC6839BCC0>, 'PRAGMA read_uncommitted', []) completed
2026-03-03 11:39:20,182 - aiosqlite - DEBUG - executing functools.partial(<built-in method fetchall of sqlite3.Cursor object at 0x000001BC6839BCC0>)
2026-03-03 11:39:20,182 - aiosqlite - DEBUG - operation functools.partial(<built-in method fetchall of sqlite3.Cursor object at 0x000001BC6839BCC0>) completed
2026-03-03 11:39:20,182 - aiosqlite - DEBUG - executing functools.partial(<built-in method close of sqlite3.Cursor object at 0x000001BC6839BCC0>)
2026-03-03 11:39:20,182 - aiosqlite - DEBUG - operation functools.partial(<built-in method close of sqlite3.Cursor object at 0x000001BC6839BCC0>) completed
2026-03-03 11:39:20,183 - aiosqlite - DEBUG - executing functools.partial(<built-in method rollback of sqlite3.Connection object at 0x000001BC683BEF20>)
2026-03-03 11:39:20,183 - aiosqlite - DEBUG - operation functools.partial(<built-in method rollback of sqlite3.Connection object at 0x000001BC683BEF20>) completed
2026-03-03 11:39:20,184 - aiosqlite - DEBUG - executing functools.partial(<built-in method cursor of sqlite3.Connection object at 0x000001BC683BEF20>)
2026-03-03 11:39:20,184 - aiosqlite - DEBUG - operation functools.partial(<built-in method cursor of sqlite3.Connection object at 0x000001BC683BEF20>) completed
2026-03-03 11:39:20,184 - aiosqlite - DEBUG - executing functools.partial(<built-in method execute of sqlite3.Cursor object at 0x000001BC6839BDC0>, 'PRAGMA main.table_info("users")', ())
2026-03-03 11:39:20,185 - aiosqlite - DEBUG - operation functools.partial(<built-in method execute of sqlite3.Cursor object at 0x000001BC6839BDC0>, 'PRAGMA main.table_info("users")', ()) completed
2026-03-03 11:39:20,185 - aiosqlite - DEBUG - executing functools.partial(<built-in method fetchall of sqlite3.Cursor object at 0x000001BC6839BDC0>)
2026-03-03 11:39:20,185 - aiosqlite - DEBUG - operation functools.partial(<built-in method fetchall of sqlite3.Cursor object at 0x000001BC6839BDC0>) completed
2026-03-03 11:39:20,186 - aiosqlite - DEBUG - executing functools.partial(<built-in method close of sqlite3.Cursor object at 0x000001BC6839BDC0>)
2026-03-03 11:39:20,186 - aiosqlite - DEBUG - operation functools.partial(<built-in method close of sqlite3.Cursor object at 0x000001BC6839BDC0>) completed
2026-03-03 11:39:20,186 - aiosqlite - DEBUG - executing functools.partial(<built-in method cursor of sqlite3.Connection object at 0x000001BC683BEF20>)
2026-03-03 11:39:20,186 - aiosqlite - DEBUG - operation functools.partial(<built-in method cursor of sqlite3.Connection object at 0x000001BC683BEF20>) completed
2026-03-03 11:39:20,186 - aiosqlite - DEBUG - executing functools.partial(<built-in method execute of sqlite3.Cursor object at 0x000001BC6839BDC0>, 'PRAGMA main.table_info("oidc_states")', ())
2026-03-03 11:39:20,187 - aiosqlite - DEBUG - operation functools.partial(<built-in method execute of sqlite3.Cursor object at 0x000001BC6839BDC0>, 'PRAGMA main.table_info("oidc_states")', ()) completed
2026-03-03 11:39:20,187 - aiosqlite - DEBUG - executing functools.partial(<built-in method fetchall of sqlite3.Cursor object at 0x000001BC6839BDC0>)
2026-03-03 11:39:20,187 - aiosqlite - DEBUG - operation functools.partial(<built-in method fetchall of sqlite3.Cursor object at 0x000001BC6839BDC0>) completed
2026-03-03 11:39:20,187 - aiosqlite - DEBUG - executing functools.partial(<built-in method close of sqlite3.Cursor object at 0x000001BC6839BDC0>)
2026-03-03 11:39:20,187 - aiosqlite - DEBUG - operation functools.partial(<built-in method close of sqlite3.Cursor object at 0x000001BC6839BDC0>) completed
2026-03-03 11:39:20,188 - aiosqlite - DEBUG - executing functools.partial(<built-in method cursor of sqlite3.Connection object at 0x000001BC683BEF20>)
2026-03-03 11:39:20,188 - aiosqlite - DEBUG - operation functools.partial(<built-in method cursor of sqlite3.Connection object at 0x000001BC683BEF20>) completed
2026-03-03 11:39:20,188 - aiosqlite - DEBUG - executing functools.partial(<built-in method execute of sqlite3.Cursor object at 0x000001BC6839BDC0>, 'PRAGMA main.table_info("products")', ())
2026-03-03 11:39:20,188 - aiosqlite - DEBUG - operation functools.partial(<built-in method execute of sqlite3.Cursor object at 0x000001BC6839BDC0>, 'PRAGMA main.table_info("products")', ()) completed
2026-03-03 11:39:20,189 - aiosqlite - DEBUG - executing functools.partial(<built-in method fetchall of sqlite3.Cursor object at 0x000001BC6839BDC0>)
2026-03-03 11:39:20,189 - aiosqlite - DEBUG - operation functools.partial(<built-in method fetchall of sqlite3.Cursor object at 0x000001BC6839BDC0>) completed
2026-03-03 11:39:20,189 - aiosqlite - DEBUG - executing functools.partial(<built-in method close of sqlite3.Cursor object at 0x000001BC6839BDC0>)
2026-03-03 11:39:20,189 - aiosqlite - DEBUG - operation functools.partial(<built-in method close of sqlite3.Cursor object at 0x000001BC6839BDC0>) completed
2026-03-03 11:39:20,190 - core.database - INFO - Tables initialized successfully
2026-03-03 11:39:20,190 - core.database - DEBUG - [DB_OP] Create tables completed in 0.0120s
2026-03-03 11:39:20,190 - aiosqlite - DEBUG - executing functools.partial(<built-in method commit of sqlite3.Connection object at 0x000001BC683BEF20>)
2026-03-03 11:39:20,190 - aiosqlite - DEBUG - operation functools.partial(<built-in method commit of sqlite3.Connection object at 0x000001BC683BEF20>) completed
2026-03-03 11:39:20,190 - aiosqlite - DEBUG - executing functools.partial(<built-in method rollback of sqlite3.Connection object at 0x000001BC683BEF20>)
2026-03-03 11:39:20,191 - aiosqlite - DEBUG - operation functools.partial(<built-in method rollback of sqlite3.Connection object at 0x000001BC683BEF20>) completed
2026-03-03 11:39:20,191 - aiosqlite - DEBUG - executing functools.partial(<built-in method close of sqlite3.Connection object at 0x000001BC683BEF20>)
2026-03-03 11:39:20,191 - aiosqlite - DEBUG - operation functools.partial(<built-in method close of sqlite3.Connection object at 0x000001BC683BEF20>) completed
2026-03-03 11:39:20,192 - services.database - INFO - 🔧 Table creation completed
2026-03-03 11:39:20,192 - services.database - INFO - Database initialized successfully
2026-03-03 11:39:20,192 - services.database - DEBUG - [DB_OP] Database initialization completed in 0.0307s
2026-03-03 11:39:20,193 - services.mock_data - INFO - Processing mock data file products.json for table products
2026-03-03 11:39:20,193 - aiosqlite - DEBUG - executing <function connect.<locals>.connector at 0x000001BC683FAD40>
2026-03-03 11:39:20,193 - aiosqlite - DEBUG - operation <function connect.<locals>.connector at 0x000001BC683FAD40> completed
2026-03-03 11:39:20,194 - aiosqlite - DEBUG - executing functools.partial(<built-in method create_function of sqlite3.Connection object at 0x000001BC68409300>, 'regexp', 2, <function SQLiteDialect_pysqlite.on_connect.<locals>.regexp at 0x000001BC683F8F40>, deterministic=True)
2026-03-03 11:39:20,194 - aiosqlite - DEBUG - operation functools.partial(<built-in method create_function of sqlite3.Connection object at 0x000001BC68409300>, 'regexp', 2, <function SQLiteDialect_pysqlite.on_connect.<locals>.regexp at 0x000001BC683F8F40>, deterministic=True) completed
2026-03-03 11:39:20,194 - aiosqlite - DEBUG - executing functools.partial(<built-in method create_function of sqlite3.Connection object at 0x000001BC68409300>, 'floor', 1, <built-in function floor>, deterministic=True)
2026-03-03 11:39:20,194 - aiosqlite - DEBUG - operation functools.partial(<built-in method create_function of sqlite3.Connection object at 0x000001BC68409300>, 'floor', 1, <built-in function floor>, deterministic=True) completed
2026-03-03 11:39:20,196 - aiosqlite - DEBUG - executing functools.partial(<built-in method cursor of sqlite3.Connection object at 0x000001BC68409300>)
2026-03-03 11:39:20,196 - aiosqlite - DEBUG - operation functools.partial(<built-in method cursor of sqlite3.Connection object at 0x000001BC68409300>) completed
2026-03-03 11:39:20,196 - aiosqlite - DEBUG - executing functools.partial(<built-in method execute of sqlite3.Cursor object at 0x000001BC6840C640>, 'PRAGMA main.table_xinfo("products")', ())
2026-03-03 11:39:20,196 - aiosqlite - DEBUG - operation functools.partial(<built-in method execute of sqlite3.Cursor object at 0x000001BC6840C640>, 'PRAGMA main.table_xinfo("products")', ()) completed
2026-03-03 11:39:20,197 - aiosqlite - DEBUG - executing functools.partial(<built-in method fetchall of sqlite3.Cursor object at 0x000001BC6840C640>)
2026-03-03 11:39:20,197 - aiosqlite - DEBUG - operation functools.partial(<built-in method fetchall of sqlite3.Cursor object at 0x000001BC6840C640>) completed
2026-03-03 11:39:20,197 - aiosqlite - DEBUG - executing functools.partial(<built-in method close of sqlite3.Cursor object at 0x000001BC6840C640>)
2026-03-03 11:39:20,197 - aiosqlite - DEBUG - operation functools.partial(<built-in method close of sqlite3.Cursor object at 0x000001BC6840C640>) completed
2026-03-03 11:39:20,198 - aiosqlite - DEBUG - executing functools.partial(<built-in method cursor of sqlite3.Connection object at 0x000001BC68409300>)
2026-03-03 11:39:20,198 - aiosqlite - DEBUG - operation functools.partial(<built-in method cursor of sqlite3.Connection object at 0x000001BC68409300>) completed
2026-03-03 11:39:20,199 - aiosqlite - DEBUG - executing functools.partial(<built-in method execute of sqlite3.Cursor object at 0x000001BC6840C640>, "SELECT sql FROM  (SELECT * FROM sqlite_master UNION ALL   SELECT * FROM sqlite_temp_master) WHERE name = ? AND type in ('table', 'view')", ('products',))
2026-03-03 11:39:20,199 - aiosqlite - DEBUG - operation functools.partial(<built-in method execute of sqlite3.Cursor object at 0x000001BC6840C640>, "SELECT sql FROM  (SELECT * FROM sqlite_master UNION ALL   SELECT * FROM sqlite_temp_master) WHERE name = ? AND type in ('table', 'view')", ('products',)) completed
2026-03-03 11:39:20,200 - aiosqlite - DEBUG - executing functools.partial(<built-in method fetchall of sqlite3.Cursor object at 0x000001BC6840C640>)
2026-03-03 11:39:20,200 - aiosqlite - DEBUG - operation functools.partial(<built-in method fetchall of sqlite3.Cursor object at 0x000001BC6840C640>) completed
2026-03-03 11:39:20,200 - aiosqlite - DEBUG - executing functools.partial(<built-in method close of sqlite3.Cursor object at 0x000001BC6840C640>)
2026-03-03 11:39:20,200 - aiosqlite - DEBUG - operation functools.partial(<built-in method close of sqlite3.Cursor object at 0x000001BC6840C640>) completed
2026-03-03 11:39:20,201 - aiosqlite - DEBUG - executing functools.partial(<built-in method cursor of sqlite3.Connection object at 0x000001BC68409300>)
2026-03-03 11:39:20,201 - aiosqlite - DEBUG - operation functools.partial(<built-in method cursor of sqlite3.Connection object at 0x000001BC68409300>) completed
2026-03-03 11:39:20,201 - aiosqlite - DEBUG - executing functools.partial(<built-in method execute of sqlite3.Cursor object at 0x000001BC6840C640>, 'PRAGMA main.foreign_key_list("products")', ())
2026-03-03 11:39:20,201 - aiosqlite - DEBUG - operation functools.partial(<built-in method execute of sqlite3.Cursor object at 0x000001BC6840C640>, 'PRAGMA main.foreign_key_list("products")', ()) completed
2026-03-03 11:39:20,202 - aiosqlite - DEBUG - executing functools.partial(<built-in method fetchall of sqlite3.Cursor object at 0x000001BC6840C640>)
2026-03-03 11:39:20,202 - aiosqlite - DEBUG - operation functools.partial(<built-in method fetchall of sqlite3.Cursor object at 0x000001BC6840C640>) completed
2026-03-03 11:39:20,202 - aiosqlite - DEBUG - executing functools.partial(<built-in method close of sqlite3.Cursor object at 0x000001BC6840C640>)
2026-03-03 11:39:20,202 - aiosqlite - DEBUG - operation functools.partial(<built-in method close of sqlite3.Cursor object at 0x000001BC6840C640>) completed
2026-03-03 11:39:20,203 - aiosqlite - DEBUG - executing functools.partial(<built-in method cursor of sqlite3.Connection object at 0x000001BC68409300>)
2026-03-03 11:39:20,203 - aiosqlite - DEBUG - operation functools.partial(<built-in method cursor of sqlite3.Connection object at 0x000001BC68409300>) completed
2026-03-03 11:39:20,203 - aiosqlite - DEBUG - executing functools.partial(<built-in method execute of sqlite3.Cursor object at 0x000001BC6840C640>, 'PRAGMA temp.foreign_key_list("products")', ())
2026-03-03 11:39:20,203 - aiosqlite - DEBUG - operation functools.partial(<built-in method execute of sqlite3.Cursor object at 0x000001BC6840C640>, 'PRAGMA temp.foreign_key_list("products")', ()) completed
2026-03-03 11:39:20,204 - aiosqlite - DEBUG - executing functools.partial(<built-in method fetchall of sqlite3.Cursor object at 0x000001BC6840C640>)
2026-03-03 11:39:20,204 - aiosqlite - DEBUG - operation functools.partial(<built-in method fetchall of sqlite3.Cursor object at 0x000001BC6840C640>) completed
2026-03-03 11:39:20,204 - aiosqlite - DEBUG - executing functools.partial(<built-in method close of sqlite3.Cursor object at 0x000001BC6840C640>)
2026-03-03 11:39:20,204 - aiosqlite - DEBUG - operation functools.partial(<built-in method close of sqlite3.Cursor object at 0x000001BC6840C640>) completed
2026-03-03 11:39:20,205 - aiosqlite - DEBUG - executing functools.partial(<built-in method cursor of sqlite3.Connection object at 0x000001BC68409300>)
2026-03-03 11:39:20,205 - aiosqlite - DEBUG - operation functools.partial(<built-in method cursor of sqlite3.Connection object at 0x000001BC68409300>) completed
2026-03-03 11:39:20,205 - aiosqlite - DEBUG - executing functools.partial(<built-in method execute of sqlite3.Cursor object at 0x000001BC6840C640>, "SELECT sql FROM  (SELECT * FROM sqlite_master UNION ALL   SELECT * FROM sqlite_temp_master) WHERE name = ? AND type in ('table', 'view')", ('products',))
2026-03-03 11:39:20,206 - aiosqlite - DEBUG - operation functools.partial(<built-in method execute of sqlite3.Cursor object at 0x000001BC6840C640>, "SELECT sql FROM  (SELECT * FROM sqlite_master UNION ALL   SELECT * FROM sqlite_temp_master) WHERE name = ? AND type in ('table', 'view')", ('products',)) completed
2026-03-03 11:39:20,206 - aiosqlite - DEBUG - executing functools.partial(<built-in method fetchall of sqlite3.Cursor object at 0x000001BC6840C640>)
2026-03-03 11:39:20,206 - aiosqlite - DEBUG - operation functools.partial(<built-in method fetchall of sqlite3.Cursor object at 0x000001BC6840C640>) completed
2026-03-03 11:39:20,206 - aiosqlite - DEBUG - executing functools.partial(<built-in method close of sqlite3.Cursor object at 0x000001BC6840C640>)
2026-03-03 11:39:20,206 - aiosqlite - DEBUG - operation functools.partial(<built-in method close of sqlite3.Cursor object at 0x000001BC6840C640>) completed
2026-03-03 11:39:20,208 - aiosqlite - DEBUG - executing functools.partial(<built-in method cursor of sqlite3.Connection object at 0x000001BC68409300>)
2026-03-03 11:39:20,208 - aiosqlite - DEBUG - operation functools.partial(<built-in method cursor of sqlite3.Connection object at 0x000001BC68409300>) completed
2026-03-03 11:39:20,208 - aiosqlite - DEBUG - executing functools.partial(<built-in method execute of sqlite3.Cursor object at 0x000001BC6840C640>, 'PRAGMA main.index_list("products")', ())
2026-03-03 11:39:20,208 - aiosqlite - DEBUG - operation functools.partial(<built-in method execute of sqlite3.Cursor object at 0x000001BC6840C640>, 'PRAGMA main.index_list("products")', ()) completed
2026-03-03 11:39:20,209 - aiosqlite - DEBUG - executing functools.partial(<built-in method fetchall of sqlite3.Cursor object at 0x000001BC6840C640>)
2026-03-03 11:39:20,209 - aiosqlite - DEBUG - operation functools.partial(<built-in method fetchall of sqlite3.Cursor object at 0x000001BC6840C640>) completed
2026-03-03 11:39:20,209 - aiosqlite - DEBUG - executing functools.partial(<built-in method close of sqlite3.Cursor object at 0x000001BC6840C640>)
2026-03-03 11:39:20,209 - aiosqlite - DEBUG - operation functools.partial(<built-in method close of sqlite3.Cursor object at 0x000001BC6840C640>) completed
2026-03-03 11:39:20,210 - aiosqlite - DEBUG - executing functools.partial(<built-in method cursor of sqlite3.Connection object at 0x000001BC68409300>)
2026-03-03 11:39:20,210 - aiosqlite - DEBUG - operation functools.partial(<built-in method cursor of sqlite3.Connection object at 0x000001BC68409300>) completed
2026-03-03 11:39:20,210 - aiosqlite - DEBUG - executing functools.partial(<built-in method execute of sqlite3.Cursor object at 0x000001BC6840C640>, 'PRAGMA main.index_info("ix_products_id")', ())
2026-03-03 11:39:20,210 - aiosqlite - DEBUG - operation functools.partial(<built-in method execute of sqlite3.Cursor object at 0x000001BC6840C640>, 'PRAGMA main.index_info("ix_products_id")', ()) completed
2026-03-03 11:39:20,211 - aiosqlite - DEBUG - executing functools.partial(<built-in method fetchall of sqlite3.Cursor object at 0x000001BC6840C640>)
2026-03-03 11:39:20,211 - aiosqlite - DEBUG - operation functools.partial(<built-in method fetchall of sqlite3.Cursor object at 0x000001BC6840C640>) completed
2026-03-03 11:39:20,211 - aiosqlite - DEBUG - executing functools.partial(<built-in method close of sqlite3.Cursor object at 0x000001BC6840C640>)
2026-03-03 11:39:20,211 - aiosqlite - DEBUG - operation functools.partial(<built-in method close of sqlite3.Cursor object at 0x000001BC6840C640>) completed
2026-03-03 11:39:20,212 - aiosqlite - DEBUG - executing functools.partial(<built-in method cursor of sqlite3.Connection object at 0x000001BC68409300>)
2026-03-03 11:39:20,212 - aiosqlite - DEBUG - operation functools.partial(<built-in method cursor of sqlite3.Connection object at 0x000001BC68409300>) completed
2026-03-03 11:39:20,212 - aiosqlite - DEBUG - executing functools.partial(<built-in method execute of sqlite3.Cursor object at 0x000001BC6840C640>, 'PRAGMA main.index_list("products")', ())
2026-03-03 11:39:20,212 - aiosqlite - DEBUG - operation functools.partial(<built-in method execute of sqlite3.Cursor object at 0x000001BC6840C640>, 'PRAGMA main.index_list("products")', ()) completed
2026-03-03 11:39:20,213 - aiosqlite - DEBUG - executing functools.partial(<built-in method fetchall of sqlite3.Cursor object at 0x000001BC6840C640>)
2026-03-03 11:39:20,213 - aiosqlite - DEBUG - operation functools.partial(<built-in method fetchall of sqlite3.Cursor object at 0x000001BC6840C640>) completed
2026-03-03 11:39:20,213 - aiosqlite - DEBUG - executing functools.partial(<built-in method close of sqlite3.Cursor object at 0x000001BC6840C640>)
2026-03-03 11:39:20,213 - aiosqlite - DEBUG - operation functools.partial(<built-in method close of sqlite3.Cursor object at 0x000001BC6840C640>) completed
2026-03-03 11:39:20,214 - aiosqlite - DEBUG - executing functools.partial(<built-in method cursor of sqlite3.Connection object at 0x000001BC68409300>)
2026-03-03 11:39:20,214 - aiosqlite - DEBUG - operation functools.partial(<built-in method cursor of sqlite3.Connection object at 0x000001BC68409300>) completed
2026-03-03 11:39:20,214 - aiosqlite - DEBUG - executing functools.partial(<built-in method execute of sqlite3.Cursor object at 0x000001BC6840C640>, 'PRAGMA main.index_info("ix_products_id")', ())
2026-03-03 11:39:20,214 - aiosqlite - DEBUG - operation functools.partial(<built-in method execute of sqlite3.Cursor object at 0x000001BC6840C640>, 'PRAGMA main.index_info("ix_products_id")', ()) completed
2026-03-03 11:39:20,215 - aiosqlite - DEBUG - executing functools.partial(<built-in method fetchall of sqlite3.Cursor object at 0x000001BC6840C640>)
2026-03-03 11:39:20,215 - aiosqlite - DEBUG - operation functools.partial(<built-in method fetchall of sqlite3.Cursor object at 0x000001BC6840C640>) completed
2026-03-03 11:39:20,215 - aiosqlite - DEBUG - executing functools.partial(<built-in method close of sqlite3.Cursor object at 0x000001BC6840C640>)
2026-03-03 11:39:20,215 - aiosqlite - DEBUG - operation functools.partial(<built-in method close of sqlite3.Cursor object at 0x000001BC6840C640>) completed
2026-03-03 11:39:20,215 - aiosqlite - DEBUG - executing functools.partial(<built-in method cursor of sqlite3.Connection object at 0x000001BC68409300>)
2026-03-03 11:39:20,216 - aiosqlite - DEBUG - operation functools.partial(<built-in method cursor of sqlite3.Connection object at 0x000001BC68409300>) completed
2026-03-03 11:39:20,216 - aiosqlite - DEBUG - executing functools.partial(<built-in method execute of sqlite3.Cursor object at 0x000001BC6840C640>, "SELECT sql FROM  (SELECT * FROM sqlite_master UNION ALL   SELECT * FROM sqlite_temp_master) WHERE name = ? AND type in ('table', 'view')", ('products',))
2026-03-03 11:39:20,216 - aiosqlite - DEBUG - operation functools.partial(<built-in method execute of sqlite3.Cursor object at 0x000001BC6840C640>, "SELECT sql FROM  (SELECT * FROM sqlite_master UNION ALL   SELECT * FROM sqlite_temp_master) WHERE name = ? AND type in ('table', 'view')", ('products',)) completed
2026-03-03 11:39:20,216 - aiosqlite - DEBUG - executing functools.partial(<built-in method fetchall of sqlite3.Cursor object at 0x000001BC6840C640>)
2026-03-03 11:39:20,216 - aiosqlite - DEBUG - operation functools.partial(<built-in method fetchall of sqlite3.Cursor object at 0x000001BC6840C640>) completed
2026-03-03 11:39:20,217 - aiosqlite - DEBUG - executing functools.partial(<built-in method close of sqlite3.Cursor object at 0x000001BC6840C640>)
2026-03-03 11:39:20,217 - aiosqlite - DEBUG - operation functools.partial(<built-in method close of sqlite3.Cursor object at 0x000001BC6840C640>) completed
2026-03-03 11:39:20,220 - aiosqlite - DEBUG - executing functools.partial(<built-in method cursor of sqlite3.Connection object at 0x000001BC68409300>)
2026-03-03 11:39:20,220 - aiosqlite - DEBUG - operation functools.partial(<built-in method cursor of sqlite3.Connection object at 0x000001BC68409300>) completed
2026-03-03 11:39:20,220 - aiosqlite - DEBUG - executing functools.partial(<built-in method execute of sqlite3.Cursor object at 0x000001BC6837C2C0>, 'SELECT count(*) AS count_1 \nFROM products', ())
2026-03-03 11:39:20,221 - aiosqlite - DEBUG - operation functools.partial(<built-in method execute of sqlite3.Cursor object at 0x000001BC6837C2C0>, 'SELECT count(*) AS count_1 \nFROM products', ()) completed
2026-03-03 11:39:20,221 - aiosqlite - DEBUG - executing functools.partial(<built-in method fetchall of sqlite3.Cursor object at 0x000001BC6837C2C0>)
2026-03-03 11:39:20,221 - aiosqlite - DEBUG - operation functools.partial(<built-in method fetchall of sqlite3.Cursor object at 0x000001BC6837C2C0>) completed
2026-03-03 11:39:20,221 - aiosqlite - DEBUG - executing functools.partial(<built-in method close of sqlite3.Cursor object at 0x000001BC6837C2C0>)
2026-03-03 11:39:20,222 - aiosqlite - DEBUG - operation functools.partial(<built-in method close of sqlite3.Cursor object at 0x000001BC6837C2C0>) completed
2026-03-03 11:39:20,222 - services.mock_data - INFO - Table products already has 14 rows; skipping mock insert
2026-03-03 11:39:20,222 - aiosqlite - DEBUG - executing functools.partial(<built-in method commit of sqlite3.Connection object at 0x000001BC68409300>)
2026-03-03 11:39:20,222 - aiosqlite - DEBUG - operation functools.partial(<built-in method commit of sqlite3.Connection object at 0x000001BC68409300>) completed
2026-03-03 11:39:20,223 - aiosqlite - DEBUG - executing functools.partial(<built-in method rollback of sqlite3.Connection object at 0x000001BC68409300>)
2026-03-03 11:39:20,223 - aiosqlite - DEBUG - operation functools.partial(<built-in method rollback of sqlite3.Connection object at 0x000001BC68409300>) completed
2026-03-03 11:39:20,223 - aiosqlite - DEBUG - executing functools.partial(<built-in method close of sqlite3.Connection object at 0x000001BC68409300>)
2026-03-03 11:39:20,223 - aiosqlite - DEBUG - operation functools.partial(<built-in method close of sqlite3.Connection object at 0x000001BC68409300>) completed
2026-03-03 11:39:20,224 - services.database - DEBUG - [DB_OP] Starting database initialization
2026-03-03 11:39:20,224 - services.database - INFO - 🔧 Starting database initialization...
2026-03-03 11:39:20,224 - core.database - INFO - Starting database initialization...
2026-03-03 11:39:20,224 - core.database - INFO - Database already initialized
2026-03-03 11:39:20,224 - services.database - INFO - 🔧 Database connection initialized, now creating tables if tables not exist...
2026-03-03 11:39:20,224 - core.database - DEBUG - [DB_OP] Starting create_tables
2026-03-03 11:39:20,224 - core.database - INFO - Tables already initialized
2026-03-03 11:39:20,224 - services.database - INFO - 🔧 Table creation completed
2026-03-03 11:39:20,224 - services.database - INFO - Database initialized successfully
2026-03-03 11:39:20,225 - services.database - DEBUG - [DB_OP] Database initialization completed in 0.0020s
2026-03-03 11:39:20,225 - services.auth - WARNING - Admin user ID or email not configured, skipping admin initialization
2026-03-03 11:39:20,225 - main - INFO - === Application startup completed successfully ===
2026-03-03 11:41:37,399 - services.database - DEBUG - [DB_OP] Starting database close
2026-03-03 11:41:37,400 - core.database - INFO - Database connection closed and engine disposed
2026-03-03 11:41:37,400 - services.database - INFO - Database connections closed
2026-03-03 11:41:37,400 - services.database - DEBUG - [DB_OP] Database close completed in 0.0010s
