2026-03-03 18:18:55,773 - main - INFO - === Logging system initialized ===
2026-03-03 18:18:55,774 - main - INFO - Log file: logs/app_20260303_181855.log
2026-03-03 18:18:55,774 - main - INFO - Log level: INFO
2026-03-03 18:18:55,775 - main - INFO - Timestamp: 20260303_181855
2026-03-03 18:18:56,081 - main - INFO - Included router: routers.aihub.router
2026-03-03 18:18:56,133 - passlib.utils.compat - DEBUG - loaded lazy attr 'SafeConfigParser': <class 'configparser.ConfigParser'>
2026-03-03 18:18:56,134 - passlib.utils.compat - DEBUG - loaded lazy attr 'NativeStringIO': <class '_io.StringIO'>
2026-03-03 18:18:56,134 - passlib.utils.compat - DEBUG - loaded lazy attr 'BytesIO': <class '_io.BytesIO'>
2026-03-03 18:18:56,138 - passlib.registry - DEBUG - registered 'bcrypt' handler: <class 'passlib.handlers.bcrypt.bcrypt'>
2026-03-03 18:18:56,144 - main - INFO - Included router: routers.auth.router
2026-03-03 18:18:56,145 - main - INFO - Included router: routers.health.router
2026-03-03 18:18:56,152 - main - INFO - Included router: routers.orders.router
2026-03-03 18:18:56,197 - main - INFO - Included router: routers.products.router
2026-03-03 18:18:56,198 - main - WARNING - Failed to import module 'routers.settings': cannot import name 'get_admin_user' from 'dependencies.auth' (D:\ASM1\backend\dependencies\auth.py)
2026-03-03 18:18:56,200 - main - WARNING - Failed to import module 'routers.storage': cannot import name 'get_admin_user' from 'dependencies.auth' (D:\ASM1\backend\dependencies\auth.py)
2026-03-03 18:18:56,225 - main - INFO - Included router: routers.user.router
2026-03-03 18:18:56,229 - main - INFO - === Application startup initiated ===
2026-03-03 18:18:56,229 - services.database - DEBUG - [DB_OP] Starting database initialization
2026-03-03 18:18:56,230 - services.database - INFO - 🔧 Starting database initialization...
2026-03-03 18:18:56,231 - core.database - INFO - Starting database initialization...
2026-03-03 18:18:56,231 - core.database - INFO - Normalizing database URL for async compatibility...
2026-03-03 18:18:56,232 - core.database - DEBUG - Database exists:./test.db
2026-03-03 18:18:56,233 - core.database - WARNING - Adjusted database URL driver for async compatibility
2026-03-03 18:18:56,233 - core.database - INFO - Creating async database engine...
2026-03-03 18:18:56,233 - core.database - INFO - Using NullPool for sqlite+aiosqlite environment
2026-03-03 18:18:56,264 - core.database - INFO - Database engine created successfully
2026-03-03 18:18:56,266 - core.database - INFO - Creating async session maker...
2026-03-03 18:18:56,266 - core.database - INFO - Async session maker created successfully
2026-03-03 18:18:56,267 - core.database - INFO - Database connection initialized successfully
2026-03-03 18:18:56,267 - services.database - INFO - 🔧 Database connection initialized, now creating tables if tables not exist...
2026-03-03 18:18:56,267 - core.database - DEBUG - [DB_OP] Starting create_tables
2026-03-03 18:18:56,267 - core.database - INFO - 🔧 Starting table creation...
2026-03-03 18:18:56,268 - aiosqlite - DEBUG - executing <function connect.<locals>.connector at 0x000001BA4DD18D60>
2026-03-03 18:18:56,269 - aiosqlite - DEBUG - operation <function connect.<locals>.connector at 0x000001BA4DD18D60> completed
2026-03-03 18:18:56,270 - aiosqlite - DEBUG - executing functools.partial(<built-in method create_function of sqlite3.Connection object at 0x000001BA4DCF16C0>, 'regexp', 2, <function SQLiteDialect_pysqlite.on_connect.<locals>.regexp at 0x000001BA4DCEBF60>, deterministic=True)
2026-03-03 18:18:56,271 - aiosqlite - DEBUG - operation functools.partial(<built-in method create_function of sqlite3.Connection object at 0x000001BA4DCF16C0>, 'regexp', 2, <function SQLiteDialect_pysqlite.on_connect.<locals>.regexp at 0x000001BA4DCEBF60>, deterministic=True) completed
2026-03-03 18:18:56,271 - aiosqlite - DEBUG - executing functools.partial(<built-in method create_function of sqlite3.Connection object at 0x000001BA4DCF16C0>, 'floor', 1, <built-in function floor>, deterministic=True)
2026-03-03 18:18:56,272 - aiosqlite - DEBUG - operation functools.partial(<built-in method create_function of sqlite3.Connection object at 0x000001BA4DCF16C0>, 'floor', 1, <built-in function floor>, deterministic=True) completed
2026-03-03 18:18:56,272 - aiosqlite - DEBUG - executing functools.partial(<built-in method cursor of sqlite3.Connection object at 0x000001BA4DCF16C0>)
2026-03-03 18:18:56,272 - aiosqlite - DEBUG - operation functools.partial(<built-in method cursor of sqlite3.Connection object at 0x000001BA4DCF16C0>) completed
2026-03-03 18:18:56,273 - aiosqlite - DEBUG - executing functools.partial(<built-in method execute of sqlite3.Cursor object at 0x000001BA4DC9FC40>, 'PRAGMA read_uncommitted', [])
2026-03-03 18:18:56,273 - aiosqlite - DEBUG - operation functools.partial(<built-in method execute of sqlite3.Cursor object at 0x000001BA4DC9FC40>, 'PRAGMA read_uncommitted', []) completed
2026-03-03 18:18:56,273 - aiosqlite - DEBUG - executing functools.partial(<built-in method fetchall of sqlite3.Cursor object at 0x000001BA4DC9FC40>)
2026-03-03 18:18:56,273 - aiosqlite - DEBUG - operation functools.partial(<built-in method fetchall of sqlite3.Cursor object at 0x000001BA4DC9FC40>) completed
2026-03-03 18:18:56,274 - aiosqlite - DEBUG - executing functools.partial(<built-in method close of sqlite3.Cursor object at 0x000001BA4DC9FC40>)
2026-03-03 18:18:56,274 - aiosqlite - DEBUG - operation functools.partial(<built-in method close of sqlite3.Cursor object at 0x000001BA4DC9FC40>) completed
2026-03-03 18:18:56,274 - aiosqlite - DEBUG - executing functools.partial(<built-in method rollback of sqlite3.Connection object at 0x000001BA4DCF16C0>)
2026-03-03 18:18:56,274 - aiosqlite - DEBUG - operation functools.partial(<built-in method rollback of sqlite3.Connection object at 0x000001BA4DCF16C0>) completed
2026-03-03 18:18:56,275 - aiosqlite - DEBUG - executing functools.partial(<built-in method cursor of sqlite3.Connection object at 0x000001BA4DCF16C0>)
2026-03-03 18:18:56,275 - aiosqlite - DEBUG - operation functools.partial(<built-in method cursor of sqlite3.Connection object at 0x000001BA4DCF16C0>) completed
2026-03-03 18:18:56,275 - aiosqlite - DEBUG - executing functools.partial(<built-in method execute of sqlite3.Cursor object at 0x000001BA4DC9FD40>, 'PRAGMA main.table_info("users")', ())
2026-03-03 18:18:56,276 - aiosqlite - DEBUG - operation functools.partial(<built-in method execute of sqlite3.Cursor object at 0x000001BA4DC9FD40>, 'PRAGMA main.table_info("users")', ()) completed
2026-03-03 18:18:56,276 - aiosqlite - DEBUG - executing functools.partial(<built-in method fetchall of sqlite3.Cursor object at 0x000001BA4DC9FD40>)
2026-03-03 18:18:56,277 - aiosqlite - DEBUG - operation functools.partial(<built-in method fetchall of sqlite3.Cursor object at 0x000001BA4DC9FD40>) completed
2026-03-03 18:18:56,277 - aiosqlite - DEBUG - executing functools.partial(<built-in method close of sqlite3.Cursor object at 0x000001BA4DC9FD40>)
2026-03-03 18:18:56,277 - aiosqlite - DEBUG - operation functools.partial(<built-in method close of sqlite3.Cursor object at 0x000001BA4DC9FD40>) completed
2026-03-03 18:18:56,277 - aiosqlite - DEBUG - executing functools.partial(<built-in method cursor of sqlite3.Connection object at 0x000001BA4DCF16C0>)
2026-03-03 18:18:56,278 - aiosqlite - DEBUG - operation functools.partial(<built-in method cursor of sqlite3.Connection object at 0x000001BA4DCF16C0>) completed
2026-03-03 18:18:56,278 - aiosqlite - DEBUG - executing functools.partial(<built-in method execute of sqlite3.Cursor object at 0x000001BA4DC9FD40>, 'PRAGMA main.table_info("oidc_states")', ())
2026-03-03 18:18:56,278 - aiosqlite - DEBUG - operation functools.partial(<built-in method execute of sqlite3.Cursor object at 0x000001BA4DC9FD40>, 'PRAGMA main.table_info("oidc_states")', ()) completed
2026-03-03 18:18:56,279 - aiosqlite - DEBUG - executing functools.partial(<built-in method fetchall of sqlite3.Cursor object at 0x000001BA4DC9FD40>)
2026-03-03 18:18:56,279 - aiosqlite - DEBUG - operation functools.partial(<built-in method fetchall of sqlite3.Cursor object at 0x000001BA4DC9FD40>) completed
2026-03-03 18:18:56,279 - aiosqlite - DEBUG - executing functools.partial(<built-in method close of sqlite3.Cursor object at 0x000001BA4DC9FD40>)
2026-03-03 18:18:56,279 - aiosqlite - DEBUG - operation functools.partial(<built-in method close of sqlite3.Cursor object at 0x000001BA4DC9FD40>) completed
2026-03-03 18:18:56,280 - aiosqlite - DEBUG - executing functools.partial(<built-in method cursor of sqlite3.Connection object at 0x000001BA4DCF16C0>)
2026-03-03 18:18:56,280 - aiosqlite - DEBUG - operation functools.partial(<built-in method cursor of sqlite3.Connection object at 0x000001BA4DCF16C0>) completed
2026-03-03 18:18:56,280 - aiosqlite - DEBUG - executing functools.partial(<built-in method execute of sqlite3.Cursor object at 0x000001BA4DC9FD40>, 'PRAGMA main.table_info("orders")', ())
2026-03-03 18:18:56,280 - aiosqlite - DEBUG - operation functools.partial(<built-in method execute of sqlite3.Cursor object at 0x000001BA4DC9FD40>, 'PRAGMA main.table_info("orders")', ()) completed
2026-03-03 18:18:56,281 - aiosqlite - DEBUG - executing functools.partial(<built-in method fetchall of sqlite3.Cursor object at 0x000001BA4DC9FD40>)
2026-03-03 18:18:56,281 - aiosqlite - DEBUG - operation functools.partial(<built-in method fetchall of sqlite3.Cursor object at 0x000001BA4DC9FD40>) completed
2026-03-03 18:18:56,281 - aiosqlite - DEBUG - executing functools.partial(<built-in method close of sqlite3.Cursor object at 0x000001BA4DC9FD40>)
2026-03-03 18:18:56,282 - aiosqlite - DEBUG - operation functools.partial(<built-in method close of sqlite3.Cursor object at 0x000001BA4DC9FD40>) completed
2026-03-03 18:18:56,282 - aiosqlite - DEBUG - executing functools.partial(<built-in method cursor of sqlite3.Connection object at 0x000001BA4DCF16C0>)
2026-03-03 18:18:56,282 - aiosqlite - DEBUG - operation functools.partial(<built-in method cursor of sqlite3.Connection object at 0x000001BA4DCF16C0>) completed
2026-03-03 18:18:56,283 - aiosqlite - DEBUG - executing functools.partial(<built-in method execute of sqlite3.Cursor object at 0x000001BA4DC9FD40>, 'PRAGMA main.table_info("products")', ())
2026-03-03 18:18:56,283 - aiosqlite - DEBUG - operation functools.partial(<built-in method execute of sqlite3.Cursor object at 0x000001BA4DC9FD40>, 'PRAGMA main.table_info("products")', ()) completed
2026-03-03 18:18:56,284 - aiosqlite - DEBUG - executing functools.partial(<built-in method fetchall of sqlite3.Cursor object at 0x000001BA4DC9FD40>)
2026-03-03 18:18:56,284 - aiosqlite - DEBUG - operation functools.partial(<built-in method fetchall of sqlite3.Cursor object at 0x000001BA4DC9FD40>) completed
2026-03-03 18:18:56,284 - aiosqlite - DEBUG - executing functools.partial(<built-in method close of sqlite3.Cursor object at 0x000001BA4DC9FD40>)
2026-03-03 18:18:56,284 - aiosqlite - DEBUG - operation functools.partial(<built-in method close of sqlite3.Cursor object at 0x000001BA4DC9FD40>) completed
2026-03-03 18:18:56,285 - core.database - INFO - Tables initialized successfully
2026-03-03 18:18:56,285 - core.database - DEBUG - [DB_OP] Create tables completed in 0.0180s
2026-03-03 18:18:56,285 - aiosqlite - DEBUG - executing functools.partial(<built-in method commit of sqlite3.Connection object at 0x000001BA4DCF16C0>)
2026-03-03 18:18:56,285 - aiosqlite - DEBUG - operation functools.partial(<built-in method commit of sqlite3.Connection object at 0x000001BA4DCF16C0>) completed
2026-03-03 18:18:56,286 - aiosqlite - DEBUG - executing functools.partial(<built-in method rollback of sqlite3.Connection object at 0x000001BA4DCF16C0>)
2026-03-03 18:18:56,286 - aiosqlite - DEBUG - operation functools.partial(<built-in method rollback of sqlite3.Connection object at 0x000001BA4DCF16C0>) completed
2026-03-03 18:18:56,286 - aiosqlite - DEBUG - executing functools.partial(<built-in method close of sqlite3.Connection object at 0x000001BA4DCF16C0>)
2026-03-03 18:18:56,287 - aiosqlite - DEBUG - operation functools.partial(<built-in method close of sqlite3.Connection object at 0x000001BA4DCF16C0>) completed
2026-03-03 18:18:56,287 - services.database - INFO - 🔧 Table creation completed
2026-03-03 18:18:56,287 - services.database - INFO - Database initialized successfully
2026-03-03 18:18:56,287 - services.database - DEBUG - [DB_OP] Database initialization completed in 0.0578s
2026-03-03 18:18:56,288 - services.mock_data - INFO - Processing mock data file products.json for table products
2026-03-03 18:18:56,288 - aiosqlite - DEBUG - executing <function connect.<locals>.connector at 0x000001BA4DD18E00>
2026-03-03 18:18:56,289 - aiosqlite - DEBUG - operation <function connect.<locals>.connector at 0x000001BA4DD18E00> completed
2026-03-03 18:18:56,289 - aiosqlite - DEBUG - executing functools.partial(<built-in method create_function of sqlite3.Connection object at 0x000001BA4DCF17B0>, 'regexp', 2, <function SQLiteDialect_pysqlite.on_connect.<locals>.regexp at 0x000001BA4DCEBF60>, deterministic=True)
2026-03-03 18:18:56,289 - aiosqlite - DEBUG - operation functools.partial(<built-in method create_function of sqlite3.Connection object at 0x000001BA4DCF17B0>, 'regexp', 2, <function SQLiteDialect_pysqlite.on_connect.<locals>.regexp at 0x000001BA4DCEBF60>, deterministic=True) completed
2026-03-03 18:18:56,289 - aiosqlite - DEBUG - executing functools.partial(<built-in method create_function of sqlite3.Connection object at 0x000001BA4DCF17B0>, 'floor', 1, <built-in function floor>, deterministic=True)
2026-03-03 18:18:56,290 - aiosqlite - DEBUG - operation functools.partial(<built-in method create_function of sqlite3.Connection object at 0x000001BA4DCF17B0>, 'floor', 1, <built-in function floor>, deterministic=True) completed
2026-03-03 18:18:56,291 - aiosqlite - DEBUG - executing functools.partial(<built-in method cursor of sqlite3.Connection object at 0x000001BA4DCF17B0>)
2026-03-03 18:18:56,291 - aiosqlite - DEBUG - operation functools.partial(<built-in method cursor of sqlite3.Connection object at 0x000001BA4DCF17B0>) completed
2026-03-03 18:18:56,291 - aiosqlite - DEBUG - executing functools.partial(<built-in method execute of sqlite3.Cursor object at 0x000001BA4DD241C0>, 'PRAGMA main.table_xinfo("products")', ())
2026-03-03 18:18:56,292 - aiosqlite - DEBUG - operation functools.partial(<built-in method execute of sqlite3.Cursor object at 0x000001BA4DD241C0>, 'PRAGMA main.table_xinfo("products")', ()) completed
2026-03-03 18:18:56,292 - aiosqlite - DEBUG - executing functools.partial(<built-in method fetchall of sqlite3.Cursor object at 0x000001BA4DD241C0>)
2026-03-03 18:18:56,292 - aiosqlite - DEBUG - operation functools.partial(<built-in method fetchall of sqlite3.Cursor object at 0x000001BA4DD241C0>) completed
2026-03-03 18:18:56,292 - aiosqlite - DEBUG - executing functools.partial(<built-in method close of sqlite3.Cursor object at 0x000001BA4DD241C0>)
2026-03-03 18:18:56,293 - aiosqlite - DEBUG - operation functools.partial(<built-in method close of sqlite3.Cursor object at 0x000001BA4DD241C0>) completed
2026-03-03 18:18:56,293 - aiosqlite - DEBUG - executing functools.partial(<built-in method cursor of sqlite3.Connection object at 0x000001BA4DCF17B0>)
2026-03-03 18:18:56,293 - aiosqlite - DEBUG - operation functools.partial(<built-in method cursor of sqlite3.Connection object at 0x000001BA4DCF17B0>) completed
2026-03-03 18:18:56,294 - aiosqlite - DEBUG - executing functools.partial(<built-in method execute of sqlite3.Cursor object at 0x000001BA4DD241C0>, "SELECT sql FROM  (SELECT * FROM sqlite_master UNION ALL   SELECT * FROM sqlite_temp_master) WHERE name = ? AND type in ('table', 'view')", ('products',))
2026-03-03 18:18:56,294 - aiosqlite - DEBUG - operation functools.partial(<built-in method execute of sqlite3.Cursor object at 0x000001BA4DD241C0>, "SELECT sql FROM  (SELECT * FROM sqlite_master UNION ALL   SELECT * FROM sqlite_temp_master) WHERE name = ? AND type in ('table', 'view')", ('products',)) completed
2026-03-03 18:18:56,294 - aiosqlite - DEBUG - executing functools.partial(<built-in method fetchall of sqlite3.Cursor object at 0x000001BA4DD241C0>)
2026-03-03 18:18:56,295 - aiosqlite - DEBUG - operation functools.partial(<built-in method fetchall of sqlite3.Cursor object at 0x000001BA4DD241C0>) completed
2026-03-03 18:18:56,295 - aiosqlite - DEBUG - executing functools.partial(<built-in method close of sqlite3.Cursor object at 0x000001BA4DD241C0>)
2026-03-03 18:18:56,295 - aiosqlite - DEBUG - operation functools.partial(<built-in method close of sqlite3.Cursor object at 0x000001BA4DD241C0>) completed
2026-03-03 18:18:56,296 - aiosqlite - DEBUG - executing functools.partial(<built-in method cursor of sqlite3.Connection object at 0x000001BA4DCF17B0>)
2026-03-03 18:18:56,296 - aiosqlite - DEBUG - operation functools.partial(<built-in method cursor of sqlite3.Connection object at 0x000001BA4DCF17B0>) completed
2026-03-03 18:18:56,296 - aiosqlite - DEBUG - executing functools.partial(<built-in method execute of sqlite3.Cursor object at 0x000001BA4DD241C0>, 'PRAGMA main.foreign_key_list("products")', ())
2026-03-03 18:18:56,296 - aiosqlite - DEBUG - operation functools.partial(<built-in method execute of sqlite3.Cursor object at 0x000001BA4DD241C0>, 'PRAGMA main.foreign_key_list("products")', ()) completed
2026-03-03 18:18:56,297 - aiosqlite - DEBUG - executing functools.partial(<built-in method fetchall of sqlite3.Cursor object at 0x000001BA4DD241C0>)
2026-03-03 18:18:56,297 - aiosqlite - DEBUG - operation functools.partial(<built-in method fetchall of sqlite3.Cursor object at 0x000001BA4DD241C0>) completed
2026-03-03 18:18:56,298 - aiosqlite - DEBUG - executing functools.partial(<built-in method close of sqlite3.Cursor object at 0x000001BA4DD241C0>)
2026-03-03 18:18:56,298 - aiosqlite - DEBUG - operation functools.partial(<built-in method close of sqlite3.Cursor object at 0x000001BA4DD241C0>) completed
2026-03-03 18:18:56,298 - aiosqlite - DEBUG - executing functools.partial(<built-in method cursor of sqlite3.Connection object at 0x000001BA4DCF17B0>)
2026-03-03 18:18:56,298 - aiosqlite - DEBUG - operation functools.partial(<built-in method cursor of sqlite3.Connection object at 0x000001BA4DCF17B0>) completed
2026-03-03 18:18:56,299 - aiosqlite - DEBUG - executing functools.partial(<built-in method execute of sqlite3.Cursor object at 0x000001BA4DD241C0>, 'PRAGMA temp.foreign_key_list("products")', ())
2026-03-03 18:18:56,299 - aiosqlite - DEBUG - operation functools.partial(<built-in method execute of sqlite3.Cursor object at 0x000001BA4DD241C0>, 'PRAGMA temp.foreign_key_list("products")', ()) completed
2026-03-03 18:18:56,299 - aiosqlite - DEBUG - executing functools.partial(<built-in method fetchall of sqlite3.Cursor object at 0x000001BA4DD241C0>)
2026-03-03 18:18:56,299 - aiosqlite - DEBUG - operation functools.partial(<built-in method fetchall of sqlite3.Cursor object at 0x000001BA4DD241C0>) completed
2026-03-03 18:18:56,300 - aiosqlite - DEBUG - executing functools.partial(<built-in method close of sqlite3.Cursor object at 0x000001BA4DD241C0>)
2026-03-03 18:18:56,300 - aiosqlite - DEBUG - operation functools.partial(<built-in method close of sqlite3.Cursor object at 0x000001BA4DD241C0>) completed
2026-03-03 18:18:56,300 - aiosqlite - DEBUG - executing functools.partial(<built-in method cursor of sqlite3.Connection object at 0x000001BA4DCF17B0>)
2026-03-03 18:18:56,301 - aiosqlite - DEBUG - operation functools.partial(<built-in method cursor of sqlite3.Connection object at 0x000001BA4DCF17B0>) completed
2026-03-03 18:18:56,301 - aiosqlite - DEBUG - executing functools.partial(<built-in method execute of sqlite3.Cursor object at 0x000001BA4DD241C0>, "SELECT sql FROM  (SELECT * FROM sqlite_master UNION ALL   SELECT * FROM sqlite_temp_master) WHERE name = ? AND type in ('table', 'view')", ('products',))
2026-03-03 18:18:56,301 - aiosqlite - DEBUG - operation functools.partial(<built-in method execute of sqlite3.Cursor object at 0x000001BA4DD241C0>, "SELECT sql FROM  (SELECT * FROM sqlite_master UNION ALL   SELECT * FROM sqlite_temp_master) WHERE name = ? AND type in ('table', 'view')", ('products',)) completed
2026-03-03 18:18:56,301 - aiosqlite - DEBUG - executing functools.partial(<built-in method fetchall of sqlite3.Cursor object at 0x000001BA4DD241C0>)
2026-03-03 18:18:56,302 - aiosqlite - DEBUG - operation functools.partial(<built-in method fetchall of sqlite3.Cursor object at 0x000001BA4DD241C0>) completed
2026-03-03 18:18:56,302 - aiosqlite - DEBUG - executing functools.partial(<built-in method close of sqlite3.Cursor object at 0x000001BA4DD241C0>)
2026-03-03 18:18:56,302 - aiosqlite - DEBUG - operation functools.partial(<built-in method close of sqlite3.Cursor object at 0x000001BA4DD241C0>) completed
2026-03-03 18:18:56,303 - aiosqlite - DEBUG - executing functools.partial(<built-in method cursor of sqlite3.Connection object at 0x000001BA4DCF17B0>)
2026-03-03 18:18:56,304 - aiosqlite - DEBUG - operation functools.partial(<built-in method cursor of sqlite3.Connection object at 0x000001BA4DCF17B0>) completed
2026-03-03 18:18:56,304 - aiosqlite - DEBUG - executing functools.partial(<built-in method execute of sqlite3.Cursor object at 0x000001BA4DD241C0>, 'PRAGMA main.index_list("products")', ())
2026-03-03 18:18:56,304 - aiosqlite - DEBUG - operation functools.partial(<built-in method execute of sqlite3.Cursor object at 0x000001BA4DD241C0>, 'PRAGMA main.index_list("products")', ()) completed
2026-03-03 18:18:56,304 - aiosqlite - DEBUG - executing functools.partial(<built-in method fetchall of sqlite3.Cursor object at 0x000001BA4DD241C0>)
2026-03-03 18:18:56,305 - aiosqlite - DEBUG - operation functools.partial(<built-in method fetchall of sqlite3.Cursor object at 0x000001BA4DD241C0>) completed
2026-03-03 18:18:56,305 - aiosqlite - DEBUG - executing functools.partial(<built-in method close of sqlite3.Cursor object at 0x000001BA4DD241C0>)
2026-03-03 18:18:56,305 - aiosqlite - DEBUG - operation functools.partial(<built-in method close of sqlite3.Cursor object at 0x000001BA4DD241C0>) completed
2026-03-03 18:18:56,306 - aiosqlite - DEBUG - executing functools.partial(<built-in method cursor of sqlite3.Connection object at 0x000001BA4DCF17B0>)
2026-03-03 18:18:56,306 - aiosqlite - DEBUG - operation functools.partial(<built-in method cursor of sqlite3.Connection object at 0x000001BA4DCF17B0>) completed
2026-03-03 18:18:56,306 - aiosqlite - DEBUG - executing functools.partial(<built-in method execute of sqlite3.Cursor object at 0x000001BA4DD241C0>, 'PRAGMA main.index_info("ix_products_id")', ())
2026-03-03 18:18:56,307 - aiosqlite - DEBUG - operation functools.partial(<built-in method execute of sqlite3.Cursor object at 0x000001BA4DD241C0>, 'PRAGMA main.index_info("ix_products_id")', ()) completed
2026-03-03 18:18:56,307 - aiosqlite - DEBUG - executing functools.partial(<built-in method fetchall of sqlite3.Cursor object at 0x000001BA4DD241C0>)
2026-03-03 18:18:56,307 - aiosqlite - DEBUG - operation functools.partial(<built-in method fetchall of sqlite3.Cursor object at 0x000001BA4DD241C0>) completed
2026-03-03 18:18:56,308 - aiosqlite - DEBUG - executing functools.partial(<built-in method close of sqlite3.Cursor object at 0x000001BA4DD241C0>)
2026-03-03 18:18:56,308 - aiosqlite - DEBUG - operation functools.partial(<built-in method close of sqlite3.Cursor object at 0x000001BA4DD241C0>) completed
2026-03-03 18:18:56,308 - aiosqlite - DEBUG - executing functools.partial(<built-in method cursor of sqlite3.Connection object at 0x000001BA4DCF17B0>)
2026-03-03 18:18:56,308 - aiosqlite - DEBUG - operation functools.partial(<built-in method cursor of sqlite3.Connection object at 0x000001BA4DCF17B0>) completed
2026-03-03 18:18:56,309 - aiosqlite - DEBUG - executing functools.partial(<built-in method execute of sqlite3.Cursor object at 0x000001BA4DD241C0>, 'PRAGMA main.index_list("products")', ())
2026-03-03 18:18:56,309 - aiosqlite - DEBUG - operation functools.partial(<built-in method execute of sqlite3.Cursor object at 0x000001BA4DD241C0>, 'PRAGMA main.index_list("products")', ()) completed
2026-03-03 18:18:56,309 - aiosqlite - DEBUG - executing functools.partial(<built-in method fetchall of sqlite3.Cursor object at 0x000001BA4DD241C0>)
2026-03-03 18:18:56,309 - aiosqlite - DEBUG - operation functools.partial(<built-in method fetchall of sqlite3.Cursor object at 0x000001BA4DD241C0>) completed
2026-03-03 18:18:56,310 - aiosqlite - DEBUG - executing functools.partial(<built-in method close of sqlite3.Cursor object at 0x000001BA4DD241C0>)
2026-03-03 18:18:56,310 - aiosqlite - DEBUG - operation functools.partial(<built-in method close of sqlite3.Cursor object at 0x000001BA4DD241C0>) completed
2026-03-03 18:18:56,310 - aiosqlite - DEBUG - executing functools.partial(<built-in method cursor of sqlite3.Connection object at 0x000001BA4DCF17B0>)
2026-03-03 18:18:56,310 - aiosqlite - DEBUG - operation functools.partial(<built-in method cursor of sqlite3.Connection object at 0x000001BA4DCF17B0>) completed
2026-03-03 18:18:56,311 - aiosqlite - DEBUG - executing functools.partial(<built-in method execute of sqlite3.Cursor object at 0x000001BA4DD241C0>, 'PRAGMA main.index_info("ix_products_id")', ())
2026-03-03 18:18:56,311 - aiosqlite - DEBUG - operation functools.partial(<built-in method execute of sqlite3.Cursor object at 0x000001BA4DD241C0>, 'PRAGMA main.index_info("ix_products_id")', ()) completed
2026-03-03 18:18:56,311 - aiosqlite - DEBUG - executing functools.partial(<built-in method fetchall of sqlite3.Cursor object at 0x000001BA4DD241C0>)
2026-03-03 18:18:56,311 - aiosqlite - DEBUG - operation functools.partial(<built-in method fetchall of sqlite3.Cursor object at 0x000001BA4DD241C0>) completed
2026-03-03 18:18:56,312 - aiosqlite - DEBUG - executing functools.partial(<built-in method close of sqlite3.Cursor object at 0x000001BA4DD241C0>)
2026-03-03 18:18:56,312 - aiosqlite - DEBUG - operation functools.partial(<built-in method close of sqlite3.Cursor object at 0x000001BA4DD241C0>) completed
2026-03-03 18:18:56,312 - aiosqlite - DEBUG - executing functools.partial(<built-in method cursor of sqlite3.Connection object at 0x000001BA4DCF17B0>)
2026-03-03 18:18:56,313 - aiosqlite - DEBUG - operation functools.partial(<built-in method cursor of sqlite3.Connection object at 0x000001BA4DCF17B0>) completed
2026-03-03 18:18:56,313 - aiosqlite - DEBUG - executing functools.partial(<built-in method execute of sqlite3.Cursor object at 0x000001BA4DD241C0>, "SELECT sql FROM  (SELECT * FROM sqlite_master UNION ALL   SELECT * FROM sqlite_temp_master) WHERE name = ? AND type in ('table', 'view')", ('products',))
2026-03-03 18:18:56,314 - aiosqlite - DEBUG - operation functools.partial(<built-in method execute of sqlite3.Cursor object at 0x000001BA4DD241C0>, "SELECT sql FROM  (SELECT * FROM sqlite_master UNION ALL   SELECT * FROM sqlite_temp_master) WHERE name = ? AND type in ('table', 'view')", ('products',)) completed
2026-03-03 18:18:56,316 - aiosqlite - DEBUG - executing functools.partial(<built-in method fetchall of sqlite3.Cursor object at 0x000001BA4DD241C0>)
2026-03-03 18:18:56,316 - aiosqlite - DEBUG - operation functools.partial(<built-in method fetchall of sqlite3.Cursor object at 0x000001BA4DD241C0>) completed
2026-03-03 18:18:56,316 - aiosqlite - DEBUG - executing functools.partial(<built-in method close of sqlite3.Cursor object at 0x000001BA4DD241C0>)
2026-03-03 18:18:56,317 - aiosqlite - DEBUG - operation functools.partial(<built-in method close of sqlite3.Cursor object at 0x000001BA4DD241C0>) completed
2026-03-03 18:18:56,319 - aiosqlite - DEBUG - executing functools.partial(<built-in method cursor of sqlite3.Connection object at 0x000001BA4DCF17B0>)
2026-03-03 18:18:56,320 - aiosqlite - DEBUG - operation functools.partial(<built-in method cursor of sqlite3.Connection object at 0x000001BA4DCF17B0>) completed
2026-03-03 18:18:56,320 - aiosqlite - DEBUG - executing functools.partial(<built-in method execute of sqlite3.Cursor object at 0x000001BA4DC9F7C0>, 'SELECT count(*) AS count_1 \nFROM products', ())
2026-03-03 18:18:56,320 - aiosqlite - DEBUG - operation functools.partial(<built-in method execute of sqlite3.Cursor object at 0x000001BA4DC9F7C0>, 'SELECT count(*) AS count_1 \nFROM products', ()) completed
2026-03-03 18:18:56,321 - aiosqlite - DEBUG - executing functools.partial(<built-in method fetchall of sqlite3.Cursor object at 0x000001BA4DC9F7C0>)
2026-03-03 18:18:56,321 - aiosqlite - DEBUG - operation functools.partial(<built-in method fetchall of sqlite3.Cursor object at 0x000001BA4DC9F7C0>) completed
2026-03-03 18:18:56,322 - aiosqlite - DEBUG - executing functools.partial(<built-in method close of sqlite3.Cursor object at 0x000001BA4DC9F7C0>)
2026-03-03 18:18:56,322 - aiosqlite - DEBUG - operation functools.partial(<built-in method close of sqlite3.Cursor object at 0x000001BA4DC9F7C0>) completed
2026-03-03 18:18:56,323 - services.mock_data - INFO - Table products already has 8 rows; skipping mock insert
2026-03-03 18:18:56,323 - aiosqlite - DEBUG - executing functools.partial(<built-in method commit of sqlite3.Connection object at 0x000001BA4DCF17B0>)
2026-03-03 18:18:56,323 - aiosqlite - DEBUG - operation functools.partial(<built-in method commit of sqlite3.Connection object at 0x000001BA4DCF17B0>) completed
2026-03-03 18:18:56,323 - aiosqlite - DEBUG - executing functools.partial(<built-in method rollback of sqlite3.Connection object at 0x000001BA4DCF17B0>)
2026-03-03 18:18:56,324 - aiosqlite - DEBUG - operation functools.partial(<built-in method rollback of sqlite3.Connection object at 0x000001BA4DCF17B0>) completed
2026-03-03 18:18:56,324 - aiosqlite - DEBUG - executing functools.partial(<built-in method close of sqlite3.Connection object at 0x000001BA4DCF17B0>)
2026-03-03 18:18:56,324 - aiosqlite - DEBUG - operation functools.partial(<built-in method close of sqlite3.Connection object at 0x000001BA4DCF17B0>) completed
2026-03-03 18:18:56,324 - services.database - DEBUG - [DB_OP] Starting database initialization
2026-03-03 18:18:56,325 - services.database - INFO - 🔧 Starting database initialization...
2026-03-03 18:18:56,325 - core.database - INFO - Starting database initialization...
2026-03-03 18:18:56,325 - core.database - INFO - Database already initialized
2026-03-03 18:18:56,325 - services.database - INFO - 🔧 Database connection initialized, now creating tables if tables not exist...
2026-03-03 18:18:56,325 - core.database - DEBUG - [DB_OP] Starting create_tables
2026-03-03 18:18:56,325 - core.database - INFO - Tables already initialized
2026-03-03 18:18:56,325 - services.database - INFO - 🔧 Table creation completed
2026-03-03 18:18:56,326 - services.database - INFO - Database initialized successfully
2026-03-03 18:18:56,326 - services.database - DEBUG - [DB_OP] Database initialization completed in 0.0020s
2026-03-03 18:18:56,326 - services.auth - WARNING - Admin user ID or email not configured, skipping admin initialization
2026-03-03 18:18:56,326 - main - INFO - === Application startup completed successfully ===
2026-03-03 18:18:57,270 - core.database - DEBUG - [DB_OP] Starting get_db session creation
2026-03-03 18:18:57,270 - core.database - DEBUG - [DB_OP] Database session created successfully in 0.0000s
2026-03-03 18:18:57,273 - aiosqlite - DEBUG - executing <function connect.<locals>.connector at 0x000001BA4DD3CC20>
2026-03-03 18:18:57,274 - aiosqlite - DEBUG - operation <function connect.<locals>.connector at 0x000001BA4DD3CC20> completed
2026-03-03 18:18:57,274 - aiosqlite - DEBUG - executing functools.partial(<built-in method create_function of sqlite3.Connection object at 0x000001BA4DD232E0>, 'regexp', 2, <function SQLiteDialect_pysqlite.on_connect.<locals>.regexp at 0x000001BA4DCEBF60>, deterministic=True)
2026-03-03 18:18:57,275 - aiosqlite - DEBUG - operation functools.partial(<built-in method create_function of sqlite3.Connection object at 0x000001BA4DD232E0>, 'regexp', 2, <function SQLiteDialect_pysqlite.on_connect.<locals>.regexp at 0x000001BA4DCEBF60>, deterministic=True) completed
2026-03-03 18:18:57,275 - aiosqlite - DEBUG - executing functools.partial(<built-in method create_function of sqlite3.Connection object at 0x000001BA4DD232E0>, 'floor', 1, <built-in function floor>, deterministic=True)
2026-03-03 18:18:57,275 - aiosqlite - DEBUG - operation functools.partial(<built-in method create_function of sqlite3.Connection object at 0x000001BA4DD232E0>, 'floor', 1, <built-in function floor>, deterministic=True) completed
2026-03-03 18:18:57,280 - aiosqlite - DEBUG - executing functools.partial(<built-in method cursor of sqlite3.Connection object at 0x000001BA4DD232E0>)
2026-03-03 18:18:57,280 - aiosqlite - DEBUG - operation functools.partial(<built-in method cursor of sqlite3.Connection object at 0x000001BA4DD232E0>) completed
2026-03-03 18:18:57,281 - aiosqlite - DEBUG - executing functools.partial(<built-in method execute of sqlite3.Cursor object at 0x000001BA4DD7D6C0>, 'SELECT users.id, users.email, users.name, users.role, users.created_at, users.last_login, users.hashed_password \nFROM users \nWHERE users.email = ?', ('admin@gmail.com',))
2026-03-03 18:18:57,281 - aiosqlite - DEBUG - operation functools.partial(<built-in method execute of sqlite3.Cursor object at 0x000001BA4DD7D6C0>, 'SELECT users.id, users.email, users.name, users.role, users.created_at, users.last_login, users.hashed_password \nFROM users \nWHERE users.email = ?', ('admin@gmail.com',)) completed
2026-03-03 18:18:57,282 - aiosqlite - DEBUG - executing functools.partial(<built-in method fetchall of sqlite3.Cursor object at 0x000001BA4DD7D6C0>)
2026-03-03 18:18:57,282 - aiosqlite - DEBUG - operation functools.partial(<built-in method fetchall of sqlite3.Cursor object at 0x000001BA4DD7D6C0>) completed
2026-03-03 18:18:57,282 - aiosqlite - DEBUG - executing functools.partial(<built-in method close of sqlite3.Cursor object at 0x000001BA4DD7D6C0>)
2026-03-03 18:18:57,282 - aiosqlite - DEBUG - operation functools.partial(<built-in method close of sqlite3.Cursor object at 0x000001BA4DD7D6C0>) completed
2026-03-03 18:18:57,283 - core.database - ERROR - Database session error: 401: Email này chưa đăng ký. Vui lòng tạo tài khoản mới!
Traceback (most recent call last):
  File "D:\ASM1\backend\core\database.py", line 542, in get_db
    yield session
  File "D:\ASM1\.venv\Lib\site-packages\fastapi\routing.py", line 301, in app
    raw_response = await run_endpoint_function(
                   ^^^^^^^^^^^^^^^^^^^^^^^^^^^^
  File "D:\ASM1\.venv\Lib\site-packages\fastapi\routing.py", line 212, in run_endpoint_function
    return await dependant.call(**values)
           ^^^^^^^^^^^^^^^^^^^^^^^^^^^^^^
  File "D:\ASM1\backend\routers\auth.py", line 359, in login_password
    raise HTTPException(status_code=401, detail="Email này chưa đăng ký. Vui lòng tạo tài khoản mới!")
fastapi.exceptions.HTTPException: 401: Email này chưa đăng ký. Vui lòng tạo tài khoản mới!
2026-03-03 18:18:57,285 - core.database - DEBUG - [DB_OP] Database session cleanup after 0.0150s
2026-03-03 18:18:57,285 - aiosqlite - DEBUG - executing functools.partial(<built-in method rollback of sqlite3.Connection object at 0x000001BA4DD232E0>)
2026-03-03 18:18:57,286 - aiosqlite - DEBUG - operation functools.partial(<built-in method rollback of sqlite3.Connection object at 0x000001BA4DD232E0>) completed
2026-03-03 18:18:57,286 - aiosqlite - DEBUG - executing functools.partial(<built-in method rollback of sqlite3.Connection object at 0x000001BA4DD232E0>)
2026-03-03 18:18:57,287 - aiosqlite - DEBUG - operation functools.partial(<built-in method rollback of sqlite3.Connection object at 0x000001BA4DD232E0>) completed
2026-03-03 18:18:57,287 - aiosqlite - DEBUG - executing functools.partial(<built-in method close of sqlite3.Connection object at 0x000001BA4DD232E0>)
2026-03-03 18:18:57,287 - aiosqlite - DEBUG - operation functools.partial(<built-in method close of sqlite3.Connection object at 0x000001BA4DD232E0>) completed
2026-03-03 18:18:57,288 - core.database - ERROR - Failed to create database session: 401: Email này chưa đăng ký. Vui lòng tạo tài khoản mới!
Traceback (most recent call last):
  File "D:\ASM1\backend\core\database.py", line 542, in get_db
    yield session
  File "D:\ASM1\.venv\Lib\site-packages\fastapi\routing.py", line 301, in app
    raw_response = await run_endpoint_function(
                   ^^^^^^^^^^^^^^^^^^^^^^^^^^^^
  File "D:\ASM1\.venv\Lib\site-packages\fastapi\routing.py", line 212, in run_endpoint_function
    return await dependant.call(**values)
           ^^^^^^^^^^^^^^^^^^^^^^^^^^^^^^
  File "D:\ASM1\backend\routers\auth.py", line 359, in login_password
    raise HTTPException(status_code=401, detail="Email này chưa đăng ký. Vui lòng tạo tài khoản mới!")
fastapi.exceptions.HTTPException: 401: Email này chưa đăng ký. Vui lòng tạo tài khoản mới!
2026-03-03 18:19:06,077 - core.database - DEBUG - [DB_OP] Starting get_db session creation
2026-03-03 18:19:06,077 - core.database - DEBUG - [DB_OP] Database session created successfully in 0.0000s
2026-03-03 18:19:06,079 - aiosqlite - DEBUG - executing <function connect.<locals>.connector at 0x000001BA4DD18CC0>
2026-03-03 18:19:06,079 - aiosqlite - DEBUG - operation <function connect.<locals>.connector at 0x000001BA4DD18CC0> completed
2026-03-03 18:19:06,080 - aiosqlite - DEBUG - executing functools.partial(<built-in method create_function of sqlite3.Connection object at 0x000001BA4DD84A90>, 'regexp', 2, <function SQLiteDialect_pysqlite.on_connect.<locals>.regexp at 0x000001BA4DCEBF60>, deterministic=True)
2026-03-03 18:19:06,080 - aiosqlite - DEBUG - operation functools.partial(<built-in method create_function of sqlite3.Connection object at 0x000001BA4DD84A90>, 'regexp', 2, <function SQLiteDialect_pysqlite.on_connect.<locals>.regexp at 0x000001BA4DCEBF60>, deterministic=True) completed
2026-03-03 18:19:06,081 - aiosqlite - DEBUG - executing functools.partial(<built-in method create_function of sqlite3.Connection object at 0x000001BA4DD84A90>, 'floor', 1, <built-in function floor>, deterministic=True)
2026-03-03 18:19:06,081 - aiosqlite - DEBUG - operation functools.partial(<built-in method create_function of sqlite3.Connection object at 0x000001BA4DD84A90>, 'floor', 1, <built-in function floor>, deterministic=True) completed
2026-03-03 18:19:06,082 - aiosqlite - DEBUG - executing functools.partial(<built-in method cursor of sqlite3.Connection object at 0x000001BA4DD84A90>)
2026-03-03 18:19:06,082 - aiosqlite - DEBUG - operation functools.partial(<built-in method cursor of sqlite3.Connection object at 0x000001BA4DD84A90>) completed
2026-03-03 18:19:06,083 - aiosqlite - DEBUG - executing functools.partial(<built-in method execute of sqlite3.Cursor object at 0x000001BA4DDD20C0>, 'SELECT users.id, users.email, users.name, users.role, users.created_at, users.last_login, users.hashed_password \nFROM users \nWHERE users.email = ?', ('admin@gmail.com',))
2026-03-03 18:19:06,085 - aiosqlite - DEBUG - operation functools.partial(<built-in method execute of sqlite3.Cursor object at 0x000001BA4DDD20C0>, 'SELECT users.id, users.email, users.name, users.role, users.created_at, users.last_login, users.hashed_password \nFROM users \nWHERE users.email = ?', ('admin@gmail.com',)) completed
2026-03-03 18:19:06,085 - aiosqlite - DEBUG - executing functools.partial(<built-in method fetchall of sqlite3.Cursor object at 0x000001BA4DDD20C0>)
2026-03-03 18:19:06,086 - aiosqlite - DEBUG - operation functools.partial(<built-in method fetchall of sqlite3.Cursor object at 0x000001BA4DDD20C0>) completed
2026-03-03 18:19:06,086 - aiosqlite - DEBUG - executing functools.partial(<built-in method close of sqlite3.Cursor object at 0x000001BA4DDD20C0>)
2026-03-03 18:19:06,086 - aiosqlite - DEBUG - operation functools.partial(<built-in method close of sqlite3.Cursor object at 0x000001BA4DDD20C0>) completed
2026-03-03 18:19:06,087 - core.database - ERROR - Database session error: 401: Email này chưa đăng ký. Vui lòng tạo tài khoản mới!
Traceback (most recent call last):
  File "D:\ASM1\backend\core\database.py", line 542, in get_db
    yield session
  File "D:\ASM1\.venv\Lib\site-packages\fastapi\routing.py", line 301, in app
    raw_response = await run_endpoint_function(
                   ^^^^^^^^^^^^^^^^^^^^^^^^^^^^
  File "D:\ASM1\.venv\Lib\site-packages\fastapi\routing.py", line 212, in run_endpoint_function
    return await dependant.call(**values)
           ^^^^^^^^^^^^^^^^^^^^^^^^^^^^^^
  File "D:\ASM1\backend\routers\auth.py", line 359, in login_password
    raise HTTPException(status_code=401, detail="Email này chưa đăng ký. Vui lòng tạo tài khoản mới!")
fastapi.exceptions.HTTPException: 401: Email này chưa đăng ký. Vui lòng tạo tài khoản mới!
2026-03-03 18:19:06,088 - core.database - DEBUG - [DB_OP] Database session cleanup after 0.0110s
2026-03-03 18:19:06,088 - aiosqlite - DEBUG - executing functools.partial(<built-in method rollback of sqlite3.Connection object at 0x000001BA4DD84A90>)
2026-03-03 18:19:06,088 - aiosqlite - DEBUG - operation functools.partial(<built-in method rollback of sqlite3.Connection object at 0x000001BA4DD84A90>) completed
2026-03-03 18:19:06,089 - aiosqlite - DEBUG - executing functools.partial(<built-in method rollback of sqlite3.Connection object at 0x000001BA4DD84A90>)
2026-03-03 18:19:06,089 - aiosqlite - DEBUG - operation functools.partial(<built-in method rollback of sqlite3.Connection object at 0x000001BA4DD84A90>) completed
2026-03-03 18:19:06,089 - aiosqlite - DEBUG - executing functools.partial(<built-in method close of sqlite3.Connection object at 0x000001BA4DD84A90>)
2026-03-03 18:19:06,090 - aiosqlite - DEBUG - operation functools.partial(<built-in method close of sqlite3.Connection object at 0x000001BA4DD84A90>) completed
2026-03-03 18:19:06,090 - core.database - ERROR - Failed to create database session: 401: Email này chưa đăng ký. Vui lòng tạo tài khoản mới!
Traceback (most recent call last):
  File "D:\ASM1\backend\core\database.py", line 542, in get_db
    yield session
  File "D:\ASM1\.venv\Lib\site-packages\fastapi\routing.py", line 301, in app
    raw_response = await run_endpoint_function(
                   ^^^^^^^^^^^^^^^^^^^^^^^^^^^^
  File "D:\ASM1\.venv\Lib\site-packages\fastapi\routing.py", line 212, in run_endpoint_function
    return await dependant.call(**values)
           ^^^^^^^^^^^^^^^^^^^^^^^^^^^^^^
  File "D:\ASM1\backend\routers\auth.py", line 359, in login_password
    raise HTTPException(status_code=401, detail="Email này chưa đăng ký. Vui lòng tạo tài khoản mới!")
fastapi.exceptions.HTTPException: 401: Email này chưa đăng ký. Vui lòng tạo tài khoản mới!
2026-03-03 18:19:10,851 - core.database - DEBUG - [DB_OP] Starting get_db session creation
2026-03-03 18:19:10,852 - core.database - DEBUG - [DB_OP] Database session created successfully in 0.0010s
2026-03-03 18:19:10,853 - aiosqlite - DEBUG - executing <function connect.<locals>.connector at 0x000001BA4DD1AA20>
2026-03-03 18:19:10,854 - aiosqlite - DEBUG - operation <function connect.<locals>.connector at 0x000001BA4DD1AA20> completed
2026-03-03 18:19:10,854 - aiosqlite - DEBUG - executing functools.partial(<built-in method create_function of sqlite3.Connection object at 0x000001BA4DD84040>, 'regexp', 2, <function SQLiteDialect_pysqlite.on_connect.<locals>.regexp at 0x000001BA4DCEBF60>, deterministic=True)
2026-03-03 18:19:10,854 - aiosqlite - DEBUG - operation functools.partial(<built-in method create_function of sqlite3.Connection object at 0x000001BA4DD84040>, 'regexp', 2, <function SQLiteDialect_pysqlite.on_connect.<locals>.regexp at 0x000001BA4DCEBF60>, deterministic=True) completed
2026-03-03 18:19:10,855 - aiosqlite - DEBUG - executing functools.partial(<built-in method create_function of sqlite3.Connection object at 0x000001BA4DD84040>, 'floor', 1, <built-in function floor>, deterministic=True)
2026-03-03 18:19:10,855 - aiosqlite - DEBUG - operation functools.partial(<built-in method create_function of sqlite3.Connection object at 0x000001BA4DD84040>, 'floor', 1, <built-in function floor>, deterministic=True) completed
2026-03-03 18:19:10,856 - aiosqlite - DEBUG - executing functools.partial(<built-in method cursor of sqlite3.Connection object at 0x000001BA4DD84040>)
2026-03-03 18:19:10,856 - aiosqlite - DEBUG - operation functools.partial(<built-in method cursor of sqlite3.Connection object at 0x000001BA4DD84040>) completed
2026-03-03 18:19:10,857 - aiosqlite - DEBUG - executing functools.partial(<built-in method execute of sqlite3.Cursor object at 0x000001BA4DDD1F40>, 'SELECT users.id, users.email, users.name, users.role, users.created_at, users.last_login, users.hashed_password \nFROM users \nWHERE users.email = ?', ('admin@gmail.com',))
2026-03-03 18:19:10,858 - aiosqlite - DEBUG - operation functools.partial(<built-in method execute of sqlite3.Cursor object at 0x000001BA4DDD1F40>, 'SELECT users.id, users.email, users.name, users.role, users.created_at, users.last_login, users.hashed_password \nFROM users \nWHERE users.email = ?', ('admin@gmail.com',)) completed
2026-03-03 18:19:10,859 - aiosqlite - DEBUG - executing functools.partial(<built-in method fetchall of sqlite3.Cursor object at 0x000001BA4DDD1F40>)
2026-03-03 18:19:10,859 - aiosqlite - DEBUG - operation functools.partial(<built-in method fetchall of sqlite3.Cursor object at 0x000001BA4DDD1F40>) completed
2026-03-03 18:19:10,860 - aiosqlite - DEBUG - executing functools.partial(<built-in method close of sqlite3.Cursor object at 0x000001BA4DDD1F40>)
2026-03-03 18:19:10,860 - aiosqlite - DEBUG - operation functools.partial(<built-in method close of sqlite3.Cursor object at 0x000001BA4DDD1F40>) completed
2026-03-03 18:19:10,861 - core.database - ERROR - Database session error: 401: Email này chưa đăng ký. Vui lòng tạo tài khoản mới!
Traceback (most recent call last):
  File "D:\ASM1\backend\core\database.py", line 542, in get_db
    yield session
  File "D:\ASM1\.venv\Lib\site-packages\fastapi\routing.py", line 301, in app
    raw_response = await run_endpoint_function(
                   ^^^^^^^^^^^^^^^^^^^^^^^^^^^^
  File "D:\ASM1\.venv\Lib\site-packages\fastapi\routing.py", line 212, in run_endpoint_function
    return await dependant.call(**values)
           ^^^^^^^^^^^^^^^^^^^^^^^^^^^^^^
  File "D:\ASM1\backend\routers\auth.py", line 359, in login_password
    raise HTTPException(status_code=401, detail="Email này chưa đăng ký. Vui lòng tạo tài khoản mới!")
fastapi.exceptions.HTTPException: 401: Email này chưa đăng ký. Vui lòng tạo tài khoản mới!
2026-03-03 18:19:10,862 - core.database - DEBUG - [DB_OP] Database session cleanup after 0.0110s
2026-03-03 18:19:10,863 - aiosqlite - DEBUG - executing functools.partial(<built-in method rollback of sqlite3.Connection object at 0x000001BA4DD84040>)
2026-03-03 18:19:10,864 - aiosqlite - DEBUG - operation functools.partial(<built-in method rollback of sqlite3.Connection object at 0x000001BA4DD84040>) completed
2026-03-03 18:19:10,864 - aiosqlite - DEBUG - executing functools.partial(<built-in method rollback of sqlite3.Connection object at 0x000001BA4DD84040>)
2026-03-03 18:19:10,864 - aiosqlite - DEBUG - operation functools.partial(<built-in method rollback of sqlite3.Connection object at 0x000001BA4DD84040>) completed
2026-03-03 18:19:10,866 - aiosqlite - DEBUG - executing functools.partial(<built-in method close of sqlite3.Connection object at 0x000001BA4DD84040>)
2026-03-03 18:19:10,866 - aiosqlite - DEBUG - operation functools.partial(<built-in method close of sqlite3.Connection object at 0x000001BA4DD84040>) completed
2026-03-03 18:19:10,866 - core.database - ERROR - Failed to create database session: 401: Email này chưa đăng ký. Vui lòng tạo tài khoản mới!
Traceback (most recent call last):
  File "D:\ASM1\backend\core\database.py", line 542, in get_db
    yield session
  File "D:\ASM1\.venv\Lib\site-packages\fastapi\routing.py", line 301, in app
    raw_response = await run_endpoint_function(
                   ^^^^^^^^^^^^^^^^^^^^^^^^^^^^
  File "D:\ASM1\.venv\Lib\site-packages\fastapi\routing.py", line 212, in run_endpoint_function
    return await dependant.call(**values)
           ^^^^^^^^^^^^^^^^^^^^^^^^^^^^^^
  File "D:\ASM1\backend\routers\auth.py", line 359, in login_password
    raise HTTPException(status_code=401, detail="Email này chưa đăng ký. Vui lòng tạo tài khoản mới!")
fastapi.exceptions.HTTPException: 401: Email này chưa đăng ký. Vui lòng tạo tài khoản mới!
2026-03-03 18:22:11,468 - services.database - DEBUG - [DB_OP] Starting database close
2026-03-03 18:22:11,468 - core.database - INFO - Database connection closed and engine disposed
2026-03-03 18:22:11,469 - services.database - INFO - Database connections closed
2026-03-03 18:22:11,469 - services.database - DEBUG - [DB_OP] Database close completed in 0.0010s
