2026-03-05 17:36:40,360 - main - INFO - === Logging system initialized ===
2026-03-05 17:36:40,360 - main - INFO - Log file: logs/app_20260305_173640.log
2026-03-05 17:36:40,360 - main - INFO - Log level: INFO
2026-03-05 17:36:40,368 - main - INFO - Timestamp: 20260305_173640
2026-03-05 17:36:41,155 - main - INFO - Included router: routers.aihub.router
2026-03-05 17:36:41,187 - main - INFO - Included router: routers.auth.router
2026-03-05 17:36:41,187 - main - INFO - Included router: routers.health.router
2026-03-05 17:36:41,203 - main - INFO - Included router: routers.orders.router
2026-03-05 17:36:41,259 - main - INFO - Included router: routers.products.router
2026-03-05 17:36:41,291 - main - INFO - Included router: routers.settings.router
2026-03-05 17:36:41,354 - main - INFO - Included router: routers.storage.router
2026-03-05 17:36:41,362 - main - INFO - Included router: routers.user.router
2026-03-05 17:36:41,362 - main - INFO - === Application startup initiated ===
2026-03-05 17:36:41,362 - services.database - DEBUG - [DB_OP] Starting database initialization
2026-03-05 17:36:41,362 - services.database - INFO - 🔧 Starting database initialization...
2026-03-05 17:36:41,362 - core.database - INFO - Starting database initialization...
2026-03-05 17:36:41,362 - core.database - INFO - Normalizing database URL for async compatibility...
2026-03-05 17:36:41,362 - core.database - INFO - Creating async database engine...
2026-03-05 17:36:41,362 - core.database - INFO - Using QueuePool with connection pooling for postgresql+asyncpg
2026-03-05 17:36:41,362 - core.database - DEBUG - final engine_kwargs: {'echo': False, 'connect_args': {'statement_cache_size': 0}, 'pool_pre_ping': True, 'pool_size': 10, 'max_overflow': 20, 'pool_recycle': 3600, 'pool_timeout': 30}
2026-03-05 17:36:41,410 - core.database - INFO - Database engine created successfully
2026-03-05 17:36:41,410 - core.database - DEBUG - engine_kwargs: {'echo': False, 'connect_args': {'statement_cache_size': 0}, 'pool_pre_ping': True, 'pool_size': 10, 'max_overflow': 20, 'pool_recycle': 3600, 'pool_timeout': 30}
2026-03-05 17:36:41,410 - core.database - INFO - Creating async session maker...
2026-03-05 17:36:41,410 - core.database - INFO - Async session maker created successfully
2026-03-05 17:36:41,410 - core.database - INFO - Database connection initialized successfully
2026-03-05 17:36:41,410 - services.database - INFO - 🔧 Database connection initialized, now creating tables if tables not exist...
2026-03-05 17:36:41,418 - core.database - DEBUG - [DB_OP] Starting create_tables
2026-03-05 17:36:41,418 - core.database - INFO - 🔧 Starting table creation...
2026-03-05 17:36:44,117 - core.database - INFO - Tables initialized successfully
2026-03-05 17:36:44,117 - core.database - DEBUG - [DB_OP] Create tables completed in 2.6993s
2026-03-05 17:36:44,229 - services.database - INFO - 🔧 Table creation completed
2026-03-05 17:36:44,229 - services.database - INFO - Database initialized successfully
2026-03-05 17:36:44,229 - services.database - DEBUG - [DB_OP] Database initialization completed in 2.8670s
2026-03-05 17:36:44,229 - services.mock_data - INFO - Processing mock data file products.json for table products
2026-03-05 17:36:47,437 - services.mock_data - INFO - Table products already has 8 rows; skipping mock insert
2026-03-05 17:36:47,541 - services.database - DEBUG - [DB_OP] Starting database initialization
2026-03-05 17:36:47,541 - services.database - INFO - 🔧 Starting database initialization...
2026-03-05 17:36:47,541 - core.database - INFO - Starting database initialization...
2026-03-05 17:36:47,541 - core.database - INFO - Database already initialized
2026-03-05 17:36:47,549 - services.database - INFO - 🔧 Database connection initialized, now creating tables if tables not exist...
2026-03-05 17:36:47,549 - core.database - DEBUG - [DB_OP] Starting create_tables
2026-03-05 17:36:47,549 - core.database - INFO - Tables already initialized
2026-03-05 17:36:47,549 - services.database - INFO - 🔧 Table creation completed
2026-03-05 17:36:47,549 - services.database - INFO - Database initialized successfully
2026-03-05 17:36:47,549 - services.database - DEBUG - [DB_OP] Database initialization completed in 0.0080s
2026-03-05 17:36:47,549 - services.auth - WARNING - Admin user ID or email not configured, skipping admin initialization
2026-03-05 17:36:47,549 - main - INFO - === Application startup completed successfully ===
2026-03-05 17:38:20,025 - services.database - DEBUG - [DB_OP] Starting database close
2026-03-05 17:38:20,145 - core.database - INFO - Database connection closed and engine disposed
2026-03-05 17:38:20,145 - services.database - INFO - Database connections closed
2026-03-05 17:38:20,145 - services.database - DEBUG - [DB_OP] Database close completed in 0.1206s
