2026-03-04 11:55:31,233 - main - INFO - === Logging system initialized ===
2026-03-04 11:55:31,233 - main - INFO - Log file: logs/app_20260304_115531.log
2026-03-04 11:55:31,233 - main - INFO - Log level: INFO
2026-03-04 11:55:31,233 - main - INFO - Timestamp: 20260304_115531
2026-03-04 11:55:31,475 - main - INFO - Included router: routers.aihub.router
2026-03-04 11:55:31,484 - passlib.utils.compat - DEBUG - loaded lazy attr 'SafeConfigParser': <class 'configparser.ConfigParser'>
2026-03-04 11:55:31,484 - passlib.utils.compat - DEBUG - loaded lazy attr 'NativeStringIO': <class '_io.StringIO'>
2026-03-04 11:55:31,484 - passlib.utils.compat - DEBUG - loaded lazy attr 'BytesIO': <class '_io.BytesIO'>
2026-03-04 11:55:31,487 - passlib.registry - DEBUG - registered 'bcrypt_sha256' handler: <class 'passlib.handlers.bcrypt.bcrypt_sha256'>
2026-03-04 11:55:31,487 - passlib.registry - DEBUG - registered 'bcrypt' handler: <class 'passlib.handlers.bcrypt.bcrypt'>
2026-03-04 11:55:31,495 - main - INFO - Included router: routers.auth.router
2026-03-04 11:55:31,495 - main - INFO - Included router: routers.health.router
2026-03-04 11:55:31,512 - main - INFO - Included router: routers.orders.router
2026-03-04 11:55:31,532 - main - INFO - Included router: routers.products.router
2026-03-04 11:55:31,554 - main - INFO - Included router: routers.settings.router
2026-03-04 11:55:31,584 - main - INFO - Included router: routers.storage.router
2026-03-04 11:55:31,589 - main - INFO - Included router: routers.user.router
2026-03-04 11:55:31,591 - main - INFO - === Application startup initiated ===
2026-03-04 11:55:31,591 - services.database - DEBUG - [DB_OP] Starting database initialization
2026-03-04 11:55:31,591 - services.database - INFO - 🔧 Starting database initialization...
2026-03-04 11:55:31,591 - core.database - INFO - Starting database initialization...
2026-03-04 11:55:31,591 - core.database - INFO - Normalizing database URL for async compatibility...
2026-03-04 11:55:31,592 - core.database - DEBUG - Database exists:./test.db
2026-03-04 11:55:31,593 - core.database - WARNING - Adjusted database URL driver for async compatibility
2026-03-04 11:55:31,593 - core.database - INFO - Creating async database engine...
2026-03-04 11:55:31,593 - core.database - INFO - Using NullPool for sqlite+aiosqlite environment
2026-03-04 11:55:31,604 - core.database - INFO - Database engine created successfully
2026-03-04 11:55:31,604 - core.database - INFO - Creating async session maker...
2026-03-04 11:55:31,605 - core.database - INFO - Async session maker created successfully
2026-03-04 11:55:31,605 - core.database - INFO - Database connection initialized successfully
2026-03-04 11:55:31,605 - services.database - INFO - 🔧 Database connection initialized, now creating tables if tables not exist...
2026-03-04 11:55:31,605 - core.database - DEBUG - [DB_OP] Starting create_tables
2026-03-04 11:55:31,605 - core.database - INFO - 🔧 Starting table creation...
2026-03-04 11:55:31,606 - aiosqlite - DEBUG - executing <function connect.<locals>.connector at 0x00000159EA4D2200>
2026-03-04 11:55:31,607 - aiosqlite - DEBUG - operation <function connect.<locals>.connector at 0x00000159EA4D2200> completed
2026-03-04 11:55:31,607 - aiosqlite - DEBUG - executing functools.partial(<built-in method create_function of sqlite3.Connection object at 0x00000159EA4D8130>, 'regexp', 2, <function SQLiteDialect_pysqlite.on_connect.<locals>.regexp at 0x00000159EA4D14E0>, deterministic=True)
2026-03-04 11:55:31,607 - aiosqlite - DEBUG - operation functools.partial(<built-in method create_function of sqlite3.Connection object at 0x00000159EA4D8130>, 'regexp', 2, <function SQLiteDialect_pysqlite.on_connect.<locals>.regexp at 0x00000159EA4D14E0>, deterministic=True) completed
2026-03-04 11:55:31,608 - aiosqlite - DEBUG - executing functools.partial(<built-in method create_function of sqlite3.Connection object at 0x00000159EA4D8130>, 'floor', 1, <built-in function floor>, deterministic=True)
2026-03-04 11:55:31,608 - aiosqlite - DEBUG - operation functools.partial(<built-in method create_function of sqlite3.Connection object at 0x00000159EA4D8130>, 'floor', 1, <built-in function floor>, deterministic=True) completed
2026-03-04 11:55:31,608 - aiosqlite - DEBUG - executing functools.partial(<built-in method cursor of sqlite3.Connection object at 0x00000159EA4D8130>)
2026-03-04 11:55:31,609 - aiosqlite - DEBUG - operation functools.partial(<built-in method cursor of sqlite3.Connection object at 0x00000159EA4D8130>) completed
2026-03-04 11:55:31,609 - aiosqlite - DEBUG - executing functools.partial(<built-in method execute of sqlite3.Cursor object at 0x00000159EA4AD640>, 'PRAGMA read_uncommitted', [])
2026-03-04 11:55:31,609 - aiosqlite - DEBUG - operation functools.partial(<built-in method execute of sqlite3.Cursor object at 0x00000159EA4AD640>, 'PRAGMA read_uncommitted', []) completed
2026-03-04 11:55:31,610 - aiosqlite - DEBUG - executing functools.partial(<built-in method fetchall of sqlite3.Cursor object at 0x00000159EA4AD640>)
2026-03-04 11:55:31,610 - aiosqlite - DEBUG - operation functools.partial(<built-in method fetchall of sqlite3.Cursor object at 0x00000159EA4AD640>) completed
2026-03-04 11:55:31,610 - aiosqlite - DEBUG - executing functools.partial(<built-in method close of sqlite3.Cursor object at 0x00000159EA4AD640>)
2026-03-04 11:55:31,610 - aiosqlite - DEBUG - operation functools.partial(<built-in method close of sqlite3.Cursor object at 0x00000159EA4AD640>) completed
2026-03-04 11:55:31,610 - aiosqlite - DEBUG - executing functools.partial(<built-in method rollback of sqlite3.Connection object at 0x00000159EA4D8130>)
2026-03-04 11:55:31,610 - aiosqlite - DEBUG - operation functools.partial(<built-in method rollback of sqlite3.Connection object at 0x00000159EA4D8130>) completed
2026-03-04 11:55:31,610 - aiosqlite - DEBUG - executing functools.partial(<built-in method cursor of sqlite3.Connection object at 0x00000159EA4D8130>)
2026-03-04 11:55:31,610 - aiosqlite - DEBUG - operation functools.partial(<built-in method cursor of sqlite3.Connection object at 0x00000159EA4D8130>) completed
2026-03-04 11:55:31,610 - aiosqlite - DEBUG - executing functools.partial(<built-in method execute of sqlite3.Cursor object at 0x00000159EA4AD740>, 'PRAGMA main.table_info("users")', ())
2026-03-04 11:55:31,610 - aiosqlite - DEBUG - operation functools.partial(<built-in method execute of sqlite3.Cursor object at 0x00000159EA4AD740>, 'PRAGMA main.table_info("users")', ()) completed
2026-03-04 11:55:31,610 - aiosqlite - DEBUG - executing functools.partial(<built-in method fetchall of sqlite3.Cursor object at 0x00000159EA4AD740>)
2026-03-04 11:55:31,610 - aiosqlite - DEBUG - operation functools.partial(<built-in method fetchall of sqlite3.Cursor object at 0x00000159EA4AD740>) completed
2026-03-04 11:55:31,610 - aiosqlite - DEBUG - executing functools.partial(<built-in method close of sqlite3.Cursor object at 0x00000159EA4AD740>)
2026-03-04 11:55:31,610 - aiosqlite - DEBUG - operation functools.partial(<built-in method close of sqlite3.Cursor object at 0x00000159EA4AD740>) completed
2026-03-04 11:55:31,610 - aiosqlite - DEBUG - executing functools.partial(<built-in method cursor of sqlite3.Connection object at 0x00000159EA4D8130>)
2026-03-04 11:55:31,610 - aiosqlite - DEBUG - operation functools.partial(<built-in method cursor of sqlite3.Connection object at 0x00000159EA4D8130>) completed
2026-03-04 11:55:31,610 - aiosqlite - DEBUG - executing functools.partial(<built-in method execute of sqlite3.Cursor object at 0x00000159EA4AD740>, 'PRAGMA main.table_info("oidc_states")', ())
2026-03-04 11:55:31,610 - aiosqlite - DEBUG - operation functools.partial(<built-in method execute of sqlite3.Cursor object at 0x00000159EA4AD740>, 'PRAGMA main.table_info("oidc_states")', ()) completed
2026-03-04 11:55:31,615 - aiosqlite - DEBUG - executing functools.partial(<built-in method fetchall of sqlite3.Cursor object at 0x00000159EA4AD740>)
2026-03-04 11:55:31,615 - aiosqlite - DEBUG - operation functools.partial(<built-in method fetchall of sqlite3.Cursor object at 0x00000159EA4AD740>) completed
2026-03-04 11:55:31,615 - aiosqlite - DEBUG - executing functools.partial(<built-in method close of sqlite3.Cursor object at 0x00000159EA4AD740>)
2026-03-04 11:55:31,615 - aiosqlite - DEBUG - operation functools.partial(<built-in method close of sqlite3.Cursor object at 0x00000159EA4AD740>) completed
2026-03-04 11:55:31,616 - aiosqlite - DEBUG - executing functools.partial(<built-in method cursor of sqlite3.Connection object at 0x00000159EA4D8130>)
2026-03-04 11:55:31,616 - aiosqlite - DEBUG - operation functools.partial(<built-in method cursor of sqlite3.Connection object at 0x00000159EA4D8130>) completed
2026-03-04 11:55:31,616 - aiosqlite - DEBUG - executing functools.partial(<built-in method execute of sqlite3.Cursor object at 0x00000159EA4AD740>, 'PRAGMA main.table_info("orders")', ())
2026-03-04 11:55:31,616 - aiosqlite - DEBUG - operation functools.partial(<built-in method execute of sqlite3.Cursor object at 0x00000159EA4AD740>, 'PRAGMA main.table_info("orders")', ()) completed
2026-03-04 11:55:31,617 - aiosqlite - DEBUG - executing functools.partial(<built-in method fetchall of sqlite3.Cursor object at 0x00000159EA4AD740>)
2026-03-04 11:55:31,617 - aiosqlite - DEBUG - operation functools.partial(<built-in method fetchall of sqlite3.Cursor object at 0x00000159EA4AD740>) completed
2026-03-04 11:55:31,617 - aiosqlite - DEBUG - executing functools.partial(<built-in method close of sqlite3.Cursor object at 0x00000159EA4AD740>)
2026-03-04 11:55:31,617 - aiosqlite - DEBUG - operation functools.partial(<built-in method close of sqlite3.Cursor object at 0x00000159EA4AD740>) completed
2026-03-04 11:55:31,618 - aiosqlite - DEBUG - executing functools.partial(<built-in method cursor of sqlite3.Connection object at 0x00000159EA4D8130>)
2026-03-04 11:55:31,618 - aiosqlite - DEBUG - operation functools.partial(<built-in method cursor of sqlite3.Connection object at 0x00000159EA4D8130>) completed
2026-03-04 11:55:31,618 - aiosqlite - DEBUG - executing functools.partial(<built-in method execute of sqlite3.Cursor object at 0x00000159EA4AD740>, 'PRAGMA main.table_info("products")', ())
2026-03-04 11:55:31,618 - aiosqlite - DEBUG - operation functools.partial(<built-in method execute of sqlite3.Cursor object at 0x00000159EA4AD740>, 'PRAGMA main.table_info("products")', ()) completed
2026-03-04 11:55:31,618 - aiosqlite - DEBUG - executing functools.partial(<built-in method fetchall of sqlite3.Cursor object at 0x00000159EA4AD740>)
2026-03-04 11:55:31,619 - aiosqlite - DEBUG - operation functools.partial(<built-in method fetchall of sqlite3.Cursor object at 0x00000159EA4AD740>) completed
2026-03-04 11:55:31,619 - aiosqlite - DEBUG - executing functools.partial(<built-in method close of sqlite3.Cursor object at 0x00000159EA4AD740>)
2026-03-04 11:55:31,619 - aiosqlite - DEBUG - operation functools.partial(<built-in method close of sqlite3.Cursor object at 0x00000159EA4AD740>) completed
2026-03-04 11:55:31,619 - core.database - INFO - Tables initialized successfully
2026-03-04 11:55:31,619 - core.database - DEBUG - [DB_OP] Create tables completed in 0.0137s
2026-03-04 11:55:31,620 - aiosqlite - DEBUG - executing functools.partial(<built-in method commit of sqlite3.Connection object at 0x00000159EA4D8130>)
2026-03-04 11:55:31,620 - aiosqlite - DEBUG - operation functools.partial(<built-in method commit of sqlite3.Connection object at 0x00000159EA4D8130>) completed
2026-03-04 11:55:31,620 - aiosqlite - DEBUG - executing functools.partial(<built-in method rollback of sqlite3.Connection object at 0x00000159EA4D8130>)
2026-03-04 11:55:31,620 - aiosqlite - DEBUG - operation functools.partial(<built-in method rollback of sqlite3.Connection object at 0x00000159EA4D8130>) completed
2026-03-04 11:55:31,621 - aiosqlite - DEBUG - executing functools.partial(<built-in method close of sqlite3.Connection object at 0x00000159EA4D8130>)
2026-03-04 11:55:31,621 - aiosqlite - DEBUG - operation functools.partial(<built-in method close of sqlite3.Connection object at 0x00000159EA4D8130>) completed
2026-03-04 11:55:31,621 - services.database - INFO - 🔧 Table creation completed
2026-03-04 11:55:31,622 - services.database - INFO - Database initialized successfully
2026-03-04 11:55:31,622 - services.database - DEBUG - [DB_OP] Database initialization completed in 0.0308s
2026-03-04 11:55:31,622 - services.mock_data - INFO - Processing mock data file products.json for table products
2026-03-04 11:55:31,623 - aiosqlite - DEBUG - executing <function connect.<locals>.connector at 0x00000159EA4D27A0>
2026-03-04 11:55:31,623 - aiosqlite - DEBUG - operation <function connect.<locals>.connector at 0x00000159EA4D27A0> completed
2026-03-04 11:55:31,623 - aiosqlite - DEBUG - executing functools.partial(<built-in method create_function of sqlite3.Connection object at 0x00000159EA4D8220>, 'regexp', 2, <function SQLiteDialect_pysqlite.on_connect.<locals>.regexp at 0x00000159EA4D14E0>, deterministic=True)
2026-03-04 11:55:31,623 - aiosqlite - DEBUG - operation functools.partial(<built-in method create_function of sqlite3.Connection object at 0x00000159EA4D8220>, 'regexp', 2, <function SQLiteDialect_pysqlite.on_connect.<locals>.regexp at 0x00000159EA4D14E0>, deterministic=True) completed
2026-03-04 11:55:31,624 - aiosqlite - DEBUG - executing functools.partial(<built-in method create_function of sqlite3.Connection object at 0x00000159EA4D8220>, 'floor', 1, <built-in function floor>, deterministic=True)
2026-03-04 11:55:31,624 - aiosqlite - DEBUG - operation functools.partial(<built-in method create_function of sqlite3.Connection object at 0x00000159EA4D8220>, 'floor', 1, <built-in function floor>, deterministic=True) completed
2026-03-04 11:55:31,624 - aiosqlite - DEBUG - executing functools.partial(<built-in method cursor of sqlite3.Connection object at 0x00000159EA4D8220>)
2026-03-04 11:55:31,624 - aiosqlite - DEBUG - operation functools.partial(<built-in method cursor of sqlite3.Connection object at 0x00000159EA4D8220>) completed
2026-03-04 11:55:31,625 - aiosqlite - DEBUG - executing functools.partial(<built-in method execute of sqlite3.Cursor object at 0x00000159EA4ADE40>, 'PRAGMA main.table_xinfo("products")', ())
2026-03-04 11:55:31,625 - aiosqlite - DEBUG - operation functools.partial(<built-in method execute of sqlite3.Cursor object at 0x00000159EA4ADE40>, 'PRAGMA main.table_xinfo("products")', ()) completed
2026-03-04 11:55:31,625 - aiosqlite - DEBUG - executing functools.partial(<built-in method fetchall of sqlite3.Cursor object at 0x00000159EA4ADE40>)
2026-03-04 11:55:31,626 - aiosqlite - DEBUG - operation functools.partial(<built-in method fetchall of sqlite3.Cursor object at 0x00000159EA4ADE40>) completed
2026-03-04 11:55:31,626 - aiosqlite - DEBUG - executing functools.partial(<built-in method close of sqlite3.Cursor object at 0x00000159EA4ADE40>)
2026-03-04 11:55:31,626 - aiosqlite - DEBUG - operation functools.partial(<built-in method close of sqlite3.Cursor object at 0x00000159EA4ADE40>) completed
2026-03-04 11:55:31,627 - aiosqlite - DEBUG - executing functools.partial(<built-in method cursor of sqlite3.Connection object at 0x00000159EA4D8220>)
2026-03-04 11:55:31,627 - aiosqlite - DEBUG - operation functools.partial(<built-in method cursor of sqlite3.Connection object at 0x00000159EA4D8220>) completed
2026-03-04 11:55:31,627 - aiosqlite - DEBUG - executing functools.partial(<built-in method execute of sqlite3.Cursor object at 0x00000159EA4ADE40>, "SELECT sql FROM  (SELECT * FROM sqlite_master UNION ALL   SELECT * FROM sqlite_temp_master) WHERE name = ? AND type in ('table', 'view')", ('products',))
2026-03-04 11:55:31,627 - aiosqlite - DEBUG - operation functools.partial(<built-in method execute of sqlite3.Cursor object at 0x00000159EA4ADE40>, "SELECT sql FROM  (SELECT * FROM sqlite_master UNION ALL   SELECT * FROM sqlite_temp_master) WHERE name = ? AND type in ('table', 'view')", ('products',)) completed
2026-03-04 11:55:31,628 - aiosqlite - DEBUG - executing functools.partial(<built-in method fetchall of sqlite3.Cursor object at 0x00000159EA4ADE40>)
2026-03-04 11:55:31,628 - aiosqlite - DEBUG - operation functools.partial(<built-in method fetchall of sqlite3.Cursor object at 0x00000159EA4ADE40>) completed
2026-03-04 11:55:31,628 - aiosqlite - DEBUG - executing functools.partial(<built-in method close of sqlite3.Cursor object at 0x00000159EA4ADE40>)
2026-03-04 11:55:31,628 - aiosqlite - DEBUG - operation functools.partial(<built-in method close of sqlite3.Cursor object at 0x00000159EA4ADE40>) completed
2026-03-04 11:55:31,629 - aiosqlite - DEBUG - executing functools.partial(<built-in method cursor of sqlite3.Connection object at 0x00000159EA4D8220>)
2026-03-04 11:55:31,629 - aiosqlite - DEBUG - operation functools.partial(<built-in method cursor of sqlite3.Connection object at 0x00000159EA4D8220>) completed
2026-03-04 11:55:31,629 - aiosqlite - DEBUG - executing functools.partial(<built-in method execute of sqlite3.Cursor object at 0x00000159EA4ADE40>, 'PRAGMA main.foreign_key_list("products")', ())
2026-03-04 11:55:31,629 - aiosqlite - DEBUG - operation functools.partial(<built-in method execute of sqlite3.Cursor object at 0x00000159EA4ADE40>, 'PRAGMA main.foreign_key_list("products")', ()) completed
2026-03-04 11:55:31,630 - aiosqlite - DEBUG - executing functools.partial(<built-in method fetchall of sqlite3.Cursor object at 0x00000159EA4ADE40>)
2026-03-04 11:55:31,630 - aiosqlite - DEBUG - operation functools.partial(<built-in method fetchall of sqlite3.Cursor object at 0x00000159EA4ADE40>) completed
2026-03-04 11:55:31,630 - aiosqlite - DEBUG - executing functools.partial(<built-in method close of sqlite3.Cursor object at 0x00000159EA4ADE40>)
2026-03-04 11:55:31,630 - aiosqlite - DEBUG - operation functools.partial(<built-in method close of sqlite3.Cursor object at 0x00000159EA4ADE40>) completed
2026-03-04 11:55:31,630 - aiosqlite - DEBUG - executing functools.partial(<built-in method cursor of sqlite3.Connection object at 0x00000159EA4D8220>)
2026-03-04 11:55:31,630 - aiosqlite - DEBUG - operation functools.partial(<built-in method cursor of sqlite3.Connection object at 0x00000159EA4D8220>) completed
2026-03-04 11:55:31,630 - aiosqlite - DEBUG - executing functools.partial(<built-in method execute of sqlite3.Cursor object at 0x00000159EA4ADE40>, 'PRAGMA temp.foreign_key_list("products")', ())
2026-03-04 11:55:31,631 - aiosqlite - DEBUG - operation functools.partial(<built-in method execute of sqlite3.Cursor object at 0x00000159EA4ADE40>, 'PRAGMA temp.foreign_key_list("products")', ()) completed
2026-03-04 11:55:31,631 - aiosqlite - DEBUG - executing functools.partial(<built-in method fetchall of sqlite3.Cursor object at 0x00000159EA4ADE40>)
2026-03-04 11:55:31,631 - aiosqlite - DEBUG - operation functools.partial(<built-in method fetchall of sqlite3.Cursor object at 0x00000159EA4ADE40>) completed
2026-03-04 11:55:31,631 - aiosqlite - DEBUG - executing functools.partial(<built-in method close of sqlite3.Cursor object at 0x00000159EA4ADE40>)
2026-03-04 11:55:31,631 - aiosqlite - DEBUG - operation functools.partial(<built-in method close of sqlite3.Cursor object at 0x00000159EA4ADE40>) completed
2026-03-04 11:55:31,631 - aiosqlite - DEBUG - executing functools.partial(<built-in method cursor of sqlite3.Connection object at 0x00000159EA4D8220>)
2026-03-04 11:55:31,631 - aiosqlite - DEBUG - operation functools.partial(<built-in method cursor of sqlite3.Connection object at 0x00000159EA4D8220>) completed
2026-03-04 11:55:31,631 - aiosqlite - DEBUG - executing functools.partial(<built-in method execute of sqlite3.Cursor object at 0x00000159EA4ADE40>, "SELECT sql FROM  (SELECT * FROM sqlite_master UNION ALL   SELECT * FROM sqlite_temp_master) WHERE name = ? AND type in ('table', 'view')", ('products',))
2026-03-04 11:55:31,631 - aiosqlite - DEBUG - operation functools.partial(<built-in method execute of sqlite3.Cursor object at 0x00000159EA4ADE40>, "SELECT sql FROM  (SELECT * FROM sqlite_master UNION ALL   SELECT * FROM sqlite_temp_master) WHERE name = ? AND type in ('table', 'view')", ('products',)) completed
2026-03-04 11:55:31,631 - aiosqlite - DEBUG - executing functools.partial(<built-in method fetchall of sqlite3.Cursor object at 0x00000159EA4ADE40>)
2026-03-04 11:55:31,631 - aiosqlite - DEBUG - operation functools.partial(<built-in method fetchall of sqlite3.Cursor object at 0x00000159EA4ADE40>) completed
2026-03-04 11:55:31,631 - aiosqlite - DEBUG - executing functools.partial(<built-in method close of sqlite3.Cursor object at 0x00000159EA4ADE40>)
2026-03-04 11:55:31,631 - aiosqlite - DEBUG - operation functools.partial(<built-in method close of sqlite3.Cursor object at 0x00000159EA4ADE40>) completed
2026-03-04 11:55:31,631 - aiosqlite - DEBUG - executing functools.partial(<built-in method cursor of sqlite3.Connection object at 0x00000159EA4D8220>)
2026-03-04 11:55:31,631 - aiosqlite - DEBUG - operation functools.partial(<built-in method cursor of sqlite3.Connection object at 0x00000159EA4D8220>) completed
2026-03-04 11:55:31,631 - aiosqlite - DEBUG - executing functools.partial(<built-in method execute of sqlite3.Cursor object at 0x00000159EA4ADE40>, 'PRAGMA main.index_list("products")', ())
2026-03-04 11:55:31,631 - aiosqlite - DEBUG - operation functools.partial(<built-in method execute of sqlite3.Cursor object at 0x00000159EA4ADE40>, 'PRAGMA main.index_list("products")', ()) completed
2026-03-04 11:55:31,631 - aiosqlite - DEBUG - executing functools.partial(<built-in method fetchall of sqlite3.Cursor object at 0x00000159EA4ADE40>)
2026-03-04 11:55:31,631 - aiosqlite - DEBUG - operation functools.partial(<built-in method fetchall of sqlite3.Cursor object at 0x00000159EA4ADE40>) completed
2026-03-04 11:55:31,631 - aiosqlite - DEBUG - executing functools.partial(<built-in method close of sqlite3.Cursor object at 0x00000159EA4ADE40>)
2026-03-04 11:55:31,631 - aiosqlite - DEBUG - operation functools.partial(<built-in method close of sqlite3.Cursor object at 0x00000159EA4ADE40>) completed
2026-03-04 11:55:31,631 - aiosqlite - DEBUG - executing functools.partial(<built-in method cursor of sqlite3.Connection object at 0x00000159EA4D8220>)
2026-03-04 11:55:31,631 - aiosqlite - DEBUG - operation functools.partial(<built-in method cursor of sqlite3.Connection object at 0x00000159EA4D8220>) completed
2026-03-04 11:55:31,631 - aiosqlite - DEBUG - executing functools.partial(<built-in method execute of sqlite3.Cursor object at 0x00000159EA4ADE40>, 'PRAGMA main.index_info("ix_products_id")', ())
2026-03-04 11:55:31,639 - aiosqlite - DEBUG - operation functools.partial(<built-in method execute of sqlite3.Cursor object at 0x00000159EA4ADE40>, 'PRAGMA main.index_info("ix_products_id")', ()) completed
2026-03-04 11:55:31,639 - aiosqlite - DEBUG - executing functools.partial(<built-in method fetchall of sqlite3.Cursor object at 0x00000159EA4ADE40>)
2026-03-04 11:55:31,639 - aiosqlite - DEBUG - operation functools.partial(<built-in method fetchall of sqlite3.Cursor object at 0x00000159EA4ADE40>) completed
2026-03-04 11:55:31,639 - aiosqlite - DEBUG - executing functools.partial(<built-in method close of sqlite3.Cursor object at 0x00000159EA4ADE40>)
2026-03-04 11:55:31,639 - aiosqlite - DEBUG - operation functools.partial(<built-in method close of sqlite3.Cursor object at 0x00000159EA4ADE40>) completed
2026-03-04 11:55:31,640 - aiosqlite - DEBUG - executing functools.partial(<built-in method cursor of sqlite3.Connection object at 0x00000159EA4D8220>)
2026-03-04 11:55:31,640 - aiosqlite - DEBUG - operation functools.partial(<built-in method cursor of sqlite3.Connection object at 0x00000159EA4D8220>) completed
2026-03-04 11:55:31,640 - aiosqlite - DEBUG - executing functools.partial(<built-in method execute of sqlite3.Cursor object at 0x00000159EA4ADE40>, 'PRAGMA main.index_list("products")', ())
2026-03-04 11:55:31,640 - aiosqlite - DEBUG - operation functools.partial(<built-in method execute of sqlite3.Cursor object at 0x00000159EA4ADE40>, 'PRAGMA main.index_list("products")', ()) completed
2026-03-04 11:55:31,641 - aiosqlite - DEBUG - executing functools.partial(<built-in method fetchall of sqlite3.Cursor object at 0x00000159EA4ADE40>)
2026-03-04 11:55:31,641 - aiosqlite - DEBUG - operation functools.partial(<built-in method fetchall of sqlite3.Cursor object at 0x00000159EA4ADE40>) completed
2026-03-04 11:55:31,641 - aiosqlite - DEBUG - executing functools.partial(<built-in method close of sqlite3.Cursor object at 0x00000159EA4ADE40>)
2026-03-04 11:55:31,641 - aiosqlite - DEBUG - operation functools.partial(<built-in method close of sqlite3.Cursor object at 0x00000159EA4ADE40>) completed
2026-03-04 11:55:31,641 - aiosqlite - DEBUG - executing functools.partial(<built-in method cursor of sqlite3.Connection object at 0x00000159EA4D8220>)
2026-03-04 11:55:31,641 - aiosqlite - DEBUG - operation functools.partial(<built-in method cursor of sqlite3.Connection object at 0x00000159EA4D8220>) completed
2026-03-04 11:55:31,641 - aiosqlite - DEBUG - executing functools.partial(<built-in method execute of sqlite3.Cursor object at 0x00000159EA4ADE40>, 'PRAGMA main.index_info("ix_products_id")', ())
2026-03-04 11:55:31,641 - aiosqlite - DEBUG - operation functools.partial(<built-in method execute of sqlite3.Cursor object at 0x00000159EA4ADE40>, 'PRAGMA main.index_info("ix_products_id")', ()) completed
2026-03-04 11:55:31,641 - aiosqlite - DEBUG - executing functools.partial(<built-in method fetchall of sqlite3.Cursor object at 0x00000159EA4ADE40>)
2026-03-04 11:55:31,641 - aiosqlite - DEBUG - operation functools.partial(<built-in method fetchall of sqlite3.Cursor object at 0x00000159EA4ADE40>) completed
2026-03-04 11:55:31,641 - aiosqlite - DEBUG - executing functools.partial(<built-in method close of sqlite3.Cursor object at 0x00000159EA4ADE40>)
2026-03-04 11:55:31,641 - aiosqlite - DEBUG - operation functools.partial(<built-in method close of sqlite3.Cursor object at 0x00000159EA4ADE40>) completed
2026-03-04 11:55:31,641 - aiosqlite - DEBUG - executing functools.partial(<built-in method cursor of sqlite3.Connection object at 0x00000159EA4D8220>)
2026-03-04 11:55:31,641 - aiosqlite - DEBUG - operation functools.partial(<built-in method cursor of sqlite3.Connection object at 0x00000159EA4D8220>) completed
2026-03-04 11:55:31,641 - aiosqlite - DEBUG - executing functools.partial(<built-in method execute of sqlite3.Cursor object at 0x00000159EA4ADE40>, "SELECT sql FROM  (SELECT * FROM sqlite_master UNION ALL   SELECT * FROM sqlite_temp_master) WHERE name = ? AND type in ('table', 'view')", ('products',))
2026-03-04 11:55:31,641 - aiosqlite - DEBUG - operation functools.partial(<built-in method execute of sqlite3.Cursor object at 0x00000159EA4ADE40>, "SELECT sql FROM  (SELECT * FROM sqlite_master UNION ALL   SELECT * FROM sqlite_temp_master) WHERE name = ? AND type in ('table', 'view')", ('products',)) completed
2026-03-04 11:55:31,641 - aiosqlite - DEBUG - executing functools.partial(<built-in method fetchall of sqlite3.Cursor object at 0x00000159EA4ADE40>)
2026-03-04 11:55:31,641 - aiosqlite - DEBUG - operation functools.partial(<built-in method fetchall of sqlite3.Cursor object at 0x00000159EA4ADE40>) completed
2026-03-04 11:55:31,641 - aiosqlite - DEBUG - executing functools.partial(<built-in method close of sqlite3.Cursor object at 0x00000159EA4ADE40>)
2026-03-04 11:55:31,641 - aiosqlite - DEBUG - operation functools.partial(<built-in method close of sqlite3.Cursor object at 0x00000159EA4ADE40>) completed
2026-03-04 11:55:31,641 - aiosqlite - DEBUG - executing functools.partial(<built-in method cursor of sqlite3.Connection object at 0x00000159EA4D8220>)
2026-03-04 11:55:31,641 - aiosqlite - DEBUG - operation functools.partial(<built-in method cursor of sqlite3.Connection object at 0x00000159EA4D8220>) completed
2026-03-04 11:55:31,641 - aiosqlite - DEBUG - executing functools.partial(<built-in method execute of sqlite3.Cursor object at 0x00000159EA45A6C0>, 'SELECT count(*) AS count_1 \nFROM products', ())
2026-03-04 11:55:31,641 - aiosqlite - DEBUG - operation functools.partial(<built-in method execute of sqlite3.Cursor object at 0x00000159EA45A6C0>, 'SELECT count(*) AS count_1 \nFROM products', ()) completed
2026-03-04 11:55:31,649 - aiosqlite - DEBUG - executing functools.partial(<built-in method fetchall of sqlite3.Cursor object at 0x00000159EA45A6C0>)
2026-03-04 11:55:31,649 - aiosqlite - DEBUG - operation functools.partial(<built-in method fetchall of sqlite3.Cursor object at 0x00000159EA45A6C0>) completed
2026-03-04 11:55:31,649 - aiosqlite - DEBUG - executing functools.partial(<built-in method close of sqlite3.Cursor object at 0x00000159EA45A6C0>)
2026-03-04 11:55:31,649 - aiosqlite - DEBUG - operation functools.partial(<built-in method close of sqlite3.Cursor object at 0x00000159EA45A6C0>) completed
2026-03-04 11:55:31,650 - services.mock_data - INFO - Table products already has 8 rows; skipping mock insert
2026-03-04 11:55:31,650 - aiosqlite - DEBUG - executing functools.partial(<built-in method commit of sqlite3.Connection object at 0x00000159EA4D8220>)
2026-03-04 11:55:31,650 - aiosqlite - DEBUG - operation functools.partial(<built-in method commit of sqlite3.Connection object at 0x00000159EA4D8220>) completed
2026-03-04 11:55:31,650 - aiosqlite - DEBUG - executing functools.partial(<built-in method rollback of sqlite3.Connection object at 0x00000159EA4D8220>)
2026-03-04 11:55:31,650 - aiosqlite - DEBUG - operation functools.partial(<built-in method rollback of sqlite3.Connection object at 0x00000159EA4D8220>) completed
2026-03-04 11:55:31,651 - aiosqlite - DEBUG - executing functools.partial(<built-in method close of sqlite3.Connection object at 0x00000159EA4D8220>)
2026-03-04 11:55:31,651 - aiosqlite - DEBUG - operation functools.partial(<built-in method close of sqlite3.Connection object at 0x00000159EA4D8220>) completed
2026-03-04 11:55:31,651 - services.database - DEBUG - [DB_OP] Starting database initialization
2026-03-04 11:55:31,651 - services.database - INFO - 🔧 Starting database initialization...
2026-03-04 11:55:31,651 - core.database - INFO - Starting database initialization...
2026-03-04 11:55:31,652 - core.database - INFO - Database already initialized
2026-03-04 11:55:31,652 - services.database - INFO - 🔧 Database connection initialized, now creating tables if tables not exist...
2026-03-04 11:55:31,652 - core.database - DEBUG - [DB_OP] Starting create_tables
2026-03-04 11:55:31,652 - core.database - INFO - Tables already initialized
2026-03-04 11:55:31,652 - services.database - INFO - 🔧 Table creation completed
2026-03-04 11:55:31,652 - services.database - INFO - Database initialized successfully
2026-03-04 11:55:31,652 - services.database - DEBUG - [DB_OP] Database initialization completed in 0.0010s
2026-03-04 11:55:31,653 - services.auth - WARNING - Admin user ID or email not configured, skipping admin initialization
2026-03-04 11:55:31,653 - main - INFO - === Application startup completed successfully ===
2026-03-04 11:58:24,118 - services.database - DEBUG - [DB_OP] Starting database close
2026-03-04 11:58:24,118 - core.database - INFO - Database connection closed and engine disposed
2026-03-04 11:58:24,118 - services.database - INFO - Database connections closed
2026-03-04 11:58:24,118 - services.database - DEBUG - [DB_OP] Database close completed in 0.0006s
