2026-03-03 18:22:13,033 - main - INFO - === Logging system initialized ===
2026-03-03 18:22:13,034 - main - INFO - Log file: logs/app_20260303_182213.log
2026-03-03 18:22:13,034 - main - INFO - Log level: INFO
2026-03-03 18:22:13,034 - main - INFO - Timestamp: 20260303_182213
2026-03-03 18:22:13,444 - main - INFO - Included router: routers.aihub.router
2026-03-03 18:22:13,511 - passlib.utils.compat - DEBUG - loaded lazy attr 'SafeConfigParser': <class 'configparser.ConfigParser'>
2026-03-03 18:22:13,511 - passlib.utils.compat - DEBUG - loaded lazy attr 'NativeStringIO': <class '_io.StringIO'>
2026-03-03 18:22:13,511 - passlib.utils.compat - DEBUG - loaded lazy attr 'BytesIO': <class '_io.BytesIO'>
2026-03-03 18:22:13,517 - passlib.registry - DEBUG - registered 'bcrypt' handler: <class 'passlib.handlers.bcrypt.bcrypt'>
2026-03-03 18:22:13,525 - main - INFO - Included router: routers.auth.router
2026-03-03 18:22:13,526 - main - INFO - Included router: routers.health.router
2026-03-03 18:22:13,539 - main - INFO - Included router: routers.orders.router
2026-03-03 18:22:13,586 - main - INFO - Included router: routers.products.router
2026-03-03 18:22:13,587 - main - WARNING - Failed to import module 'routers.settings': cannot import name 'get_admin_user' from 'dependencies.auth' (D:\ASM1\backend\dependencies\auth.py)
2026-03-03 18:22:13,588 - main - WARNING - Failed to import module 'routers.storage': cannot import name 'get_admin_user' from 'dependencies.auth' (D:\ASM1\backend\dependencies\auth.py)
2026-03-03 18:22:13,595 - main - INFO - Included router: routers.user.router
2026-03-03 18:22:13,596 - main - INFO - === Application startup initiated ===
2026-03-03 18:22:13,596 - services.database - DEBUG - [DB_OP] Starting database initialization
2026-03-03 18:22:13,597 - services.database - INFO - 🔧 Starting database initialization...
2026-03-03 18:22:13,597 - core.database - INFO - Starting database initialization...
2026-03-03 18:22:13,597 - core.database - INFO - Normalizing database URL for async compatibility...
2026-03-03 18:22:13,598 - core.database - DEBUG - Database exists:./test.db
2026-03-03 18:22:13,598 - core.database - WARNING - Adjusted database URL driver for async compatibility
2026-03-03 18:22:13,598 - core.database - INFO - Creating async database engine...
2026-03-03 18:22:13,599 - core.database - INFO - Using NullPool for sqlite+aiosqlite environment
2026-03-03 18:22:13,617 - core.database - INFO - Database engine created successfully
2026-03-03 18:22:13,617 - core.database - INFO - Creating async session maker...
2026-03-03 18:22:13,617 - core.database - INFO - Async session maker created successfully
2026-03-03 18:22:13,617 - core.database - INFO - Database connection initialized successfully
2026-03-03 18:22:13,618 - services.database - INFO - 🔧 Database connection initialized, now creating tables if tables not exist...
2026-03-03 18:22:13,618 - core.database - DEBUG - [DB_OP] Starting create_tables
2026-03-03 18:22:13,618 - core.database - INFO - 🔧 Starting table creation...
2026-03-03 18:22:13,619 - aiosqlite - DEBUG - executing <function connect.<locals>.connector at 0x000002D77A768E00>
2026-03-03 18:22:13,620 - aiosqlite - DEBUG - operation <function connect.<locals>.connector at 0x000002D77A768E00> completed
2026-03-03 18:22:13,621 - aiosqlite - DEBUG - executing functools.partial(<built-in method create_function of sqlite3.Connection object at 0x000002D77A7416C0>, 'regexp', 2, <function SQLiteDialect_pysqlite.on_connect.<locals>.regexp at 0x000002D77A7680E0>, deterministic=True)
2026-03-03 18:22:13,621 - aiosqlite - DEBUG - operation functools.partial(<built-in method create_function of sqlite3.Connection object at 0x000002D77A7416C0>, 'regexp', 2, <function SQLiteDialect_pysqlite.on_connect.<locals>.regexp at 0x000002D77A7680E0>, deterministic=True) completed
2026-03-03 18:22:13,622 - aiosqlite - DEBUG - executing functools.partial(<built-in method create_function of sqlite3.Connection object at 0x000002D77A7416C0>, 'floor', 1, <built-in function floor>, deterministic=True)
2026-03-03 18:22:13,623 - aiosqlite - DEBUG - operation functools.partial(<built-in method create_function of sqlite3.Connection object at 0x000002D77A7416C0>, 'floor', 1, <built-in function floor>, deterministic=True) completed
2026-03-03 18:22:13,623 - aiosqlite - DEBUG - executing functools.partial(<built-in method cursor of sqlite3.Connection object at 0x000002D77A7416C0>)
2026-03-03 18:22:13,624 - aiosqlite - DEBUG - operation functools.partial(<built-in method cursor of sqlite3.Connection object at 0x000002D77A7416C0>) completed
2026-03-03 18:22:13,624 - aiosqlite - DEBUG - executing functools.partial(<built-in method execute of sqlite3.Cursor object at 0x000002D77A6EFCC0>, 'PRAGMA read_uncommitted', [])
2026-03-03 18:22:13,625 - aiosqlite - DEBUG - operation functools.partial(<built-in method execute of sqlite3.Cursor object at 0x000002D77A6EFCC0>, 'PRAGMA read_uncommitted', []) completed
2026-03-03 18:22:13,625 - aiosqlite - DEBUG - executing functools.partial(<built-in method fetchall of sqlite3.Cursor object at 0x000002D77A6EFCC0>)
2026-03-03 18:22:13,625 - aiosqlite - DEBUG - operation functools.partial(<built-in method fetchall of sqlite3.Cursor object at 0x000002D77A6EFCC0>) completed
2026-03-03 18:22:13,625 - aiosqlite - DEBUG - executing functools.partial(<built-in method close of sqlite3.Cursor object at 0x000002D77A6EFCC0>)
2026-03-03 18:22:13,625 - aiosqlite - DEBUG - operation functools.partial(<built-in method close of sqlite3.Cursor object at 0x000002D77A6EFCC0>) completed
2026-03-03 18:22:13,627 - aiosqlite - DEBUG - executing functools.partial(<built-in method rollback of sqlite3.Connection object at 0x000002D77A7416C0>)
2026-03-03 18:22:13,627 - aiosqlite - DEBUG - operation functools.partial(<built-in method rollback of sqlite3.Connection object at 0x000002D77A7416C0>) completed
2026-03-03 18:22:13,629 - aiosqlite - DEBUG - executing functools.partial(<built-in method cursor of sqlite3.Connection object at 0x000002D77A7416C0>)
2026-03-03 18:22:13,629 - aiosqlite - DEBUG - operation functools.partial(<built-in method cursor of sqlite3.Connection object at 0x000002D77A7416C0>) completed
2026-03-03 18:22:13,630 - aiosqlite - DEBUG - executing functools.partial(<built-in method execute of sqlite3.Cursor object at 0x000002D77A6EFDC0>, 'PRAGMA main.table_info("users")', ())
2026-03-03 18:22:13,630 - aiosqlite - DEBUG - operation functools.partial(<built-in method execute of sqlite3.Cursor object at 0x000002D77A6EFDC0>, 'PRAGMA main.table_info("users")', ()) completed
2026-03-03 18:22:13,631 - aiosqlite - DEBUG - executing functools.partial(<built-in method fetchall of sqlite3.Cursor object at 0x000002D77A6EFDC0>)
2026-03-03 18:22:13,631 - aiosqlite - DEBUG - operation functools.partial(<built-in method fetchall of sqlite3.Cursor object at 0x000002D77A6EFDC0>) completed
2026-03-03 18:22:13,631 - aiosqlite - DEBUG - executing functools.partial(<built-in method close of sqlite3.Cursor object at 0x000002D77A6EFDC0>)
2026-03-03 18:22:13,632 - aiosqlite - DEBUG - operation functools.partial(<built-in method close of sqlite3.Cursor object at 0x000002D77A6EFDC0>) completed
2026-03-03 18:22:13,632 - aiosqlite - DEBUG - executing functools.partial(<built-in method cursor of sqlite3.Connection object at 0x000002D77A7416C0>)
2026-03-03 18:22:13,633 - aiosqlite - DEBUG - operation functools.partial(<built-in method cursor of sqlite3.Connection object at 0x000002D77A7416C0>) completed
2026-03-03 18:22:13,633 - aiosqlite - DEBUG - executing functools.partial(<built-in method execute of sqlite3.Cursor object at 0x000002D77A6EFDC0>, 'PRAGMA main.table_info("oidc_states")', ())
2026-03-03 18:22:13,634 - aiosqlite - DEBUG - operation functools.partial(<built-in method execute of sqlite3.Cursor object at 0x000002D77A6EFDC0>, 'PRAGMA main.table_info("oidc_states")', ()) completed
2026-03-03 18:22:13,634 - aiosqlite - DEBUG - executing functools.partial(<built-in method fetchall of sqlite3.Cursor object at 0x000002D77A6EFDC0>)
2026-03-03 18:22:13,634 - aiosqlite - DEBUG - operation functools.partial(<built-in method fetchall of sqlite3.Cursor object at 0x000002D77A6EFDC0>) completed
2026-03-03 18:22:13,635 - aiosqlite - DEBUG - executing functools.partial(<built-in method close of sqlite3.Cursor object at 0x000002D77A6EFDC0>)
2026-03-03 18:22:13,635 - aiosqlite - DEBUG - operation functools.partial(<built-in method close of sqlite3.Cursor object at 0x000002D77A6EFDC0>) completed
2026-03-03 18:22:13,636 - aiosqlite - DEBUG - executing functools.partial(<built-in method cursor of sqlite3.Connection object at 0x000002D77A7416C0>)
2026-03-03 18:22:13,636 - aiosqlite - DEBUG - operation functools.partial(<built-in method cursor of sqlite3.Connection object at 0x000002D77A7416C0>) completed
2026-03-03 18:22:13,636 - aiosqlite - DEBUG - executing functools.partial(<built-in method execute of sqlite3.Cursor object at 0x000002D77A6EFDC0>, 'PRAGMA main.table_info("orders")', ())
2026-03-03 18:22:13,637 - aiosqlite - DEBUG - operation functools.partial(<built-in method execute of sqlite3.Cursor object at 0x000002D77A6EFDC0>, 'PRAGMA main.table_info("orders")', ()) completed
2026-03-03 18:22:13,637 - aiosqlite - DEBUG - executing functools.partial(<built-in method fetchall of sqlite3.Cursor object at 0x000002D77A6EFDC0>)
2026-03-03 18:22:13,637 - aiosqlite - DEBUG - operation functools.partial(<built-in method fetchall of sqlite3.Cursor object at 0x000002D77A6EFDC0>) completed
2026-03-03 18:22:13,637 - aiosqlite - DEBUG - executing functools.partial(<built-in method close of sqlite3.Cursor object at 0x000002D77A6EFDC0>)
2026-03-03 18:22:13,638 - aiosqlite - DEBUG - operation functools.partial(<built-in method close of sqlite3.Cursor object at 0x000002D77A6EFDC0>) completed
2026-03-03 18:22:13,638 - aiosqlite - DEBUG - executing functools.partial(<built-in method cursor of sqlite3.Connection object at 0x000002D77A7416C0>)
2026-03-03 18:22:13,638 - aiosqlite - DEBUG - operation functools.partial(<built-in method cursor of sqlite3.Connection object at 0x000002D77A7416C0>) completed
2026-03-03 18:22:13,639 - aiosqlite - DEBUG - executing functools.partial(<built-in method execute of sqlite3.Cursor object at 0x000002D77A6EFDC0>, 'PRAGMA main.table_info("products")', ())
2026-03-03 18:22:13,639 - aiosqlite - DEBUG - operation functools.partial(<built-in method execute of sqlite3.Cursor object at 0x000002D77A6EFDC0>, 'PRAGMA main.table_info("products")', ()) completed
2026-03-03 18:22:13,639 - aiosqlite - DEBUG - executing functools.partial(<built-in method fetchall of sqlite3.Cursor object at 0x000002D77A6EFDC0>)
2026-03-03 18:22:13,640 - aiosqlite - DEBUG - operation functools.partial(<built-in method fetchall of sqlite3.Cursor object at 0x000002D77A6EFDC0>) completed
2026-03-03 18:22:13,640 - aiosqlite - DEBUG - executing functools.partial(<built-in method close of sqlite3.Cursor object at 0x000002D77A6EFDC0>)
2026-03-03 18:22:13,640 - aiosqlite - DEBUG - operation functools.partial(<built-in method close of sqlite3.Cursor object at 0x000002D77A6EFDC0>) completed
2026-03-03 18:22:13,641 - core.database - INFO - Tables initialized successfully
2026-03-03 18:22:13,641 - core.database - DEBUG - [DB_OP] Create tables completed in 0.0239s
2026-03-03 18:22:13,641 - aiosqlite - DEBUG - executing functools.partial(<built-in method commit of sqlite3.Connection object at 0x000002D77A7416C0>)
2026-03-03 18:22:13,641 - aiosqlite - DEBUG - operation functools.partial(<built-in method commit of sqlite3.Connection object at 0x000002D77A7416C0>) completed
2026-03-03 18:22:13,642 - aiosqlite - DEBUG - executing functools.partial(<built-in method rollback of sqlite3.Connection object at 0x000002D77A7416C0>)
2026-03-03 18:22:13,642 - aiosqlite - DEBUG - operation functools.partial(<built-in method rollback of sqlite3.Connection object at 0x000002D77A7416C0>) completed
2026-03-03 18:22:13,643 - aiosqlite - DEBUG - executing functools.partial(<built-in method close of sqlite3.Connection object at 0x000002D77A7416C0>)
2026-03-03 18:22:13,643 - aiosqlite - DEBUG - operation functools.partial(<built-in method close of sqlite3.Connection object at 0x000002D77A7416C0>) completed
2026-03-03 18:22:13,643 - services.database - INFO - 🔧 Table creation completed
2026-03-03 18:22:13,644 - services.database - INFO - Database initialized successfully
2026-03-03 18:22:13,644 - services.database - DEBUG - [DB_OP] Database initialization completed in 0.0484s
2026-03-03 18:22:13,644 - services.mock_data - INFO - Processing mock data file products.json for table products
2026-03-03 18:22:13,645 - aiosqlite - DEBUG - executing <function connect.<locals>.connector at 0x000002D77A768EA0>
2026-03-03 18:22:13,645 - aiosqlite - DEBUG - operation <function connect.<locals>.connector at 0x000002D77A768EA0> completed
2026-03-03 18:22:13,646 - aiosqlite - DEBUG - executing functools.partial(<built-in method create_function of sqlite3.Connection object at 0x000002D77A7417B0>, 'regexp', 2, <function SQLiteDialect_pysqlite.on_connect.<locals>.regexp at 0x000002D77A7680E0>, deterministic=True)
2026-03-03 18:22:13,646 - aiosqlite - DEBUG - operation functools.partial(<built-in method create_function of sqlite3.Connection object at 0x000002D77A7417B0>, 'regexp', 2, <function SQLiteDialect_pysqlite.on_connect.<locals>.regexp at 0x000002D77A7680E0>, deterministic=True) completed
2026-03-03 18:22:13,646 - aiosqlite - DEBUG - executing functools.partial(<built-in method create_function of sqlite3.Connection object at 0x000002D77A7417B0>, 'floor', 1, <built-in function floor>, deterministic=True)
2026-03-03 18:22:13,647 - aiosqlite - DEBUG - operation functools.partial(<built-in method create_function of sqlite3.Connection object at 0x000002D77A7417B0>, 'floor', 1, <built-in function floor>, deterministic=True) completed
2026-03-03 18:22:13,648 - aiosqlite - DEBUG - executing functools.partial(<built-in method cursor of sqlite3.Connection object at 0x000002D77A7417B0>)
2026-03-03 18:22:13,649 - aiosqlite - DEBUG - operation functools.partial(<built-in method cursor of sqlite3.Connection object at 0x000002D77A7417B0>) completed
2026-03-03 18:22:13,649 - aiosqlite - DEBUG - executing functools.partial(<built-in method execute of sqlite3.Cursor object at 0x000002D77A774240>, 'PRAGMA main.table_xinfo("products")', ())
2026-03-03 18:22:13,650 - aiosqlite - DEBUG - operation functools.partial(<built-in method execute of sqlite3.Cursor object at 0x000002D77A774240>, 'PRAGMA main.table_xinfo("products")', ()) completed
2026-03-03 18:22:13,651 - aiosqlite - DEBUG - executing functools.partial(<built-in method fetchall of sqlite3.Cursor object at 0x000002D77A774240>)
2026-03-03 18:22:13,651 - aiosqlite - DEBUG - operation functools.partial(<built-in method fetchall of sqlite3.Cursor object at 0x000002D77A774240>) completed
2026-03-03 18:22:13,651 - aiosqlite - DEBUG - executing functools.partial(<built-in method close of sqlite3.Cursor object at 0x000002D77A774240>)
2026-03-03 18:22:13,652 - aiosqlite - DEBUG - operation functools.partial(<built-in method close of sqlite3.Cursor object at 0x000002D77A774240>) completed
2026-03-03 18:22:13,653 - aiosqlite - DEBUG - executing functools.partial(<built-in method cursor of sqlite3.Connection object at 0x000002D77A7417B0>)
2026-03-03 18:22:13,653 - aiosqlite - DEBUG - operation functools.partial(<built-in method cursor of sqlite3.Connection object at 0x000002D77A7417B0>) completed
2026-03-03 18:22:13,654 - aiosqlite - DEBUG - executing functools.partial(<built-in method execute of sqlite3.Cursor object at 0x000002D77A774240>, "SELECT sql FROM  (SELECT * FROM sqlite_master UNION ALL   SELECT * FROM sqlite_temp_master) WHERE name = ? AND type in ('table', 'view')", ('products',))
2026-03-03 18:22:13,654 - aiosqlite - DEBUG - operation functools.partial(<built-in method execute of sqlite3.Cursor object at 0x000002D77A774240>, "SELECT sql FROM  (SELECT * FROM sqlite_master UNION ALL   SELECT * FROM sqlite_temp_master) WHERE name = ? AND type in ('table', 'view')", ('products',)) completed
2026-03-03 18:22:13,655 - aiosqlite - DEBUG - executing functools.partial(<built-in method fetchall of sqlite3.Cursor object at 0x000002D77A774240>)
2026-03-03 18:22:13,655 - aiosqlite - DEBUG - operation functools.partial(<built-in method fetchall of sqlite3.Cursor object at 0x000002D77A774240>) completed
2026-03-03 18:22:13,655 - aiosqlite - DEBUG - executing functools.partial(<built-in method close of sqlite3.Cursor object at 0x000002D77A774240>)
2026-03-03 18:22:13,656 - aiosqlite - DEBUG - operation functools.partial(<built-in method close of sqlite3.Cursor object at 0x000002D77A774240>) completed
2026-03-03 18:22:13,656 - aiosqlite - DEBUG - executing functools.partial(<built-in method cursor of sqlite3.Connection object at 0x000002D77A7417B0>)
2026-03-03 18:22:13,656 - aiosqlite - DEBUG - operation functools.partial(<built-in method cursor of sqlite3.Connection object at 0x000002D77A7417B0>) completed
2026-03-03 18:22:13,657 - aiosqlite - DEBUG - executing functools.partial(<built-in method execute of sqlite3.Cursor object at 0x000002D77A774240>, 'PRAGMA main.foreign_key_list("products")', ())
2026-03-03 18:22:13,657 - aiosqlite - DEBUG - operation functools.partial(<built-in method execute of sqlite3.Cursor object at 0x000002D77A774240>, 'PRAGMA main.foreign_key_list("products")', ()) completed
2026-03-03 18:22:13,657 - aiosqlite - DEBUG - executing functools.partial(<built-in method fetchall of sqlite3.Cursor object at 0x000002D77A774240>)
2026-03-03 18:22:13,658 - aiosqlite - DEBUG - operation functools.partial(<built-in method fetchall of sqlite3.Cursor object at 0x000002D77A774240>) completed
2026-03-03 18:22:13,658 - aiosqlite - DEBUG - executing functools.partial(<built-in method close of sqlite3.Cursor object at 0x000002D77A774240>)
2026-03-03 18:22:13,658 - aiosqlite - DEBUG - operation functools.partial(<built-in method close of sqlite3.Cursor object at 0x000002D77A774240>) completed
2026-03-03 18:22:13,659 - aiosqlite - DEBUG - executing functools.partial(<built-in method cursor of sqlite3.Connection object at 0x000002D77A7417B0>)
2026-03-03 18:22:13,659 - aiosqlite - DEBUG - operation functools.partial(<built-in method cursor of sqlite3.Connection object at 0x000002D77A7417B0>) completed
2026-03-03 18:22:13,659 - aiosqlite - DEBUG - executing functools.partial(<built-in method execute of sqlite3.Cursor object at 0x000002D77A774240>, 'PRAGMA temp.foreign_key_list("products")', ())
2026-03-03 18:22:13,660 - aiosqlite - DEBUG - operation functools.partial(<built-in method execute of sqlite3.Cursor object at 0x000002D77A774240>, 'PRAGMA temp.foreign_key_list("products")', ()) completed
2026-03-03 18:22:13,660 - aiosqlite - DEBUG - executing functools.partial(<built-in method fetchall of sqlite3.Cursor object at 0x000002D77A774240>)
2026-03-03 18:22:13,660 - aiosqlite - DEBUG - operation functools.partial(<built-in method fetchall of sqlite3.Cursor object at 0x000002D77A774240>) completed
2026-03-03 18:22:13,661 - aiosqlite - DEBUG - executing functools.partial(<built-in method close of sqlite3.Cursor object at 0x000002D77A774240>)
2026-03-03 18:22:13,662 - aiosqlite - DEBUG - operation functools.partial(<built-in method close of sqlite3.Cursor object at 0x000002D77A774240>) completed
2026-03-03 18:22:13,663 - aiosqlite - DEBUG - executing functools.partial(<built-in method cursor of sqlite3.Connection object at 0x000002D77A7417B0>)
2026-03-03 18:22:13,663 - aiosqlite - DEBUG - operation functools.partial(<built-in method cursor of sqlite3.Connection object at 0x000002D77A7417B0>) completed
2026-03-03 18:22:13,663 - aiosqlite - DEBUG - executing functools.partial(<built-in method execute of sqlite3.Cursor object at 0x000002D77A774240>, "SELECT sql FROM  (SELECT * FROM sqlite_master UNION ALL   SELECT * FROM sqlite_temp_master) WHERE name = ? AND type in ('table', 'view')", ('products',))
2026-03-03 18:22:13,664 - aiosqlite - DEBUG - operation functools.partial(<built-in method execute of sqlite3.Cursor object at 0x000002D77A774240>, "SELECT sql FROM  (SELECT * FROM sqlite_master UNION ALL   SELECT * FROM sqlite_temp_master) WHERE name = ? AND type in ('table', 'view')", ('products',)) completed
2026-03-03 18:22:13,664 - aiosqlite - DEBUG - executing functools.partial(<built-in method fetchall of sqlite3.Cursor object at 0x000002D77A774240>)
2026-03-03 18:22:13,665 - aiosqlite - DEBUG - operation functools.partial(<built-in method fetchall of sqlite3.Cursor object at 0x000002D77A774240>) completed
2026-03-03 18:22:13,665 - aiosqlite - DEBUG - executing functools.partial(<built-in method close of sqlite3.Cursor object at 0x000002D77A774240>)
2026-03-03 18:22:13,666 - aiosqlite - DEBUG - operation functools.partial(<built-in method close of sqlite3.Cursor object at 0x000002D77A774240>) completed
2026-03-03 18:22:13,668 - aiosqlite - DEBUG - executing functools.partial(<built-in method cursor of sqlite3.Connection object at 0x000002D77A7417B0>)
2026-03-03 18:22:13,668 - aiosqlite - DEBUG - operation functools.partial(<built-in method cursor of sqlite3.Connection object at 0x000002D77A7417B0>) completed
2026-03-03 18:22:13,669 - aiosqlite - DEBUG - executing functools.partial(<built-in method execute of sqlite3.Cursor object at 0x000002D77A774240>, 'PRAGMA main.index_list("products")', ())
2026-03-03 18:22:13,669 - aiosqlite - DEBUG - operation functools.partial(<built-in method execute of sqlite3.Cursor object at 0x000002D77A774240>, 'PRAGMA main.index_list("products")', ()) completed
2026-03-03 18:22:13,670 - aiosqlite - DEBUG - executing functools.partial(<built-in method fetchall of sqlite3.Cursor object at 0x000002D77A774240>)
2026-03-03 18:22:13,670 - aiosqlite - DEBUG - operation functools.partial(<built-in method fetchall of sqlite3.Cursor object at 0x000002D77A774240>) completed
2026-03-03 18:22:13,670 - aiosqlite - DEBUG - executing functools.partial(<built-in method close of sqlite3.Cursor object at 0x000002D77A774240>)
2026-03-03 18:22:13,670 - aiosqlite - DEBUG - operation functools.partial(<built-in method close of sqlite3.Cursor object at 0x000002D77A774240>) completed
2026-03-03 18:22:13,671 - aiosqlite - DEBUG - executing functools.partial(<built-in method cursor of sqlite3.Connection object at 0x000002D77A7417B0>)
2026-03-03 18:22:13,671 - aiosqlite - DEBUG - operation functools.partial(<built-in method cursor of sqlite3.Connection object at 0x000002D77A7417B0>) completed
2026-03-03 18:22:13,671 - aiosqlite - DEBUG - executing functools.partial(<built-in method execute of sqlite3.Cursor object at 0x000002D77A774240>, 'PRAGMA main.index_info("ix_products_id")', ())
2026-03-03 18:22:13,672 - aiosqlite - DEBUG - operation functools.partial(<built-in method execute of sqlite3.Cursor object at 0x000002D77A774240>, 'PRAGMA main.index_info("ix_products_id")', ()) completed
2026-03-03 18:22:13,672 - aiosqlite - DEBUG - executing functools.partial(<built-in method fetchall of sqlite3.Cursor object at 0x000002D77A774240>)
2026-03-03 18:22:13,672 - aiosqlite - DEBUG - operation functools.partial(<built-in method fetchall of sqlite3.Cursor object at 0x000002D77A774240>) completed
2026-03-03 18:22:13,673 - aiosqlite - DEBUG - executing functools.partial(<built-in method close of sqlite3.Cursor object at 0x000002D77A774240>)
2026-03-03 18:22:13,673 - aiosqlite - DEBUG - operation functools.partial(<built-in method close of sqlite3.Cursor object at 0x000002D77A774240>) completed
2026-03-03 18:22:13,673 - aiosqlite - DEBUG - executing functools.partial(<built-in method cursor of sqlite3.Connection object at 0x000002D77A7417B0>)
2026-03-03 18:22:13,673 - aiosqlite - DEBUG - operation functools.partial(<built-in method cursor of sqlite3.Connection object at 0x000002D77A7417B0>) completed
2026-03-03 18:22:13,674 - aiosqlite - DEBUG - executing functools.partial(<built-in method execute of sqlite3.Cursor object at 0x000002D77A774240>, 'PRAGMA main.index_list("products")', ())
2026-03-03 18:22:13,674 - aiosqlite - DEBUG - operation functools.partial(<built-in method execute of sqlite3.Cursor object at 0x000002D77A774240>, 'PRAGMA main.index_list("products")', ()) completed
2026-03-03 18:22:13,675 - aiosqlite - DEBUG - executing functools.partial(<built-in method fetchall of sqlite3.Cursor object at 0x000002D77A774240>)
2026-03-03 18:22:13,675 - aiosqlite - DEBUG - operation functools.partial(<built-in method fetchall of sqlite3.Cursor object at 0x000002D77A774240>) completed
2026-03-03 18:22:13,675 - aiosqlite - DEBUG - executing functools.partial(<built-in method close of sqlite3.Cursor object at 0x000002D77A774240>)
2026-03-03 18:22:13,676 - aiosqlite - DEBUG - operation functools.partial(<built-in method close of sqlite3.Cursor object at 0x000002D77A774240>) completed
2026-03-03 18:22:13,676 - aiosqlite - DEBUG - executing functools.partial(<built-in method cursor of sqlite3.Connection object at 0x000002D77A7417B0>)
2026-03-03 18:22:13,676 - aiosqlite - DEBUG - operation functools.partial(<built-in method cursor of sqlite3.Connection object at 0x000002D77A7417B0>) completed
2026-03-03 18:22:13,677 - aiosqlite - DEBUG - executing functools.partial(<built-in method execute of sqlite3.Cursor object at 0x000002D77A774240>, 'PRAGMA main.index_info("ix_products_id")', ())
2026-03-03 18:22:13,677 - aiosqlite - DEBUG - operation functools.partial(<built-in method execute of sqlite3.Cursor object at 0x000002D77A774240>, 'PRAGMA main.index_info("ix_products_id")', ()) completed
2026-03-03 18:22:13,677 - aiosqlite - DEBUG - executing functools.partial(<built-in method fetchall of sqlite3.Cursor object at 0x000002D77A774240>)
2026-03-03 18:22:13,677 - aiosqlite - DEBUG - operation functools.partial(<built-in method fetchall of sqlite3.Cursor object at 0x000002D77A774240>) completed
2026-03-03 18:22:13,678 - aiosqlite - DEBUG - executing functools.partial(<built-in method close of sqlite3.Cursor object at 0x000002D77A774240>)
2026-03-03 18:22:13,678 - aiosqlite - DEBUG - operation functools.partial(<built-in method close of sqlite3.Cursor object at 0x000002D77A774240>) completed
2026-03-03 18:22:13,678 - aiosqlite - DEBUG - executing functools.partial(<built-in method cursor of sqlite3.Connection object at 0x000002D77A7417B0>)
2026-03-03 18:22:13,679 - aiosqlite - DEBUG - operation functools.partial(<built-in method cursor of sqlite3.Connection object at 0x000002D77A7417B0>) completed
2026-03-03 18:22:13,679 - aiosqlite - DEBUG - executing functools.partial(<built-in method execute of sqlite3.Cursor object at 0x000002D77A774240>, "SELECT sql FROM  (SELECT * FROM sqlite_master UNION ALL   SELECT * FROM sqlite_temp_master) WHERE name = ? AND type in ('table', 'view')", ('products',))
2026-03-03 18:22:13,679 - aiosqlite - DEBUG - operation functools.partial(<built-in method execute of sqlite3.Cursor object at 0x000002D77A774240>, "SELECT sql FROM  (SELECT * FROM sqlite_master UNION ALL   SELECT * FROM sqlite_temp_master) WHERE name = ? AND type in ('table', 'view')", ('products',)) completed
2026-03-03 18:22:13,680 - aiosqlite - DEBUG - executing functools.partial(<built-in method fetchall of sqlite3.Cursor object at 0x000002D77A774240>)
2026-03-03 18:22:13,680 - aiosqlite - DEBUG - operation functools.partial(<built-in method fetchall of sqlite3.Cursor object at 0x000002D77A774240>) completed
2026-03-03 18:22:13,680 - aiosqlite - DEBUG - executing functools.partial(<built-in method close of sqlite3.Cursor object at 0x000002D77A774240>)
2026-03-03 18:22:13,680 - aiosqlite - DEBUG - operation functools.partial(<built-in method close of sqlite3.Cursor object at 0x000002D77A774240>) completed
2026-03-03 18:22:13,684 - aiosqlite - DEBUG - executing functools.partial(<built-in method cursor of sqlite3.Connection object at 0x000002D77A7417B0>)
2026-03-03 18:22:13,684 - aiosqlite - DEBUG - operation functools.partial(<built-in method cursor of sqlite3.Connection object at 0x000002D77A7417B0>) completed
2026-03-03 18:22:13,685 - aiosqlite - DEBUG - executing functools.partial(<built-in method execute of sqlite3.Cursor object at 0x000002D77A6EFBC0>, 'SELECT count(*) AS count_1 \nFROM products', ())
2026-03-03 18:22:13,685 - aiosqlite - DEBUG - operation functools.partial(<built-in method execute of sqlite3.Cursor object at 0x000002D77A6EFBC0>, 'SELECT count(*) AS count_1 \nFROM products', ()) completed
2026-03-03 18:22:13,685 - aiosqlite - DEBUG - executing functools.partial(<built-in method fetchall of sqlite3.Cursor object at 0x000002D77A6EFBC0>)
2026-03-03 18:22:13,686 - aiosqlite - DEBUG - operation functools.partial(<built-in method fetchall of sqlite3.Cursor object at 0x000002D77A6EFBC0>) completed
2026-03-03 18:22:13,686 - aiosqlite - DEBUG - executing functools.partial(<built-in method close of sqlite3.Cursor object at 0x000002D77A6EFBC0>)
2026-03-03 18:22:13,686 - aiosqlite - DEBUG - operation functools.partial(<built-in method close of sqlite3.Cursor object at 0x000002D77A6EFBC0>) completed
2026-03-03 18:22:13,687 - services.mock_data - INFO - Table products already has 8 rows; skipping mock insert
2026-03-03 18:22:13,687 - aiosqlite - DEBUG - executing functools.partial(<built-in method commit of sqlite3.Connection object at 0x000002D77A7417B0>)
2026-03-03 18:22:13,687 - aiosqlite - DEBUG - operation functools.partial(<built-in method commit of sqlite3.Connection object at 0x000002D77A7417B0>) completed
2026-03-03 18:22:13,687 - aiosqlite - DEBUG - executing functools.partial(<built-in method rollback of sqlite3.Connection object at 0x000002D77A7417B0>)
2026-03-03 18:22:13,687 - aiosqlite - DEBUG - operation functools.partial(<built-in method rollback of sqlite3.Connection object at 0x000002D77A7417B0>) completed
2026-03-03 18:22:13,688 - aiosqlite - DEBUG - executing functools.partial(<built-in method close of sqlite3.Connection object at 0x000002D77A7417B0>)
2026-03-03 18:22:13,688 - aiosqlite - DEBUG - operation functools.partial(<built-in method close of sqlite3.Connection object at 0x000002D77A7417B0>) completed
2026-03-03 18:22:13,689 - services.database - DEBUG - [DB_OP] Starting database initialization
2026-03-03 18:22:13,689 - services.database - INFO - 🔧 Starting database initialization...
2026-03-03 18:22:13,689 - core.database - INFO - Starting database initialization...
2026-03-03 18:22:13,689 - core.database - INFO - Database already initialized
2026-03-03 18:22:13,689 - services.database - INFO - 🔧 Database connection initialized, now creating tables if tables not exist...
2026-03-03 18:22:13,690 - core.database - DEBUG - [DB_OP] Starting create_tables
2026-03-03 18:22:13,690 - core.database - INFO - Tables already initialized
2026-03-03 18:22:13,690 - services.database - INFO - 🔧 Table creation completed
2026-03-03 18:22:13,690 - services.database - INFO - Database initialized successfully
2026-03-03 18:22:13,690 - services.database - DEBUG - [DB_OP] Database initialization completed in 0.0010s
2026-03-03 18:22:13,690 - services.auth - WARNING - Admin user ID or email not configured, skipping admin initialization
2026-03-03 18:22:13,690 - main - INFO - === Application startup completed successfully ===
2026-03-03 18:22:14,213 - core.database - DEBUG - [DB_OP] Starting get_db session creation
2026-03-03 18:22:14,213 - core.database - DEBUG - [DB_OP] Database session created successfully in 0.0000s
2026-03-03 18:22:14,216 - aiosqlite - DEBUG - executing <function connect.<locals>.connector at 0x000002D77A3DCCC0>
2026-03-03 18:22:14,216 - aiosqlite - DEBUG - operation <function connect.<locals>.connector at 0x000002D77A3DCCC0> completed
2026-03-03 18:22:14,217 - aiosqlite - DEBUG - executing functools.partial(<built-in method create_function of sqlite3.Connection object at 0x000002D77A7732E0>, 'regexp', 2, <function SQLiteDialect_pysqlite.on_connect.<locals>.regexp at 0x000002D77A7680E0>, deterministic=True)
2026-03-03 18:22:14,217 - aiosqlite - DEBUG - operation functools.partial(<built-in method create_function of sqlite3.Connection object at 0x000002D77A7732E0>, 'regexp', 2, <function SQLiteDialect_pysqlite.on_connect.<locals>.regexp at 0x000002D77A7680E0>, deterministic=True) completed
2026-03-03 18:22:14,218 - aiosqlite - DEBUG - executing functools.partial(<built-in method create_function of sqlite3.Connection object at 0x000002D77A7732E0>, 'floor', 1, <built-in function floor>, deterministic=True)
2026-03-03 18:22:14,218 - aiosqlite - DEBUG - operation functools.partial(<built-in method create_function of sqlite3.Connection object at 0x000002D77A7732E0>, 'floor', 1, <built-in function floor>, deterministic=True) completed
2026-03-03 18:22:14,225 - aiosqlite - DEBUG - executing functools.partial(<built-in method cursor of sqlite3.Connection object at 0x000002D77A7732E0>)
2026-03-03 18:22:14,225 - aiosqlite - DEBUG - operation functools.partial(<built-in method cursor of sqlite3.Connection object at 0x000002D77A7732E0>) completed
2026-03-03 18:22:14,226 - aiosqlite - DEBUG - executing functools.partial(<built-in method execute of sqlite3.Cursor object at 0x000002D77A7C9740>, 'SELECT users.id, users.email, users.name, users.role, users.created_at, users.last_login, users.hashed_password \nFROM users \nWHERE users.email = ?', ('admin@gmail.com',))
2026-03-03 18:22:14,226 - aiosqlite - DEBUG - operation functools.partial(<built-in method execute of sqlite3.Cursor object at 0x000002D77A7C9740>, 'SELECT users.id, users.email, users.name, users.role, users.created_at, users.last_login, users.hashed_password \nFROM users \nWHERE users.email = ?', ('admin@gmail.com',)) completed
2026-03-03 18:22:14,227 - aiosqlite - DEBUG - executing functools.partial(<built-in method fetchall of sqlite3.Cursor object at 0x000002D77A7C9740>)
2026-03-03 18:22:14,227 - aiosqlite - DEBUG - operation functools.partial(<built-in method fetchall of sqlite3.Cursor object at 0x000002D77A7C9740>) completed
2026-03-03 18:22:14,227 - aiosqlite - DEBUG - executing functools.partial(<built-in method close of sqlite3.Cursor object at 0x000002D77A7C9740>)
2026-03-03 18:22:14,228 - aiosqlite - DEBUG - operation functools.partial(<built-in method close of sqlite3.Cursor object at 0x000002D77A7C9740>) completed
2026-03-03 18:22:14,228 - core.database - ERROR - Database session error: 401: Email này chưa đăng ký. Vui lòng tạo tài khoản mới!
Traceback (most recent call last):
  File "D:\ASM1\backend\core\database.py", line 542, in get_db
    yield session
  File "D:\ASM1\.venv\Lib\site-packages\fastapi\routing.py", line 301, in app
    raw_response = await run_endpoint_function(
                   ^^^^^^^^^^^^^^^^^^^^^^^^^^^^
  File "D:\ASM1\.venv\Lib\site-packages\fastapi\routing.py", line 212, in run_endpoint_function
    return await dependant.call(**values)
           ^^^^^^^^^^^^^^^^^^^^^^^^^^^^^^
  File "D:\ASM1\backend\routers\auth.py", line 368, in login_password
    raise HTTPException(status_code=401, detail="Email này chưa đăng ký. Vui lòng tạo tài khoản mới!")
fastapi.exceptions.HTTPException: 401: Email này chưa đăng ký. Vui lòng tạo tài khoản mới!
2026-03-03 18:22:14,231 - core.database - DEBUG - [DB_OP] Database session cleanup after 0.0180s
2026-03-03 18:22:14,232 - aiosqlite - DEBUG - executing functools.partial(<built-in method rollback of sqlite3.Connection object at 0x000002D77A7732E0>)
2026-03-03 18:22:14,232 - aiosqlite - DEBUG - operation functools.partial(<built-in method rollback of sqlite3.Connection object at 0x000002D77A7732E0>) completed
2026-03-03 18:22:14,233 - aiosqlite - DEBUG - executing functools.partial(<built-in method rollback of sqlite3.Connection object at 0x000002D77A7732E0>)
2026-03-03 18:22:14,233 - aiosqlite - DEBUG - operation functools.partial(<built-in method rollback of sqlite3.Connection object at 0x000002D77A7732E0>) completed
2026-03-03 18:22:14,233 - aiosqlite - DEBUG - executing functools.partial(<built-in method close of sqlite3.Connection object at 0x000002D77A7732E0>)
2026-03-03 18:22:14,233 - aiosqlite - DEBUG - operation functools.partial(<built-in method close of sqlite3.Connection object at 0x000002D77A7732E0>) completed
2026-03-03 18:22:14,234 - core.database - ERROR - Failed to create database session: 401: Email này chưa đăng ký. Vui lòng tạo tài khoản mới!
Traceback (most recent call last):
  File "D:\ASM1\backend\core\database.py", line 542, in get_db
    yield session
  File "D:\ASM1\.venv\Lib\site-packages\fastapi\routing.py", line 301, in app
    raw_response = await run_endpoint_function(
                   ^^^^^^^^^^^^^^^^^^^^^^^^^^^^
  File "D:\ASM1\.venv\Lib\site-packages\fastapi\routing.py", line 212, in run_endpoint_function
    return await dependant.call(**values)
           ^^^^^^^^^^^^^^^^^^^^^^^^^^^^^^
  File "D:\ASM1\backend\routers\auth.py", line 368, in login_password
    raise HTTPException(status_code=401, detail="Email này chưa đăng ký. Vui lòng tạo tài khoản mới!")
fastapi.exceptions.HTTPException: 401: Email này chưa đăng ký. Vui lòng tạo tài khoản mới!
2026-03-03 18:22:40,790 - core.database - DEBUG - [DB_OP] Starting get_db session creation
2026-03-03 18:22:40,790 - core.database - DEBUG - [DB_OP] Database session created successfully in 0.0000s
2026-03-03 18:22:40,791 - aiosqlite - DEBUG - executing <function connect.<locals>.connector at 0x000002D77A768D60>
2026-03-03 18:22:40,792 - aiosqlite - DEBUG - operation <function connect.<locals>.connector at 0x000002D77A768D60> completed
2026-03-03 18:22:40,792 - aiosqlite - DEBUG - executing functools.partial(<built-in method create_function of sqlite3.Connection object at 0x000002D77A7D0B80>, 'regexp', 2, <function SQLiteDialect_pysqlite.on_connect.<locals>.regexp at 0x000002D77A7680E0>, deterministic=True)
2026-03-03 18:22:40,792 - aiosqlite - DEBUG - operation functools.partial(<built-in method create_function of sqlite3.Connection object at 0x000002D77A7D0B80>, 'regexp', 2, <function SQLiteDialect_pysqlite.on_connect.<locals>.regexp at 0x000002D77A7680E0>, deterministic=True) completed
2026-03-03 18:22:40,793 - aiosqlite - DEBUG - executing functools.partial(<built-in method create_function of sqlite3.Connection object at 0x000002D77A7D0B80>, 'floor', 1, <built-in function floor>, deterministic=True)
2026-03-03 18:22:40,793 - aiosqlite - DEBUG - operation functools.partial(<built-in method create_function of sqlite3.Connection object at 0x000002D77A7D0B80>, 'floor', 1, <built-in function floor>, deterministic=True) completed
2026-03-03 18:22:40,794 - aiosqlite - DEBUG - executing functools.partial(<built-in method cursor of sqlite3.Connection object at 0x000002D77A7D0B80>)
2026-03-03 18:22:40,794 - aiosqlite - DEBUG - operation functools.partial(<built-in method cursor of sqlite3.Connection object at 0x000002D77A7D0B80>) completed
2026-03-03 18:22:40,794 - aiosqlite - DEBUG - executing functools.partial(<built-in method execute of sqlite3.Cursor object at 0x000002D77A81E1C0>, 'SELECT users.id, users.email, users.name, users.role, users.created_at, users.last_login, users.hashed_password \nFROM users \nWHERE users.email = ?', ('admin@gmail.com',))
2026-03-03 18:22:40,795 - aiosqlite - DEBUG - operation functools.partial(<built-in method execute of sqlite3.Cursor object at 0x000002D77A81E1C0>, 'SELECT users.id, users.email, users.name, users.role, users.created_at, users.last_login, users.hashed_password \nFROM users \nWHERE users.email = ?', ('admin@gmail.com',)) completed
2026-03-03 18:22:40,795 - aiosqlite - DEBUG - executing functools.partial(<built-in method fetchall of sqlite3.Cursor object at 0x000002D77A81E1C0>)
2026-03-03 18:22:40,795 - aiosqlite - DEBUG - operation functools.partial(<built-in method fetchall of sqlite3.Cursor object at 0x000002D77A81E1C0>) completed
2026-03-03 18:22:40,796 - aiosqlite - DEBUG - executing functools.partial(<built-in method close of sqlite3.Cursor object at 0x000002D77A81E1C0>)
2026-03-03 18:22:40,796 - aiosqlite - DEBUG - operation functools.partial(<built-in method close of sqlite3.Cursor object at 0x000002D77A81E1C0>) completed
2026-03-03 18:22:40,796 - core.database - ERROR - Database session error: 401: Email này chưa đăng ký. Vui lòng tạo tài khoản mới!
Traceback (most recent call last):
  File "D:\ASM1\backend\core\database.py", line 542, in get_db
    yield session
  File "D:\ASM1\.venv\Lib\site-packages\fastapi\routing.py", line 301, in app
    raw_response = await run_endpoint_function(
                   ^^^^^^^^^^^^^^^^^^^^^^^^^^^^
  File "D:\ASM1\.venv\Lib\site-packages\fastapi\routing.py", line 212, in run_endpoint_function
    return await dependant.call(**values)
           ^^^^^^^^^^^^^^^^^^^^^^^^^^^^^^
  File "D:\ASM1\backend\routers\auth.py", line 368, in login_password
    raise HTTPException(status_code=401, detail="Email này chưa đăng ký. Vui lòng tạo tài khoản mới!")
fastapi.exceptions.HTTPException: 401: Email này chưa đăng ký. Vui lòng tạo tài khoản mới!
2026-03-03 18:22:40,797 - core.database - DEBUG - [DB_OP] Database session cleanup after 0.0072s
2026-03-03 18:22:40,797 - aiosqlite - DEBUG - executing functools.partial(<built-in method rollback of sqlite3.Connection object at 0x000002D77A7D0B80>)
2026-03-03 18:22:40,798 - aiosqlite - DEBUG - operation functools.partial(<built-in method rollback of sqlite3.Connection object at 0x000002D77A7D0B80>) completed
2026-03-03 18:22:40,798 - aiosqlite - DEBUG - executing functools.partial(<built-in method rollback of sqlite3.Connection object at 0x000002D77A7D0B80>)
2026-03-03 18:22:40,798 - aiosqlite - DEBUG - operation functools.partial(<built-in method rollback of sqlite3.Connection object at 0x000002D77A7D0B80>) completed
2026-03-03 18:22:40,798 - aiosqlite - DEBUG - executing functools.partial(<built-in method close of sqlite3.Connection object at 0x000002D77A7D0B80>)
2026-03-03 18:22:40,798 - aiosqlite - DEBUG - operation functools.partial(<built-in method close of sqlite3.Connection object at 0x000002D77A7D0B80>) completed
2026-03-03 18:22:40,799 - core.database - ERROR - Failed to create database session: 401: Email này chưa đăng ký. Vui lòng tạo tài khoản mới!
Traceback (most recent call last):
  File "D:\ASM1\backend\core\database.py", line 542, in get_db
    yield session
  File "D:\ASM1\.venv\Lib\site-packages\fastapi\routing.py", line 301, in app
    raw_response = await run_endpoint_function(
                   ^^^^^^^^^^^^^^^^^^^^^^^^^^^^
  File "D:\ASM1\.venv\Lib\site-packages\fastapi\routing.py", line 212, in run_endpoint_function
    return await dependant.call(**values)
           ^^^^^^^^^^^^^^^^^^^^^^^^^^^^^^
  File "D:\ASM1\backend\routers\auth.py", line 368, in login_password
    raise HTTPException(status_code=401, detail="Email này chưa đăng ký. Vui lòng tạo tài khoản mới!")
fastapi.exceptions.HTTPException: 401: Email này chưa đăng ký. Vui lòng tạo tài khoản mới!
2026-03-03 18:28:59,137 - services.database - DEBUG - [DB_OP] Starting database close
2026-03-03 18:28:59,138 - core.database - INFO - Database connection closed and engine disposed
2026-03-03 18:28:59,138 - services.database - INFO - Database connections closed
2026-03-03 18:28:59,138 - services.database - DEBUG - [DB_OP] Database close completed in 0.0010s
