2026-03-04 11:19:45,036 - main - INFO - === Logging system initialized ===
2026-03-04 11:19:45,036 - main - INFO - Log file: logs/app_20260304_111945.log
2026-03-04 11:19:45,036 - main - INFO - Log level: INFO
2026-03-04 11:19:45,036 - main - INFO - Timestamp: 20260304_111945
2026-03-04 11:19:45,366 - main - INFO - Included router: routers.aihub.router
2026-03-04 11:19:45,376 - passlib.utils.compat - DEBUG - loaded lazy attr 'SafeConfigParser': <class 'configparser.ConfigParser'>
2026-03-04 11:19:45,376 - passlib.utils.compat - DEBUG - loaded lazy attr 'NativeStringIO': <class '_io.StringIO'>
2026-03-04 11:19:45,376 - passlib.utils.compat - DEBUG - loaded lazy attr 'BytesIO': <class '_io.BytesIO'>
2026-03-04 11:19:45,387 - passlib.registry - DEBUG - registered 'bcrypt' handler: <class 'passlib.handlers.bcrypt.bcrypt'>
2026-03-04 11:19:45,395 - main - WARNING - Failed to import module 'routers.auth': cannot import name 'AuthResponse' from 'schemas.auth' (D:\ASM1\backend\schemas\auth.py)
2026-03-04 11:19:45,395 - main - INFO - Included router: routers.health.router
2026-03-04 11:19:45,403 - main - INFO - Included router: routers.orders.router
2026-03-04 11:19:45,461 - main - INFO - Included router: routers.products.router
2026-03-04 11:19:45,461 - main - WARNING - Failed to import module 'routers.settings': cannot import name 'get_admin_user' from 'dependencies.auth' (D:\ASM1\backend\dependencies\auth.py)
2026-03-04 11:19:45,461 - main - WARNING - Failed to import module 'routers.storage': cannot import name 'get_admin_user' from 'dependencies.auth' (D:\ASM1\backend\dependencies\auth.py)
2026-03-04 11:19:45,466 - main - INFO - Included router: routers.user.router
2026-03-04 11:19:45,466 - main - INFO - === Application startup initiated ===
2026-03-04 11:19:45,474 - services.database - DEBUG - [DB_OP] Starting database initialization
2026-03-04 11:19:45,474 - services.database - INFO - 🔧 Starting database initialization...
2026-03-04 11:19:45,474 - core.database - INFO - Starting database initialization...
2026-03-04 11:19:45,474 - core.database - INFO - Normalizing database URL for async compatibility...
2026-03-04 11:19:45,474 - core.database - DEBUG - Database exists:./test.db
2026-03-04 11:19:45,476 - core.database - WARNING - Adjusted database URL driver for async compatibility
2026-03-04 11:19:45,477 - core.database - INFO - Creating async database engine...
2026-03-04 11:19:45,477 - core.database - INFO - Using NullPool for sqlite+aiosqlite environment
2026-03-04 11:19:45,493 - core.database - INFO - Database engine created successfully
2026-03-04 11:19:45,493 - core.database - INFO - Creating async session maker...
2026-03-04 11:19:45,493 - core.database - INFO - Async session maker created successfully
2026-03-04 11:19:45,493 - core.database - INFO - Database connection initialized successfully
2026-03-04 11:19:45,493 - services.database - INFO - 🔧 Database connection initialized, now creating tables if tables not exist...
2026-03-04 11:19:45,493 - core.database - DEBUG - [DB_OP] Starting create_tables
2026-03-04 11:19:45,493 - core.database - INFO - 🔧 Starting table creation...
2026-03-04 11:19:45,501 - aiosqlite - DEBUG - executing <function connect.<locals>.connector at 0x000001ADAFFF27A0>
2026-03-04 11:19:45,501 - aiosqlite - DEBUG - operation <function connect.<locals>.connector at 0x000001ADAFFF27A0> completed
2026-03-04 11:19:45,501 - aiosqlite - DEBUG - executing functools.partial(<built-in method create_function of sqlite3.Connection object at 0x000001ADAFFF45E0>, 'regexp', 2, <function SQLiteDialect_pysqlite.on_connect.<locals>.regexp at 0x000001ADAFFF1A80>, deterministic=True)
2026-03-04 11:19:45,501 - aiosqlite - DEBUG - operation functools.partial(<built-in method create_function of sqlite3.Connection object at 0x000001ADAFFF45E0>, 'regexp', 2, <function SQLiteDialect_pysqlite.on_connect.<locals>.regexp at 0x000001ADAFFF1A80>, deterministic=True) completed
2026-03-04 11:19:45,501 - aiosqlite - DEBUG - executing functools.partial(<built-in method create_function of sqlite3.Connection object at 0x000001ADAFFF45E0>, 'floor', 1, <built-in function floor>, deterministic=True)
2026-03-04 11:19:45,501 - aiosqlite - DEBUG - operation functools.partial(<built-in method create_function of sqlite3.Connection object at 0x000001ADAFFF45E0>, 'floor', 1, <built-in function floor>, deterministic=True) completed
2026-03-04 11:19:45,501 - aiosqlite - DEBUG - executing functools.partial(<built-in method cursor of sqlite3.Connection object at 0x000001ADAFFF45E0>)
2026-03-04 11:19:45,501 - aiosqlite - DEBUG - operation functools.partial(<built-in method cursor of sqlite3.Connection object at 0x000001ADAFFF45E0>) completed
2026-03-04 11:19:45,501 - aiosqlite - DEBUG - executing functools.partial(<built-in method execute of sqlite3.Cursor object at 0x000001ADAFFCA140>, 'PRAGMA read_uncommitted', [])
2026-03-04 11:19:45,501 - aiosqlite - DEBUG - operation functools.partial(<built-in method execute of sqlite3.Cursor object at 0x000001ADAFFCA140>, 'PRAGMA read_uncommitted', []) completed
2026-03-04 11:19:45,501 - aiosqlite - DEBUG - executing functools.partial(<built-in method fetchall of sqlite3.Cursor object at 0x000001ADAFFCA140>)
2026-03-04 11:19:45,501 - aiosqlite - DEBUG - operation functools.partial(<built-in method fetchall of sqlite3.Cursor object at 0x000001ADAFFCA140>) completed
2026-03-04 11:19:45,501 - aiosqlite - DEBUG - executing functools.partial(<built-in method close of sqlite3.Cursor object at 0x000001ADAFFCA140>)
2026-03-04 11:19:45,501 - aiosqlite - DEBUG - operation functools.partial(<built-in method close of sqlite3.Cursor object at 0x000001ADAFFCA140>) completed
2026-03-04 11:19:45,501 - aiosqlite - DEBUG - executing functools.partial(<built-in method rollback of sqlite3.Connection object at 0x000001ADAFFF45E0>)
2026-03-04 11:19:45,509 - aiosqlite - DEBUG - operation functools.partial(<built-in method rollback of sqlite3.Connection object at 0x000001ADAFFF45E0>) completed
2026-03-04 11:19:45,509 - aiosqlite - DEBUG - executing functools.partial(<built-in method cursor of sqlite3.Connection object at 0x000001ADAFFF45E0>)
2026-03-04 11:19:45,509 - aiosqlite - DEBUG - operation functools.partial(<built-in method cursor of sqlite3.Connection object at 0x000001ADAFFF45E0>) completed
2026-03-04 11:19:45,509 - aiosqlite - DEBUG - executing functools.partial(<built-in method execute of sqlite3.Cursor object at 0x000001ADAFFCA240>, 'PRAGMA main.table_info("users")', ())
2026-03-04 11:19:45,509 - aiosqlite - DEBUG - operation functools.partial(<built-in method execute of sqlite3.Cursor object at 0x000001ADAFFCA240>, 'PRAGMA main.table_info("users")', ()) completed
2026-03-04 11:19:45,509 - aiosqlite - DEBUG - executing functools.partial(<built-in method fetchall of sqlite3.Cursor object at 0x000001ADAFFCA240>)
2026-03-04 11:19:45,509 - aiosqlite - DEBUG - operation functools.partial(<built-in method fetchall of sqlite3.Cursor object at 0x000001ADAFFCA240>) completed
2026-03-04 11:19:45,509 - aiosqlite - DEBUG - executing functools.partial(<built-in method close of sqlite3.Cursor object at 0x000001ADAFFCA240>)
2026-03-04 11:19:45,509 - aiosqlite - DEBUG - operation functools.partial(<built-in method close of sqlite3.Cursor object at 0x000001ADAFFCA240>) completed
2026-03-04 11:19:45,509 - aiosqlite - DEBUG - executing functools.partial(<built-in method cursor of sqlite3.Connection object at 0x000001ADAFFF45E0>)
2026-03-04 11:19:45,509 - aiosqlite - DEBUG - operation functools.partial(<built-in method cursor of sqlite3.Connection object at 0x000001ADAFFF45E0>) completed
2026-03-04 11:19:45,509 - aiosqlite - DEBUG - executing functools.partial(<built-in method execute of sqlite3.Cursor object at 0x000001ADAFFCA240>, 'PRAGMA main.table_info("oidc_states")', ())
2026-03-04 11:19:45,517 - aiosqlite - DEBUG - operation functools.partial(<built-in method execute of sqlite3.Cursor object at 0x000001ADAFFCA240>, 'PRAGMA main.table_info("oidc_states")', ()) completed
2026-03-04 11:19:45,517 - aiosqlite - DEBUG - executing functools.partial(<built-in method fetchall of sqlite3.Cursor object at 0x000001ADAFFCA240>)
2026-03-04 11:19:45,517 - aiosqlite - DEBUG - operation functools.partial(<built-in method fetchall of sqlite3.Cursor object at 0x000001ADAFFCA240>) completed
2026-03-04 11:19:45,517 - aiosqlite - DEBUG - executing functools.partial(<built-in method close of sqlite3.Cursor object at 0x000001ADAFFCA240>)
2026-03-04 11:19:45,517 - aiosqlite - DEBUG - operation functools.partial(<built-in method close of sqlite3.Cursor object at 0x000001ADAFFCA240>) completed
2026-03-04 11:19:45,517 - aiosqlite - DEBUG - executing functools.partial(<built-in method cursor of sqlite3.Connection object at 0x000001ADAFFF45E0>)
2026-03-04 11:19:45,517 - aiosqlite - DEBUG - operation functools.partial(<built-in method cursor of sqlite3.Connection object at 0x000001ADAFFF45E0>) completed
2026-03-04 11:19:45,517 - aiosqlite - DEBUG - executing functools.partial(<built-in method execute of sqlite3.Cursor object at 0x000001ADAFFCA240>, 'PRAGMA main.table_info("orders")', ())
2026-03-04 11:19:45,517 - aiosqlite - DEBUG - operation functools.partial(<built-in method execute of sqlite3.Cursor object at 0x000001ADAFFCA240>, 'PRAGMA main.table_info("orders")', ()) completed
2026-03-04 11:19:45,517 - aiosqlite - DEBUG - executing functools.partial(<built-in method fetchall of sqlite3.Cursor object at 0x000001ADAFFCA240>)
2026-03-04 11:19:45,517 - aiosqlite - DEBUG - operation functools.partial(<built-in method fetchall of sqlite3.Cursor object at 0x000001ADAFFCA240>) completed
2026-03-04 11:19:45,517 - aiosqlite - DEBUG - executing functools.partial(<built-in method close of sqlite3.Cursor object at 0x000001ADAFFCA240>)
2026-03-04 11:19:45,517 - aiosqlite - DEBUG - operation functools.partial(<built-in method close of sqlite3.Cursor object at 0x000001ADAFFCA240>) completed
2026-03-04 11:19:45,525 - aiosqlite - DEBUG - executing functools.partial(<built-in method cursor of sqlite3.Connection object at 0x000001ADAFFF45E0>)
2026-03-04 11:19:45,525 - aiosqlite - DEBUG - operation functools.partial(<built-in method cursor of sqlite3.Connection object at 0x000001ADAFFF45E0>) completed
2026-03-04 11:19:45,525 - aiosqlite - DEBUG - executing functools.partial(<built-in method execute of sqlite3.Cursor object at 0x000001ADAFFCA240>, 'PRAGMA main.table_info("products")', ())
2026-03-04 11:19:45,525 - aiosqlite - DEBUG - operation functools.partial(<built-in method execute of sqlite3.Cursor object at 0x000001ADAFFCA240>, 'PRAGMA main.table_info("products")', ()) completed
2026-03-04 11:19:45,525 - aiosqlite - DEBUG - executing functools.partial(<built-in method fetchall of sqlite3.Cursor object at 0x000001ADAFFCA240>)
2026-03-04 11:19:45,525 - aiosqlite - DEBUG - operation functools.partial(<built-in method fetchall of sqlite3.Cursor object at 0x000001ADAFFCA240>) completed
2026-03-04 11:19:45,525 - aiosqlite - DEBUG - executing functools.partial(<built-in method close of sqlite3.Cursor object at 0x000001ADAFFCA240>)
2026-03-04 11:19:45,525 - aiosqlite - DEBUG - operation functools.partial(<built-in method close of sqlite3.Cursor object at 0x000001ADAFFCA240>) completed
2026-03-04 11:19:45,525 - core.database - INFO - Tables initialized successfully
2026-03-04 11:19:45,525 - core.database - DEBUG - [DB_OP] Create tables completed in 0.0320s
2026-03-04 11:19:45,525 - aiosqlite - DEBUG - executing functools.partial(<built-in method commit of sqlite3.Connection object at 0x000001ADAFFF45E0>)
2026-03-04 11:19:45,525 - aiosqlite - DEBUG - operation functools.partial(<built-in method commit of sqlite3.Connection object at 0x000001ADAFFF45E0>) completed
2026-03-04 11:19:45,525 - aiosqlite - DEBUG - executing functools.partial(<built-in method rollback of sqlite3.Connection object at 0x000001ADAFFF45E0>)
2026-03-04 11:19:45,525 - aiosqlite - DEBUG - operation functools.partial(<built-in method rollback of sqlite3.Connection object at 0x000001ADAFFF45E0>) completed
2026-03-04 11:19:45,525 - aiosqlite - DEBUG - executing functools.partial(<built-in method close of sqlite3.Connection object at 0x000001ADAFFF45E0>)
2026-03-04 11:19:45,525 - aiosqlite - DEBUG - operation functools.partial(<built-in method close of sqlite3.Connection object at 0x000001ADAFFF45E0>) completed
2026-03-04 11:19:45,525 - services.database - INFO - 🔧 Table creation completed
2026-03-04 11:19:45,525 - services.database - INFO - Database initialized successfully
2026-03-04 11:19:45,525 - services.database - DEBUG - [DB_OP] Database initialization completed in 0.0516s
2026-03-04 11:19:45,536 - services.mock_data - INFO - Processing mock data file products.json for table products
2026-03-04 11:19:45,536 - aiosqlite - DEBUG - executing <function connect.<locals>.connector at 0x000001ADAFFF2D40>
2026-03-04 11:19:45,536 - aiosqlite - DEBUG - operation <function connect.<locals>.connector at 0x000001ADAFFF2D40> completed
2026-03-04 11:19:45,536 - aiosqlite - DEBUG - executing functools.partial(<built-in method create_function of sqlite3.Connection object at 0x000001ADAFFF46D0>, 'regexp', 2, <function SQLiteDialect_pysqlite.on_connect.<locals>.regexp at 0x000001ADAFFF1A80>, deterministic=True)
2026-03-04 11:19:45,536 - aiosqlite - DEBUG - operation functools.partial(<built-in method create_function of sqlite3.Connection object at 0x000001ADAFFF46D0>, 'regexp', 2, <function SQLiteDialect_pysqlite.on_connect.<locals>.regexp at 0x000001ADAFFF1A80>, deterministic=True) completed
2026-03-04 11:19:45,536 - aiosqlite - DEBUG - executing functools.partial(<built-in method create_function of sqlite3.Connection object at 0x000001ADAFFF46D0>, 'floor', 1, <built-in function floor>, deterministic=True)
2026-03-04 11:19:45,536 - aiosqlite - DEBUG - operation functools.partial(<built-in method create_function of sqlite3.Connection object at 0x000001ADAFFF46D0>, 'floor', 1, <built-in function floor>, deterministic=True) completed
2026-03-04 11:19:45,536 - aiosqlite - DEBUG - executing functools.partial(<built-in method cursor of sqlite3.Connection object at 0x000001ADAFFF46D0>)
2026-03-04 11:19:45,536 - aiosqlite - DEBUG - operation functools.partial(<built-in method cursor of sqlite3.Connection object at 0x000001ADAFFF46D0>) completed
2026-03-04 11:19:45,536 - aiosqlite - DEBUG - executing functools.partial(<built-in method execute of sqlite3.Cursor object at 0x000001ADAFFCAAC0>, 'PRAGMA main.table_xinfo("products")', ())
2026-03-04 11:19:45,536 - aiosqlite - DEBUG - operation functools.partial(<built-in method execute of sqlite3.Cursor object at 0x000001ADAFFCAAC0>, 'PRAGMA main.table_xinfo("products")', ()) completed
2026-03-04 11:19:45,536 - aiosqlite - DEBUG - executing functools.partial(<built-in method fetchall of sqlite3.Cursor object at 0x000001ADAFFCAAC0>)
2026-03-04 11:19:45,536 - aiosqlite - DEBUG - operation functools.partial(<built-in method fetchall of sqlite3.Cursor object at 0x000001ADAFFCAAC0>) completed
2026-03-04 11:19:45,536 - aiosqlite - DEBUG - executing functools.partial(<built-in method close of sqlite3.Cursor object at 0x000001ADAFFCAAC0>)
2026-03-04 11:19:45,536 - aiosqlite - DEBUG - operation functools.partial(<built-in method close of sqlite3.Cursor object at 0x000001ADAFFCAAC0>) completed
2026-03-04 11:19:45,546 - aiosqlite - DEBUG - executing functools.partial(<built-in method cursor of sqlite3.Connection object at 0x000001ADAFFF46D0>)
2026-03-04 11:19:45,546 - aiosqlite - DEBUG - operation functools.partial(<built-in method cursor of sqlite3.Connection object at 0x000001ADAFFF46D0>) completed
2026-03-04 11:19:45,546 - aiosqlite - DEBUG - executing functools.partial(<built-in method execute of sqlite3.Cursor object at 0x000001ADAFFCAAC0>, "SELECT sql FROM  (SELECT * FROM sqlite_master UNION ALL   SELECT * FROM sqlite_temp_master) WHERE name = ? AND type in ('table', 'view')", ('products',))
2026-03-04 11:19:45,546 - aiosqlite - DEBUG - operation functools.partial(<built-in method execute of sqlite3.Cursor object at 0x000001ADAFFCAAC0>, "SELECT sql FROM  (SELECT * FROM sqlite_master UNION ALL   SELECT * FROM sqlite_temp_master) WHERE name = ? AND type in ('table', 'view')", ('products',)) completed
2026-03-04 11:19:45,546 - aiosqlite - DEBUG - executing functools.partial(<built-in method fetchall of sqlite3.Cursor object at 0x000001ADAFFCAAC0>)
2026-03-04 11:19:45,546 - aiosqlite - DEBUG - operation functools.partial(<built-in method fetchall of sqlite3.Cursor object at 0x000001ADAFFCAAC0>) completed
2026-03-04 11:19:45,546 - aiosqlite - DEBUG - executing functools.partial(<built-in method close of sqlite3.Cursor object at 0x000001ADAFFCAAC0>)
2026-03-04 11:19:45,546 - aiosqlite - DEBUG - operation functools.partial(<built-in method close of sqlite3.Cursor object at 0x000001ADAFFCAAC0>) completed
2026-03-04 11:19:45,546 - aiosqlite - DEBUG - executing functools.partial(<built-in method cursor of sqlite3.Connection object at 0x000001ADAFFF46D0>)
2026-03-04 11:19:45,546 - aiosqlite - DEBUG - operation functools.partial(<built-in method cursor of sqlite3.Connection object at 0x000001ADAFFF46D0>) completed
2026-03-04 11:19:45,546 - aiosqlite - DEBUG - executing functools.partial(<built-in method execute of sqlite3.Cursor object at 0x000001ADAFFCAAC0>, 'PRAGMA main.foreign_key_list("products")', ())
2026-03-04 11:19:45,546 - aiosqlite - DEBUG - operation functools.partial(<built-in method execute of sqlite3.Cursor object at 0x000001ADAFFCAAC0>, 'PRAGMA main.foreign_key_list("products")', ()) completed
2026-03-04 11:19:45,546 - aiosqlite - DEBUG - executing functools.partial(<built-in method fetchall of sqlite3.Cursor object at 0x000001ADAFFCAAC0>)
2026-03-04 11:19:45,546 - aiosqlite - DEBUG - operation functools.partial(<built-in method fetchall of sqlite3.Cursor object at 0x000001ADAFFCAAC0>) completed
2026-03-04 11:19:45,546 - aiosqlite - DEBUG - executing functools.partial(<built-in method close of sqlite3.Cursor object at 0x000001ADAFFCAAC0>)
2026-03-04 11:19:45,546 - aiosqlite - DEBUG - operation functools.partial(<built-in method close of sqlite3.Cursor object at 0x000001ADAFFCAAC0>) completed
2026-03-04 11:19:45,546 - aiosqlite - DEBUG - executing functools.partial(<built-in method cursor of sqlite3.Connection object at 0x000001ADAFFF46D0>)
2026-03-04 11:19:45,546 - aiosqlite - DEBUG - operation functools.partial(<built-in method cursor of sqlite3.Connection object at 0x000001ADAFFF46D0>) completed
2026-03-04 11:19:45,546 - aiosqlite - DEBUG - executing functools.partial(<built-in method execute of sqlite3.Cursor object at 0x000001ADAFFCAAC0>, 'PRAGMA temp.foreign_key_list("products")', ())
2026-03-04 11:19:45,546 - aiosqlite - DEBUG - operation functools.partial(<built-in method execute of sqlite3.Cursor object at 0x000001ADAFFCAAC0>, 'PRAGMA temp.foreign_key_list("products")', ()) completed
2026-03-04 11:19:45,555 - aiosqlite - DEBUG - executing functools.partial(<built-in method fetchall of sqlite3.Cursor object at 0x000001ADAFFCAAC0>)
2026-03-04 11:19:45,555 - aiosqlite - DEBUG - operation functools.partial(<built-in method fetchall of sqlite3.Cursor object at 0x000001ADAFFCAAC0>) completed
2026-03-04 11:19:45,555 - aiosqlite - DEBUG - executing functools.partial(<built-in method close of sqlite3.Cursor object at 0x000001ADAFFCAAC0>)
2026-03-04 11:19:45,555 - aiosqlite - DEBUG - operation functools.partial(<built-in method close of sqlite3.Cursor object at 0x000001ADAFFCAAC0>) completed
2026-03-04 11:19:45,555 - aiosqlite - DEBUG - executing functools.partial(<built-in method cursor of sqlite3.Connection object at 0x000001ADAFFF46D0>)
2026-03-04 11:19:45,555 - aiosqlite - DEBUG - operation functools.partial(<built-in method cursor of sqlite3.Connection object at 0x000001ADAFFF46D0>) completed
2026-03-04 11:19:45,555 - aiosqlite - DEBUG - executing functools.partial(<built-in method execute of sqlite3.Cursor object at 0x000001ADAFFCAAC0>, "SELECT sql FROM  (SELECT * FROM sqlite_master UNION ALL   SELECT * FROM sqlite_temp_master) WHERE name = ? AND type in ('table', 'view')", ('products',))
2026-03-04 11:19:45,555 - aiosqlite - DEBUG - operation functools.partial(<built-in method execute of sqlite3.Cursor object at 0x000001ADAFFCAAC0>, "SELECT sql FROM  (SELECT * FROM sqlite_master UNION ALL   SELECT * FROM sqlite_temp_master) WHERE name = ? AND type in ('table', 'view')", ('products',)) completed
2026-03-04 11:19:45,555 - aiosqlite - DEBUG - executing functools.partial(<built-in method fetchall of sqlite3.Cursor object at 0x000001ADAFFCAAC0>)
2026-03-04 11:19:45,555 - aiosqlite - DEBUG - operation functools.partial(<built-in method fetchall of sqlite3.Cursor object at 0x000001ADAFFCAAC0>) completed
2026-03-04 11:19:45,555 - aiosqlite - DEBUG - executing functools.partial(<built-in method close of sqlite3.Cursor object at 0x000001ADAFFCAAC0>)
2026-03-04 11:19:45,555 - aiosqlite - DEBUG - operation functools.partial(<built-in method close of sqlite3.Cursor object at 0x000001ADAFFCAAC0>) completed
2026-03-04 11:19:45,563 - aiosqlite - DEBUG - executing functools.partial(<built-in method cursor of sqlite3.Connection object at 0x000001ADAFFF46D0>)
2026-03-04 11:19:45,563 - aiosqlite - DEBUG - operation functools.partial(<built-in method cursor of sqlite3.Connection object at 0x000001ADAFFF46D0>) completed
2026-03-04 11:19:45,566 - aiosqlite - DEBUG - executing functools.partial(<built-in method execute of sqlite3.Cursor object at 0x000001ADAFFCAAC0>, 'PRAGMA main.index_list("products")', ())
2026-03-04 11:19:45,566 - aiosqlite - DEBUG - operation functools.partial(<built-in method execute of sqlite3.Cursor object at 0x000001ADAFFCAAC0>, 'PRAGMA main.index_list("products")', ()) completed
2026-03-04 11:19:45,566 - aiosqlite - DEBUG - executing functools.partial(<built-in method fetchall of sqlite3.Cursor object at 0x000001ADAFFCAAC0>)
2026-03-04 11:19:45,566 - aiosqlite - DEBUG - operation functools.partial(<built-in method fetchall of sqlite3.Cursor object at 0x000001ADAFFCAAC0>) completed
2026-03-04 11:19:45,568 - aiosqlite - DEBUG - executing functools.partial(<built-in method close of sqlite3.Cursor object at 0x000001ADAFFCAAC0>)
2026-03-04 11:19:45,568 - aiosqlite - DEBUG - operation functools.partial(<built-in method close of sqlite3.Cursor object at 0x000001ADAFFCAAC0>) completed
2026-03-04 11:19:45,568 - aiosqlite - DEBUG - executing functools.partial(<built-in method cursor of sqlite3.Connection object at 0x000001ADAFFF46D0>)
2026-03-04 11:19:45,568 - aiosqlite - DEBUG - operation functools.partial(<built-in method cursor of sqlite3.Connection object at 0x000001ADAFFF46D0>) completed
2026-03-04 11:19:45,570 - aiosqlite - DEBUG - executing functools.partial(<built-in method execute of sqlite3.Cursor object at 0x000001ADAFFCAAC0>, 'PRAGMA main.index_info("ix_products_id")', ())
2026-03-04 11:19:45,570 - aiosqlite - DEBUG - operation functools.partial(<built-in method execute of sqlite3.Cursor object at 0x000001ADAFFCAAC0>, 'PRAGMA main.index_info("ix_products_id")', ()) completed
2026-03-04 11:19:45,570 - aiosqlite - DEBUG - executing functools.partial(<built-in method fetchall of sqlite3.Cursor object at 0x000001ADAFFCAAC0>)
2026-03-04 11:19:45,573 - aiosqlite - DEBUG - operation functools.partial(<built-in method fetchall of sqlite3.Cursor object at 0x000001ADAFFCAAC0>) completed
2026-03-04 11:19:45,573 - aiosqlite - DEBUG - executing functools.partial(<built-in method close of sqlite3.Cursor object at 0x000001ADAFFCAAC0>)
2026-03-04 11:19:45,573 - aiosqlite - DEBUG - operation functools.partial(<built-in method close of sqlite3.Cursor object at 0x000001ADAFFCAAC0>) completed
2026-03-04 11:19:45,574 - aiosqlite - DEBUG - executing functools.partial(<built-in method cursor of sqlite3.Connection object at 0x000001ADAFFF46D0>)
2026-03-04 11:19:45,574 - aiosqlite - DEBUG - operation functools.partial(<built-in method cursor of sqlite3.Connection object at 0x000001ADAFFF46D0>) completed
2026-03-04 11:19:45,574 - aiosqlite - DEBUG - executing functools.partial(<built-in method execute of sqlite3.Cursor object at 0x000001ADAFFCAAC0>, 'PRAGMA main.index_list("products")', ())
2026-03-04 11:19:45,574 - aiosqlite - DEBUG - operation functools.partial(<built-in method execute of sqlite3.Cursor object at 0x000001ADAFFCAAC0>, 'PRAGMA main.index_list("products")', ()) completed
2026-03-04 11:19:45,574 - aiosqlite - DEBUG - executing functools.partial(<built-in method fetchall of sqlite3.Cursor object at 0x000001ADAFFCAAC0>)
2026-03-04 11:19:45,576 - aiosqlite - DEBUG - operation functools.partial(<built-in method fetchall of sqlite3.Cursor object at 0x000001ADAFFCAAC0>) completed
2026-03-04 11:19:45,576 - aiosqlite - DEBUG - executing functools.partial(<built-in method close of sqlite3.Cursor object at 0x000001ADAFFCAAC0>)
2026-03-04 11:19:45,576 - aiosqlite - DEBUG - operation functools.partial(<built-in method close of sqlite3.Cursor object at 0x000001ADAFFCAAC0>) completed
2026-03-04 11:19:45,576 - aiosqlite - DEBUG - executing functools.partial(<built-in method cursor of sqlite3.Connection object at 0x000001ADAFFF46D0>)
2026-03-04 11:19:45,576 - aiosqlite - DEBUG - operation functools.partial(<built-in method cursor of sqlite3.Connection object at 0x000001ADAFFF46D0>) completed
2026-03-04 11:19:45,576 - aiosqlite - DEBUG - executing functools.partial(<built-in method execute of sqlite3.Cursor object at 0x000001ADAFFCAAC0>, 'PRAGMA main.index_info("ix_products_id")', ())
2026-03-04 11:19:45,576 - aiosqlite - DEBUG - operation functools.partial(<built-in method execute of sqlite3.Cursor object at 0x000001ADAFFCAAC0>, 'PRAGMA main.index_info("ix_products_id")', ()) completed
2026-03-04 11:19:45,576 - aiosqlite - DEBUG - executing functools.partial(<built-in method fetchall of sqlite3.Cursor object at 0x000001ADAFFCAAC0>)
2026-03-04 11:19:45,576 - aiosqlite - DEBUG - operation functools.partial(<built-in method fetchall of sqlite3.Cursor object at 0x000001ADAFFCAAC0>) completed
2026-03-04 11:19:45,576 - aiosqlite - DEBUG - executing functools.partial(<built-in method close of sqlite3.Cursor object at 0x000001ADAFFCAAC0>)
2026-03-04 11:19:45,576 - aiosqlite - DEBUG - operation functools.partial(<built-in method close of sqlite3.Cursor object at 0x000001ADAFFCAAC0>) completed
2026-03-04 11:19:45,576 - aiosqlite - DEBUG - executing functools.partial(<built-in method cursor of sqlite3.Connection object at 0x000001ADAFFF46D0>)
2026-03-04 11:19:45,576 - aiosqlite - DEBUG - operation functools.partial(<built-in method cursor of sqlite3.Connection object at 0x000001ADAFFF46D0>) completed
2026-03-04 11:19:45,576 - aiosqlite - DEBUG - executing functools.partial(<built-in method execute of sqlite3.Cursor object at 0x000001ADAFFCAAC0>, "SELECT sql FROM  (SELECT * FROM sqlite_master UNION ALL   SELECT * FROM sqlite_temp_master) WHERE name = ? AND type in ('table', 'view')", ('products',))
2026-03-04 11:19:45,576 - aiosqlite - DEBUG - operation functools.partial(<built-in method execute of sqlite3.Cursor object at 0x000001ADAFFCAAC0>, "SELECT sql FROM  (SELECT * FROM sqlite_master UNION ALL   SELECT * FROM sqlite_temp_master) WHERE name = ? AND type in ('table', 'view')", ('products',)) completed
2026-03-04 11:19:45,576 - aiosqlite - DEBUG - executing functools.partial(<built-in method fetchall of sqlite3.Cursor object at 0x000001ADAFFCAAC0>)
2026-03-04 11:19:45,576 - aiosqlite - DEBUG - operation functools.partial(<built-in method fetchall of sqlite3.Cursor object at 0x000001ADAFFCAAC0>) completed
2026-03-04 11:19:45,576 - aiosqlite - DEBUG - executing functools.partial(<built-in method close of sqlite3.Cursor object at 0x000001ADAFFCAAC0>)
2026-03-04 11:19:45,576 - aiosqlite - DEBUG - operation functools.partial(<built-in method close of sqlite3.Cursor object at 0x000001ADAFFCAAC0>) completed
2026-03-04 11:19:45,586 - aiosqlite - DEBUG - executing functools.partial(<built-in method cursor of sqlite3.Connection object at 0x000001ADAFFF46D0>)
2026-03-04 11:19:45,586 - aiosqlite - DEBUG - operation functools.partial(<built-in method cursor of sqlite3.Connection object at 0x000001ADAFFF46D0>) completed
2026-03-04 11:19:45,586 - aiosqlite - DEBUG - executing functools.partial(<built-in method execute of sqlite3.Cursor object at 0x000001ADAFFCAAC0>, 'SELECT count(*) AS count_1 \nFROM products', ())
2026-03-04 11:19:45,586 - aiosqlite - DEBUG - operation functools.partial(<built-in method execute of sqlite3.Cursor object at 0x000001ADAFFCAAC0>, 'SELECT count(*) AS count_1 \nFROM products', ()) completed
2026-03-04 11:19:45,586 - aiosqlite - DEBUG - executing functools.partial(<built-in method fetchall of sqlite3.Cursor object at 0x000001ADAFFCAAC0>)
2026-03-04 11:19:45,586 - aiosqlite - DEBUG - operation functools.partial(<built-in method fetchall of sqlite3.Cursor object at 0x000001ADAFFCAAC0>) completed
2026-03-04 11:19:45,586 - aiosqlite - DEBUG - executing functools.partial(<built-in method close of sqlite3.Cursor object at 0x000001ADAFFCAAC0>)
2026-03-04 11:19:45,586 - aiosqlite - DEBUG - operation functools.partial(<built-in method close of sqlite3.Cursor object at 0x000001ADAFFCAAC0>) completed
2026-03-04 11:19:45,595 - services.mock_data - INFO - Table products already has 8 rows; skipping mock insert
2026-03-04 11:19:45,595 - aiosqlite - DEBUG - executing functools.partial(<built-in method commit of sqlite3.Connection object at 0x000001ADAFFF46D0>)
2026-03-04 11:19:45,595 - aiosqlite - DEBUG - operation functools.partial(<built-in method commit of sqlite3.Connection object at 0x000001ADAFFF46D0>) completed
2026-03-04 11:19:45,595 - aiosqlite - DEBUG - executing functools.partial(<built-in method rollback of sqlite3.Connection object at 0x000001ADAFFF46D0>)
2026-03-04 11:19:45,595 - aiosqlite - DEBUG - operation functools.partial(<built-in method rollback of sqlite3.Connection object at 0x000001ADAFFF46D0>) completed
2026-03-04 11:19:45,595 - aiosqlite - DEBUG - executing functools.partial(<built-in method close of sqlite3.Connection object at 0x000001ADAFFF46D0>)
2026-03-04 11:19:45,595 - aiosqlite - DEBUG - operation functools.partial(<built-in method close of sqlite3.Connection object at 0x000001ADAFFF46D0>) completed
2026-03-04 11:19:45,595 - services.database - DEBUG - [DB_OP] Starting database initialization
2026-03-04 11:19:45,595 - services.database - INFO - 🔧 Starting database initialization...
2026-03-04 11:19:45,595 - core.database - INFO - Starting database initialization...
2026-03-04 11:19:45,595 - core.database - INFO - Database already initialized
2026-03-04 11:19:45,595 - services.database - INFO - 🔧 Database connection initialized, now creating tables if tables not exist...
2026-03-04 11:19:45,595 - core.database - DEBUG - [DB_OP] Starting create_tables
2026-03-04 11:19:45,595 - core.database - INFO - Tables already initialized
2026-03-04 11:19:45,595 - services.database - INFO - 🔧 Table creation completed
2026-03-04 11:19:45,595 - services.database - INFO - Database initialized successfully
2026-03-04 11:19:45,595 - services.database - DEBUG - [DB_OP] Database initialization completed in 0.0000s
2026-03-04 11:19:45,595 - services.auth - WARNING - Admin user ID or email not configured, skipping admin initialization
2026-03-04 11:19:45,595 - main - INFO - === Application startup completed successfully ===
2026-03-04 11:19:50,366 - core.database - DEBUG - [DB_OP] Starting get_db session creation
2026-03-04 11:19:50,366 - core.database - DEBUG - [DB_OP] Database session created successfully in 0.0000s
2026-03-04 11:19:50,366 - routers.products - DEBUG - Querying productss: query=None, sort=None, skip=0, limit=1000, fields=None
2026-03-04 11:19:50,366 - aiosqlite - DEBUG - executing <function connect.<locals>.connector at 0x000001ADB0005DA0>
2026-03-04 11:19:50,366 - aiosqlite - DEBUG - operation <function connect.<locals>.connector at 0x000001ADB0005DA0> completed
2026-03-04 11:19:50,366 - aiosqlite - DEBUG - executing functools.partial(<built-in method create_function of sqlite3.Connection object at 0x000001ADB000E200>, 'regexp', 2, <function SQLiteDialect_pysqlite.on_connect.<locals>.regexp at 0x000001ADAFFF1A80>, deterministic=True)
2026-03-04 11:19:50,366 - aiosqlite - DEBUG - operation functools.partial(<built-in method create_function of sqlite3.Connection object at 0x000001ADB000E200>, 'regexp', 2, <function SQLiteDialect_pysqlite.on_connect.<locals>.regexp at 0x000001ADAFFF1A80>, deterministic=True) completed
2026-03-04 11:19:50,376 - aiosqlite - DEBUG - executing functools.partial(<built-in method create_function of sqlite3.Connection object at 0x000001ADB000E200>, 'floor', 1, <built-in function floor>, deterministic=True)
2026-03-04 11:19:50,376 - aiosqlite - DEBUG - operation functools.partial(<built-in method create_function of sqlite3.Connection object at 0x000001ADB000E200>, 'floor', 1, <built-in function floor>, deterministic=True) completed
2026-03-04 11:19:50,386 - aiosqlite - DEBUG - executing functools.partial(<built-in method cursor of sqlite3.Connection object at 0x000001ADB000E200>)
2026-03-04 11:19:50,386 - aiosqlite - DEBUG - operation functools.partial(<built-in method cursor of sqlite3.Connection object at 0x000001ADB000E200>) completed
2026-03-04 11:19:50,391 - aiosqlite - DEBUG - executing functools.partial(<built-in method execute of sqlite3.Cursor object at 0x000001ADB001E9C0>, 'SELECT count(products.id) AS count_1 \nFROM products', ())
2026-03-04 11:19:50,391 - aiosqlite - DEBUG - operation functools.partial(<built-in method execute of sqlite3.Cursor object at 0x000001ADB001E9C0>, 'SELECT count(products.id) AS count_1 \nFROM products', ()) completed
2026-03-04 11:19:50,391 - aiosqlite - DEBUG - executing functools.partial(<built-in method fetchall of sqlite3.Cursor object at 0x000001ADB001E9C0>)
2026-03-04 11:19:50,391 - aiosqlite - DEBUG - operation functools.partial(<built-in method fetchall of sqlite3.Cursor object at 0x000001ADB001E9C0>) completed
2026-03-04 11:19:50,391 - aiosqlite - DEBUG - executing functools.partial(<built-in method close of sqlite3.Cursor object at 0x000001ADB001E9C0>)
2026-03-04 11:19:50,396 - aiosqlite - DEBUG - operation functools.partial(<built-in method close of sqlite3.Cursor object at 0x000001ADB001E9C0>) completed
2026-03-04 11:19:50,406 - aiosqlite - DEBUG - executing functools.partial(<built-in method cursor of sqlite3.Connection object at 0x000001ADB000E200>)
2026-03-04 11:19:50,406 - aiosqlite - DEBUG - operation functools.partial(<built-in method cursor of sqlite3.Connection object at 0x000001ADB000E200>) completed
2026-03-04 11:19:50,406 - aiosqlite - DEBUG - executing functools.partial(<built-in method execute of sqlite3.Cursor object at 0x000001ADAFFC9C40>, 'SELECT products.id, products.name, products.description, products.price, products.image, products.category, products.size, products.color, products.stock, products.created_at \nFROM products ORDER BY products.id DESC\n LIMIT ? OFFSET ?', (1000, 0))
2026-03-04 11:19:50,406 - aiosqlite - DEBUG - operation functools.partial(<built-in method execute of sqlite3.Cursor object at 0x000001ADAFFC9C40>, 'SELECT products.id, products.name, products.description, products.price, products.image, products.category, products.size, products.color, products.stock, products.created_at \nFROM products ORDER BY products.id DESC\n LIMIT ? OFFSET ?', (1000, 0)) completed
2026-03-04 11:19:50,406 - aiosqlite - DEBUG - executing functools.partial(<built-in method fetchall of sqlite3.Cursor object at 0x000001ADAFFC9C40>)
2026-03-04 11:19:50,406 - aiosqlite - DEBUG - operation functools.partial(<built-in method fetchall of sqlite3.Cursor object at 0x000001ADAFFC9C40>) completed
2026-03-04 11:19:50,406 - aiosqlite - DEBUG - executing functools.partial(<built-in method close of sqlite3.Cursor object at 0x000001ADAFFC9C40>)
2026-03-04 11:19:50,406 - aiosqlite - DEBUG - operation functools.partial(<built-in method close of sqlite3.Cursor object at 0x000001ADAFFC9C40>) completed
2026-03-04 11:19:50,406 - routers.products - DEBUG - Found 8 productss
2026-03-04 11:19:50,406 - core.database - DEBUG - [DB_OP] Database session cleanup after 0.0401s
2026-03-04 11:19:50,406 - aiosqlite - DEBUG - executing functools.partial(<built-in method rollback of sqlite3.Connection object at 0x000001ADB000E200>)
2026-03-04 11:19:50,406 - aiosqlite - DEBUG - operation functools.partial(<built-in method rollback of sqlite3.Connection object at 0x000001ADB000E200>) completed
2026-03-04 11:19:50,416 - aiosqlite - DEBUG - executing functools.partial(<built-in method rollback of sqlite3.Connection object at 0x000001ADB000E200>)
2026-03-04 11:19:50,416 - aiosqlite - DEBUG - operation functools.partial(<built-in method rollback of sqlite3.Connection object at 0x000001ADB000E200>) completed
2026-03-04 11:19:50,424 - aiosqlite - DEBUG - executing functools.partial(<built-in method close of sqlite3.Connection object at 0x000001ADB000E200>)
2026-03-04 11:19:50,424 - aiosqlite - DEBUG - operation functools.partial(<built-in method close of sqlite3.Connection object at 0x000001ADB000E200>) completed
2026-03-04 11:20:53,395 - core.database - DEBUG - [DB_OP] Starting get_db session creation
2026-03-04 11:20:53,395 - core.database - DEBUG - [DB_OP] Database session created successfully in 0.0000s
2026-03-04 11:20:53,395 - routers.products - DEBUG - Querying productss: query=None, sort=None, skip=0, limit=20, fields=None
2026-03-04 11:20:53,403 - aiosqlite - DEBUG - executing <function connect.<locals>.connector at 0x000001ADAFFF3C40>
2026-03-04 11:20:53,403 - aiosqlite - DEBUG - operation <function connect.<locals>.connector at 0x000001ADAFFF3C40> completed
2026-03-04 11:20:53,403 - aiosqlite - DEBUG - executing functools.partial(<built-in method create_function of sqlite3.Connection object at 0x000001ADB000F100>, 'regexp', 2, <function SQLiteDialect_pysqlite.on_connect.<locals>.regexp at 0x000001ADAFFF1A80>, deterministic=True)
2026-03-04 11:20:53,403 - aiosqlite - DEBUG - operation functools.partial(<built-in method create_function of sqlite3.Connection object at 0x000001ADB000F100>, 'regexp', 2, <function SQLiteDialect_pysqlite.on_connect.<locals>.regexp at 0x000001ADAFFF1A80>, deterministic=True) completed
2026-03-04 11:20:53,403 - aiosqlite - DEBUG - executing functools.partial(<built-in method create_function of sqlite3.Connection object at 0x000001ADB000F100>, 'floor', 1, <built-in function floor>, deterministic=True)
2026-03-04 11:20:53,403 - aiosqlite - DEBUG - operation functools.partial(<built-in method create_function of sqlite3.Connection object at 0x000001ADB000F100>, 'floor', 1, <built-in function floor>, deterministic=True) completed
2026-03-04 11:20:53,409 - aiosqlite - DEBUG - executing functools.partial(<built-in method cursor of sqlite3.Connection object at 0x000001ADB000F100>)
2026-03-04 11:20:53,409 - aiosqlite - DEBUG - operation functools.partial(<built-in method cursor of sqlite3.Connection object at 0x000001ADB000F100>) completed
2026-03-04 11:20:53,409 - aiosqlite - DEBUG - executing functools.partial(<built-in method execute of sqlite3.Cursor object at 0x000001ADB001EB40>, 'SELECT count(products.id) AS count_1 \nFROM products', ())
2026-03-04 11:20:53,409 - aiosqlite - DEBUG - operation functools.partial(<built-in method execute of sqlite3.Cursor object at 0x000001ADB001EB40>, 'SELECT count(products.id) AS count_1 \nFROM products', ()) completed
2026-03-04 11:20:53,409 - aiosqlite - DEBUG - executing functools.partial(<built-in method fetchall of sqlite3.Cursor object at 0x000001ADB001EB40>)
2026-03-04 11:20:53,409 - aiosqlite - DEBUG - operation functools.partial(<built-in method fetchall of sqlite3.Cursor object at 0x000001ADB001EB40>) completed
2026-03-04 11:20:53,409 - aiosqlite - DEBUG - executing functools.partial(<built-in method close of sqlite3.Cursor object at 0x000001ADB001EB40>)
2026-03-04 11:20:53,409 - aiosqlite - DEBUG - operation functools.partial(<built-in method close of sqlite3.Cursor object at 0x000001ADB001EB40>) completed
2026-03-04 11:20:53,417 - aiosqlite - DEBUG - executing functools.partial(<built-in method cursor of sqlite3.Connection object at 0x000001ADB000F100>)
2026-03-04 11:20:53,417 - aiosqlite - DEBUG - operation functools.partial(<built-in method cursor of sqlite3.Connection object at 0x000001ADB000F100>) completed
2026-03-04 11:20:53,417 - aiosqlite - DEBUG - executing functools.partial(<built-in method execute of sqlite3.Cursor object at 0x000001ADB001EB40>, 'SELECT products.id, products.name, products.description, products.price, products.image, products.category, products.size, products.color, products.stock, products.created_at \nFROM products ORDER BY products.id DESC\n LIMIT ? OFFSET ?', (20, 0))
2026-03-04 11:20:53,417 - aiosqlite - DEBUG - operation functools.partial(<built-in method execute of sqlite3.Cursor object at 0x000001ADB001EB40>, 'SELECT products.id, products.name, products.description, products.price, products.image, products.category, products.size, products.color, products.stock, products.created_at \nFROM products ORDER BY products.id DESC\n LIMIT ? OFFSET ?', (20, 0)) completed
2026-03-04 11:20:53,422 - aiosqlite - DEBUG - executing functools.partial(<built-in method fetchall of sqlite3.Cursor object at 0x000001ADB001EB40>)
2026-03-04 11:20:53,422 - aiosqlite - DEBUG - operation functools.partial(<built-in method fetchall of sqlite3.Cursor object at 0x000001ADB001EB40>) completed
2026-03-04 11:20:53,422 - aiosqlite - DEBUG - executing functools.partial(<built-in method close of sqlite3.Cursor object at 0x000001ADB001EB40>)
2026-03-04 11:20:53,422 - aiosqlite - DEBUG - operation functools.partial(<built-in method close of sqlite3.Cursor object at 0x000001ADB001EB40>) completed
2026-03-04 11:20:53,422 - routers.products - DEBUG - Found 8 productss
2026-03-04 11:20:53,422 - core.database - DEBUG - [DB_OP] Database session cleanup after 0.0263s
2026-03-04 11:20:53,422 - aiosqlite - DEBUG - executing functools.partial(<built-in method rollback of sqlite3.Connection object at 0x000001ADB000F100>)
2026-03-04 11:20:53,422 - aiosqlite - DEBUG - operation functools.partial(<built-in method rollback of sqlite3.Connection object at 0x000001ADB000F100>) completed
2026-03-04 11:20:53,426 - aiosqlite - DEBUG - executing functools.partial(<built-in method rollback of sqlite3.Connection object at 0x000001ADB000F100>)
2026-03-04 11:20:53,426 - aiosqlite - DEBUG - operation functools.partial(<built-in method rollback of sqlite3.Connection object at 0x000001ADB000F100>) completed
2026-03-04 11:20:53,426 - aiosqlite - DEBUG - executing functools.partial(<built-in method close of sqlite3.Connection object at 0x000001ADB000F100>)
2026-03-04 11:20:53,426 - aiosqlite - DEBUG - operation functools.partial(<built-in method close of sqlite3.Connection object at 0x000001ADB000F100>) completed
2026-03-04 11:29:33,227 - services.database - DEBUG - [DB_OP] Starting database close
2026-03-04 11:29:33,229 - core.database - INFO - Database connection closed and engine disposed
2026-03-04 11:29:33,229 - services.database - INFO - Database connections closed
2026-03-04 11:29:33,229 - services.database - DEBUG - [DB_OP] Database close completed in 0.0020s
