2026-03-03 13:30:48,301 - main - INFO - === Logging system initialized ===
2026-03-03 13:30:48,301 - main - INFO - Log file: logs/app_20260303_133048.log
2026-03-03 13:30:48,301 - main - INFO - Log level: INFO
2026-03-03 13:30:48,301 - main - INFO - Timestamp: 20260303_133048
2026-03-03 13:30:49,141 - main - INFO - Included router: routers.aihub.router
2026-03-03 13:30:49,241 - passlib.utils.compat - DEBUG - loaded lazy attr 'SafeConfigParser': <class 'configparser.ConfigParser'>
2026-03-03 13:30:49,241 - passlib.utils.compat - DEBUG - loaded lazy attr 'NativeStringIO': <class '_io.StringIO'>
2026-03-03 13:30:49,241 - passlib.utils.compat - DEBUG - loaded lazy attr 'BytesIO': <class '_io.BytesIO'>
2026-03-03 13:30:49,251 - passlib.registry - DEBUG - registered 'bcrypt' handler: <class 'passlib.handlers.bcrypt.bcrypt'>
2026-03-03 13:30:49,260 - main - INFO - Included router: routers.auth.router
2026-03-03 13:30:49,260 - main - INFO - Included router: routers.health.router
2026-03-03 13:30:49,308 - main - INFO - Included router: routers.orders.router
2026-03-03 13:30:49,421 - main - INFO - Included router: routers.products.router
2026-03-03 13:30:49,430 - main - WARNING - Failed to import module 'routers.settings': cannot import name 'get_admin_user' from 'dependencies.auth' (D:\ASM1\backend\dependencies\auth.py)
2026-03-03 13:30:49,431 - main - WARNING - Failed to import module 'routers.storage': cannot import name 'get_admin_user' from 'dependencies.auth' (D:\ASM1\backend\dependencies\auth.py)
2026-03-03 13:30:49,440 - main - INFO - Included router: routers.user.router
2026-03-03 13:30:49,448 - main - INFO - === Application startup initiated ===
2026-03-03 13:30:49,448 - services.database - DEBUG - [DB_OP] Starting database initialization
2026-03-03 13:30:49,448 - services.database - INFO - 🔧 Starting database initialization...
2026-03-03 13:30:49,448 - core.database - INFO - Starting database initialization...
2026-03-03 13:30:49,448 - core.database - INFO - Normalizing database URL for async compatibility...
2026-03-03 13:30:49,448 - core.database - DEBUG - Database exists:./test.db
2026-03-03 13:30:49,448 - core.database - WARNING - Adjusted database URL driver for async compatibility
2026-03-03 13:30:49,448 - core.database - INFO - Creating async database engine...
2026-03-03 13:30:49,448 - core.database - INFO - Using NullPool for sqlite+aiosqlite environment
2026-03-03 13:30:49,496 - core.database - INFO - Database engine created successfully
2026-03-03 13:30:49,496 - core.database - INFO - Creating async session maker...
2026-03-03 13:30:49,496 - core.database - INFO - Async session maker created successfully
2026-03-03 13:30:49,496 - core.database - INFO - Database connection initialized successfully
2026-03-03 13:30:49,496 - services.database - INFO - 🔧 Database connection initialized, now creating tables if tables not exist...
2026-03-03 13:30:49,496 - core.database - DEBUG - [DB_OP] Starting create_tables
2026-03-03 13:30:49,496 - core.database - INFO - 🔧 Starting table creation...
2026-03-03 13:30:49,496 - aiosqlite - DEBUG - executing <function connect.<locals>.connector at 0x000001E738199120>
2026-03-03 13:30:49,504 - aiosqlite - DEBUG - operation <function connect.<locals>.connector at 0x000001E738199120> completed
2026-03-03 13:30:49,504 - aiosqlite - DEBUG - executing functools.partial(<built-in method create_function of sqlite3.Connection object at 0x000001E7381716C0>, 'regexp', 2, <function SQLiteDialect_pysqlite.on_connect.<locals>.regexp at 0x000001E738198400>, deterministic=True)
2026-03-03 13:30:49,504 - aiosqlite - DEBUG - operation functools.partial(<built-in method create_function of sqlite3.Connection object at 0x000001E7381716C0>, 'regexp', 2, <function SQLiteDialect_pysqlite.on_connect.<locals>.regexp at 0x000001E738198400>, deterministic=True) completed
2026-03-03 13:30:49,504 - aiosqlite - DEBUG - executing functools.partial(<built-in method create_function of sqlite3.Connection object at 0x000001E7381716C0>, 'floor', 1, <built-in function floor>, deterministic=True)
2026-03-03 13:30:49,512 - aiosqlite - DEBUG - operation functools.partial(<built-in method create_function of sqlite3.Connection object at 0x000001E7381716C0>, 'floor', 1, <built-in function floor>, deterministic=True) completed
2026-03-03 13:30:49,513 - aiosqlite - DEBUG - executing functools.partial(<built-in method cursor of sqlite3.Connection object at 0x000001E7381716C0>)
2026-03-03 13:30:49,514 - aiosqlite - DEBUG - operation functools.partial(<built-in method cursor of sqlite3.Connection object at 0x000001E7381716C0>) completed
2026-03-03 13:30:49,514 - aiosqlite - DEBUG - executing functools.partial(<built-in method execute of sqlite3.Cursor object at 0x000001E738162740>, 'PRAGMA read_uncommitted', [])
2026-03-03 13:30:49,517 - aiosqlite - DEBUG - operation functools.partial(<built-in method execute of sqlite3.Cursor object at 0x000001E738162740>, 'PRAGMA read_uncommitted', []) completed
2026-03-03 13:30:49,518 - aiosqlite - DEBUG - executing functools.partial(<built-in method fetchall of sqlite3.Cursor object at 0x000001E738162740>)
2026-03-03 13:30:49,518 - aiosqlite - DEBUG - operation functools.partial(<built-in method fetchall of sqlite3.Cursor object at 0x000001E738162740>) completed
2026-03-03 13:30:49,519 - aiosqlite - DEBUG - executing functools.partial(<built-in method close of sqlite3.Cursor object at 0x000001E738162740>)
2026-03-03 13:30:49,519 - aiosqlite - DEBUG - operation functools.partial(<built-in method close of sqlite3.Cursor object at 0x000001E738162740>) completed
2026-03-03 13:30:49,520 - aiosqlite - DEBUG - executing functools.partial(<built-in method rollback of sqlite3.Connection object at 0x000001E7381716C0>)
2026-03-03 13:30:49,520 - aiosqlite - DEBUG - operation functools.partial(<built-in method rollback of sqlite3.Connection object at 0x000001E7381716C0>) completed
2026-03-03 13:30:49,521 - aiosqlite - DEBUG - executing functools.partial(<built-in method cursor of sqlite3.Connection object at 0x000001E7381716C0>)
2026-03-03 13:30:49,522 - aiosqlite - DEBUG - operation functools.partial(<built-in method cursor of sqlite3.Connection object at 0x000001E7381716C0>) completed
2026-03-03 13:30:49,523 - aiosqlite - DEBUG - executing functools.partial(<built-in method execute of sqlite3.Cursor object at 0x000001E738162840>, 'PRAGMA main.table_info("users")', ())
2026-03-03 13:30:49,524 - aiosqlite - DEBUG - operation functools.partial(<built-in method execute of sqlite3.Cursor object at 0x000001E738162840>, 'PRAGMA main.table_info("users")', ()) completed
2026-03-03 13:30:49,524 - aiosqlite - DEBUG - executing functools.partial(<built-in method fetchall of sqlite3.Cursor object at 0x000001E738162840>)
2026-03-03 13:30:49,524 - aiosqlite - DEBUG - operation functools.partial(<built-in method fetchall of sqlite3.Cursor object at 0x000001E738162840>) completed
2026-03-03 13:30:49,524 - aiosqlite - DEBUG - executing functools.partial(<built-in method close of sqlite3.Cursor object at 0x000001E738162840>)
2026-03-03 13:30:49,524 - aiosqlite - DEBUG - operation functools.partial(<built-in method close of sqlite3.Cursor object at 0x000001E738162840>) completed
2026-03-03 13:30:49,524 - aiosqlite - DEBUG - executing functools.partial(<built-in method cursor of sqlite3.Connection object at 0x000001E7381716C0>)
2026-03-03 13:30:49,524 - aiosqlite - DEBUG - operation functools.partial(<built-in method cursor of sqlite3.Connection object at 0x000001E7381716C0>) completed
2026-03-03 13:30:49,524 - aiosqlite - DEBUG - executing functools.partial(<built-in method execute of sqlite3.Cursor object at 0x000001E738162840>, 'PRAGMA main.table_info("oidc_states")', ())
2026-03-03 13:30:49,524 - aiosqlite - DEBUG - operation functools.partial(<built-in method execute of sqlite3.Cursor object at 0x000001E738162840>, 'PRAGMA main.table_info("oidc_states")', ()) completed
2026-03-03 13:30:49,531 - aiosqlite - DEBUG - executing functools.partial(<built-in method fetchall of sqlite3.Cursor object at 0x000001E738162840>)
2026-03-03 13:30:49,531 - aiosqlite - DEBUG - operation functools.partial(<built-in method fetchall of sqlite3.Cursor object at 0x000001E738162840>) completed
2026-03-03 13:30:49,531 - aiosqlite - DEBUG - executing functools.partial(<built-in method close of sqlite3.Cursor object at 0x000001E738162840>)
2026-03-03 13:30:49,531 - aiosqlite - DEBUG - operation functools.partial(<built-in method close of sqlite3.Cursor object at 0x000001E738162840>) completed
2026-03-03 13:30:49,531 - aiosqlite - DEBUG - executing functools.partial(<built-in method cursor of sqlite3.Connection object at 0x000001E7381716C0>)
2026-03-03 13:30:49,531 - aiosqlite - DEBUG - operation functools.partial(<built-in method cursor of sqlite3.Connection object at 0x000001E7381716C0>) completed
2026-03-03 13:30:49,531 - aiosqlite - DEBUG - executing functools.partial(<built-in method execute of sqlite3.Cursor object at 0x000001E738162840>, 'PRAGMA main.table_info("orders")', ())
2026-03-03 13:30:49,531 - aiosqlite - DEBUG - operation functools.partial(<built-in method execute of sqlite3.Cursor object at 0x000001E738162840>, 'PRAGMA main.table_info("orders")', ()) completed
2026-03-03 13:30:49,531 - aiosqlite - DEBUG - executing functools.partial(<built-in method fetchall of sqlite3.Cursor object at 0x000001E738162840>)
2026-03-03 13:30:49,531 - aiosqlite - DEBUG - operation functools.partial(<built-in method fetchall of sqlite3.Cursor object at 0x000001E738162840>) completed
2026-03-03 13:30:49,531 - aiosqlite - DEBUG - executing functools.partial(<built-in method close of sqlite3.Cursor object at 0x000001E738162840>)
2026-03-03 13:30:49,531 - aiosqlite - DEBUG - operation functools.partial(<built-in method close of sqlite3.Cursor object at 0x000001E738162840>) completed
2026-03-03 13:30:49,531 - aiosqlite - DEBUG - executing functools.partial(<built-in method cursor of sqlite3.Connection object at 0x000001E7381716C0>)
2026-03-03 13:30:49,531 - aiosqlite - DEBUG - operation functools.partial(<built-in method cursor of sqlite3.Connection object at 0x000001E7381716C0>) completed
2026-03-03 13:30:49,531 - aiosqlite - DEBUG - executing functools.partial(<built-in method execute of sqlite3.Cursor object at 0x000001E738162840>, 'PRAGMA temp.table_info("orders")', ())
2026-03-03 13:30:49,540 - aiosqlite - DEBUG - operation functools.partial(<built-in method execute of sqlite3.Cursor object at 0x000001E738162840>, 'PRAGMA temp.table_info("orders")', ()) completed
2026-03-03 13:30:49,540 - aiosqlite - DEBUG - executing functools.partial(<built-in method fetchall of sqlite3.Cursor object at 0x000001E738162840>)
2026-03-03 13:30:49,540 - aiosqlite - DEBUG - operation functools.partial(<built-in method fetchall of sqlite3.Cursor object at 0x000001E738162840>) completed
2026-03-03 13:30:49,540 - aiosqlite - DEBUG - executing functools.partial(<built-in method close of sqlite3.Cursor object at 0x000001E738162840>)
2026-03-03 13:30:49,540 - aiosqlite - DEBUG - operation functools.partial(<built-in method close of sqlite3.Cursor object at 0x000001E738162840>) completed
2026-03-03 13:30:49,540 - aiosqlite - DEBUG - executing functools.partial(<built-in method cursor of sqlite3.Connection object at 0x000001E7381716C0>)
2026-03-03 13:30:49,540 - aiosqlite - DEBUG - operation functools.partial(<built-in method cursor of sqlite3.Connection object at 0x000001E7381716C0>) completed
2026-03-03 13:30:49,540 - aiosqlite - DEBUG - executing functools.partial(<built-in method execute of sqlite3.Cursor object at 0x000001E738162840>, 'PRAGMA main.table_info("products")', ())
2026-03-03 13:30:49,540 - aiosqlite - DEBUG - operation functools.partial(<built-in method execute of sqlite3.Cursor object at 0x000001E738162840>, 'PRAGMA main.table_info("products")', ()) completed
2026-03-03 13:30:49,540 - aiosqlite - DEBUG - executing functools.partial(<built-in method fetchall of sqlite3.Cursor object at 0x000001E738162840>)
2026-03-03 13:30:49,540 - aiosqlite - DEBUG - operation functools.partial(<built-in method fetchall of sqlite3.Cursor object at 0x000001E738162840>) completed
2026-03-03 13:30:49,540 - aiosqlite - DEBUG - executing functools.partial(<built-in method close of sqlite3.Cursor object at 0x000001E738162840>)
2026-03-03 13:30:49,540 - aiosqlite - DEBUG - operation functools.partial(<built-in method close of sqlite3.Cursor object at 0x000001E738162840>) completed
2026-03-03 13:30:49,540 - aiosqlite - DEBUG - executing functools.partial(<built-in method cursor of sqlite3.Connection object at 0x000001E7381716C0>)
2026-03-03 13:30:49,540 - aiosqlite - DEBUG - operation functools.partial(<built-in method cursor of sqlite3.Connection object at 0x000001E7381716C0>) completed
2026-03-03 13:30:49,540 - aiosqlite - DEBUG - executing functools.partial(<built-in method execute of sqlite3.Cursor object at 0x000001E738162840>, '\nCREATE TABLE orders (\n\tid INTEGER NOT NULL, \n\tuser_id INTEGER NOT NULL, \n\tcustomer_name VARCHAR(255) NOT NULL, \n\tphone VARCHAR(50) NOT NULL, \n\taddress VARCHAR(500) NOT NULL, \n\ttotal_amount FLOAT NOT NULL, \n\tproducts JSON NOT NULL, \n\tstatus VARCHAR(50), \n\tcreated_at DATETIME DEFAULT (CURRENT_TIMESTAMP), \n\tPRIMARY KEY (id), \n\tFOREIGN KEY(user_id) REFERENCES users (id)\n)\n\n', ())
2026-03-03 13:30:49,551 - aiosqlite - DEBUG - operation functools.partial(<built-in method execute of sqlite3.Cursor object at 0x000001E738162840>, '\nCREATE TABLE orders (\n\tid INTEGER NOT NULL, \n\tuser_id INTEGER NOT NULL, \n\tcustomer_name VARCHAR(255) NOT NULL, \n\tphone VARCHAR(50) NOT NULL, \n\taddress VARCHAR(500) NOT NULL, \n\ttotal_amount FLOAT NOT NULL, \n\tproducts JSON NOT NULL, \n\tstatus VARCHAR(50), \n\tcreated_at DATETIME DEFAULT (CURRENT_TIMESTAMP), \n\tPRIMARY KEY (id), \n\tFOREIGN KEY(user_id) REFERENCES users (id)\n)\n\n', ()) completed
2026-03-03 13:30:49,551 - aiosqlite - DEBUG - executing functools.partial(<built-in method close of sqlite3.Cursor object at 0x000001E738162840>)
2026-03-03 13:30:49,551 - aiosqlite - DEBUG - operation functools.partial(<built-in method close of sqlite3.Cursor object at 0x000001E738162840>) completed
2026-03-03 13:30:49,551 - aiosqlite - DEBUG - executing functools.partial(<built-in method cursor of sqlite3.Connection object at 0x000001E7381716C0>)
2026-03-03 13:30:49,551 - aiosqlite - DEBUG - operation functools.partial(<built-in method cursor of sqlite3.Connection object at 0x000001E7381716C0>) completed
2026-03-03 13:30:49,560 - aiosqlite - DEBUG - executing functools.partial(<built-in method execute of sqlite3.Cursor object at 0x000001E738162840>, 'CREATE INDEX ix_orders_id ON orders (id)', ())
2026-03-03 13:30:49,560 - aiosqlite - DEBUG - operation functools.partial(<built-in method execute of sqlite3.Cursor object at 0x000001E738162840>, 'CREATE INDEX ix_orders_id ON orders (id)', ()) completed
2026-03-03 13:30:49,560 - aiosqlite - DEBUG - executing functools.partial(<built-in method close of sqlite3.Cursor object at 0x000001E738162840>)
2026-03-03 13:30:49,560 - aiosqlite - DEBUG - operation functools.partial(<built-in method close of sqlite3.Cursor object at 0x000001E738162840>) completed
2026-03-03 13:30:49,560 - core.database - INFO - Tables initialized successfully
2026-03-03 13:30:49,568 - core.database - DEBUG - [DB_OP] Create tables completed in 0.0718s
2026-03-03 13:30:49,568 - aiosqlite - DEBUG - executing functools.partial(<built-in method commit of sqlite3.Connection object at 0x000001E7381716C0>)
2026-03-03 13:30:49,568 - aiosqlite - DEBUG - operation functools.partial(<built-in method commit of sqlite3.Connection object at 0x000001E7381716C0>) completed
2026-03-03 13:30:49,568 - aiosqlite - DEBUG - executing functools.partial(<built-in method rollback of sqlite3.Connection object at 0x000001E7381716C0>)
2026-03-03 13:30:49,568 - aiosqlite - DEBUG - operation functools.partial(<built-in method rollback of sqlite3.Connection object at 0x000001E7381716C0>) completed
2026-03-03 13:30:49,568 - aiosqlite - DEBUG - executing functools.partial(<built-in method close of sqlite3.Connection object at 0x000001E7381716C0>)
2026-03-03 13:30:49,568 - aiosqlite - DEBUG - operation functools.partial(<built-in method close of sqlite3.Connection object at 0x000001E7381716C0>) completed
2026-03-03 13:30:49,568 - services.database - INFO - 🔧 Table creation completed
2026-03-03 13:30:49,568 - services.database - INFO - Database initialized successfully
2026-03-03 13:30:49,568 - services.database - DEBUG - [DB_OP] Database initialization completed in 0.1199s
2026-03-03 13:30:49,568 - services.mock_data - INFO - Processing mock data file products.json for table products
2026-03-03 13:30:49,568 - aiosqlite - DEBUG - executing <function connect.<locals>.connector at 0x000001E7381996C0>
2026-03-03 13:30:49,576 - aiosqlite - DEBUG - operation <function connect.<locals>.connector at 0x000001E7381996C0> completed
2026-03-03 13:30:49,576 - aiosqlite - DEBUG - executing functools.partial(<built-in method create_function of sqlite3.Connection object at 0x000001E7381717B0>, 'regexp', 2, <function SQLiteDialect_pysqlite.on_connect.<locals>.regexp at 0x000001E738198400>, deterministic=True)
2026-03-03 13:30:49,576 - aiosqlite - DEBUG - operation functools.partial(<built-in method create_function of sqlite3.Connection object at 0x000001E7381717B0>, 'regexp', 2, <function SQLiteDialect_pysqlite.on_connect.<locals>.regexp at 0x000001E738198400>, deterministic=True) completed
2026-03-03 13:30:49,576 - aiosqlite - DEBUG - executing functools.partial(<built-in method create_function of sqlite3.Connection object at 0x000001E7381717B0>, 'floor', 1, <built-in function floor>, deterministic=True)
2026-03-03 13:30:49,576 - aiosqlite - DEBUG - operation functools.partial(<built-in method create_function of sqlite3.Connection object at 0x000001E7381717B0>, 'floor', 1, <built-in function floor>, deterministic=True) completed
2026-03-03 13:30:49,576 - aiosqlite - DEBUG - executing functools.partial(<built-in method cursor of sqlite3.Connection object at 0x000001E7381717B0>)
2026-03-03 13:30:49,576 - aiosqlite - DEBUG - operation functools.partial(<built-in method cursor of sqlite3.Connection object at 0x000001E7381717B0>) completed
2026-03-03 13:30:49,576 - aiosqlite - DEBUG - executing functools.partial(<built-in method execute of sqlite3.Cursor object at 0x000001E738162740>, 'PRAGMA main.table_xinfo("products")', ())
2026-03-03 13:30:49,576 - aiosqlite - DEBUG - operation functools.partial(<built-in method execute of sqlite3.Cursor object at 0x000001E738162740>, 'PRAGMA main.table_xinfo("products")', ()) completed
2026-03-03 13:30:49,576 - aiosqlite - DEBUG - executing functools.partial(<built-in method fetchall of sqlite3.Cursor object at 0x000001E738162740>)
2026-03-03 13:30:49,576 - aiosqlite - DEBUG - operation functools.partial(<built-in method fetchall of sqlite3.Cursor object at 0x000001E738162740>) completed
2026-03-03 13:30:49,576 - aiosqlite - DEBUG - executing functools.partial(<built-in method close of sqlite3.Cursor object at 0x000001E738162740>)
2026-03-03 13:30:49,576 - aiosqlite - DEBUG - operation functools.partial(<built-in method close of sqlite3.Cursor object at 0x000001E738162740>) completed
2026-03-03 13:30:49,584 - aiosqlite - DEBUG - executing functools.partial(<built-in method cursor of sqlite3.Connection object at 0x000001E7381717B0>)
2026-03-03 13:30:49,584 - aiosqlite - DEBUG - operation functools.partial(<built-in method cursor of sqlite3.Connection object at 0x000001E7381717B0>) completed
2026-03-03 13:30:49,584 - aiosqlite - DEBUG - executing functools.partial(<built-in method execute of sqlite3.Cursor object at 0x000001E738162740>, "SELECT sql FROM  (SELECT * FROM sqlite_master UNION ALL   SELECT * FROM sqlite_temp_master) WHERE name = ? AND type in ('table', 'view')", ('products',))
2026-03-03 13:30:49,584 - aiosqlite - DEBUG - operation functools.partial(<built-in method execute of sqlite3.Cursor object at 0x000001E738162740>, "SELECT sql FROM  (SELECT * FROM sqlite_master UNION ALL   SELECT * FROM sqlite_temp_master) WHERE name = ? AND type in ('table', 'view')", ('products',)) completed
2026-03-03 13:30:49,584 - aiosqlite - DEBUG - executing functools.partial(<built-in method fetchall of sqlite3.Cursor object at 0x000001E738162740>)
2026-03-03 13:30:49,584 - aiosqlite - DEBUG - operation functools.partial(<built-in method fetchall of sqlite3.Cursor object at 0x000001E738162740>) completed
2026-03-03 13:30:49,584 - aiosqlite - DEBUG - executing functools.partial(<built-in method close of sqlite3.Cursor object at 0x000001E738162740>)
2026-03-03 13:30:49,584 - aiosqlite - DEBUG - operation functools.partial(<built-in method close of sqlite3.Cursor object at 0x000001E738162740>) completed
2026-03-03 13:30:49,584 - aiosqlite - DEBUG - executing functools.partial(<built-in method cursor of sqlite3.Connection object at 0x000001E7381717B0>)
2026-03-03 13:30:49,584 - aiosqlite - DEBUG - operation functools.partial(<built-in method cursor of sqlite3.Connection object at 0x000001E7381717B0>) completed
2026-03-03 13:30:49,584 - aiosqlite - DEBUG - executing functools.partial(<built-in method execute of sqlite3.Cursor object at 0x000001E738162740>, 'PRAGMA main.foreign_key_list("products")', ())
2026-03-03 13:30:49,584 - aiosqlite - DEBUG - operation functools.partial(<built-in method execute of sqlite3.Cursor object at 0x000001E738162740>, 'PRAGMA main.foreign_key_list("products")', ()) completed
2026-03-03 13:30:49,592 - aiosqlite - DEBUG - executing functools.partial(<built-in method fetchall of sqlite3.Cursor object at 0x000001E738162740>)
2026-03-03 13:30:49,592 - aiosqlite - DEBUG - operation functools.partial(<built-in method fetchall of sqlite3.Cursor object at 0x000001E738162740>) completed
2026-03-03 13:30:49,592 - aiosqlite - DEBUG - executing functools.partial(<built-in method close of sqlite3.Cursor object at 0x000001E738162740>)
2026-03-03 13:30:49,592 - aiosqlite - DEBUG - operation functools.partial(<built-in method close of sqlite3.Cursor object at 0x000001E738162740>) completed
2026-03-03 13:30:49,592 - aiosqlite - DEBUG - executing functools.partial(<built-in method cursor of sqlite3.Connection object at 0x000001E7381717B0>)
2026-03-03 13:30:49,592 - aiosqlite - DEBUG - operation functools.partial(<built-in method cursor of sqlite3.Connection object at 0x000001E7381717B0>) completed
2026-03-03 13:30:49,592 - aiosqlite - DEBUG - executing functools.partial(<built-in method execute of sqlite3.Cursor object at 0x000001E738162740>, 'PRAGMA temp.foreign_key_list("products")', ())
2026-03-03 13:30:49,592 - aiosqlite - DEBUG - operation functools.partial(<built-in method execute of sqlite3.Cursor object at 0x000001E738162740>, 'PRAGMA temp.foreign_key_list("products")', ()) completed
2026-03-03 13:30:49,592 - aiosqlite - DEBUG - executing functools.partial(<built-in method fetchall of sqlite3.Cursor object at 0x000001E738162740>)
2026-03-03 13:30:49,592 - aiosqlite - DEBUG - operation functools.partial(<built-in method fetchall of sqlite3.Cursor object at 0x000001E738162740>) completed
2026-03-03 13:30:49,592 - aiosqlite - DEBUG - executing functools.partial(<built-in method close of sqlite3.Cursor object at 0x000001E738162740>)
2026-03-03 13:30:49,592 - aiosqlite - DEBUG - operation functools.partial(<built-in method close of sqlite3.Cursor object at 0x000001E738162740>) completed
2026-03-03 13:30:49,592 - aiosqlite - DEBUG - executing functools.partial(<built-in method cursor of sqlite3.Connection object at 0x000001E7381717B0>)
2026-03-03 13:30:49,600 - aiosqlite - DEBUG - operation functools.partial(<built-in method cursor of sqlite3.Connection object at 0x000001E7381717B0>) completed
2026-03-03 13:30:49,600 - aiosqlite - DEBUG - executing functools.partial(<built-in method execute of sqlite3.Cursor object at 0x000001E738162740>, "SELECT sql FROM  (SELECT * FROM sqlite_master UNION ALL   SELECT * FROM sqlite_temp_master) WHERE name = ? AND type in ('table', 'view')", ('products',))
2026-03-03 13:30:49,600 - aiosqlite - DEBUG - operation functools.partial(<built-in method execute of sqlite3.Cursor object at 0x000001E738162740>, "SELECT sql FROM  (SELECT * FROM sqlite_master UNION ALL   SELECT * FROM sqlite_temp_master) WHERE name = ? AND type in ('table', 'view')", ('products',)) completed
2026-03-03 13:30:49,600 - aiosqlite - DEBUG - executing functools.partial(<built-in method fetchall of sqlite3.Cursor object at 0x000001E738162740>)
2026-03-03 13:30:49,600 - aiosqlite - DEBUG - operation functools.partial(<built-in method fetchall of sqlite3.Cursor object at 0x000001E738162740>) completed
2026-03-03 13:30:49,600 - aiosqlite - DEBUG - executing functools.partial(<built-in method close of sqlite3.Cursor object at 0x000001E738162740>)
2026-03-03 13:30:49,600 - aiosqlite - DEBUG - operation functools.partial(<built-in method close of sqlite3.Cursor object at 0x000001E738162740>) completed
2026-03-03 13:30:49,600 - aiosqlite - DEBUG - executing functools.partial(<built-in method cursor of sqlite3.Connection object at 0x000001E7381717B0>)
2026-03-03 13:30:49,600 - aiosqlite - DEBUG - operation functools.partial(<built-in method cursor of sqlite3.Connection object at 0x000001E7381717B0>) completed
2026-03-03 13:30:49,600 - aiosqlite - DEBUG - executing functools.partial(<built-in method execute of sqlite3.Cursor object at 0x000001E738162740>, 'PRAGMA main.index_list("products")', ())
2026-03-03 13:30:49,600 - aiosqlite - DEBUG - operation functools.partial(<built-in method execute of sqlite3.Cursor object at 0x000001E738162740>, 'PRAGMA main.index_list("products")', ()) completed
2026-03-03 13:30:49,600 - aiosqlite - DEBUG - executing functools.partial(<built-in method fetchall of sqlite3.Cursor object at 0x000001E738162740>)
2026-03-03 13:30:49,608 - aiosqlite - DEBUG - operation functools.partial(<built-in method fetchall of sqlite3.Cursor object at 0x000001E738162740>) completed
2026-03-03 13:30:49,608 - aiosqlite - DEBUG - executing functools.partial(<built-in method close of sqlite3.Cursor object at 0x000001E738162740>)
2026-03-03 13:30:49,608 - aiosqlite - DEBUG - operation functools.partial(<built-in method close of sqlite3.Cursor object at 0x000001E738162740>) completed
2026-03-03 13:30:49,608 - aiosqlite - DEBUG - executing functools.partial(<built-in method cursor of sqlite3.Connection object at 0x000001E7381717B0>)
2026-03-03 13:30:49,608 - aiosqlite - DEBUG - operation functools.partial(<built-in method cursor of sqlite3.Connection object at 0x000001E7381717B0>) completed
2026-03-03 13:30:49,608 - aiosqlite - DEBUG - executing functools.partial(<built-in method execute of sqlite3.Cursor object at 0x000001E738162740>, 'PRAGMA main.index_info("ix_products_id")', ())
2026-03-03 13:30:49,608 - aiosqlite - DEBUG - operation functools.partial(<built-in method execute of sqlite3.Cursor object at 0x000001E738162740>, 'PRAGMA main.index_info("ix_products_id")', ()) completed
2026-03-03 13:30:49,608 - aiosqlite - DEBUG - executing functools.partial(<built-in method fetchall of sqlite3.Cursor object at 0x000001E738162740>)
2026-03-03 13:30:49,608 - aiosqlite - DEBUG - operation functools.partial(<built-in method fetchall of sqlite3.Cursor object at 0x000001E738162740>) completed
2026-03-03 13:30:49,608 - aiosqlite - DEBUG - executing functools.partial(<built-in method close of sqlite3.Cursor object at 0x000001E738162740>)
2026-03-03 13:30:49,608 - aiosqlite - DEBUG - operation functools.partial(<built-in method close of sqlite3.Cursor object at 0x000001E738162740>) completed
2026-03-03 13:30:49,608 - aiosqlite - DEBUG - executing functools.partial(<built-in method cursor of sqlite3.Connection object at 0x000001E7381717B0>)
2026-03-03 13:30:49,608 - aiosqlite - DEBUG - operation functools.partial(<built-in method cursor of sqlite3.Connection object at 0x000001E7381717B0>) completed
2026-03-03 13:30:49,616 - aiosqlite - DEBUG - executing functools.partial(<built-in method execute of sqlite3.Cursor object at 0x000001E738162740>, 'PRAGMA main.index_list("products")', ())
2026-03-03 13:30:49,616 - aiosqlite - DEBUG - operation functools.partial(<built-in method execute of sqlite3.Cursor object at 0x000001E738162740>, 'PRAGMA main.index_list("products")', ()) completed
2026-03-03 13:30:49,616 - aiosqlite - DEBUG - executing functools.partial(<built-in method fetchall of sqlite3.Cursor object at 0x000001E738162740>)
2026-03-03 13:30:49,616 - aiosqlite - DEBUG - operation functools.partial(<built-in method fetchall of sqlite3.Cursor object at 0x000001E738162740>) completed
2026-03-03 13:30:49,616 - aiosqlite - DEBUG - executing functools.partial(<built-in method close of sqlite3.Cursor object at 0x000001E738162740>)
2026-03-03 13:30:49,616 - aiosqlite - DEBUG - operation functools.partial(<built-in method close of sqlite3.Cursor object at 0x000001E738162740>) completed
2026-03-03 13:30:49,616 - aiosqlite - DEBUG - executing functools.partial(<built-in method cursor of sqlite3.Connection object at 0x000001E7381717B0>)
2026-03-03 13:30:49,616 - aiosqlite - DEBUG - operation functools.partial(<built-in method cursor of sqlite3.Connection object at 0x000001E7381717B0>) completed
2026-03-03 13:30:49,616 - aiosqlite - DEBUG - executing functools.partial(<built-in method execute of sqlite3.Cursor object at 0x000001E738162740>, 'PRAGMA main.index_info("ix_products_id")', ())
2026-03-03 13:30:49,616 - aiosqlite - DEBUG - operation functools.partial(<built-in method execute of sqlite3.Cursor object at 0x000001E738162740>, 'PRAGMA main.index_info("ix_products_id")', ()) completed
2026-03-03 13:30:49,616 - aiosqlite - DEBUG - executing functools.partial(<built-in method fetchall of sqlite3.Cursor object at 0x000001E738162740>)
2026-03-03 13:30:49,616 - aiosqlite - DEBUG - operation functools.partial(<built-in method fetchall of sqlite3.Cursor object at 0x000001E738162740>) completed
2026-03-03 13:30:49,616 - aiosqlite - DEBUG - executing functools.partial(<built-in method close of sqlite3.Cursor object at 0x000001E738162740>)
2026-03-03 13:30:49,616 - aiosqlite - DEBUG - operation functools.partial(<built-in method close of sqlite3.Cursor object at 0x000001E738162740>) completed
2026-03-03 13:30:49,616 - aiosqlite - DEBUG - executing functools.partial(<built-in method cursor of sqlite3.Connection object at 0x000001E7381717B0>)
2026-03-03 13:30:49,616 - aiosqlite - DEBUG - operation functools.partial(<built-in method cursor of sqlite3.Connection object at 0x000001E7381717B0>) completed
2026-03-03 13:30:49,624 - aiosqlite - DEBUG - executing functools.partial(<built-in method execute of sqlite3.Cursor object at 0x000001E738162740>, "SELECT sql FROM  (SELECT * FROM sqlite_master UNION ALL   SELECT * FROM sqlite_temp_master) WHERE name = ? AND type in ('table', 'view')", ('products',))
2026-03-03 13:30:49,624 - aiosqlite - DEBUG - operation functools.partial(<built-in method execute of sqlite3.Cursor object at 0x000001E738162740>, "SELECT sql FROM  (SELECT * FROM sqlite_master UNION ALL   SELECT * FROM sqlite_temp_master) WHERE name = ? AND type in ('table', 'view')", ('products',)) completed
2026-03-03 13:30:49,624 - aiosqlite - DEBUG - executing functools.partial(<built-in method fetchall of sqlite3.Cursor object at 0x000001E738162740>)
2026-03-03 13:30:49,624 - aiosqlite - DEBUG - operation functools.partial(<built-in method fetchall of sqlite3.Cursor object at 0x000001E738162740>) completed
2026-03-03 13:30:49,624 - aiosqlite - DEBUG - executing functools.partial(<built-in method close of sqlite3.Cursor object at 0x000001E738162740>)
2026-03-03 13:30:49,624 - aiosqlite - DEBUG - operation functools.partial(<built-in method close of sqlite3.Cursor object at 0x000001E738162740>) completed
2026-03-03 13:30:49,632 - aiosqlite - DEBUG - executing functools.partial(<built-in method cursor of sqlite3.Connection object at 0x000001E7381717B0>)
2026-03-03 13:30:49,632 - aiosqlite - DEBUG - operation functools.partial(<built-in method cursor of sqlite3.Connection object at 0x000001E7381717B0>) completed
2026-03-03 13:30:49,632 - aiosqlite - DEBUG - executing functools.partial(<built-in method execute of sqlite3.Cursor object at 0x000001E738117340>, 'SELECT count(*) AS count_1 \nFROM products', ())
2026-03-03 13:30:49,632 - aiosqlite - DEBUG - operation functools.partial(<built-in method execute of sqlite3.Cursor object at 0x000001E738117340>, 'SELECT count(*) AS count_1 \nFROM products', ()) completed
2026-03-03 13:30:49,632 - aiosqlite - DEBUG - executing functools.partial(<built-in method fetchall of sqlite3.Cursor object at 0x000001E738117340>)
2026-03-03 13:30:49,632 - aiosqlite - DEBUG - operation functools.partial(<built-in method fetchall of sqlite3.Cursor object at 0x000001E738117340>) completed
2026-03-03 13:30:49,632 - aiosqlite - DEBUG - executing functools.partial(<built-in method close of sqlite3.Cursor object at 0x000001E738117340>)
2026-03-03 13:30:49,632 - aiosqlite - DEBUG - operation functools.partial(<built-in method close of sqlite3.Cursor object at 0x000001E738117340>) completed
2026-03-03 13:30:49,632 - services.mock_data - INFO - Table products already has 14 rows; skipping mock insert
2026-03-03 13:30:49,632 - aiosqlite - DEBUG - executing functools.partial(<built-in method commit of sqlite3.Connection object at 0x000001E7381717B0>)
2026-03-03 13:30:49,632 - aiosqlite - DEBUG - operation functools.partial(<built-in method commit of sqlite3.Connection object at 0x000001E7381717B0>) completed
2026-03-03 13:30:49,632 - aiosqlite - DEBUG - executing functools.partial(<built-in method rollback of sqlite3.Connection object at 0x000001E7381717B0>)
2026-03-03 13:30:49,632 - aiosqlite - DEBUG - operation functools.partial(<built-in method rollback of sqlite3.Connection object at 0x000001E7381717B0>) completed
2026-03-03 13:30:49,632 - aiosqlite - DEBUG - executing functools.partial(<built-in method close of sqlite3.Connection object at 0x000001E7381717B0>)
2026-03-03 13:30:49,632 - aiosqlite - DEBUG - operation functools.partial(<built-in method close of sqlite3.Connection object at 0x000001E7381717B0>) completed
2026-03-03 13:30:49,641 - services.database - DEBUG - [DB_OP] Starting database initialization
2026-03-03 13:30:49,641 - services.database - INFO - 🔧 Starting database initialization...
2026-03-03 13:30:49,641 - core.database - INFO - Starting database initialization...
2026-03-03 13:30:49,641 - core.database - INFO - Database already initialized
2026-03-03 13:30:49,641 - services.database - INFO - 🔧 Database connection initialized, now creating tables if tables not exist...
2026-03-03 13:30:49,641 - core.database - DEBUG - [DB_OP] Starting create_tables
2026-03-03 13:30:49,641 - core.database - INFO - Tables already initialized
2026-03-03 13:30:49,641 - services.database - INFO - 🔧 Table creation completed
2026-03-03 13:30:49,641 - services.database - INFO - Database initialized successfully
2026-03-03 13:30:49,641 - services.database - DEBUG - [DB_OP] Database initialization completed in 0.0000s
2026-03-03 13:30:49,641 - services.auth - WARNING - Admin user ID or email not configured, skipping admin initialization
2026-03-03 13:30:49,641 - main - INFO - === Application startup completed successfully ===
2026-03-03 13:30:56,415 - services.database - DEBUG - [DB_OP] Starting database close
2026-03-03 13:30:56,415 - core.database - INFO - Database connection closed and engine disposed
2026-03-03 13:30:56,415 - services.database - INFO - Database connections closed
2026-03-03 13:30:56,415 - services.database - DEBUG - [DB_OP] Database close completed in 0.0000s
