2026-03-04 11:54:29,014 - main - INFO - === Logging system initialized ===
2026-03-04 11:54:29,014 - main - INFO - Log file: logs/app_20260304_115429.log
2026-03-04 11:54:29,014 - main - INFO - Log level: INFO
2026-03-04 11:54:29,014 - main - INFO - Timestamp: 20260304_115429
2026-03-04 11:54:29,267 - main - INFO - Included router: routers.aihub.router
2026-03-04 11:54:29,296 - passlib.utils.compat - DEBUG - loaded lazy attr 'SafeConfigParser': <class 'configparser.ConfigParser'>
2026-03-04 11:54:29,297 - passlib.utils.compat - DEBUG - loaded lazy attr 'NativeStringIO': <class '_io.StringIO'>
2026-03-04 11:54:29,297 - passlib.utils.compat - DEBUG - loaded lazy attr 'BytesIO': <class '_io.BytesIO'>
2026-03-04 11:54:29,301 - passlib.registry - DEBUG - registered 'bcrypt_sha256' handler: <class 'passlib.handlers.bcrypt.bcrypt_sha256'>
2026-03-04 11:54:29,301 - passlib.registry - DEBUG - registered 'bcrypt' handler: <class 'passlib.handlers.bcrypt.bcrypt'>
2026-03-04 11:54:29,319 - main - INFO - Included router: routers.auth.router
2026-03-04 11:54:29,320 - main - INFO - Included router: routers.health.router
2026-03-04 11:54:29,328 - main - INFO - Included router: routers.orders.router
2026-03-04 11:54:29,363 - main - INFO - Included router: routers.products.router
2026-03-04 11:54:29,382 - main - INFO - Included router: routers.settings.router
2026-03-04 11:54:29,431 - main - INFO - Included router: routers.storage.router
2026-03-04 11:54:29,440 - main - INFO - Included router: routers.user.router
2026-03-04 11:54:29,441 - main - INFO - === Application startup initiated ===
2026-03-04 11:54:29,442 - services.database - DEBUG - [DB_OP] Starting database initialization
2026-03-04 11:54:29,442 - services.database - INFO - 🔧 Starting database initialization...
2026-03-04 11:54:29,442 - core.database - INFO - Starting database initialization...
2026-03-04 11:54:29,443 - core.database - INFO - Normalizing database URL for async compatibility...
2026-03-04 11:54:29,444 - core.database - DEBUG - Database exists:./test.db
2026-03-04 11:54:29,444 - core.database - WARNING - Adjusted database URL driver for async compatibility
2026-03-04 11:54:29,444 - core.database - INFO - Creating async database engine...
2026-03-04 11:54:29,444 - core.database - INFO - Using NullPool for sqlite+aiosqlite environment
2026-03-04 11:54:29,462 - core.database - INFO - Database engine created successfully
2026-03-04 11:54:29,463 - core.database - INFO - Creating async session maker...
2026-03-04 11:54:29,463 - core.database - INFO - Async session maker created successfully
2026-03-04 11:54:29,463 - core.database - INFO - Database connection initialized successfully
2026-03-04 11:54:29,464 - services.database - INFO - 🔧 Database connection initialized, now creating tables if tables not exist...
2026-03-04 11:54:29,464 - core.database - DEBUG - [DB_OP] Starting create_tables
2026-03-04 11:54:29,464 - core.database - INFO - 🔧 Starting table creation...
2026-03-04 11:54:29,465 - aiosqlite - DEBUG - executing <function connect.<locals>.connector at 0x0000012DC4D02200>
2026-03-04 11:54:29,466 - aiosqlite - DEBUG - operation <function connect.<locals>.connector at 0x0000012DC4D02200> completed
2026-03-04 11:54:29,466 - aiosqlite - DEBUG - executing functools.partial(<built-in method create_function of sqlite3.Connection object at 0x0000012DC4D08130>, 'regexp', 2, <function SQLiteDialect_pysqlite.on_connect.<locals>.regexp at 0x0000012DC4D014E0>, deterministic=True)
2026-03-04 11:54:29,467 - aiosqlite - DEBUG - operation functools.partial(<built-in method create_function of sqlite3.Connection object at 0x0000012DC4D08130>, 'regexp', 2, <function SQLiteDialect_pysqlite.on_connect.<locals>.regexp at 0x0000012DC4D014E0>, deterministic=True) completed
2026-03-04 11:54:29,467 - aiosqlite - DEBUG - executing functools.partial(<built-in method create_function of sqlite3.Connection object at 0x0000012DC4D08130>, 'floor', 1, <built-in function floor>, deterministic=True)
2026-03-04 11:54:29,467 - aiosqlite - DEBUG - operation functools.partial(<built-in method create_function of sqlite3.Connection object at 0x0000012DC4D08130>, 'floor', 1, <built-in function floor>, deterministic=True) completed
2026-03-04 11:54:29,468 - aiosqlite - DEBUG - executing functools.partial(<built-in method cursor of sqlite3.Connection object at 0x0000012DC4D08130>)
2026-03-04 11:54:29,468 - aiosqlite - DEBUG - operation functools.partial(<built-in method cursor of sqlite3.Connection object at 0x0000012DC4D08130>) completed
2026-03-04 11:54:29,468 - aiosqlite - DEBUG - executing functools.partial(<built-in method execute of sqlite3.Cursor object at 0x0000012DC4CDD640>, 'PRAGMA read_uncommitted', [])
2026-03-04 11:54:29,468 - aiosqlite - DEBUG - operation functools.partial(<built-in method execute of sqlite3.Cursor object at 0x0000012DC4CDD640>, 'PRAGMA read_uncommitted', []) completed
2026-03-04 11:54:29,469 - aiosqlite - DEBUG - executing functools.partial(<built-in method fetchall of sqlite3.Cursor object at 0x0000012DC4CDD640>)
2026-03-04 11:54:29,469 - aiosqlite - DEBUG - operation functools.partial(<built-in method fetchall of sqlite3.Cursor object at 0x0000012DC4CDD640>) completed
2026-03-04 11:54:29,470 - aiosqlite - DEBUG - executing functools.partial(<built-in method close of sqlite3.Cursor object at 0x0000012DC4CDD640>)
2026-03-04 11:54:29,470 - aiosqlite - DEBUG - operation functools.partial(<built-in method close of sqlite3.Cursor object at 0x0000012DC4CDD640>) completed
2026-03-04 11:54:29,471 - aiosqlite - DEBUG - executing functools.partial(<built-in method rollback of sqlite3.Connection object at 0x0000012DC4D08130>)
2026-03-04 11:54:29,471 - aiosqlite - DEBUG - operation functools.partial(<built-in method rollback of sqlite3.Connection object at 0x0000012DC4D08130>) completed
2026-03-04 11:54:29,472 - aiosqlite - DEBUG - executing functools.partial(<built-in method cursor of sqlite3.Connection object at 0x0000012DC4D08130>)
2026-03-04 11:54:29,472 - aiosqlite - DEBUG - operation functools.partial(<built-in method cursor of sqlite3.Connection object at 0x0000012DC4D08130>) completed
2026-03-04 11:54:29,472 - aiosqlite - DEBUG - executing functools.partial(<built-in method execute of sqlite3.Cursor object at 0x0000012DC4CDD740>, 'PRAGMA main.table_info("users")', ())
2026-03-04 11:54:29,473 - aiosqlite - DEBUG - operation functools.partial(<built-in method execute of sqlite3.Cursor object at 0x0000012DC4CDD740>, 'PRAGMA main.table_info("users")', ()) completed
2026-03-04 11:54:29,473 - aiosqlite - DEBUG - executing functools.partial(<built-in method fetchall of sqlite3.Cursor object at 0x0000012DC4CDD740>)
2026-03-04 11:54:29,473 - aiosqlite - DEBUG - operation functools.partial(<built-in method fetchall of sqlite3.Cursor object at 0x0000012DC4CDD740>) completed
2026-03-04 11:54:29,474 - aiosqlite - DEBUG - executing functools.partial(<built-in method close of sqlite3.Cursor object at 0x0000012DC4CDD740>)
2026-03-04 11:54:29,474 - aiosqlite - DEBUG - operation functools.partial(<built-in method close of sqlite3.Cursor object at 0x0000012DC4CDD740>) completed
2026-03-04 11:54:29,474 - aiosqlite - DEBUG - executing functools.partial(<built-in method cursor of sqlite3.Connection object at 0x0000012DC4D08130>)
2026-03-04 11:54:29,475 - aiosqlite - DEBUG - operation functools.partial(<built-in method cursor of sqlite3.Connection object at 0x0000012DC4D08130>) completed
2026-03-04 11:54:29,475 - aiosqlite - DEBUG - executing functools.partial(<built-in method execute of sqlite3.Cursor object at 0x0000012DC4CDD740>, 'PRAGMA main.table_info("oidc_states")', ())
2026-03-04 11:54:29,475 - aiosqlite - DEBUG - operation functools.partial(<built-in method execute of sqlite3.Cursor object at 0x0000012DC4CDD740>, 'PRAGMA main.table_info("oidc_states")', ()) completed
2026-03-04 11:54:29,476 - aiosqlite - DEBUG - executing functools.partial(<built-in method fetchall of sqlite3.Cursor object at 0x0000012DC4CDD740>)
2026-03-04 11:54:29,476 - aiosqlite - DEBUG - operation functools.partial(<built-in method fetchall of sqlite3.Cursor object at 0x0000012DC4CDD740>) completed
2026-03-04 11:54:29,477 - aiosqlite - DEBUG - executing functools.partial(<built-in method close of sqlite3.Cursor object at 0x0000012DC4CDD740>)
2026-03-04 11:54:29,477 - aiosqlite - DEBUG - operation functools.partial(<built-in method close of sqlite3.Cursor object at 0x0000012DC4CDD740>) completed
2026-03-04 11:54:29,478 - aiosqlite - DEBUG - executing functools.partial(<built-in method cursor of sqlite3.Connection object at 0x0000012DC4D08130>)
2026-03-04 11:54:29,478 - aiosqlite - DEBUG - operation functools.partial(<built-in method cursor of sqlite3.Connection object at 0x0000012DC4D08130>) completed
2026-03-04 11:54:29,479 - aiosqlite - DEBUG - executing functools.partial(<built-in method execute of sqlite3.Cursor object at 0x0000012DC4CDD740>, 'PRAGMA main.table_info("orders")', ())
2026-03-04 11:54:29,479 - aiosqlite - DEBUG - operation functools.partial(<built-in method execute of sqlite3.Cursor object at 0x0000012DC4CDD740>, 'PRAGMA main.table_info("orders")', ()) completed
2026-03-04 11:54:29,480 - aiosqlite - DEBUG - executing functools.partial(<built-in method fetchall of sqlite3.Cursor object at 0x0000012DC4CDD740>)
2026-03-04 11:54:29,480 - aiosqlite - DEBUG - operation functools.partial(<built-in method fetchall of sqlite3.Cursor object at 0x0000012DC4CDD740>) completed
2026-03-04 11:54:29,480 - aiosqlite - DEBUG - executing functools.partial(<built-in method close of sqlite3.Cursor object at 0x0000012DC4CDD740>)
2026-03-04 11:54:29,481 - aiosqlite - DEBUG - operation functools.partial(<built-in method close of sqlite3.Cursor object at 0x0000012DC4CDD740>) completed
2026-03-04 11:54:29,481 - aiosqlite - DEBUG - executing functools.partial(<built-in method cursor of sqlite3.Connection object at 0x0000012DC4D08130>)
2026-03-04 11:54:29,481 - aiosqlite - DEBUG - operation functools.partial(<built-in method cursor of sqlite3.Connection object at 0x0000012DC4D08130>) completed
2026-03-04 11:54:29,482 - aiosqlite - DEBUG - executing functools.partial(<built-in method execute of sqlite3.Cursor object at 0x0000012DC4CDD740>, 'PRAGMA main.table_info("products")', ())
2026-03-04 11:54:29,482 - aiosqlite - DEBUG - operation functools.partial(<built-in method execute of sqlite3.Cursor object at 0x0000012DC4CDD740>, 'PRAGMA main.table_info("products")', ()) completed
2026-03-04 11:54:29,482 - aiosqlite - DEBUG - executing functools.partial(<built-in method fetchall of sqlite3.Cursor object at 0x0000012DC4CDD740>)
2026-03-04 11:54:29,482 - aiosqlite - DEBUG - operation functools.partial(<built-in method fetchall of sqlite3.Cursor object at 0x0000012DC4CDD740>) completed
2026-03-04 11:54:29,483 - aiosqlite - DEBUG - executing functools.partial(<built-in method close of sqlite3.Cursor object at 0x0000012DC4CDD740>)
2026-03-04 11:54:29,483 - aiosqlite - DEBUG - operation functools.partial(<built-in method close of sqlite3.Cursor object at 0x0000012DC4CDD740>) completed
2026-03-04 11:54:29,484 - core.database - INFO - Tables initialized successfully
2026-03-04 11:54:29,484 - core.database - DEBUG - [DB_OP] Create tables completed in 0.0199s
2026-03-04 11:54:29,485 - aiosqlite - DEBUG - executing functools.partial(<built-in method commit of sqlite3.Connection object at 0x0000012DC4D08130>)
2026-03-04 11:54:29,485 - aiosqlite - DEBUG - operation functools.partial(<built-in method commit of sqlite3.Connection object at 0x0000012DC4D08130>) completed
2026-03-04 11:54:29,485 - aiosqlite - DEBUG - executing functools.partial(<built-in method rollback of sqlite3.Connection object at 0x0000012DC4D08130>)
2026-03-04 11:54:29,486 - aiosqlite - DEBUG - operation functools.partial(<built-in method rollback of sqlite3.Connection object at 0x0000012DC4D08130>) completed
2026-03-04 11:54:29,486 - aiosqlite - DEBUG - executing functools.partial(<built-in method close of sqlite3.Connection object at 0x0000012DC4D08130>)
2026-03-04 11:54:29,486 - aiosqlite - DEBUG - operation functools.partial(<built-in method close of sqlite3.Connection object at 0x0000012DC4D08130>) completed
2026-03-04 11:54:29,487 - services.database - INFO - 🔧 Table creation completed
2026-03-04 11:54:29,487 - services.database - INFO - Database initialized successfully
2026-03-04 11:54:29,487 - services.database - DEBUG - [DB_OP] Database initialization completed in 0.0452s
2026-03-04 11:54:29,488 - services.mock_data - INFO - Processing mock data file products.json for table products
2026-03-04 11:54:29,488 - aiosqlite - DEBUG - executing <function connect.<locals>.connector at 0x0000012DC4D027A0>
2026-03-04 11:54:29,489 - aiosqlite - DEBUG - operation <function connect.<locals>.connector at 0x0000012DC4D027A0> completed
2026-03-04 11:54:29,489 - aiosqlite - DEBUG - executing functools.partial(<built-in method create_function of sqlite3.Connection object at 0x0000012DC4D08220>, 'regexp', 2, <function SQLiteDialect_pysqlite.on_connect.<locals>.regexp at 0x0000012DC4D014E0>, deterministic=True)
2026-03-04 11:54:29,489 - aiosqlite - DEBUG - operation functools.partial(<built-in method create_function of sqlite3.Connection object at 0x0000012DC4D08220>, 'regexp', 2, <function SQLiteDialect_pysqlite.on_connect.<locals>.regexp at 0x0000012DC4D014E0>, deterministic=True) completed
2026-03-04 11:54:29,490 - aiosqlite - DEBUG - executing functools.partial(<built-in method create_function of sqlite3.Connection object at 0x0000012DC4D08220>, 'floor', 1, <built-in function floor>, deterministic=True)
2026-03-04 11:54:29,491 - aiosqlite - DEBUG - operation functools.partial(<built-in method create_function of sqlite3.Connection object at 0x0000012DC4D08220>, 'floor', 1, <built-in function floor>, deterministic=True) completed
2026-03-04 11:54:29,492 - aiosqlite - DEBUG - executing functools.partial(<built-in method cursor of sqlite3.Connection object at 0x0000012DC4D08220>)
2026-03-04 11:54:29,492 - aiosqlite - DEBUG - operation functools.partial(<built-in method cursor of sqlite3.Connection object at 0x0000012DC4D08220>) completed
2026-03-04 11:54:29,493 - aiosqlite - DEBUG - executing functools.partial(<built-in method execute of sqlite3.Cursor object at 0x0000012DC4CDDE40>, 'PRAGMA main.table_xinfo("products")', ())
2026-03-04 11:54:29,493 - aiosqlite - DEBUG - operation functools.partial(<built-in method execute of sqlite3.Cursor object at 0x0000012DC4CDDE40>, 'PRAGMA main.table_xinfo("products")', ()) completed
2026-03-04 11:54:29,493 - aiosqlite - DEBUG - executing functools.partial(<built-in method fetchall of sqlite3.Cursor object at 0x0000012DC4CDDE40>)
2026-03-04 11:54:29,493 - aiosqlite - DEBUG - operation functools.partial(<built-in method fetchall of sqlite3.Cursor object at 0x0000012DC4CDDE40>) completed
2026-03-04 11:54:29,493 - aiosqlite - DEBUG - executing functools.partial(<built-in method close of sqlite3.Cursor object at 0x0000012DC4CDDE40>)
2026-03-04 11:54:29,493 - aiosqlite - DEBUG - operation functools.partial(<built-in method close of sqlite3.Cursor object at 0x0000012DC4CDDE40>) completed
2026-03-04 11:54:29,493 - aiosqlite - DEBUG - executing functools.partial(<built-in method cursor of sqlite3.Connection object at 0x0000012DC4D08220>)
2026-03-04 11:54:29,493 - aiosqlite - DEBUG - operation functools.partial(<built-in method cursor of sqlite3.Connection object at 0x0000012DC4D08220>) completed
2026-03-04 11:54:29,498 - aiosqlite - DEBUG - executing functools.partial(<built-in method execute of sqlite3.Cursor object at 0x0000012DC4CDDE40>, "SELECT sql FROM  (SELECT * FROM sqlite_master UNION ALL   SELECT * FROM sqlite_temp_master) WHERE name = ? AND type in ('table', 'view')", ('products',))
2026-03-04 11:54:29,499 - aiosqlite - DEBUG - operation functools.partial(<built-in method execute of sqlite3.Cursor object at 0x0000012DC4CDDE40>, "SELECT sql FROM  (SELECT * FROM sqlite_master UNION ALL   SELECT * FROM sqlite_temp_master) WHERE name = ? AND type in ('table', 'view')", ('products',)) completed
2026-03-04 11:54:29,500 - aiosqlite - DEBUG - executing functools.partial(<built-in method fetchall of sqlite3.Cursor object at 0x0000012DC4CDDE40>)
2026-03-04 11:54:29,500 - aiosqlite - DEBUG - operation functools.partial(<built-in method fetchall of sqlite3.Cursor object at 0x0000012DC4CDDE40>) completed
2026-03-04 11:54:29,501 - aiosqlite - DEBUG - executing functools.partial(<built-in method close of sqlite3.Cursor object at 0x0000012DC4CDDE40>)
2026-03-04 11:54:29,501 - aiosqlite - DEBUG - operation functools.partial(<built-in method close of sqlite3.Cursor object at 0x0000012DC4CDDE40>) completed
2026-03-04 11:54:29,502 - aiosqlite - DEBUG - executing functools.partial(<built-in method cursor of sqlite3.Connection object at 0x0000012DC4D08220>)
2026-03-04 11:54:29,502 - aiosqlite - DEBUG - operation functools.partial(<built-in method cursor of sqlite3.Connection object at 0x0000012DC4D08220>) completed
2026-03-04 11:54:29,503 - aiosqlite - DEBUG - executing functools.partial(<built-in method execute of sqlite3.Cursor object at 0x0000012DC4CDDE40>, 'PRAGMA main.foreign_key_list("products")', ())
2026-03-04 11:54:29,503 - aiosqlite - DEBUG - operation functools.partial(<built-in method execute of sqlite3.Cursor object at 0x0000012DC4CDDE40>, 'PRAGMA main.foreign_key_list("products")', ()) completed
2026-03-04 11:54:29,504 - aiosqlite - DEBUG - executing functools.partial(<built-in method fetchall of sqlite3.Cursor object at 0x0000012DC4CDDE40>)
2026-03-04 11:54:29,504 - aiosqlite - DEBUG - operation functools.partial(<built-in method fetchall of sqlite3.Cursor object at 0x0000012DC4CDDE40>) completed
2026-03-04 11:54:29,504 - aiosqlite - DEBUG - executing functools.partial(<built-in method close of sqlite3.Cursor object at 0x0000012DC4CDDE40>)
2026-03-04 11:54:29,505 - aiosqlite - DEBUG - operation functools.partial(<built-in method close of sqlite3.Cursor object at 0x0000012DC4CDDE40>) completed
2026-03-04 11:54:29,506 - aiosqlite - DEBUG - executing functools.partial(<built-in method cursor of sqlite3.Connection object at 0x0000012DC4D08220>)
2026-03-04 11:54:29,506 - aiosqlite - DEBUG - operation functools.partial(<built-in method cursor of sqlite3.Connection object at 0x0000012DC4D08220>) completed
2026-03-04 11:54:29,508 - aiosqlite - DEBUG - executing functools.partial(<built-in method execute of sqlite3.Cursor object at 0x0000012DC4CDDE40>, 'PRAGMA temp.foreign_key_list("products")', ())
2026-03-04 11:54:29,508 - aiosqlite - DEBUG - operation functools.partial(<built-in method execute of sqlite3.Cursor object at 0x0000012DC4CDDE40>, 'PRAGMA temp.foreign_key_list("products")', ()) completed
2026-03-04 11:54:29,508 - aiosqlite - DEBUG - executing functools.partial(<built-in method fetchall of sqlite3.Cursor object at 0x0000012DC4CDDE40>)
2026-03-04 11:54:29,509 - aiosqlite - DEBUG - operation functools.partial(<built-in method fetchall of sqlite3.Cursor object at 0x0000012DC4CDDE40>) completed
2026-03-04 11:54:29,509 - aiosqlite - DEBUG - executing functools.partial(<built-in method close of sqlite3.Cursor object at 0x0000012DC4CDDE40>)
2026-03-04 11:54:29,509 - aiosqlite - DEBUG - operation functools.partial(<built-in method close of sqlite3.Cursor object at 0x0000012DC4CDDE40>) completed
2026-03-04 11:54:29,510 - aiosqlite - DEBUG - executing functools.partial(<built-in method cursor of sqlite3.Connection object at 0x0000012DC4D08220>)
2026-03-04 11:54:29,510 - aiosqlite - DEBUG - operation functools.partial(<built-in method cursor of sqlite3.Connection object at 0x0000012DC4D08220>) completed
2026-03-04 11:54:29,510 - aiosqlite - DEBUG - executing functools.partial(<built-in method execute of sqlite3.Cursor object at 0x0000012DC4CDDE40>, "SELECT sql FROM  (SELECT * FROM sqlite_master UNION ALL   SELECT * FROM sqlite_temp_master) WHERE name = ? AND type in ('table', 'view')", ('products',))
2026-03-04 11:54:29,510 - aiosqlite - DEBUG - operation functools.partial(<built-in method execute of sqlite3.Cursor object at 0x0000012DC4CDDE40>, "SELECT sql FROM  (SELECT * FROM sqlite_master UNION ALL   SELECT * FROM sqlite_temp_master) WHERE name = ? AND type in ('table', 'view')", ('products',)) completed
2026-03-04 11:54:29,510 - aiosqlite - DEBUG - executing functools.partial(<built-in method fetchall of sqlite3.Cursor object at 0x0000012DC4CDDE40>)
2026-03-04 11:54:29,511 - aiosqlite - DEBUG - operation functools.partial(<built-in method fetchall of sqlite3.Cursor object at 0x0000012DC4CDDE40>) completed
2026-03-04 11:54:29,511 - aiosqlite - DEBUG - executing functools.partial(<built-in method close of sqlite3.Cursor object at 0x0000012DC4CDDE40>)
2026-03-04 11:54:29,511 - aiosqlite - DEBUG - operation functools.partial(<built-in method close of sqlite3.Cursor object at 0x0000012DC4CDDE40>) completed
2026-03-04 11:54:29,513 - aiosqlite - DEBUG - executing functools.partial(<built-in method cursor of sqlite3.Connection object at 0x0000012DC4D08220>)
2026-03-04 11:54:29,513 - aiosqlite - DEBUG - operation functools.partial(<built-in method cursor of sqlite3.Connection object at 0x0000012DC4D08220>) completed
2026-03-04 11:54:29,514 - aiosqlite - DEBUG - executing functools.partial(<built-in method execute of sqlite3.Cursor object at 0x0000012DC4CDDE40>, 'PRAGMA main.index_list("products")', ())
2026-03-04 11:54:29,514 - aiosqlite - DEBUG - operation functools.partial(<built-in method execute of sqlite3.Cursor object at 0x0000012DC4CDDE40>, 'PRAGMA main.index_list("products")', ()) completed
2026-03-04 11:54:29,514 - aiosqlite - DEBUG - executing functools.partial(<built-in method fetchall of sqlite3.Cursor object at 0x0000012DC4CDDE40>)
2026-03-04 11:54:29,515 - aiosqlite - DEBUG - operation functools.partial(<built-in method fetchall of sqlite3.Cursor object at 0x0000012DC4CDDE40>) completed
2026-03-04 11:54:29,515 - aiosqlite - DEBUG - executing functools.partial(<built-in method close of sqlite3.Cursor object at 0x0000012DC4CDDE40>)
2026-03-04 11:54:29,515 - aiosqlite - DEBUG - operation functools.partial(<built-in method close of sqlite3.Cursor object at 0x0000012DC4CDDE40>) completed
2026-03-04 11:54:29,516 - aiosqlite - DEBUG - executing functools.partial(<built-in method cursor of sqlite3.Connection object at 0x0000012DC4D08220>)
2026-03-04 11:54:29,516 - aiosqlite - DEBUG - operation functools.partial(<built-in method cursor of sqlite3.Connection object at 0x0000012DC4D08220>) completed
2026-03-04 11:54:29,516 - aiosqlite - DEBUG - executing functools.partial(<built-in method execute of sqlite3.Cursor object at 0x0000012DC4CDDE40>, 'PRAGMA main.index_info("ix_products_id")', ())
2026-03-04 11:54:29,516 - aiosqlite - DEBUG - operation functools.partial(<built-in method execute of sqlite3.Cursor object at 0x0000012DC4CDDE40>, 'PRAGMA main.index_info("ix_products_id")', ()) completed
2026-03-04 11:54:29,518 - aiosqlite - DEBUG - executing functools.partial(<built-in method fetchall of sqlite3.Cursor object at 0x0000012DC4CDDE40>)
2026-03-04 11:54:29,518 - aiosqlite - DEBUG - operation functools.partial(<built-in method fetchall of sqlite3.Cursor object at 0x0000012DC4CDDE40>) completed
2026-03-04 11:54:29,518 - aiosqlite - DEBUG - executing functools.partial(<built-in method close of sqlite3.Cursor object at 0x0000012DC4CDDE40>)
2026-03-04 11:54:29,518 - aiosqlite - DEBUG - operation functools.partial(<built-in method close of sqlite3.Cursor object at 0x0000012DC4CDDE40>) completed
2026-03-04 11:54:29,519 - aiosqlite - DEBUG - executing functools.partial(<built-in method cursor of sqlite3.Connection object at 0x0000012DC4D08220>)
2026-03-04 11:54:29,519 - aiosqlite - DEBUG - operation functools.partial(<built-in method cursor of sqlite3.Connection object at 0x0000012DC4D08220>) completed
2026-03-04 11:54:29,520 - aiosqlite - DEBUG - executing functools.partial(<built-in method execute of sqlite3.Cursor object at 0x0000012DC4CDDE40>, 'PRAGMA main.index_list("products")', ())
2026-03-04 11:54:29,520 - aiosqlite - DEBUG - operation functools.partial(<built-in method execute of sqlite3.Cursor object at 0x0000012DC4CDDE40>, 'PRAGMA main.index_list("products")', ()) completed
2026-03-04 11:54:29,520 - aiosqlite - DEBUG - executing functools.partial(<built-in method fetchall of sqlite3.Cursor object at 0x0000012DC4CDDE40>)
2026-03-04 11:54:29,521 - aiosqlite - DEBUG - operation functools.partial(<built-in method fetchall of sqlite3.Cursor object at 0x0000012DC4CDDE40>) completed
2026-03-04 11:54:29,521 - aiosqlite - DEBUG - executing functools.partial(<built-in method close of sqlite3.Cursor object at 0x0000012DC4CDDE40>)
2026-03-04 11:54:29,521 - aiosqlite - DEBUG - operation functools.partial(<built-in method close of sqlite3.Cursor object at 0x0000012DC4CDDE40>) completed
2026-03-04 11:54:29,522 - aiosqlite - DEBUG - executing functools.partial(<built-in method cursor of sqlite3.Connection object at 0x0000012DC4D08220>)
2026-03-04 11:54:29,522 - aiosqlite - DEBUG - operation functools.partial(<built-in method cursor of sqlite3.Connection object at 0x0000012DC4D08220>) completed
2026-03-04 11:54:29,522 - aiosqlite - DEBUG - executing functools.partial(<built-in method execute of sqlite3.Cursor object at 0x0000012DC4CDDE40>, 'PRAGMA main.index_info("ix_products_id")', ())
2026-03-04 11:54:29,522 - aiosqlite - DEBUG - operation functools.partial(<built-in method execute of sqlite3.Cursor object at 0x0000012DC4CDDE40>, 'PRAGMA main.index_info("ix_products_id")', ()) completed
2026-03-04 11:54:29,523 - aiosqlite - DEBUG - executing functools.partial(<built-in method fetchall of sqlite3.Cursor object at 0x0000012DC4CDDE40>)
2026-03-04 11:54:29,523 - aiosqlite - DEBUG - operation functools.partial(<built-in method fetchall of sqlite3.Cursor object at 0x0000012DC4CDDE40>) completed
2026-03-04 11:54:29,523 - aiosqlite - DEBUG - executing functools.partial(<built-in method close of sqlite3.Cursor object at 0x0000012DC4CDDE40>)
2026-03-04 11:54:29,524 - aiosqlite - DEBUG - operation functools.partial(<built-in method close of sqlite3.Cursor object at 0x0000012DC4CDDE40>) completed
2026-03-04 11:54:29,525 - aiosqlite - DEBUG - executing functools.partial(<built-in method cursor of sqlite3.Connection object at 0x0000012DC4D08220>)
2026-03-04 11:54:29,525 - aiosqlite - DEBUG - operation functools.partial(<built-in method cursor of sqlite3.Connection object at 0x0000012DC4D08220>) completed
2026-03-04 11:54:29,525 - aiosqlite - DEBUG - executing functools.partial(<built-in method execute of sqlite3.Cursor object at 0x0000012DC4CDDE40>, "SELECT sql FROM  (SELECT * FROM sqlite_master UNION ALL   SELECT * FROM sqlite_temp_master) WHERE name = ? AND type in ('table', 'view')", ('products',))
2026-03-04 11:54:29,526 - aiosqlite - DEBUG - operation functools.partial(<built-in method execute of sqlite3.Cursor object at 0x0000012DC4CDDE40>, "SELECT sql FROM  (SELECT * FROM sqlite_master UNION ALL   SELECT * FROM sqlite_temp_master) WHERE name = ? AND type in ('table', 'view')", ('products',)) completed
2026-03-04 11:54:29,526 - aiosqlite - DEBUG - executing functools.partial(<built-in method fetchall of sqlite3.Cursor object at 0x0000012DC4CDDE40>)
2026-03-04 11:54:29,527 - aiosqlite - DEBUG - operation functools.partial(<built-in method fetchall of sqlite3.Cursor object at 0x0000012DC4CDDE40>) completed
2026-03-04 11:54:29,527 - aiosqlite - DEBUG - executing functools.partial(<built-in method close of sqlite3.Cursor object at 0x0000012DC4CDDE40>)
2026-03-04 11:54:29,528 - aiosqlite - DEBUG - operation functools.partial(<built-in method close of sqlite3.Cursor object at 0x0000012DC4CDDE40>) completed
2026-03-04 11:54:29,533 - aiosqlite - DEBUG - executing functools.partial(<built-in method cursor of sqlite3.Connection object at 0x0000012DC4D08220>)
2026-03-04 11:54:29,534 - aiosqlite - DEBUG - operation functools.partial(<built-in method cursor of sqlite3.Connection object at 0x0000012DC4D08220>) completed
2026-03-04 11:54:29,534 - aiosqlite - DEBUG - executing functools.partial(<built-in method execute of sqlite3.Cursor object at 0x0000012DC4C8A6C0>, 'SELECT count(*) AS count_1 \nFROM products', ())
2026-03-04 11:54:29,535 - aiosqlite - DEBUG - operation functools.partial(<built-in method execute of sqlite3.Cursor object at 0x0000012DC4C8A6C0>, 'SELECT count(*) AS count_1 \nFROM products', ()) completed
2026-03-04 11:54:29,535 - aiosqlite - DEBUG - executing functools.partial(<built-in method fetchall of sqlite3.Cursor object at 0x0000012DC4C8A6C0>)
2026-03-04 11:54:29,535 - aiosqlite - DEBUG - operation functools.partial(<built-in method fetchall of sqlite3.Cursor object at 0x0000012DC4C8A6C0>) completed
2026-03-04 11:54:29,536 - aiosqlite - DEBUG - executing functools.partial(<built-in method close of sqlite3.Cursor object at 0x0000012DC4C8A6C0>)
2026-03-04 11:54:29,536 - aiosqlite - DEBUG - operation functools.partial(<built-in method close of sqlite3.Cursor object at 0x0000012DC4C8A6C0>) completed
2026-03-04 11:54:29,536 - services.mock_data - INFO - Table products already has 8 rows; skipping mock insert
2026-03-04 11:54:29,537 - aiosqlite - DEBUG - executing functools.partial(<built-in method commit of sqlite3.Connection object at 0x0000012DC4D08220>)
2026-03-04 11:54:29,537 - aiosqlite - DEBUG - operation functools.partial(<built-in method commit of sqlite3.Connection object at 0x0000012DC4D08220>) completed
2026-03-04 11:54:29,538 - aiosqlite - DEBUG - executing functools.partial(<built-in method rollback of sqlite3.Connection object at 0x0000012DC4D08220>)
2026-03-04 11:54:29,538 - aiosqlite - DEBUG - operation functools.partial(<built-in method rollback of sqlite3.Connection object at 0x0000012DC4D08220>) completed
2026-03-04 11:54:29,539 - aiosqlite - DEBUG - executing functools.partial(<built-in method close of sqlite3.Connection object at 0x0000012DC4D08220>)
2026-03-04 11:54:29,539 - aiosqlite - DEBUG - operation functools.partial(<built-in method close of sqlite3.Connection object at 0x0000012DC4D08220>) completed
2026-03-04 11:54:29,540 - services.database - DEBUG - [DB_OP] Starting database initialization
2026-03-04 11:54:29,540 - services.database - INFO - 🔧 Starting database initialization...
2026-03-04 11:54:29,540 - core.database - INFO - Starting database initialization...
2026-03-04 11:54:29,541 - core.database - INFO - Database already initialized
2026-03-04 11:54:29,541 - services.database - INFO - 🔧 Database connection initialized, now creating tables if tables not exist...
2026-03-04 11:54:29,541 - core.database - DEBUG - [DB_OP] Starting create_tables
2026-03-04 11:54:29,541 - core.database - INFO - Tables already initialized
2026-03-04 11:54:29,541 - services.database - INFO - 🔧 Table creation completed
2026-03-04 11:54:29,541 - services.database - INFO - Database initialized successfully
2026-03-04 11:54:29,542 - services.database - DEBUG - [DB_OP] Database initialization completed in 0.0020s
2026-03-04 11:54:29,542 - services.auth - WARNING - Admin user ID or email not configured, skipping admin initialization
2026-03-04 11:54:29,542 - main - INFO - === Application startup completed successfully ===
2026-03-04 11:55:58,915 - core.database - DEBUG - [DB_OP] Starting get_db session creation
2026-03-04 11:55:58,915 - core.database - DEBUG - [DB_OP] Database session created successfully in 0.0000s
2026-03-04 11:55:58,915 - routers.auth - INFO - [login] Login attempt for: admin@gmail.com
2026-03-04 11:55:58,915 - aiosqlite - DEBUG - executing <function connect.<locals>.connector at 0x0000012DC4D223E0>
2026-03-04 11:55:58,915 - aiosqlite - DEBUG - operation <function connect.<locals>.connector at 0x0000012DC4D223E0> completed
2026-03-04 11:55:58,915 - aiosqlite - DEBUG - executing functools.partial(<built-in method create_function of sqlite3.Connection object at 0x0000012DC4D2A4D0>, 'regexp', 2, <function SQLiteDialect_pysqlite.on_connect.<locals>.regexp at 0x0000012DC4D014E0>, deterministic=True)
2026-03-04 11:55:58,915 - aiosqlite - DEBUG - operation functools.partial(<built-in method create_function of sqlite3.Connection object at 0x0000012DC4D2A4D0>, 'regexp', 2, <function SQLiteDialect_pysqlite.on_connect.<locals>.regexp at 0x0000012DC4D014E0>, deterministic=True) completed
2026-03-04 11:55:58,915 - aiosqlite - DEBUG - executing functools.partial(<built-in method create_function of sqlite3.Connection object at 0x0000012DC4D2A4D0>, 'floor', 1, <built-in function floor>, deterministic=True)
2026-03-04 11:55:58,915 - aiosqlite - DEBUG - operation functools.partial(<built-in method create_function of sqlite3.Connection object at 0x0000012DC4D2A4D0>, 'floor', 1, <built-in function floor>, deterministic=True) completed
2026-03-04 11:55:58,922 - aiosqlite - DEBUG - executing functools.partial(<built-in method cursor of sqlite3.Connection object at 0x0000012DC4D2A4D0>)
2026-03-04 11:55:58,922 - aiosqlite - DEBUG - operation functools.partial(<built-in method cursor of sqlite3.Connection object at 0x0000012DC4D2A4D0>) completed
2026-03-04 11:55:58,923 - aiosqlite - DEBUG - executing functools.partial(<built-in method execute of sqlite3.Cursor object at 0x0000012DC4DC4840>, 'SELECT users.id, users.email, users.name, users.role, users.created_at, users.last_login, users.hashed_password \nFROM users \nWHERE lower(users.email) = ?', ('admin@gmail.com',))
2026-03-04 11:55:58,923 - aiosqlite - DEBUG - operation functools.partial(<built-in method execute of sqlite3.Cursor object at 0x0000012DC4DC4840>, 'SELECT users.id, users.email, users.name, users.role, users.created_at, users.last_login, users.hashed_password \nFROM users \nWHERE lower(users.email) = ?', ('admin@gmail.com',)) completed
2026-03-04 11:55:58,923 - aiosqlite - DEBUG - executing functools.partial(<built-in method fetchall of sqlite3.Cursor object at 0x0000012DC4DC4840>)
2026-03-04 11:55:58,923 - aiosqlite - DEBUG - operation functools.partial(<built-in method fetchall of sqlite3.Cursor object at 0x0000012DC4DC4840>) completed
2026-03-04 11:55:58,924 - aiosqlite - DEBUG - executing functools.partial(<built-in method close of sqlite3.Cursor object at 0x0000012DC4DC4840>)
2026-03-04 11:55:58,924 - aiosqlite - DEBUG - operation functools.partial(<built-in method close of sqlite3.Cursor object at 0x0000012DC4DC4840>) completed
2026-03-04 11:55:58,924 - passlib.handlers.bcrypt - WARNING - (trapped) error reading bcrypt version
Traceback (most recent call last):
  File "D:\ASM1\.venv\Lib\site-packages\passlib\handlers\bcrypt.py", line 620, in _load_backend_mixin
    version = _bcrypt.__about__.__version__
              ^^^^^^^^^^^^^^^^^
AttributeError: module 'bcrypt' has no attribute '__about__'
2026-03-04 11:55:58,925 - passlib.handlers.bcrypt - DEBUG - detected 'bcrypt' backend, version '<unknown>'
2026-03-04 11:55:58,926 - passlib.handlers.bcrypt - DEBUG - 'bcrypt' backend lacks $2$ support, enabling workaround
2026-03-04 11:55:58,931 - routers.auth - WARNING - [login] Invalid password for: admin@gmail.com
2026-03-04 11:55:58,931 - core.database - ERROR - Database session error: 401: Mật khẩu không chính xác. Vui lòng thử lại.
Traceback (most recent call last):
  File "D:\ASM1\backend\core\database.py", line 542, in get_db
    yield session
  File "D:\ASM1\.venv\Lib\site-packages\fastapi\routing.py", line 301, in app
    raw_response = await run_endpoint_function(
                   ^^^^^^^^^^^^^^^^^^^^^^^^^^^^
  File "D:\ASM1\.venv\Lib\site-packages\fastapi\routing.py", line 212, in run_endpoint_function
    return await dependant.call(**values)
           ^^^^^^^^^^^^^^^^^^^^^^^^^^^^^^
  File "D:\ASM1\backend\routers\auth.py", line 228, in login
    raise HTTPException(
fastapi.exceptions.HTTPException: 401: Mật khẩu không chính xác. Vui lòng thử lại.
2026-03-04 11:55:58,933 - core.database - DEBUG - [DB_OP] Database session cleanup after 0.0178s
2026-03-04 11:55:58,933 - aiosqlite - DEBUG - executing functools.partial(<built-in method rollback of sqlite3.Connection object at 0x0000012DC4D2A4D0>)
2026-03-04 11:55:58,933 - aiosqlite - DEBUG - operation functools.partial(<built-in method rollback of sqlite3.Connection object at 0x0000012DC4D2A4D0>) completed
2026-03-04 11:55:58,934 - aiosqlite - DEBUG - executing functools.partial(<built-in method rollback of sqlite3.Connection object at 0x0000012DC4D2A4D0>)
2026-03-04 11:55:58,934 - aiosqlite - DEBUG - operation functools.partial(<built-in method rollback of sqlite3.Connection object at 0x0000012DC4D2A4D0>) completed
2026-03-04 11:55:58,934 - aiosqlite - DEBUG - executing functools.partial(<built-in method close of sqlite3.Connection object at 0x0000012DC4D2A4D0>)
2026-03-04 11:55:58,934 - aiosqlite - DEBUG - operation functools.partial(<built-in method close of sqlite3.Connection object at 0x0000012DC4D2A4D0>) completed
2026-03-04 11:55:58,934 - core.database - ERROR - Failed to create database session: 401: Mật khẩu không chính xác. Vui lòng thử lại.
Traceback (most recent call last):
  File "D:\ASM1\backend\core\database.py", line 542, in get_db
    yield session
  File "D:\ASM1\.venv\Lib\site-packages\fastapi\routing.py", line 301, in app
    raw_response = await run_endpoint_function(
                   ^^^^^^^^^^^^^^^^^^^^^^^^^^^^
  File "D:\ASM1\.venv\Lib\site-packages\fastapi\routing.py", line 212, in run_endpoint_function
    return await dependant.call(**values)
           ^^^^^^^^^^^^^^^^^^^^^^^^^^^^^^
  File "D:\ASM1\backend\routers\auth.py", line 228, in login
    raise HTTPException(
fastapi.exceptions.HTTPException: 401: Mật khẩu không chính xác. Vui lòng thử lại.
2026-03-04 11:58:24,118 - services.database - DEBUG - [DB_OP] Starting database close
2026-03-04 11:58:24,118 - core.database - INFO - Database connection closed and engine disposed
2026-03-04 11:58:24,118 - services.database - INFO - Database connections closed
2026-03-04 11:58:24,118 - services.database - DEBUG - [DB_OP] Database close completed in 0.0006s
