2026-03-04 13:33:20,449 - main - INFO - === Logging system initialized ===
2026-03-04 13:33:20,449 - main - INFO - Log file: logs/app_20260304_133320.log
2026-03-04 13:33:20,449 - main - INFO - Log level: INFO
2026-03-04 13:33:20,451 - main - INFO - Timestamp: 20260304_133320
2026-03-04 13:33:20,479 - main - INFO - === Logging system initialized ===
2026-03-04 13:33:20,479 - main - INFO - Log file: logs/app_20260304_133320.log
2026-03-04 13:33:20,479 - main - INFO - Log level: INFO
2026-03-04 13:33:20,479 - main - INFO - Timestamp: 20260304_133320
2026-03-04 13:33:20,570 - main - INFO - === Logging system initialized ===
2026-03-04 13:33:20,570 - main - INFO - Log file: logs/app_20260304_133320.log
2026-03-04 13:33:20,580 - main - INFO - Log level: INFO
2026-03-04 13:33:20,580 - main - INFO - Timestamp: 20260304_133320
2026-03-04 13:33:20,990 - main - INFO - Included router: routers.aihub.router
2026-03-04 13:33:21,000 - main - INFO - Included router: routers.aihub.router
2026-03-04 13:33:21,027 - main - INFO - Included router: routers.auth.router
2026-03-04 13:33:21,027 - main - INFO - Included router: routers.health.router
2026-03-04 13:33:21,045 - main - INFO - Included router: routers.orders.router
2026-03-04 13:33:21,047 - main - INFO - Included router: routers.auth.router
2026-03-04 13:33:21,048 - main - INFO - Included router: routers.health.router
2026-03-04 13:33:21,061 - main - INFO - Included router: routers.orders.router
2026-03-04 13:33:21,117 - main - INFO - Included router: routers.products.router
2026-03-04 13:33:21,135 - main - INFO - Included router: routers.aihub.router
2026-03-04 13:33:21,135 - main - INFO - Included router: routers.products.router
2026-03-04 13:33:21,148 - main - INFO - Included router: routers.settings.router
2026-03-04 13:33:21,166 - main - INFO - Included router: routers.settings.router
2026-03-04 13:33:21,194 - main - INFO - Included router: routers.auth.router
2026-03-04 13:33:21,197 - main - INFO - Included router: routers.health.router
2026-03-04 13:33:21,208 - main - INFO - Included router: routers.orders.router
2026-03-04 13:33:21,226 - main - INFO - Included router: routers.storage.router
2026-03-04 13:33:21,230 - main - INFO - Included router: routers.user.router
2026-03-04 13:33:21,230 - main - INFO - Included router: routers.storage.router
2026-03-04 13:33:21,236 - main - INFO - === Application startup initiated ===
2026-03-04 13:33:21,236 - services.database - DEBUG - [DB_OP] Starting database initialization
2026-03-04 13:33:21,236 - services.database - INFO - 🔧 Starting database initialization...
2026-03-04 13:33:21,237 - core.database - INFO - Starting database initialization...
2026-03-04 13:33:21,237 - core.database - INFO - Normalizing database URL for async compatibility...
2026-03-04 13:33:21,238 - core.database - DEBUG - Database exists:./test.db
2026-03-04 13:33:21,238 - core.database - WARNING - Adjusted database URL driver for async compatibility
2026-03-04 13:33:21,238 - core.database - INFO - Creating async database engine...
2026-03-04 13:33:21,238 - core.database - INFO - Using NullPool for sqlite+aiosqlite environment
2026-03-04 13:33:21,245 - main - INFO - Included router: routers.user.router
2026-03-04 13:33:21,250 - main - INFO - === Application startup initiated ===
2026-03-04 13:33:21,250 - services.database - DEBUG - [DB_OP] Starting database initialization
2026-03-04 13:33:21,250 - services.database - INFO - 🔧 Starting database initialization...
2026-03-04 13:33:21,250 - core.database - INFO - Starting database initialization...
2026-03-04 13:33:21,251 - core.database - INFO - Normalizing database URL for async compatibility...
2026-03-04 13:33:21,251 - core.database - DEBUG - Database exists:./test.db
2026-03-04 13:33:21,252 - core.database - WARNING - Adjusted database URL driver for async compatibility
2026-03-04 13:33:21,253 - core.database - INFO - Creating async database engine...
2026-03-04 13:33:21,253 - core.database - INFO - Using NullPool for sqlite+aiosqlite environment
2026-03-04 13:33:21,270 - core.database - INFO - Database engine created successfully
2026-03-04 13:33:21,270 - core.database - INFO - Creating async session maker...
2026-03-04 13:33:21,271 - core.database - INFO - Async session maker created successfully
2026-03-04 13:33:21,271 - core.database - INFO - Database connection initialized successfully
2026-03-04 13:33:21,271 - services.database - INFO - 🔧 Database connection initialized, now creating tables if tables not exist...
2026-03-04 13:33:21,271 - core.database - DEBUG - [DB_OP] Starting create_tables
2026-03-04 13:33:21,272 - core.database - INFO - 🔧 Starting table creation...
2026-03-04 13:33:21,274 - aiosqlite - DEBUG - executing <function connect.<locals>.connector at 0x0000021A71B4D6C0>
2026-03-04 13:33:21,274 - aiosqlite - DEBUG - operation <function connect.<locals>.connector at 0x0000021A71B4D6C0> completed
2026-03-04 13:33:21,274 - aiosqlite - DEBUG - executing functools.partial(<built-in method create_function of sqlite3.Connection object at 0x0000021A71AF7B50>, 'regexp', 2, <function SQLiteDialect_pysqlite.on_connect.<locals>.regexp at 0x0000021A71B4C9A0>, deterministic=True)
2026-03-04 13:33:21,277 - aiosqlite - DEBUG - operation functools.partial(<built-in method create_function of sqlite3.Connection object at 0x0000021A71AF7B50>, 'regexp', 2, <function SQLiteDialect_pysqlite.on_connect.<locals>.regexp at 0x0000021A71B4C9A0>, deterministic=True) completed
2026-03-04 13:33:21,278 - aiosqlite - DEBUG - executing functools.partial(<built-in method create_function of sqlite3.Connection object at 0x0000021A71AF7B50>, 'floor', 1, <built-in function floor>, deterministic=True)
2026-03-04 13:33:21,278 - aiosqlite - DEBUG - operation functools.partial(<built-in method create_function of sqlite3.Connection object at 0x0000021A71AF7B50>, 'floor', 1, <built-in function floor>, deterministic=True) completed
2026-03-04 13:33:21,279 - aiosqlite - DEBUG - executing functools.partial(<built-in method cursor of sqlite3.Connection object at 0x0000021A71AF7B50>)
2026-03-04 13:33:21,279 - aiosqlite - DEBUG - operation functools.partial(<built-in method cursor of sqlite3.Connection object at 0x0000021A71AF7B50>) completed
2026-03-04 13:33:21,279 - aiosqlite - DEBUG - executing functools.partial(<built-in method execute of sqlite3.Cursor object at 0x0000021A71B84340>, 'PRAGMA read_uncommitted', [])
2026-03-04 13:33:21,279 - core.database - INFO - Database engine created successfully
2026-03-04 13:33:21,279 - core.database - INFO - Creating async session maker...
2026-03-04 13:33:21,280 - aiosqlite - DEBUG - operation functools.partial(<built-in method execute of sqlite3.Cursor object at 0x0000021A71B84340>, 'PRAGMA read_uncommitted', []) completed
2026-03-04 13:33:21,280 - core.database - INFO - Async session maker created successfully
2026-03-04 13:33:21,280 - core.database - INFO - Database connection initialized successfully
2026-03-04 13:33:21,280 - aiosqlite - DEBUG - executing functools.partial(<built-in method fetchall of sqlite3.Cursor object at 0x0000021A71B84340>)
2026-03-04 13:33:21,280 - services.database - INFO - 🔧 Database connection initialized, now creating tables if tables not exist...
2026-03-04 13:33:21,280 - aiosqlite - DEBUG - operation functools.partial(<built-in method fetchall of sqlite3.Cursor object at 0x0000021A71B84340>) completed
2026-03-04 13:33:21,280 - core.database - DEBUG - [DB_OP] Starting create_tables
2026-03-04 13:33:21,281 - core.database - INFO - 🔧 Starting table creation...
2026-03-04 13:33:21,281 - aiosqlite - DEBUG - executing functools.partial(<built-in method close of sqlite3.Cursor object at 0x0000021A71B84340>)
2026-03-04 13:33:21,281 - aiosqlite - DEBUG - operation functools.partial(<built-in method close of sqlite3.Cursor object at 0x0000021A71B84340>) completed
2026-03-04 13:33:21,281 - aiosqlite - DEBUG - executing functools.partial(<built-in method rollback of sqlite3.Connection object at 0x0000021A71AF7B50>)
2026-03-04 13:33:21,282 - aiosqlite - DEBUG - operation functools.partial(<built-in method rollback of sqlite3.Connection object at 0x0000021A71AF7B50>) completed
2026-03-04 13:33:21,282 - aiosqlite - DEBUG - executing <function connect.<locals>.connector at 0x000001C4BF15D6C0>
2026-03-04 13:33:21,283 - aiosqlite - DEBUG - operation <function connect.<locals>.connector at 0x000001C4BF15D6C0> completed
2026-03-04 13:33:21,283 - aiosqlite - DEBUG - executing functools.partial(<built-in method cursor of sqlite3.Connection object at 0x0000021A71AF7B50>)
2026-03-04 13:33:21,283 - aiosqlite - DEBUG - operation functools.partial(<built-in method cursor of sqlite3.Connection object at 0x0000021A71AF7B50>) completed
2026-03-04 13:33:21,284 - aiosqlite - DEBUG - executing functools.partial(<built-in method create_function of sqlite3.Connection object at 0x000001C4BF107B50>, 'regexp', 2, <function SQLiteDialect_pysqlite.on_connect.<locals>.regexp at 0x000001C4BF15C9A0>, deterministic=True)
2026-03-04 13:33:21,285 - aiosqlite - DEBUG - executing functools.partial(<built-in method execute of sqlite3.Cursor object at 0x0000021A71B84440>, 'PRAGMA main.table_info("users")', ())
2026-03-04 13:33:21,285 - aiosqlite - DEBUG - operation functools.partial(<built-in method create_function of sqlite3.Connection object at 0x000001C4BF107B50>, 'regexp', 2, <function SQLiteDialect_pysqlite.on_connect.<locals>.regexp at 0x000001C4BF15C9A0>, deterministic=True) completed
2026-03-04 13:33:21,285 - aiosqlite - DEBUG - executing functools.partial(<built-in method create_function of sqlite3.Connection object at 0x000001C4BF107B50>, 'floor', 1, <built-in function floor>, deterministic=True)
2026-03-04 13:33:21,286 - aiosqlite - DEBUG - operation functools.partial(<built-in method execute of sqlite3.Cursor object at 0x0000021A71B84440>, 'PRAGMA main.table_info("users")', ()) completed
2026-03-04 13:33:21,286 - aiosqlite - DEBUG - operation functools.partial(<built-in method create_function of sqlite3.Connection object at 0x000001C4BF107B50>, 'floor', 1, <built-in function floor>, deterministic=True) completed
2026-03-04 13:33:21,286 - aiosqlite - DEBUG - executing functools.partial(<built-in method fetchall of sqlite3.Cursor object at 0x0000021A71B84440>)
2026-03-04 13:33:21,286 - aiosqlite - DEBUG - executing functools.partial(<built-in method cursor of sqlite3.Connection object at 0x000001C4BF107B50>)
pleted
2026-03-04 13:33:21,287 - aiosqlite - DEBUG - operation functools.partial(<built-in method cursor of sqlite3.Connection object at 0x000001C4BF107B50>) completed
2026-03-04 13:33:21,287 - aiosqlite - DEBUG - executing functools.partial(<built-in method close of sqlite3.Cursor object at 0x0000021A71B84440>)
2026-03-04 13:33:21,287 - aiosqlite - DEBUG - operation functools.partial(<built-in method close of sqlite3.Cursor object at 0x0000021A71B84440>) completed
2026-03-04 13:33:21,287 - aiosqlite - DEBUG - executing functools.partial(<built-in method execute of sqlite3.Cursor object at 0x000001C4BF1942C0>, 'PRAGMA read_uncommitted', [])
2026-03-04 13:33:21,287 - aiosqlite - DEBUG - operation functools.partial(<built-in method execute of sqlite3.Cursor object at 0x000001C4BF1942C0>, 'PRAGMA read_uncommitted', []) completed
2026-03-04 13:33:21,288 - aiosqlite - DEBUG - executing functools.partial(<built-in method cursor of sqlite3.Connection object at 0x0000021A71AF7B50>)
2026-03-04 13:33:21,288 - aiosqlite - DEBUG - executing functools.partial(<built-in method fetchall of sqlite3.Cursor object at 0x000001C4BF1942C0>)
2026-03-04 13:33:21,288 - aiosqlite - DEBUG - operation functools.partial(<built-in method cursor of sqlite3.Connection object at 0x0000021A71AF7B50>) completed
2026-03-04 13:33:21,288 - aiosqlite - DEBUG - operation functools.partial(<built-in method fetchall of sqlite3.Cursor object at 0x000001C4BF1942C0>) completed
2026-03-04 13:33:21,288 - aiosqlite - DEBUG - executing functools.partial(<built-in method execute of sqlite3.Cursor object at 0x0000021A71B84440>, 'PRAGMA main.table_info("oidc_states")', ())
2026-03-04 13:33:21,288 - aiosqlite - DEBUG - executing functools.partial(<built-in method close of sqlite3.Cursor object at 0x000001C4BF1942C0>)
2026-03-04 13:33:21,289 - aiosqlite - DEBUG - operation functools.partial(<built-in method execute of sqlite3.Cursor object at 0x0000021A71B84440>, 'PRAGMA main.table_info("oidc_states")', ()) completed
2026-03-04 13:33:21,289 - aiosqlite - DEBUG - operation functools.partial(<built-in method close of sqlite3.Cursor object at 0x000001C4BF1942C0>) completed
2026-03-04 13:33:21,289 - aiosqlite - DEBUG - executing functools.partial(<built-in method fetchall of sqlite3.Cursor object at 0x0000021A71B84440>)
2026-03-04 13:33:21,289 - aiosqlite - DEBUG - executing functools.partial(<built-in method rollback of sqlite3.Connection object at 0x000001C4BF107B50>)
2026-03-04 13:33:21,289 - aiosqlite - DEBUG - operation functools.partial(<built-in method fetchall of sqlite3.Cursor object at 0x0000021A71B84440>) completed
2026-03-04 13:33:21,289 - aiosqlite - DEBUG - operation functools.partial(<built-in method rollback of sqlite3.Connection object at 0x000001C4BF107B50>) completed
2026-03-04 13:33:21,290 - aiosqlite - DEBUG - executing functools.partial(<built-in method close of sqlite3.Cursor object at 0x0000021A71B84440>)
2026-03-04 13:33:21,290 - aiosqlite - DEBUG - operation functools.partial(<built-in method close of sqlite3.Cursor object at 0x0000021A71B84440>) completed
2026-03-04 13:33:21,290 - main - INFO - Included router: routers.products.router
2026-03-04 13:33:21,290 - aiosqlite - DEBUG - executing functools.partial(<built-in method cursor of sqlite3.Connection object at 0x000001C4BF107B50>)
2026-03-04 13:33:21,291 - aiosqlite - DEBUG - operation functools.partial(<built-in method cursor of sqlite3.Connection object at 0x000001C4BF107B50>) completed
2026-03-04 13:33:21,291 - aiosqlite - DEBUG - executing functools.partial(<built-in method cursor of sqlite3.Connection object at 0x0000021A71AF7B50>)
2026-03-04 13:33:21,291 - aiosqlite - DEBUG - operation functools.partial(<built-in method cursor of sqlite3.Connection object at 0x0000021A71AF7B50>) completed
2026-03-04 13:33:21,291 - aiosqlite - DEBUG - executing functools.partial(<built-in method execute of sqlite3.Cursor object at 0x000001C4BF1943C0>, 'PRAGMA main.table_info("users")', ())
2026-03-04 13:33:21,291 - aiosqlite - DEBUG - executing functools.partial(<built-in method execute of sqlite3.Cursor object at 0x0000021A71B84440>, 'PRAGMA main.table_info("orders")', ())
2026-03-04 13:33:21,291 - aiosqlite - DEBUG - operation functools.partial(<built-in method execute of sqlite3.Cursor object at 0x0000021A71B84440>, 'PRAGMA main.table_info("orders")', ()) completed
2026-03-04 13:33:21,291 - aiosqlite - DEBUG - operation functools.partial(<built-in method execute of sqlite3.Cursor object at 0x000001C4BF1943C0>, 'PRAGMA main.table_info("users")', ()) completed
2026-03-04 13:33:21,291 - aiosqlite - DEBUG - executing functools.partial(<built-in method fetchall of sqlite3.Cursor object at 0x0000021A71B84440>)
2026-03-04 13:33:21,291 - aiosqlite - DEBUG - executing functools.partial(<built-in method fetchall of sqlite3.Cursor object at 0x000001C4BF1943C0>)
2026-03-04 13:33:21,292 - aiosqlite - DEBUG - operation functools.partial(<built-in method fetchall of sqlite3.Cursor object at 0x0000021A71B84440>) completed
2026-03-04 13:33:21,292 - aiosqlite - DEBUG - operation functools.partial(<built-in method fetchall of sqlite3.Cursor object at 0x000001C4BF1943C0>) completed
2026-03-04 13:33:21,292 - aiosqlite - DEBUG - executing functools.partial(<built-in method close of sqlite3.Cursor object at 0x000001C4BF1943C0>)
2026-03-04 13:33:21,292 - aiosqlite - DEBUG - executing functools.partial(<built-in method close of sqlite3.Cursor object at 0x0000021A71B84440>)
2026-03-04 13:33:21,292 - aiosqlite - DEBUG - operation functools.partial(<built-in method close of sqlite3.Cursor object at 0x000001C4BF1943C0>) completed
2026-03-04 13:33:21,292 - aiosqlite - DEBUG - operation functools.partial(<built-in method close of sqlite3.Cursor object at 0x0000021A71B84440>) completed
2026-03-04 13:33:21,293 - aiosqlite - DEBUG - executing functools.partial(<built-in method cursor of sqlite3.Connection object at 0x0000021A71AF7B50>)
2026-03-04 13:33:21,293 - aiosqlite - DEBUG - executing functools.partial(<built-in method cursor of sqlite3.Connection object at 0x000001C4BF107B50>)
2026-03-04 13:33:21,293 - aiosqlite - DEBUG - operation functools.partial(<built-in method cursor of sqlite3.Connection object at 0x0000021A71AF7B50>) completed
2026-03-04 13:33:21,293 - aiosqlite - DEBUG - operation functools.partial(<built-in method cursor of sqlite3.Connection object at 0x000001C4BF107B50>) completed
2026-03-04 13:33:21,293 - aiosqlite - DEBUG - executing functools.partial(<built-in method execute of sqlite3.Cursor object at 0x0000021A71B84440>, 'PRAGMA main.table_info("products")', ())
2026-03-04 13:33:21,293 - aiosqlite - DEBUG - executing functools.partial(<built-in method execute of sqlite3.Cursor object at 0x000001C4BF1943C0>, 'PRAGMA main.table_info("oidc_states")', ())
2026-03-04 13:33:21,294 - aiosqlite - DEBUG - operation functools.partial(<built-in method execute of sqlite3.Cursor object at 0x000001C4BF1943C0>, 'PRAGMA main.table_info("oidc_states")', ()) completed
2026-03-04 13:33:21,294 - aiosqlite - DEBUG - operation functools.partial(<built-in method execute of sqlite3.Cursor object at 0x0000021A71B84440>, 'PRAGMA main.table_info("products")', ()) completed
2026-03-04 13:33:21,294 - aiosqlite - DEBUG - executing functools.partial(<built-in method fetchall of sqlite3.Cursor object at 0x000001C4BF1943C0>)
2026-03-04 13:33:21,294 - aiosqlite - DEBUG - executing functools.partial(<built-in method fetchall of sqlite3.Cursor object at 0x0000021A71B84440>)
2026-03-04 13:33:21,294 - aiosqlite - DEBUG - operation functools.partial(<built-in method fetchall of sqlite3.Cursor object at 0x000001C4BF1943C0>) completed
2026-03-04 13:33:21,295 - aiosqlite - DEBUG - operation functools.partial(<built-in method fetchall of sqlite3.Cursor object at 0x0000021A71B84440>) completed
2026-03-04 13:33:21,295 - aiosqlite - DEBUG - executing functools.partial(<built-in method close of sqlite3.Cursor object at 0x000001C4BF1943C0>)
2026-03-04 13:33:21,295 - aiosqlite - DEBUG - executing functools.partial(<built-in method close of sqlite3.Cursor object at 0x0000021A71B84440>)
2026-03-04 13:33:21,295 - aiosqlite - DEBUG - operation functools.partial(<built-in method close of sqlite3.Cursor object at 0x000001C4BF1943C0>) completed
2026-03-04 13:33:21,295 - aiosqlite - DEBUG - operation functools.partial(<built-in method close of sqlite3.Cursor object at 0x0000021A71B84440>) completed
2026-03-04 13:33:21,296 - aiosqlite - DEBUG - executing functools.partial(<built-in method cursor of sqlite3.Connection object at 0x000001C4BF107B50>)
2026-03-04 13:33:21,296 - core.database - INFO - Tables initialized successfully
n method cursor of sqlite3.Connection object at 0x000001C4BF107B50>) completed
2026-03-04 13:33:21,296 - core.database - DEBUG - [DB_OP] Create tables completed in 0.0248s
2026-03-04 13:33:21,296 - aiosqlite - DEBUG - executing functools.partial(<built-in method execute of sqlite3.Cursor object at 0x000001C4BF1943C0>, 'PRAGMA main.table_info("orders")', ())
2026-03-04 13:33:21,296 - aiosqlite - DEBUG - executing functools.partial(<built-in method commit of sqlite3.Connection object at 0x0000021A71AF7B50>)
2026-03-04 13:33:21,297 - aiosqlite - DEBUG - operation functools.partial(<built-in method execute of sqlite3.Cursor object at 0x000001C4BF1943C0>, 'PRAGMA main.table_info("orders")', ()) completed
2026-03-04 13:33:21,297 - aiosqlite - DEBUG - operation functools.partial(<built-in method commit of sqlite3.Connection object at 0x0000021A71AF7B50>) completed
2026-03-04 13:33:21,297 - aiosqlite - DEBUG - executing functools.partial(<built-in method fetchall of sqlite3.Cursor object at 0x000001C4BF1943C0>)
2026-03-04 13:33:21,297 - aiosqlite - DEBUG - operation functools.partial(<built-in method fetchall of sqlite3.Cursor object at 0x000001C4BF1943C0>) completed
2026-03-04 13:33:21,298 - aiosqlite - DEBUG - executing functools.partial(<built-in method rollback of sqlite3.Connection object at 0x0000021A71AF7B50>)
2026-03-04 13:33:21,298 - aiosqlite - DEBUG - operation functools.partial(<built-in method rollback of sqlite3.Connection object at 0x0000021A71AF7B50>) completed
2026-03-04 13:33:21,298 - aiosqlite - DEBUG - executing functools.partial(<built-in method close of sqlite3.Cursor object at 0x000001C4BF1943C0>)
2026-03-04 13:33:21,298 - aiosqlite - DEBUG - operation functools.partial(<built-in method close of sqlite3.Cursor object at 0x000001C4BF1943C0>) completed
2026-03-04 13:33:21,298 - aiosqlite - DEBUG - executing functools.partial(<built-in method close of sqlite3.Connection object at 0x0000021A71AF7B50>)
2026-03-04 13:33:21,298 - aiosqlite - DEBUG - operation functools.partial(<built-in method close of sqlite3.Connection object at 0x0000021A71AF7B50>) completed
2026-03-04 13:33:21,298 - aiosqlite - DEBUG - executing functools.partial(<built-in method cursor of sqlite3.Connection object at 0x000001C4BF107B50>)
2026-03-04 13:33:21,299 - services.database - INFO - 🔧 Table creation completed
2026-03-04 13:33:21,299 - services.database - INFO - Database initialized successfully
2026-03-04 13:33:21,299 - aiosqlite - DEBUG - operation functools.partial(<built-in method cursor of sqlite3.Connection object at 0x000001C4BF107B50>) completed
2026-03-04 13:33:21,300 - services.database - DEBUG - [DB_OP] Database initialization completed in 0.0648s
2026-03-04 13:33:21,300 - aiosqlite - DEBUG - executing functools.partial(<built-in method execute of sqlite3.Cursor object at 0x000001C4BF1943C0>, 'PRAGMA main.table_info("products")', ())
2026-03-04 13:33:21,300 - aiosqlite - DEBUG - operation functools.partial(<built-in method execute of sqlite3.Cursor object at 0x000001C4BF1943C0>, 'PRAGMA main.table_info("products")', ()) completed
2026-03-04 13:33:21,300 - services.mock_data - INFO - Processing mock data file products.json for table products
2026-03-04 13:33:21,301 - aiosqlite - DEBUG - executing functools.partial(<built-in method fetchall of sqlite3.Cursor object at 0x000001C4BF1943C0>)
2026-03-04 13:33:21,301 - aiosqlite - DEBUG - operation functools.partial(<built-in method fetchall of sqlite3.Cursor object at 0x000001C4BF1943C0>) completed
2026-03-04 13:33:21,301 - aiosqlite - DEBUG - executing <function connect.<locals>.connector at 0x0000021A71B4D760>
2026-03-04 13:33:21,301 - aiosqlite - DEBUG - executing functools.partial(<built-in method close of sqlite3.Cursor object at 0x000001C4BF1943C0>)
2026-03-04 13:33:21,301 - aiosqlite - DEBUG - operation <function connect.<locals>.connector at 0x0000021A71B4D760> completed
2026-03-04 13:33:21,302 - aiosqlite - DEBUG - operation functools.partial(<built-in method close of sqlite3.Cursor object at 0x000001C4BF1943C0>) completed
2026-03-04 13:33:21,302 - aiosqlite - DEBUG - executing functools.partial(<built-in method create_function of sqlite3.Connection object at 0x0000021A71B89F30>, 'regexp', 2, <function SQLiteDialect_pysqlite.on_connect.<locals>.regexp at 0x0000021A71B4C9A0>, deterministic=True)
2026-03-04 13:33:21,302 - aiosqlite - DEBUG - operation functools.partial(<built-in method create_function of sqlite3.Connection object at 0x0000021A71B89F30>, 'regexp', 2, <function SQLiteDialect_pysqlite.on_connect.<locals>.regexp at 0x0000021A71B4C9A0>, deterministic=True) completed
2026-03-04 13:33:21,302 - core.database - DEBUG - [DB_OP] Create tables completed in 0.0221s
2026-03-04 13:33:21,303 - aiosqlite - DEBUG - executing functools.partial(<built-in method commit of sqlite3.Connection object at 0x000001C4BF107B50>)
2026-03-04 13:33:21,303 - aiosqlite - DEBUG - executing functools.partial(<built-in method create_function of sqlite3.Connection object at 0x0000021A71B89F30>, 'floor', 1, <built-in function floor>, deterministic=True)
2026-03-04 13:33:21,303 - aiosqlite - DEBUG - operation functools.partial(<built-in method commit of sqlite3.Connection object at 0x000001C4BF107B50>) completed
2026-03-04 13:33:21,303 - aiosqlite - DEBUG - operation functools.partial(<built-in method create_function of sqlite3.Connection object at 0x0000021A71B89F30>, 'floor', 1, <built-in function floor>, deterministic=True) completed
2026-03-04 13:33:21,303 - aiosqlite - DEBUG - executing functools.partial(<built-in method rollback of sqlite3.Connection object at 0x000001C4BF107B50>)
2026-03-04 13:33:21,305 - aiosqlite - DEBUG - operation functools.partial(<built-in method rollback of sqlite3.Connection object at 0x000001C4BF107B50>) completed
2026-03-04 13:33:21,305 - aiosqlite - DEBUG - executing functools.partial(<built-in method cursor of sqlite3.Connection object at 0x0000021A71B89F30>)
2026-03-04 13:33:21,305 - aiosqlite - DEBUG - operation functools.partial(<built-in method cursor of sqlite3.Connection object at 0x0000021A71B89F30>) completed
2026-03-04 13:33:21,305 - aiosqlite - DEBUG - operation functools.partial(<built-in method close of sqlite3.Connection object at 0x000001C4BF107B50>) completed
2026-03-04 13:33:21,305 - aiosqlite - DEBUG - executing functools.partial(<built-in method execute of sqlite3.Cursor object at 0x0000021A71B84CC0>, 'PRAGMA main.table_xinfo("products")', ())
2026-03-04 13:33:21,306 - services.database - INFO - 🔧 Table creation completed
2026-03-04 13:33:21,306 - aiosqlite - DEBUG - operation functools.partial(<built-in method execute of sqlite3.Cursor object at 0x0000021A71B84CC0>, 'PRAGMA main.table_xinfo("products")', ()) completed
2026-03-04 13:33:21,307 - services.database - INFO - Database initialized successfully
2026-03-04 13:33:21,307 - services.database - DEBUG - [DB_OP] Database initialization completed in 0.0570s
2026-03-04 13:33:21,307 - aiosqlite - DEBUG - executing functools.partial(<built-in method fetchall of sqlite3.Cursor object at 0x0000021A71B84CC0>)
2026-03-04 13:33:21,307 - aiosqlite - DEBUG - operation functools.partial(<built-in method fetchall of sqlite3.Cursor object at 0x0000021A71B84CC0>) completed
2026-03-04 13:33:21,308 - services.mock_data - INFO - Processing mock data file products.json for table products
2026-03-04 13:33:21,308 - aiosqlite - DEBUG - executing functools.partial(<built-in method close of sqlite3.Cursor object at 0x0000021A71B84CC0>)
2026-03-04 13:33:21,308 - aiosqlite - DEBUG - operation functools.partial(<built-in method close of sqlite3.Cursor object at 0x0000021A71B84CC0>) completed
2026-03-04 13:33:21,308 - aiosqlite - DEBUG - executing <function connect.<locals>.connector at 0x000001C4BF15D760>
2026-03-04 13:33:21,309 - aiosqlite - DEBUG - executing functools.partial(<built-in method cursor of sqlite3.Connection object at 0x0000021A71B89F30>)
2026-03-04 13:33:21,309 - aiosqlite - DEBUG - operation <function connect.<locals>.connector at 0x000001C4BF15D760> completed
2026-03-04 13:33:21,309 - aiosqlite - DEBUG - operation functools.partial(<built-in method cursor of sqlite3.Connection object at 0x0000021A71B89F30>) completed
2026-03-04 13:33:21,309 - aiosqlite - DEBUG - executing functools.partial(<built-in method execute of sqlite3.Cursor object at 0x0000021A71B84CC0>, "SELECT sql FROM  (SELECT * FROM sqlite_master UNION ALL   SELECT * FROM sqlite_temp_master) WHERE name = ? AND type in ('table', 'view')", ('products',))
2026-03-04 13:33:21,309 - aiosqlite - DEBUG - executing functools.partial(<built-in method create_function of sqlite3.Connection object at 0x000001C4BF199F30>, 'regexp', 2, <function SQLiteDialect_pysqlite.on_connect.<locals>.regexp at 0x000001C4BF15C9A0>, deterministic=True)
2026-03-04 13:33:21,309 - aiosqlite - DEBUG - operation functools.partial(<built-in method create_function of sqlite3.Connection object at 0x000001C4BF199F30>, 'regexp', 2, <function SQLiteDialect_pysqlite.on_connect.<locals>.regexp at 0x000001C4BF15C9A0>, deterministic=True) completed
2026-03-04 13:33:21,309 - aiosqlite - DEBUG - operation functools.partial(<built-in method execute of sqlite3.Cursor object at 0x0000021A71B84CC0>, "SELECT sql FROM  (SELECT * FROM sqlite_master UNION ALL   SELECT * FROM sqlite_temp_master) WHERE name = ? AND type in ('table', 'view')", ('products',)) completed
2026-03-04 13:33:21,309 - aiosqlite - DEBUG - executing functools.partial(<built-in method create_function of sqlite3.Connection object at 0x000001C4BF199F30>, 'floor', 1, <built-in function floor>, deterministic=True)
2026-03-04 13:33:21,309 - aiosqlite - DEBUG - executing functools.partial(<built-in method fetchall of sqlite3.Cursor object at 0x0000021A71B84CC0>)
2026-03-04 13:33:21,309 - aiosqlite - DEBUG - operation functools.partial(<built-in method create_function of sqlite3.Connection object at 0x000001C4BF199F30>, 'floor', 1, <built-in function floor>, deterministic=True) completed
2026-03-04 13:33:21,309 - aiosqlite - DEBUG - operation functools.partial(<built-in method fetchall of sqlite3.Cursor object at 0x0000021A71B84CC0>) completed
2026-03-04 13:33:21,309 - aiosqlite - DEBUG - executing functools.partial(<built-in method close of sqlite3.Cursor object at 0x0000021A71B84CC0>)
2026-03-04 13:33:21,312 - aiosqlite - DEBUG - operation functools.partial(<built-in method close of sqlite3.Cursor object at 0x0000021A71B84CC0>) completed
2026-03-04 13:33:21,312 - aiosqlite - DEBUG - executing functools.partial(<built-in method cursor of sqlite3.Connection object at 0x000001C4BF199F30>)
2026-03-04 13:33:21,313 - aiosqlite - DEBUG - operation functools.partial(<built-in method cursor of sqlite3.Connection object at 0x000001C4BF199F30>) completed
2026-03-04 13:33:21,313 - aiosqlite - DEBUG - executing functools.partial(<built-in method cursor of sqlite3.Connection object at 0x0000021A71B89F30>)
2026-03-04 13:33:21,313 - aiosqlite - DEBUG - executing functools.partial(<built-in method execute of sqlite3.Cursor object at 0x000001C4BF194C40>, 'PRAGMA main.table_xinfo("products")', ())
2026-03-04 13:33:21,314 - aiosqlite - DEBUG - operation functools.partial(<built-in method cursor of sqlite3.Connection object at 0x0000021A71B89F30>) completed
2026-03-04 13:33:21,314 - aiosqlite - DEBUG - operation functools.partial(<built-in method execute of sqlite3.Cursor object at 0x000001C4BF194C40>, 'PRAGMA main.table_xinfo("products")', ()) completed
2026-03-04 13:33:21,314 - aiosqlite - DEBUG - executing functools.partial(<built-in method execute of sqlite3.Cursor object at 0x0000021A71B84CC0>, 'PRAGMA main.foreign_key_list("products")', ())
2026-03-04 13:33:21,315 - aiosqlite - DEBUG - operation functools.partial(<built-in method execute of sqlite3.Cursor object at 0x0000021A71B84CC0>, 'PRAGMA main.foreign_key_list("products")', ()) completed
2026-03-04 13:33:21,315 - aiosqlite - DEBUG - executing functools.partial(<built-in method fetchall of sqlite3.Cursor object at 0x000001C4BF194C40>)
2026-03-04 13:33:21,315 - aiosqlite - DEBUG - executing functools.partial(<built-in method fetchall of sqlite3.Cursor object at 0x0000021A71B84CC0>)
2026-03-04 13:33:21,315 - aiosqlite - DEBUG - operation functools.partial(<built-in method fetchall of sqlite3.Cursor object at 0x000001C4BF194C40>) completed
2026-03-04 13:33:21,315 - aiosqlite - DEBUG - operation functools.partial(<built-in method fetchall of sqlite3.Cursor object at 0x0000021A71B84CC0>) completed
2026-03-04 13:33:21,316 - aiosqlite - DEBUG - executing functools.partial(<built-in method close of sqlite3.Cursor object at 0x0000021A71B84CC0>)
2026-03-04 13:33:21,316 - aiosqlite - DEBUG - executing functools.partial(<built-in method close of sqlite3.Cursor object at 0x000001C4BF194C40>)
2026-03-04 13:33:21,316 - aiosqlite - DEBUG - operation functools.partial(<built-in method close of sqlite3.Cursor object at 0x0000021A71B84CC0>) completed
2026-03-04 13:33:21,317 - aiosqlite - DEBUG - operation functools.partial(<built-in method close of sqlite3.Cursor object at 0x000001C4BF194C40>) completed
2026-03-04 13:33:21,317 - aiosqlite - DEBUG - executing functools.partial(<built-in method cursor of sqlite3.Connection object at 0x0000021A71B89F30>)
2026-03-04 13:33:21,317 - aiosqlite - DEBUG - operation functools.partial(<built-in method cursor of sqlite3.Connection object at 0x0000021A71B89F30>) completed
2026-03-04 13:33:21,318 - aiosqlite - DEBUG - executing functools.partial(<built-in method cursor of sqlite3.Connection object at 0x000001C4BF199F30>)
GMA temp.foreign_key_list("products")', ())
2026-03-04 13:33:21,318 - aiosqlite - DEBUG - operation functools.partial(<built-in method cursor of sqlite3.Connection object at 0x000001C4BF199F30>) completed
2026-03-04 13:33:21,318 - aiosqlite - DEBUG - operation functools.partial(<built-in method execute of sqlite3.Cursor object at 0x0000021A71B84CC0>, 'PRAGMA temp.foreign_key_list("products")', ()) completed
2026-03-04 13:33:21,318 - aiosqlite - DEBUG - executing functools.partial(<built-in method execute of sqlite3.Cursor object at 0x000001C4BF194C40>, "SELECT sql FROM  (SELECT * FROM sqlite_master UNION ALL   SELECT * FROM sqlite_temp_master) WHERE name = ? AND type in ('table', 'view')", ('products',))
2026-03-04 13:33:21,318 - aiosqlite - DEBUG - executing functools.partial(<built-in method fetchall of sqlite3.Cursor object at 0x0000021A71B84CC0>)
2026-03-04 13:33:21,318 - aiosqlite - DEBUG - operation functools.partial(<built-in method fetchall of sqlite3.Cursor object at 0x0000021A71B84CC0>) completed
2026-03-04 13:33:21,318 - aiosqlite - DEBUG - operation functools.partial(<built-in method execute of sqlite3.Cursor object at 0x000001C4BF194C40>, "SELECT sql FROM  (SELECT * FROM sqlite_master UNION ALL   SELECT * FROM sqlite_temp_master) WHERE name = ? AND type in ('table', 'view')", ('products',)) completed
2026-03-04 13:33:21,318 - aiosqlite - DEBUG - executing functools.partial(<built-in method close of sqlite3.Cursor object at 0x0000021A71B84CC0>)
2026-03-04 13:33:21,318 - aiosqlite - DEBUG - operation functools.partial(<built-in method close of sqlite3.Cursor object at 0x0000021A71B84CC0>) completed
2026-03-04 13:33:21,320 - aiosqlite - DEBUG - executing functools.partial(<built-in method cursor of sqlite3.Connection object at 0x0000021A71B89F30>)
2026-03-04 13:33:21,320 - aiosqlite - DEBUG - executing functools.partial(<built-in method fetchall of sqlite3.Cursor object at 0x000001C4BF194C40>)
2026-03-04 13:33:21,320 - main - INFO - Included router: routers.settings.router
2026-03-04 13:33:21,320 - aiosqlite - DEBUG - operation functools.partial(<built-in method cursor of sqlite3.Connection object at 0x0000021A71B89F30>) completed
2026-03-04 13:33:21,321 - aiosqlite - DEBUG - operation functools.partial(<built-in method fetchall of sqlite3.Cursor object at 0x000001C4BF194C40>) completed
2026-03-04 13:33:21,321 - aiosqlite - DEBUG - executing functools.partial(<built-in method execute of sqlite3.Cursor object at 0x0000021A71B84CC0>, "SELECT sql FROM  (SELECT * FROM sqlite_master UNION ALL   SELECT * FROM sqlite_temp_master) WHERE name = ? AND type in ('table', 'view')", ('products',))
2026-03-04 13:33:21,321 - aiosqlite - DEBUG - executing functools.partial(<built-in method close of sqlite3.Cursor object at 0x000001C4BF194C40>)
2026-03-04 13:33:21,322 - aiosqlite - DEBUG - operation functools.partial(<built-in method close of sqlite3.Cursor object at 0x000001C4BF194C40>) completed
2026-03-04 13:33:21,322 - aiosqlite - DEBUG - operation functools.partial(<built-in method execute of sqlite3.Cursor object at 0x0000021A71B84CC0>, "SELECT sql FROM  (SELECT * FROM sqlite_master UNION ALL   SELECT * FROM sqlite_temp_master) WHERE name = ? AND type in ('table', 'view')", ('products',)) completed
2026-03-04 13:33:21,322 - aiosqlite - DEBUG - executing functools.partial(<built-in method fetchall of sqlite3.Cursor object at 0x0000021A71B84CC0>)
2026-03-04 13:33:21,323 - aiosqlite - DEBUG - operation functools.partial(<built-in method fetchall of sqlite3.Cursor object at 0x0000021A71B84CC0>) completed
2026-03-04 13:33:21,323 - aiosqlite - DEBUG - executing functools.partial(<built-in method cursor of sqlite3.Connection object at 0x000001C4BF199F30>)
2026-03-04 13:33:21,323 - aiosqlite - DEBUG - executing functools.partial(<built-in method close of sqlite3.Cursor object at 0x0000021A71B84CC0>)
2026-03-04 13:33:21,323 - aiosqlite - DEBUG - operation functools.partial(<built-in method close of sqlite3.Cursor object at 0x0000021A71B84CC0>) completed
2026-03-04 13:33:21,324 - aiosqlite - DEBUG - operation functools.partial(<built-in method cursor of sqlite3.Connection object at 0x000001C4BF199F30>) completed
2026-03-04 13:33:21,324 - aiosqlite - DEBUG - executing functools.partial(<built-in method execute of sqlite3.Cursor object at 0x000001C4BF194C40>, 'PRAGMA main.foreign_key_list("products")', ())
2026-03-04 13:33:21,325 - aiosqlite - DEBUG - operation functools.partial(<built-in method execute of sqlite3.Cursor object at 0x000001C4BF194C40>, 'PRAGMA main.foreign_key_list("products")', ()) completed
2026-03-04 13:33:21,325 - aiosqlite - DEBUG - executing functools.partial(<built-in method fetchall of sqlite3.Cursor object at 0x000001C4BF194C40>)
2026-03-04 13:33:21,326 - aiosqlite - DEBUG - operation functools.partial(<built-in method fetchall of sqlite3.Cursor object at 0x000001C4BF194C40>) completed
2026-03-04 13:33:21,326 - aiosqlite - DEBUG - executing functools.partial(<built-in method cursor of sqlite3.Connection object at 0x0000021A71B89F30>)
2026-03-04 13:33:21,326 - aiosqlite - DEBUG - operation functools.partial(<built-in method cursor of sqlite3.Connection object at 0x0000021A71B89F30>) completed
2026-03-04 13:33:21,327 - aiosqlite - DEBUG - executing functools.partial(<built-in method close of sqlite3.Cursor object at 0x000001C4BF194C40>)
2026-03-04 13:33:21,327 - aiosqlite - DEBUG - executing functools.partial(<built-in method execute of sqlite3.Cursor object at 0x0000021A71B84CC0>, 'PRAGMA main.index_list("products")', ())
2026-03-04 13:33:21,328 - aiosqlite - DEBUG - operation functools.partial(<built-in method execute of sqlite3.Cursor object at 0x0000021A71B84CC0>, 'PRAGMA main.index_list("products")', ()) completed
2026-03-04 13:33:21,329 - aiosqlite - DEBUG - executing functools.partial(<built-in method fetchall of sqlite3.Cursor object at 0x0000021A71B84CC0>)
2026-03-04 13:33:21,329 - aiosqlite - DEBUG - operation functools.partial(<built-in method fetchall of sqlite3.Cursor object at 0x0000021A71B84CC0>) completed
2026-03-04 13:33:21,330 - aiosqlite - DEBUG - executing functools.partial(<built-in method close of sqlite3.Cursor object at 0x0000021A71B84CC0>)
2026-03-04 13:33:21,330 - aiosqlite - DEBUG - operation functools.partial(<built-in method close of sqlite3.Cursor object at 0x0000021A71B84CC0>) completed
2026-03-04 13:33:21,331 - aiosqlite - DEBUG - operation functools.partial(<built-in method close of sqlite3.Cursor object at 0x000001C4BF194C40>) completed
2026-03-04 13:33:21,331 - aiosqlite - DEBUG - executing functools.partial(<built-in method cursor of sqlite3.Connection object at 0x0000021A71B89F30>)
2026-03-04 13:33:21,331 - aiosqlite - DEBUG - operation functools.partial(<built-in method cursor of sqlite3.Connection object at 0x0000021A71B89F30>) completed
2026-03-04 13:33:21,332 - aiosqlite - DEBUG - executing functools.partial(<built-in method cursor of sqlite3.Connection object at 0x000001C4BF199F30>)
2026-03-04 13:33:21,332 - aiosqlite - DEBUG - executing functools.partial(<built-in method execute of sqlite3.Cursor object at 0x0000021A71B84CC0>, 'PRAGMA main.index_info("ix_products_id")', ())
2026-03-04 13:33:21,332 - aiosqlite - DEBUG - operation functools.partial(<built-in method cursor of sqlite3.Connection object at 0x000001C4BF199F30>) completed
2026-03-04 13:33:21,332 - aiosqlite - DEBUG - operation functools.partial(<built-in method execute of sqlite3.Cursor object at 0x0000021A71B84CC0>, 'PRAGMA main.index_info("ix_products_id")', ()) completed
2026-03-04 13:33:21,332 - aiosqlite - DEBUG - executing functools.partial(<built-in method execute of sqlite3.Cursor object at 0x000001C4BF194C40>, 'PRAGMA temp.foreign_key_list("products")', ())
2026-03-04 13:33:21,332 - aiosqlite - DEBUG - operation functools.partial(<built-in method execute of sqlite3.Cursor object at 0x000001C4BF194C40>, 'PRAGMA temp.foreign_key_list("products")', ()) completed
2026-03-04 13:33:21,332 - aiosqlite - DEBUG - executing functools.partial(<built-in method fetchall of sqlite3.Cursor object at 0x0000021A71B84CC0>)
2026-03-04 13:33:21,333 - aiosqlite - DEBUG - operation functools.partial(<built-in method fetchall of sqlite3.Cursor object at 0x0000021A71B84CC0>) completed
2026-03-04 13:33:21,333 - aiosqlite - DEBUG - executing functools.partial(<built-in method close of sqlite3.Cursor object at 0x0000021A71B84CC0>)
2026-03-04 13:33:21,334 - aiosqlite - DEBUG - executing functools.partial(<built-in method fetchall of sqlite3.Cursor object at 0x000001C4BF194C40>)
2026-03-04 13:33:21,334 - aiosqlite - DEBUG - operation functools.partial(<built-in method close of sqlite3.Cursor object at 0x0000021A71B84CC0>) completed
2026-03-04 13:33:21,334 - aiosqlite - DEBUG - operation functools.partial(<built-in method fetchall of sqlite3.Cursor object at 0x000001C4BF194C40>) completed
2026-03-04 13:33:21,334 - aiosqlite - DEBUG - executing functools.partial(<built-in method close of sqlite3.Cursor object at 0x000001C4BF194C40>)
2026-03-04 13:33:21,335 - aiosqlite - DEBUG - executing functools.partial(<built-in method cursor of sqlite3.Connection object at 0x0000021A71B89F30>)
2026-03-04 13:33:21,335 - aiosqlite - DEBUG - operation functools.partial(<built-in method close of sqlite3.Cursor object at 0x000001C4BF194C40>) completed
2026-03-04 13:33:21,335 - aiosqlite - DEBUG - operation functools.partial(<built-in method cursor of sqlite3.Connection object at 0x0000021A71B89F30>) completed
2026-03-04 13:33:21,335 - aiosqlite - DEBUG - executing functools.partial(<built-in method execute of sqlite3.Cursor object at 0x0000021A71B84CC0>, 'PRAGMA main.index_list("products")', ())
2026-03-04 13:33:21,335 - aiosqlite - DEBUG - executing functools.partial(<built-in method cursor of sqlite3.Connection object at 0x000001C4BF199F30>)
2026-03-04 13:33:21,336 - aiosqlite - DEBUG - operation functools.partial(<built-in method cursor of sqlite3.Connection object at 0x000001C4BF199F30>) completed
ndex_list("products")', ()) completed
2026-03-04 13:33:21,336 - aiosqlite - DEBUG - executing functools.partial(<built-in method execute of sqlite3.Cursor object at 0x000001C4BF194C40>, "SELECT sql FROM  (SELECT * FROM sqlite_master UNION ALL   SELECT * FROM sqlite_temp_master) WHERE name = ? AND type in ('table', 'view')", ('products',))
2026-03-04 13:33:21,336 - aiosqlite - DEBUG - executing functools.partial(<built-in method fetchall of sqlite3.Cursor object at 0x0000021A71B84CC0>)
2026-03-04 13:33:21,336 - aiosqlite - DEBUG - operation functools.partial(<built-in method fetchall of sqlite3.Cursor object at 0x0000021A71B84CC0>) completed
2026-03-04 13:33:21,336 - aiosqlite - DEBUG - operation functools.partial(<built-in method execute of sqlite3.Cursor object at 0x000001C4BF194C40>, "SELECT sql FROM  (SELECT * FROM sqlite_master UNION ALL   SELECT * FROM sqlite_temp_master) WHERE name = ? AND type in ('table', 'view')", ('products',)) completed
2026-03-04 13:33:21,337 - aiosqlite - DEBUG - executing functools.partial(<built-in method close of sqlite3.Cursor object at 0x0000021A71B84CC0>)
2026-03-04 13:33:21,337 - aiosqlite - DEBUG - operation functools.partial(<built-in method close of sqlite3.Cursor object at 0x0000021A71B84CC0>) completed
2026-03-04 13:33:21,337 - aiosqlite - DEBUG - executing functools.partial(<built-in method fetchall of sqlite3.Cursor object at 0x000001C4BF194C40>)
2026-03-04 13:33:21,337 - aiosqlite - DEBUG - operation functools.partial(<built-in method fetchall of sqlite3.Cursor object at 0x000001C4BF194C40>) completed
2026-03-04 13:33:21,337 - aiosqlite - DEBUG - executing functools.partial(<built-in method cursor of sqlite3.Connection object at 0x0000021A71B89F30>)
2026-03-04 13:33:21,338 - aiosqlite - DEBUG - operation functools.partial(<built-in method cursor of sqlite3.Connection object at 0x0000021A71B89F30>) completed
2026-03-04 13:33:21,338 - aiosqlite - DEBUG - executing functools.partial(<built-in method close of sqlite3.Cursor object at 0x000001C4BF194C40>)
2026-03-04 13:33:21,338 - aiosqlite - DEBUG - executing functools.partial(<built-in method execute of sqlite3.Cursor object at 0x0000021A71B84CC0>, 'PRAGMA main.index_info("ix_products_id")', ())
2026-03-04 13:33:21,338 - aiosqlite - DEBUG - operation functools.partial(<built-in method close of sqlite3.Cursor object at 0x000001C4BF194C40>) completed
2026-03-04 13:33:21,338 - aiosqlite - DEBUG - operation functools.partial(<built-in method execute of sqlite3.Cursor object at 0x0000021A71B84CC0>, 'PRAGMA main.index_info("ix_products_id")', ()) completed
2026-03-04 13:33:21,339 - aiosqlite - DEBUG - executing functools.partial(<built-in method fetchall of sqlite3.Cursor object at 0x0000021A71B84CC0>)
2026-03-04 13:33:21,339 - aiosqlite - DEBUG - operation functools.partial(<built-in method fetchall of sqlite3.Cursor object at 0x0000021A71B84CC0>) completed
2026-03-04 13:33:21,339 - aiosqlite - DEBUG - executing functools.partial(<built-in method close of sqlite3.Cursor object at 0x0000021A71B84CC0>)
2026-03-04 13:33:21,339 - aiosqlite - DEBUG - operation functools.partial(<built-in method close of sqlite3.Cursor object at 0x0000021A71B84CC0>) completed
2026-03-04 13:33:21,340 - aiosqlite - DEBUG - executing functools.partial(<built-in method cursor of sqlite3.Connection object at 0x000001C4BF199F30>)
2026-03-04 13:33:21,340 - aiosqlite - DEBUG - executing functools.partial(<built-in method cursor of sqlite3.Connection object at 0x0000021A71B89F30>)
ompleted
2026-03-04 13:33:21,340 - aiosqlite - DEBUG - operation functools.partial(<built-in method cursor of sqlite3.Connection object at 0x0000021A71B89F30>) completed
2026-03-04 13:33:21,340 - aiosqlite - DEBUG - executing functools.partial(<built-in method execute of sqlite3.Cursor object at 0x000001C4BF194C40>, 'PRAGMA main.index_list("products")', ())
2026-03-04 13:33:21,341 - aiosqlite - DEBUG - executing functools.partial(<built-in method execute of sqlite3.Cursor object at 0x0000021A71B84CC0>, "SELECT sql FROM  (SELECT * FROM sqlite_master UNION ALL   SELECT * FROM sqlite_temp_master) WHERE name = ? AND type in ('table', 'view')", ('products',))
2026-03-04 13:33:21,341 - aiosqlite - DEBUG - operation functools.partial(<built-in method execute of sqlite3.Cursor object at 0x000001C4BF194C40>, 'PRAGMA main.index_list("products")', ()) completed
2026-03-04 13:33:21,342 - aiosqlite - DEBUG - operation functools.partial(<built-in method execute of sqlite3.Cursor object at 0x0000021A71B84CC0>, "SELECT sql FROM  (SELECT * FROM sqlite_master UNION ALL   SELECT * FROM sqlite_temp_master) WHERE name = ? AND type in ('table', 'view')", ('products',)) completed
2026-03-04 13:33:21,343 - aiosqlite - DEBUG - executing functools.partial(<built-in method fetchall of sqlite3.Cursor object at 0x000001C4BF194C40>)
2026-03-04 13:33:21,343 - aiosqlite - DEBUG - executing functools.partial(<built-in method fetchall of sqlite3.Cursor object at 0x0000021A71B84CC0>)
2026-03-04 13:33:21,343 - aiosqlite - DEBUG - operation functools.partial(<built-in method fetchall of sqlite3.Cursor object at 0x000001C4BF194C40>) completed
2026-03-04 13:33:21,344 - aiosqlite - DEBUG - operation functools.partial(<built-in method fetchall of sqlite3.Cursor object at 0x0000021A71B84CC0>) completed
2026-03-04 13:33:21,344 - aiosqlite - DEBUG - executing functools.partial(<built-in method close of sqlite3.Cursor object at 0x000001C4BF194C40>)
2026-03-04 13:33:21,344 - aiosqlite - DEBUG - executing functools.partial(<built-in method close of sqlite3.Cursor object at 0x0000021A71B84CC0>)
2026-03-04 13:33:21,344 - aiosqlite - DEBUG - operation functools.partial(<built-in method close of sqlite3.Cursor object at 0x000001C4BF194C40>) completed
2026-03-04 13:33:21,344 - aiosqlite - DEBUG - operation functools.partial(<built-in method close of sqlite3.Cursor object at 0x0000021A71B84CC0>) completed
2026-03-04 13:33:21,345 - aiosqlite - DEBUG - executing functools.partial(<built-in method cursor of sqlite3.Connection object at 0x000001C4BF199F30>)
2026-03-04 13:33:21,345 - aiosqlite - DEBUG - operation functools.partial(<built-in method cursor of sqlite3.Connection object at 0x000001C4BF199F30>) completed
2026-03-04 13:33:21,345 - aiosqlite - DEBUG - executing functools.partial(<built-in method execute of sqlite3.Cursor object at 0x000001C4BF194C40>, 'PRAGMA main.index_info("ix_products_id")', ())
2026-03-04 13:33:21,346 - aiosqlite - DEBUG - operation functools.partial(<built-in method execute of sqlite3.Cursor object at 0x000001C4BF194C40>, 'PRAGMA main.index_info("ix_products_id")', ()) completed
2026-03-04 13:33:21,347 - aiosqlite - DEBUG - executing functools.partial(<built-in method fetchall of sqlite3.Cursor object at 0x000001C4BF194C40>)
2026-03-04 13:33:21,347 - aiosqlite - DEBUG - operation functools.partial(<built-in method fetchall of sqlite3.Cursor object at 0x000001C4BF194C40>) completed
2026-03-04 13:33:21,348 - aiosqlite - DEBUG - executing functools.partial(<built-in method close of sqlite3.Cursor object at 0x000001C4BF194C40>)
2026-03-04 13:33:21,348 - aiosqlite - DEBUG - operation functools.partial(<built-in method close of sqlite3.Cursor object at 0x000001C4BF194C40>) completed
2026-03-04 13:33:21,349 - aiosqlite - DEBUG - executing functools.partial(<built-in method cursor of sqlite3.Connection object at 0x000001C4BF199F30>)
2026-03-04 13:33:21,349 - aiosqlite - DEBUG - executing functools.partial(<built-in method cursor of sqlite3.Connection object at 0x0000021A71B89F30>)
2026-03-04 13:33:21,350 - aiosqlite - DEBUG - operation functools.partial(<built-in method cursor of sqlite3.Connection object at 0x000001C4BF199F30>) completed
2026-03-04 13:33:21,350 - aiosqlite - DEBUG - operation functools.partial(<built-in method cursor of sqlite3.Connection object at 0x0000021A71B89F30>) completed
2026-03-04 13:33:21,350 - aiosqlite - DEBUG - executing functools.partial(<built-in method execute of sqlite3.Cursor object at 0x0000021A71ADBDC0>, 'SELECT count(*) AS count_1 \nFROM products', ())
2026-03-04 13:33:21,351 - aiosqlite - DEBUG - executing functools.partial(<built-in method execute of sqlite3.Cursor object at 0x000001C4BF194C40>, 'PRAGMA main.index_list("products")', ())
2026-03-04 13:33:21,351 - aiosqlite - DEBUG - operation functools.partial(<built-in method execute of sqlite3.Cursor object at 0x0000021A71ADBDC0>, 'SELECT count(*) AS count_1 \nFROM products', ()) completed
2026-03-04 13:33:21,351 - aiosqlite - DEBUG - operation functools.partial(<built-in method execute of sqlite3.Cursor object at 0x000001C4BF194C40>, 'PRAGMA main.index_list("products")', ()) completed
2026-03-04 13:33:21,351 - aiosqlite - DEBUG - executing functools.partial(<built-in method fetchall of sqlite3.Cursor object at 0x0000021A71ADBDC0>)
2026-03-04 13:33:21,351 - aiosqlite - DEBUG - executing functools.partial(<built-in method fetchall of sqlite3.Cursor object at 0x000001C4BF194C40>)
2026-03-04 13:33:21,352 - aiosqlite - DEBUG - operation functools.partial(<built-in method fetchall of sqlite3.Cursor object at 0x0000021A71ADBDC0>) completed
2026-03-04 13:33:21,352 - aiosqlite - DEBUG - operation functools.partial(<built-in method fetchall of sqlite3.Cursor object at 0x000001C4BF194C40>) completed
2026-03-04 13:33:21,352 - aiosqlite - DEBUG - executing functools.partial(<built-in method close of sqlite3.Cursor object at 0x0000021A71ADBDC0>)
2026-03-04 13:33:21,352 - aiosqlite - DEBUG - executing functools.partial(<built-in method close of sqlite3.Cursor object at 0x000001C4BF194C40>)
2026-03-04 13:33:21,352 - aiosqlite - DEBUG - operation functools.partial(<built-in method close of sqlite3.Cursor object at 0x0000021A71ADBDC0>) completed
2026-03-04 13:33:21,352 - aiosqlite - DEBUG - operation functools.partial(<built-in method close of sqlite3.Cursor object at 0x000001C4BF194C40>) completed
2026-03-04 13:33:21,353 - services.mock_data - INFO - Table products already has 8 rows; skipping mock insert
2026-03-04 13:33:21,353 - aiosqlite - DEBUG - executing functools.partial(<built-in method cursor of sqlite3.Connection object at 0x000001C4BF199F30>)
2026-03-04 13:33:21,353 - aiosqlite - DEBUG - executing functools.partial(<built-in method commit of sqlite3.Connection object at 0x0000021A71B89F30>)
2026-03-04 13:33:21,353 - aiosqlite - DEBUG - operation functools.partial(<built-in method cursor of sqlite3.Connection object at 0x000001C4BF199F30>) completed
2026-03-04 13:33:21,353 - aiosqlite - DEBUG - operation functools.partial(<built-in method commit of sqlite3.Connection object at 0x0000021A71B89F30>) completed
2026-03-04 13:33:21,353 - aiosqlite - DEBUG - executing functools.partial(<built-in method execute of sqlite3.Cursor object at 0x000001C4BF194C40>, 'PRAGMA main.index_info("ix_products_id")', ())
2026-03-04 13:33:21,354 - aiosqlite - DEBUG - executing functools.partial(<built-in method rollback of sqlite3.Connection object at 0x0000021A71B89F30>)
2026-03-04 13:33:21,354 - aiosqlite - DEBUG - operation functools.partial(<built-in method rollback of sqlite3.Connection object at 0x0000021A71B89F30>) completed
2026-03-04 13:33:21,355 - aiosqlite - DEBUG - operation functools.partial(<built-in method execute of sqlite3.Cursor object at 0x000001C4BF194C40>, 'PRAGMA main.index_info("ix_products_id")', ()) completed
2026-03-04 13:33:21,355 - aiosqlite - DEBUG - executing functools.partial(<built-in method close of sqlite3.Connection object at 0x0000021A71B89F30>)
2026-03-04 13:33:21,355 - aiosqlite - DEBUG - executing functools.partial(<built-in method fetchall of sqlite3.Cursor object at 0x000001C4BF194C40>)
2026-03-04 13:33:21,355 - aiosqlite - DEBUG - operation functools.partial(<built-in method close of sqlite3.Connection object at 0x0000021A71B89F30>) completed
2026-03-04 13:33:21,355 - aiosqlite - DEBUG - operation functools.partial(<built-in method fetchall of sqlite3.Cursor object at 0x000001C4BF194C40>) completed
2026-03-04 13:33:21,356 - services.database - DEBUG - [DB_OP] Starting database initialization
2026-03-04 13:33:21,356 - aiosqlite - DEBUG - executing functools.partial(<built-in method close of sqlite3.Cursor object at 0x000001C4BF194C40>)
2026-03-04 13:33:21,356 - services.database - INFO - 🔧 Starting database initialization...
2026-03-04 13:33:21,356 - core.database - INFO - Starting database initialization...
2026-03-04 13:33:21,356 - aiosqlite - DEBUG - operation functools.partial(<built-in method close of sqlite3.Cursor object at 0x000001C4BF194C40>) completed
2026-03-04 13:33:21,356 - core.database - INFO - Database already initialized
2026-03-04 13:33:21,357 - services.database - INFO - 🔧 Database connection initialized, now creating tables if tables not exist...
2026-03-04 13:33:21,357 - aiosqlite - DEBUG - executing functools.partial(<built-in method cursor of sqlite3.Connection object at 0x000001C4BF199F30>)
2026-03-04 13:33:21,357 - core.database - DEBUG - [DB_OP] Starting create_tables
2026-03-04 13:33:21,357 - aiosqlite - DEBUG - operation functools.partial(<built-in method cursor of sqlite3.Connection object at 0x000001C4BF199F30>) completed
2026-03-04 13:33:21,357 - core.database - INFO - Tables already initialized
2026-03-04 13:33:21,357 - services.database - INFO - 🔧 Table creation completed
2026-03-04 13:33:21,357 - services.database - INFO - Database initialized successfully
2026-03-04 13:33:21,357 - aiosqlite - DEBUG - executing functools.partial(<built-in method execute of sqlite3.Cursor object at 0x000001C4BF194C40>, "SELECT sql FROM  (SELECT * FROM sqlite_master UNION ALL   SELECT * FROM sqlite_temp_master) WHERE name = ? AND type in ('table', 'view')", ('products',))
2026-03-04 13:33:21,358 - aiosqlite - DEBUG - operation functools.partial(<built-in method execute of sqlite3.Cursor object at 0x000001C4BF194C40>, "SELECT sql FROM  (SELECT * FROM sqlite_master UNION ALL   SELECT * FROM sqlite_temp_master) WHERE name = ? AND type in ('table', 'view')", ('products',)) completed
2026-03-04 13:33:21,358 - services.database - DEBUG - [DB_OP] Database initialization completed in 0.0020s
2026-03-04 13:33:21,358 - services.auth - WARNING - Admin user ID or email not configured, skipping admin initialization
2026-03-04 13:33:21,358 - aiosqlite - DEBUG - executing functools.partial(<built-in method fetchall of sqlite3.Cursor object at 0x000001C4BF194C40>)
2026-03-04 13:33:21,359 - aiosqlite - DEBUG - operation functools.partial(<built-in method fetchall of sqlite3.Cursor object at 0x000001C4BF194C40>) completed
2026-03-04 13:33:21,359 - aiosqlite - DEBUG - executing functools.partial(<built-in method close of sqlite3.Cursor object at 0x000001C4BF194C40>)
2026-03-04 13:33:21,359 - aiosqlite - DEBUG - operation functools.partial(<built-in method close of sqlite3.Cursor object at 0x000001C4BF194C40>) completed
2026-03-04 13:33:21,363 - aiosqlite - DEBUG - executing functools.partial(<built-in method cursor of sqlite3.Connection object at 0x000001C4BF199F30>)
2026-03-04 13:33:21,363 - aiosqlite - DEBUG - operation functools.partial(<built-in method cursor of sqlite3.Connection object at 0x000001C4BF199F30>) completed
2026-03-04 13:33:21,363 - aiosqlite - DEBUG - executing functools.partial(<built-in method execute of sqlite3.Cursor object at 0x000001C4BF0EBD40>, 'SELECT count(*) AS count_1 \nFROM products', ())
2026-03-04 13:33:21,364 - aiosqlite - DEBUG - operation functools.partial(<built-in method execute of sqlite3.Cursor object at 0x000001C4BF0EBD40>, 'SELECT count(*) AS count_1 \nFROM products', ()) completed
2026-03-04 13:33:21,364 - aiosqlite - DEBUG - executing functools.partial(<built-in method fetchall of sqlite3.Cursor object at 0x000001C4BF0EBD40>)
2026-03-04 13:33:21,364 - aiosqlite - DEBUG - operation functools.partial(<built-in method fetchall of sqlite3.Cursor object at 0x000001C4BF0EBD40>) completed
2026-03-04 13:33:21,365 - aiosqlite - DEBUG - executing functools.partial(<built-in method close of sqlite3.Cursor object at 0x000001C4BF0EBD40>)
2026-03-04 13:33:21,365 - aiosqlite - DEBUG - operation functools.partial(<built-in method close of sqlite3.Cursor object at 0x000001C4BF0EBD40>) completed
2026-03-04 13:33:21,366 - services.mock_data - INFO - Table products already has 8 rows; skipping mock insert
2026-03-04 13:33:21,366 - aiosqlite - DEBUG - executing functools.partial(<built-in method commit of sqlite3.Connection object at 0x000001C4BF199F30>)
2026-03-04 13:33:21,366 - aiosqlite - DEBUG - operation functools.partial(<built-in method commit of sqlite3.Connection object at 0x000001C4BF199F30>) completed
2026-03-04 13:33:21,368 - aiosqlite - DEBUG - executing functools.partial(<built-in method rollback of sqlite3.Connection object at 0x000001C4BF199F30>)
2026-03-04 13:33:21,369 - aiosqlite - DEBUG - operation functools.partial(<built-in method rollback of sqlite3.Connection object at 0x000001C4BF199F30>) completed
2026-03-04 13:33:21,370 - aiosqlite - DEBUG - executing functools.partial(<built-in method close of sqlite3.Connection object at 0x000001C4BF199F30>)
2026-03-04 13:33:21,371 - aiosqlite - DEBUG - operation functools.partial(<built-in method close of sqlite3.Connection object at 0x000001C4BF199F30>) completed
2026-03-04 13:33:21,371 - services.database - DEBUG - [DB_OP] Starting database initialization
2026-03-04 13:33:21,371 - services.database - INFO - 🔧 Starting database initialization...
2026-03-04 13:33:21,372 - core.database - INFO - Starting database initialization...
2026-03-04 13:33:21,372 - core.database - INFO - Database already initialized
2026-03-04 13:33:21,372 - services.database - INFO - 🔧 Database connection initialized, now creating tables if tables not exist...
2026-03-04 13:33:21,372 - core.database - DEBUG - [DB_OP] Starting create_tables
2026-03-04 13:33:21,372 - core.database - INFO - Tables already initialized
2026-03-04 13:33:21,373 - services.database - INFO - 🔧 Table creation completed
2026-03-04 13:33:21,373 - services.database - INFO - Database initialized successfully
2026-03-04 13:33:21,373 - services.database - DEBUG - [DB_OP] Database initialization completed in 0.0020s
2026-03-04 13:33:21,373 - services.auth - WARNING - Admin user ID or email not configured, skipping admin initialization
2026-03-04 13:33:21,373 - main - INFO - === Application startup completed successfully ===
2026-03-04 13:33:21,387 - main - INFO - Included router: routers.storage.router
2026-03-04 13:33:21,397 - main - INFO - Included router: routers.user.router
2026-03-04 13:33:21,399 - main - INFO - === Application startup initiated ===
2026-03-04 13:33:21,399 - services.database - DEBUG - [DB_OP] Starting database initialization
2026-03-04 13:33:21,399 - services.database - INFO - 🔧 Starting database initialization...
2026-03-04 13:33:21,399 - core.database - INFO - Starting database initialization...
2026-03-04 13:33:21,402 - core.database - INFO - Normalizing database URL for async compatibility...
2026-03-04 13:33:21,403 - core.database - DEBUG - Database exists:./test.db
2026-03-04 13:33:21,403 - core.database - WARNING - Adjusted database URL driver for async compatibility
2026-03-04 13:33:21,404 - core.database - INFO - Creating async database engine...
2026-03-04 13:33:21,405 - core.database - INFO - Using NullPool for sqlite+aiosqlite environment
2026-03-04 13:33:21,429 - core.database - INFO - Database engine created successfully
2026-03-04 13:33:21,430 - core.database - INFO - Creating async session maker...
2026-03-04 13:33:21,431 - core.database - INFO - Async session maker created successfully
2026-03-04 13:33:21,431 - core.database - INFO - Database connection initialized successfully
2026-03-04 13:33:21,431 - services.database - INFO - 🔧 Database connection initialized, now creating tables if tables not exist...
2026-03-04 13:33:21,431 - core.database - DEBUG - [DB_OP] Starting create_tables
2026-03-04 13:33:21,431 - core.database - INFO - 🔧 Starting table creation...
2026-03-04 13:33:21,432 - aiosqlite - DEBUG - executing <function connect.<locals>.connector at 0x000001E45337D6C0>
2026-03-04 13:33:21,433 - aiosqlite - DEBUG - operation <function connect.<locals>.connector at 0x000001E45337D6C0> completed
2026-03-04 13:33:21,433 - aiosqlite - DEBUG - executing functools.partial(<built-in method create_function of sqlite3.Connection object at 0x000001E453327B50>, 'regexp', 2, <function SQLiteDialect_pysqlite.on_connect.<locals>.regexp at 0x000001E45337C9A0>, deterministic=True)
2026-03-04 13:33:21,434 - aiosqlite - DEBUG - operation functools.partial(<built-in method create_function of sqlite3.Connection object at 0x000001E453327B50>, 'regexp', 2, <function SQLiteDialect_pysqlite.on_connect.<locals>.regexp at 0x000001E45337C9A0>, deterministic=True) completed
2026-03-04 13:33:21,434 - aiosqlite - DEBUG - executing functools.partial(<built-in method create_function of sqlite3.Connection object at 0x000001E453327B50>, 'floor', 1, <built-in function floor>, deterministic=True)
2026-03-04 13:33:21,434 - aiosqlite - DEBUG - operation functools.partial(<built-in method create_function of sqlite3.Connection object at 0x000001E453327B50>, 'floor', 1, <built-in function floor>, deterministic=True) completed
2026-03-04 13:33:21,435 - aiosqlite - DEBUG - executing functools.partial(<built-in method cursor of sqlite3.Connection object at 0x000001E453327B50>)
2026-03-04 13:33:21,435 - aiosqlite - DEBUG - operation functools.partial(<built-in method cursor of sqlite3.Connection object at 0x000001E453327B50>) completed
2026-03-04 13:33:21,436 - aiosqlite - DEBUG - executing functools.partial(<built-in method execute of sqlite3.Cursor object at 0x000001E4533A4340>, 'PRAGMA read_uncommitted', [])
2026-03-04 13:33:21,436 - aiosqlite - DEBUG - operation functools.partial(<built-in method execute of sqlite3.Cursor object at 0x000001E4533A4340>, 'PRAGMA read_uncommitted', []) completed
2026-03-04 13:33:21,436 - aiosqlite - DEBUG - executing functools.partial(<built-in method fetchall of sqlite3.Cursor object at 0x000001E4533A4340>)
2026-03-04 13:33:21,436 - aiosqlite - DEBUG - operation functools.partial(<built-in method fetchall of sqlite3.Cursor object at 0x000001E4533A4340>) completed
2026-03-04 13:33:21,437 - aiosqlite - DEBUG - executing functools.partial(<built-in method close of sqlite3.Cursor object at 0x000001E4533A4340>)
2026-03-04 13:33:21,437 - aiosqlite - DEBUG - operation functools.partial(<built-in method close of sqlite3.Cursor object at 0x000001E4533A4340>) completed
2026-03-04 13:33:21,437 - aiosqlite - DEBUG - executing functools.partial(<built-in method rollback of sqlite3.Connection object at 0x000001E453327B50>)
2026-03-04 13:33:21,437 - aiosqlite - DEBUG - operation functools.partial(<built-in method rollback of sqlite3.Connection object at 0x000001E453327B50>) completed
2026-03-04 13:33:21,439 - aiosqlite - DEBUG - executing functools.partial(<built-in method cursor of sqlite3.Connection object at 0x000001E453327B50>)
2026-03-04 13:33:21,439 - aiosqlite - DEBUG - operation functools.partial(<built-in method cursor of sqlite3.Connection object at 0x000001E453327B50>) completed
2026-03-04 13:33:21,439 - aiosqlite - DEBUG - executing functools.partial(<built-in method execute of sqlite3.Cursor object at 0x000001E4533A4440>, 'PRAGMA main.table_info("users")', ())
2026-03-04 13:33:21,440 - aiosqlite - DEBUG - operation functools.partial(<built-in method execute of sqlite3.Cursor object at 0x000001E4533A4440>, 'PRAGMA main.table_info("users")', ()) completed
2026-03-04 13:33:21,441 - aiosqlite - DEBUG - executing functools.partial(<built-in method fetchall of sqlite3.Cursor object at 0x000001E4533A4440>)
2026-03-04 13:33:21,441 - aiosqlite - DEBUG - operation functools.partial(<built-in method fetchall of sqlite3.Cursor object at 0x000001E4533A4440>) completed
2026-03-04 13:33:21,442 - aiosqlite - DEBUG - executing functools.partial(<built-in method close of sqlite3.Cursor object at 0x000001E4533A4440>)
2026-03-04 13:33:21,442 - aiosqlite - DEBUG - operation functools.partial(<built-in method close of sqlite3.Cursor object at 0x000001E4533A4440>) completed
2026-03-04 13:33:21,442 - aiosqlite - DEBUG - executing functools.partial(<built-in method cursor of sqlite3.Connection object at 0x000001E453327B50>)
2026-03-04 13:33:21,443 - aiosqlite - DEBUG - operation functools.partial(<built-in method cursor of sqlite3.Connection object at 0x000001E453327B50>) completed
2026-03-04 13:33:21,443 - aiosqlite - DEBUG - executing functools.partial(<built-in method execute of sqlite3.Cursor object at 0x000001E4533A4440>, 'PRAGMA main.table_info("oidc_states")', ())
2026-03-04 13:33:21,443 - aiosqlite - DEBUG - operation functools.partial(<built-in method execute of sqlite3.Cursor object at 0x000001E4533A4440>, 'PRAGMA main.table_info("oidc_states")', ()) completed
2026-03-04 13:33:21,444 - aiosqlite - DEBUG - executing functools.partial(<built-in method fetchall of sqlite3.Cursor object at 0x000001E4533A4440>)
2026-03-04 13:33:21,444 - aiosqlite - DEBUG - operation functools.partial(<built-in method fetchall of sqlite3.Cursor object at 0x000001E4533A4440>) completed
2026-03-04 13:33:21,445 - aiosqlite - DEBUG - executing functools.partial(<built-in method close of sqlite3.Cursor object at 0x000001E4533A4440>)
2026-03-04 13:33:21,445 - aiosqlite - DEBUG - operation functools.partial(<built-in method close of sqlite3.Cursor object at 0x000001E4533A4440>) completed
2026-03-04 13:33:21,445 - aiosqlite - DEBUG - executing functools.partial(<built-in method cursor of sqlite3.Connection object at 0x000001E453327B50>)
2026-03-04 13:33:21,446 - aiosqlite - DEBUG - operation functools.partial(<built-in method cursor of sqlite3.Connection object at 0x000001E453327B50>) completed
2026-03-04 13:33:21,446 - aiosqlite - DEBUG - executing functools.partial(<built-in method execute of sqlite3.Cursor object at 0x000001E4533A4440>, 'PRAGMA main.table_info("orders")', ())
2026-03-04 13:33:21,446 - aiosqlite - DEBUG - operation functools.partial(<built-in method execute of sqlite3.Cursor object at 0x000001E4533A4440>, 'PRAGMA main.table_info("orders")', ()) completed
2026-03-04 13:33:21,447 - aiosqlite - DEBUG - executing functools.partial(<built-in method fetchall of sqlite3.Cursor object at 0x000001E4533A4440>)
2026-03-04 13:33:21,447 - aiosqlite - DEBUG - operation functools.partial(<built-in method fetchall of sqlite3.Cursor object at 0x000001E4533A4440>) completed
2026-03-04 13:33:21,448 - aiosqlite - DEBUG - executing functools.partial(<built-in method close of sqlite3.Cursor object at 0x000001E4533A4440>)
2026-03-04 13:33:21,448 - aiosqlite - DEBUG - operation functools.partial(<built-in method close of sqlite3.Cursor object at 0x000001E4533A4440>) completed
2026-03-04 13:33:21,448 - aiosqlite - DEBUG - executing functools.partial(<built-in method cursor of sqlite3.Connection object at 0x000001E453327B50>)
2026-03-04 13:33:21,449 - aiosqlite - DEBUG - operation functools.partial(<built-in method cursor of sqlite3.Connection object at 0x000001E453327B50>) completed
2026-03-04 13:33:21,449 - aiosqlite - DEBUG - executing functools.partial(<built-in method execute of sqlite3.Cursor object at 0x000001E4533A4440>, 'PRAGMA main.table_info("products")', ())
2026-03-04 13:33:21,450 - aiosqlite - DEBUG - operation functools.partial(<built-in method execute of sqlite3.Cursor object at 0x000001E4533A4440>, 'PRAGMA main.table_info("products")', ()) completed
2026-03-04 13:33:21,450 - aiosqlite - DEBUG - executing functools.partial(<built-in method fetchall of sqlite3.Cursor object at 0x000001E4533A4440>)
2026-03-04 13:33:21,451 - aiosqlite - DEBUG - operation functools.partial(<built-in method fetchall of sqlite3.Cursor object at 0x000001E4533A4440>) completed
2026-03-04 13:33:21,451 - aiosqlite - DEBUG - executing functools.partial(<built-in method close of sqlite3.Cursor object at 0x000001E4533A4440>)
2026-03-04 13:33:21,451 - aiosqlite - DEBUG - operation functools.partial(<built-in method close of sqlite3.Cursor object at 0x000001E4533A4440>) completed
2026-03-04 13:33:21,452 - core.database - INFO - Tables initialized successfully
2026-03-04 13:33:21,452 - core.database - DEBUG - [DB_OP] Create tables completed in 0.0217s
2026-03-04 13:33:21,453 - aiosqlite - DEBUG - executing functools.partial(<built-in method commit of sqlite3.Connection object at 0x000001E453327B50>)
2026-03-04 13:33:21,453 - aiosqlite - DEBUG - operation functools.partial(<built-in method commit of sqlite3.Connection object at 0x000001E453327B50>) completed
2026-03-04 13:33:21,454 - aiosqlite - DEBUG - executing functools.partial(<built-in method rollback of sqlite3.Connection object at 0x000001E453327B50>)
2026-03-04 13:33:21,454 - aiosqlite - DEBUG - operation functools.partial(<built-in method rollback of sqlite3.Connection object at 0x000001E453327B50>) completed
2026-03-04 13:33:21,454 - aiosqlite - DEBUG - executing functools.partial(<built-in method close of sqlite3.Connection object at 0x000001E453327B50>)
2026-03-04 13:33:21,455 - aiosqlite - DEBUG - operation functools.partial(<built-in method close of sqlite3.Connection object at 0x000001E453327B50>) completed
2026-03-04 13:33:21,455 - services.database - INFO - 🔧 Table creation completed
2026-03-04 13:33:21,456 - services.database - INFO - Database initialized successfully
2026-03-04 13:33:21,456 - services.database - DEBUG - [DB_OP] Database initialization completed in 0.0572s
2026-03-04 13:33:21,457 - services.mock_data - INFO - Processing mock data file products.json for table products
2026-03-04 13:33:21,458 - aiosqlite - DEBUG - executing <function connect.<locals>.connector at 0x000001E45337D760>
2026-03-04 13:33:21,458 - aiosqlite - DEBUG - operation <function connect.<locals>.connector at 0x000001E45337D760> completed
2026-03-04 13:33:21,459 - aiosqlite - DEBUG - executing functools.partial(<built-in method create_function of sqlite3.Connection object at 0x000001E4533A9F30>, 'regexp', 2, <function SQLiteDialect_pysqlite.on_connect.<locals>.regexp at 0x000001E45337C9A0>, deterministic=True)
2026-03-04 13:33:21,460 - aiosqlite - DEBUG - operation functools.partial(<built-in method create_function of sqlite3.Connection object at 0x000001E4533A9F30>, 'regexp', 2, <function SQLiteDialect_pysqlite.on_connect.<locals>.regexp at 0x000001E45337C9A0>, deterministic=True) completed
2026-03-04 13:33:21,461 - aiosqlite - DEBUG - executing functools.partial(<built-in method create_function of sqlite3.Connection object at 0x000001E4533A9F30>, 'floor', 1, <built-in function floor>, deterministic=True)
2026-03-04 13:33:21,461 - aiosqlite - DEBUG - operation functools.partial(<built-in method create_function of sqlite3.Connection object at 0x000001E4533A9F30>, 'floor', 1, <built-in function floor>, deterministic=True) completed
2026-03-04 13:33:21,463 - aiosqlite - DEBUG - executing functools.partial(<built-in method cursor of sqlite3.Connection object at 0x000001E4533A9F30>)
2026-03-04 13:33:21,463 - aiosqlite - DEBUG - operation functools.partial(<built-in method cursor of sqlite3.Connection object at 0x000001E4533A9F30>) completed
2026-03-04 13:33:21,464 - aiosqlite - DEBUG - executing functools.partial(<built-in method execute of sqlite3.Cursor object at 0x000001E4533A4CC0>, 'PRAGMA main.table_xinfo("products")', ())
2026-03-04 13:33:21,464 - aiosqlite - DEBUG - operation functools.partial(<built-in method execute of sqlite3.Cursor object at 0x000001E4533A4CC0>, 'PRAGMA main.table_xinfo("products")', ()) completed
2026-03-04 13:33:21,465 - aiosqlite - DEBUG - executing functools.partial(<built-in method fetchall of sqlite3.Cursor object at 0x000001E4533A4CC0>)
2026-03-04 13:33:21,465 - aiosqlite - DEBUG - operation functools.partial(<built-in method fetchall of sqlite3.Cursor object at 0x000001E4533A4CC0>) completed
2026-03-04 13:33:21,466 - aiosqlite - DEBUG - executing functools.partial(<built-in method close of sqlite3.Cursor object at 0x000001E4533A4CC0>)
2026-03-04 13:33:21,466 - aiosqlite - DEBUG - operation functools.partial(<built-in method close of sqlite3.Cursor object at 0x000001E4533A4CC0>) completed
2026-03-04 13:33:21,467 - aiosqlite - DEBUG - executing functools.partial(<built-in method cursor of sqlite3.Connection object at 0x000001E4533A9F30>)
2026-03-04 13:33:21,468 - aiosqlite - DEBUG - operation functools.partial(<built-in method cursor of sqlite3.Connection object at 0x000001E4533A9F30>) completed
2026-03-04 13:33:21,468 - aiosqlite - DEBUG - executing functools.partial(<built-in method execute of sqlite3.Cursor object at 0x000001E4533A4CC0>, "SELECT sql FROM  (SELECT * FROM sqlite_master UNION ALL   SELECT * FROM sqlite_temp_master) WHERE name = ? AND type in ('table', 'view')", ('products',))
2026-03-04 13:33:21,469 - aiosqlite - DEBUG - operation functools.partial(<built-in method execute of sqlite3.Cursor object at 0x000001E4533A4CC0>, "SELECT sql FROM  (SELECT * FROM sqlite_master UNION ALL   SELECT * FROM sqlite_temp_master) WHERE name = ? AND type in ('table', 'view')", ('products',)) completed
2026-03-04 13:33:21,470 - aiosqlite - DEBUG - executing functools.partial(<built-in method fetchall of sqlite3.Cursor object at 0x000001E4533A4CC0>)
2026-03-04 13:33:21,470 - aiosqlite - DEBUG - operation functools.partial(<built-in method fetchall of sqlite3.Cursor object at 0x000001E4533A4CC0>) completed
2026-03-04 13:33:21,470 - aiosqlite - DEBUG - executing functools.partial(<built-in method close of sqlite3.Cursor object at 0x000001E4533A4CC0>)
2026-03-04 13:33:21,471 - aiosqlite - DEBUG - operation functools.partial(<built-in method close of sqlite3.Cursor object at 0x000001E4533A4CC0>) completed
2026-03-04 13:33:21,472 - aiosqlite - DEBUG - executing functools.partial(<built-in method cursor of sqlite3.Connection object at 0x000001E4533A9F30>)
2026-03-04 13:33:21,472 - aiosqlite - DEBUG - operation functools.partial(<built-in method cursor of sqlite3.Connection object at 0x000001E4533A9F30>) completed
2026-03-04 13:33:21,472 - aiosqlite - DEBUG - executing functools.partial(<built-in method execute of sqlite3.Cursor object at 0x000001E4533A4CC0>, 'PRAGMA main.foreign_key_list("products")', ())
2026-03-04 13:33:21,472 - aiosqlite - DEBUG - operation functools.partial(<built-in method execute of sqlite3.Cursor object at 0x000001E4533A4CC0>, 'PRAGMA main.foreign_key_list("products")', ()) completed
2026-03-04 13:33:21,473 - aiosqlite - DEBUG - executing functools.partial(<built-in method fetchall of sqlite3.Cursor object at 0x000001E4533A4CC0>)
2026-03-04 13:33:21,473 - aiosqlite - DEBUG - operation functools.partial(<built-in method fetchall of sqlite3.Cursor object at 0x000001E4533A4CC0>) completed
2026-03-04 13:33:21,474 - aiosqlite - DEBUG - executing functools.partial(<built-in method close of sqlite3.Cursor object at 0x000001E4533A4CC0>)
2026-03-04 13:33:21,474 - aiosqlite - DEBUG - operation functools.partial(<built-in method close of sqlite3.Cursor object at 0x000001E4533A4CC0>) completed
2026-03-04 13:33:21,474 - aiosqlite - DEBUG - executing functools.partial(<built-in method cursor of sqlite3.Connection object at 0x000001E4533A9F30>)
2026-03-04 13:33:21,475 - aiosqlite - DEBUG - operation functools.partial(<built-in method cursor of sqlite3.Connection object at 0x000001E4533A9F30>) completed
2026-03-04 13:33:21,475 - aiosqlite - DEBUG - executing functools.partial(<built-in method execute of sqlite3.Cursor object at 0x000001E4533A4CC0>, 'PRAGMA temp.foreign_key_list("products")', ())
2026-03-04 13:33:21,476 - aiosqlite - DEBUG - operation functools.partial(<built-in method execute of sqlite3.Cursor object at 0x000001E4533A4CC0>, 'PRAGMA temp.foreign_key_list("products")', ()) completed
2026-03-04 13:33:21,478 - aiosqlite - DEBUG - executing functools.partial(<built-in method fetchall of sqlite3.Cursor object at 0x000001E4533A4CC0>)
2026-03-04 13:33:21,479 - aiosqlite - DEBUG - operation functools.partial(<built-in method fetchall of sqlite3.Cursor object at 0x000001E4533A4CC0>) completed
2026-03-04 13:33:21,479 - aiosqlite - DEBUG - executing functools.partial(<built-in method close of sqlite3.Cursor object at 0x000001E4533A4CC0>)
2026-03-04 13:33:21,479 - aiosqlite - DEBUG - operation functools.partial(<built-in method close of sqlite3.Cursor object at 0x000001E4533A4CC0>) completed
2026-03-04 13:33:21,479 - aiosqlite - DEBUG - executing functools.partial(<built-in method cursor of sqlite3.Connection object at 0x000001E4533A9F30>)
2026-03-04 13:33:21,479 - aiosqlite - DEBUG - operation functools.partial(<built-in method cursor of sqlite3.Connection object at 0x000001E4533A9F30>) completed
2026-03-04 13:33:21,479 - aiosqlite - DEBUG - executing functools.partial(<built-in method execute of sqlite3.Cursor object at 0x000001E4533A4CC0>, "SELECT sql FROM  (SELECT * FROM sqlite_master UNION ALL   SELECT * FROM sqlite_temp_master) WHERE name = ? AND type in ('table', 'view')", ('products',))
2026-03-04 13:33:21,479 - aiosqlite - DEBUG - operation functools.partial(<built-in method execute of sqlite3.Cursor object at 0x000001E4533A4CC0>, "SELECT sql FROM  (SELECT * FROM sqlite_master UNION ALL   SELECT * FROM sqlite_temp_master) WHERE name = ? AND type in ('table', 'view')", ('products',)) completed
2026-03-04 13:33:21,479 - aiosqlite - DEBUG - executing functools.partial(<built-in method fetchall of sqlite3.Cursor object at 0x000001E4533A4CC0>)
2026-03-04 13:33:21,479 - aiosqlite - DEBUG - operation functools.partial(<built-in method fetchall of sqlite3.Cursor object at 0x000001E4533A4CC0>) completed
2026-03-04 13:33:21,479 - aiosqlite - DEBUG - executing functools.partial(<built-in method close of sqlite3.Cursor object at 0x000001E4533A4CC0>)
2026-03-04 13:33:21,479 - aiosqlite - DEBUG - operation functools.partial(<built-in method close of sqlite3.Cursor object at 0x000001E4533A4CC0>) completed
2026-03-04 13:33:21,488 - aiosqlite - DEBUG - executing functools.partial(<built-in method cursor of sqlite3.Connection object at 0x000001E4533A9F30>)
2026-03-04 13:33:21,489 - aiosqlite - DEBUG - operation functools.partial(<built-in method cursor of sqlite3.Connection object at 0x000001E4533A9F30>) completed
2026-03-04 13:33:21,489 - aiosqlite - DEBUG - executing functools.partial(<built-in method execute of sqlite3.Cursor object at 0x000001E4533A4CC0>, 'PRAGMA main.index_list("products")', ())
2026-03-04 13:33:21,490 - aiosqlite - DEBUG - operation functools.partial(<built-in method execute of sqlite3.Cursor object at 0x000001E4533A4CC0>, 'PRAGMA main.index_list("products")', ()) completed
2026-03-04 13:33:21,490 - aiosqlite - DEBUG - executing functools.partial(<built-in method fetchall of sqlite3.Cursor object at 0x000001E4533A4CC0>)
2026-03-04 13:33:21,491 - aiosqlite - DEBUG - operation functools.partial(<built-in method fetchall of sqlite3.Cursor object at 0x000001E4533A4CC0>) completed
2026-03-04 13:33:21,491 - aiosqlite - DEBUG - executing functools.partial(<built-in method close of sqlite3.Cursor object at 0x000001E4533A4CC0>)
2026-03-04 13:33:21,492 - aiosqlite - DEBUG - operation functools.partial(<built-in method close of sqlite3.Cursor object at 0x000001E4533A4CC0>) completed
2026-03-04 13:33:21,493 - aiosqlite - DEBUG - executing functools.partial(<built-in method cursor of sqlite3.Connection object at 0x000001E4533A9F30>)
2026-03-04 13:33:21,494 - aiosqlite - DEBUG - operation functools.partial(<built-in method cursor of sqlite3.Connection object at 0x000001E4533A9F30>) completed
2026-03-04 13:33:21,495 - aiosqlite - DEBUG - executing functools.partial(<built-in method execute of sqlite3.Cursor object at 0x000001E4533A4CC0>, 'PRAGMA main.index_info("ix_products_id")', ())
2026-03-04 13:33:21,495 - aiosqlite - DEBUG - operation functools.partial(<built-in method execute of sqlite3.Cursor object at 0x000001E4533A4CC0>, 'PRAGMA main.index_info("ix_products_id")', ()) completed
2026-03-04 13:33:21,496 - aiosqlite - DEBUG - executing functools.partial(<built-in method fetchall of sqlite3.Cursor object at 0x000001E4533A4CC0>)
2026-03-04 13:33:21,496 - aiosqlite - DEBUG - operation functools.partial(<built-in method fetchall of sqlite3.Cursor object at 0x000001E4533A4CC0>) completed
2026-03-04 13:33:21,496 - aiosqlite - DEBUG - executing functools.partial(<built-in method close of sqlite3.Cursor object at 0x000001E4533A4CC0>)
2026-03-04 13:33:21,497 - aiosqlite - DEBUG - operation functools.partial(<built-in method close of sqlite3.Cursor object at 0x000001E4533A4CC0>) completed
2026-03-04 13:33:21,498 - aiosqlite - DEBUG - executing functools.partial(<built-in method cursor of sqlite3.Connection object at 0x000001E4533A9F30>)
2026-03-04 13:33:21,498 - aiosqlite - DEBUG - operation functools.partial(<built-in method cursor of sqlite3.Connection object at 0x000001E4533A9F30>) completed
2026-03-04 13:33:21,498 - aiosqlite - DEBUG - executing functools.partial(<built-in method execute of sqlite3.Cursor object at 0x000001E4533A4CC0>, 'PRAGMA main.index_list("products")', ())
2026-03-04 13:33:21,499 - aiosqlite - DEBUG - operation functools.partial(<built-in method execute of sqlite3.Cursor object at 0x000001E4533A4CC0>, 'PRAGMA main.index_list("products")', ()) completed
2026-03-04 13:33:21,499 - aiosqlite - DEBUG - executing functools.partial(<built-in method fetchall of sqlite3.Cursor object at 0x000001E4533A4CC0>)
2026-03-04 13:33:21,499 - aiosqlite - DEBUG - operation functools.partial(<built-in method fetchall of sqlite3.Cursor object at 0x000001E4533A4CC0>) completed
2026-03-04 13:33:21,500 - aiosqlite - DEBUG - executing functools.partial(<built-in method close of sqlite3.Cursor object at 0x000001E4533A4CC0>)
2026-03-04 13:33:21,500 - aiosqlite - DEBUG - operation functools.partial(<built-in method close of sqlite3.Cursor object at 0x000001E4533A4CC0>) completed
2026-03-04 13:33:21,501 - aiosqlite - DEBUG - executing functools.partial(<built-in method cursor of sqlite3.Connection object at 0x000001E4533A9F30>)
2026-03-04 13:33:21,502 - aiosqlite - DEBUG - operation functools.partial(<built-in method cursor of sqlite3.Connection object at 0x000001E4533A9F30>) completed
2026-03-04 13:33:21,502 - aiosqlite - DEBUG - executing functools.partial(<built-in method execute of sqlite3.Cursor object at 0x000001E4533A4CC0>, 'PRAGMA main.index_info("ix_products_id")', ())
2026-03-04 13:33:21,502 - aiosqlite - DEBUG - operation functools.partial(<built-in method execute of sqlite3.Cursor object at 0x000001E4533A4CC0>, 'PRAGMA main.index_info("ix_products_id")', ()) completed
2026-03-04 13:33:21,503 - aiosqlite - DEBUG - executing functools.partial(<built-in method fetchall of sqlite3.Cursor object at 0x000001E4533A4CC0>)
2026-03-04 13:33:21,503 - aiosqlite - DEBUG - operation functools.partial(<built-in method fetchall of sqlite3.Cursor object at 0x000001E4533A4CC0>) completed
2026-03-04 13:33:21,503 - aiosqlite - DEBUG - executing functools.partial(<built-in method close of sqlite3.Cursor object at 0x000001E4533A4CC0>)
2026-03-04 13:33:21,503 - aiosqlite - DEBUG - operation functools.partial(<built-in method close of sqlite3.Cursor object at 0x000001E4533A4CC0>) completed
2026-03-04 13:33:21,504 - aiosqlite - DEBUG - executing functools.partial(<built-in method cursor of sqlite3.Connection object at 0x000001E4533A9F30>)
2026-03-04 13:33:21,504 - aiosqlite - DEBUG - operation functools.partial(<built-in method cursor of sqlite3.Connection object at 0x000001E4533A9F30>) completed
2026-03-04 13:33:21,504 - aiosqlite - DEBUG - executing functools.partial(<built-in method execute of sqlite3.Cursor object at 0x000001E4533A4CC0>, "SELECT sql FROM  (SELECT * FROM sqlite_master UNION ALL   SELECT * FROM sqlite_temp_master) WHERE name = ? AND type in ('table', 'view')", ('products',))
2026-03-04 13:33:21,505 - aiosqlite - DEBUG - operation functools.partial(<built-in method execute of sqlite3.Cursor object at 0x000001E4533A4CC0>, "SELECT sql FROM  (SELECT * FROM sqlite_master UNION ALL   SELECT * FROM sqlite_temp_master) WHERE name = ? AND type in ('table', 'view')", ('products',)) completed
2026-03-04 13:33:21,505 - aiosqlite - DEBUG - executing functools.partial(<built-in method fetchall of sqlite3.Cursor object at 0x000001E4533A4CC0>)
2026-03-04 13:33:21,506 - aiosqlite - DEBUG - operation functools.partial(<built-in method fetchall of sqlite3.Cursor object at 0x000001E4533A4CC0>) completed
2026-03-04 13:33:21,506 - aiosqlite - DEBUG - executing functools.partial(<built-in method close of sqlite3.Cursor object at 0x000001E4533A4CC0>)
2026-03-04 13:33:21,506 - aiosqlite - DEBUG - operation functools.partial(<built-in method close of sqlite3.Cursor object at 0x000001E4533A4CC0>) completed
2026-03-04 13:33:21,512 - aiosqlite - DEBUG - executing functools.partial(<built-in method cursor of sqlite3.Connection object at 0x000001E4533A9F30>)
2026-03-04 13:33:21,512 - aiosqlite - DEBUG - operation functools.partial(<built-in method cursor of sqlite3.Connection object at 0x000001E4533A9F30>) completed
2026-03-04 13:33:21,513 - aiosqlite - DEBUG - executing functools.partial(<built-in method execute of sqlite3.Cursor object at 0x000001E45330BDC0>, 'SELECT count(*) AS count_1 \nFROM products', ())
2026-03-04 13:33:21,514 - aiosqlite - DEBUG - operation functools.partial(<built-in method execute of sqlite3.Cursor object at 0x000001E45330BDC0>, 'SELECT count(*) AS count_1 \nFROM products', ()) completed
2026-03-04 13:33:21,514 - aiosqlite - DEBUG - executing functools.partial(<built-in method fetchall of sqlite3.Cursor object at 0x000001E45330BDC0>)
2026-03-04 13:33:21,515 - aiosqlite - DEBUG - operation functools.partial(<built-in method fetchall of sqlite3.Cursor object at 0x000001E45330BDC0>) completed
2026-03-04 13:33:21,515 - aiosqlite - DEBUG - executing functools.partial(<built-in method close of sqlite3.Cursor object at 0x000001E45330BDC0>)
2026-03-04 13:33:21,515 - aiosqlite - DEBUG - operation functools.partial(<built-in method close of sqlite3.Cursor object at 0x000001E45330BDC0>) completed
2026-03-04 13:33:21,516 - services.mock_data - INFO - Table products already has 8 rows; skipping mock insert
2026-03-04 13:33:21,516 - aiosqlite - DEBUG - executing functools.partial(<built-in method commit of sqlite3.Connection object at 0x000001E4533A9F30>)
2026-03-04 13:33:21,517 - aiosqlite - DEBUG - operation functools.partial(<built-in method commit of sqlite3.Connection object at 0x000001E4533A9F30>) completed
2026-03-04 13:33:21,517 - aiosqlite - DEBUG - executing functools.partial(<built-in method rollback of sqlite3.Connection object at 0x000001E4533A9F30>)
2026-03-04 13:33:21,517 - aiosqlite - DEBUG - operation functools.partial(<built-in method rollback of sqlite3.Connection object at 0x000001E4533A9F30>) completed
2026-03-04 13:33:21,518 - aiosqlite - DEBUG - executing functools.partial(<built-in method close of sqlite3.Connection object at 0x000001E4533A9F30>)
2026-03-04 13:33:21,518 - aiosqlite - DEBUG - operation functools.partial(<built-in method close of sqlite3.Connection object at 0x000001E4533A9F30>) completed
2026-03-04 13:33:21,519 - services.database - DEBUG - [DB_OP] Starting database initialization
2026-03-04 13:33:21,519 - services.database - INFO - 🔧 Starting database initialization...
2026-03-04 13:33:21,519 - core.database - INFO - Starting database initialization...
2026-03-04 13:33:21,520 - core.database - INFO - Database already initialized
2026-03-04 13:33:21,520 - services.database - INFO - 🔧 Database connection initialized, now creating tables if tables not exist...
2026-03-04 13:33:21,520 - core.database - DEBUG - [DB_OP] Starting create_tables
2026-03-04 13:33:21,520 - core.database - INFO - Tables already initialized
2026-03-04 13:33:21,521 - services.database - INFO - 🔧 Table creation completed
2026-03-04 13:33:21,521 - services.database - INFO - Database initialized successfully
2026-03-04 13:33:21,521 - services.database - DEBUG - [DB_OP] Database initialization completed in 0.0022s
2026-03-04 13:33:21,521 - services.auth - WARNING - Admin user ID or email not configured, skipping admin initialization
2026-03-04 13:33:21,521 - main - INFO - === Application startup completed successfully ===
