2026-03-05 17:32:16,153 - main - INFO - === Logging system initialized ===
2026-03-05 17:32:16,153 - main - INFO - Log file: logs/app_20260305_173216.log
2026-03-05 17:32:16,153 - main - INFO - Log level: INFO
2026-03-05 17:32:16,153 - main - INFO - Timestamp: 20260305_173216
2026-03-05 17:32:16,869 - main - INFO - Included router: routers.aihub.router
2026-03-05 17:32:16,901 - main - INFO - Included router: routers.auth.router
2026-03-05 17:32:16,901 - main - INFO - Included router: routers.health.router
2026-03-05 17:32:16,909 - main - INFO - Included router: routers.orders.router
2026-03-05 17:32:16,973 - main - INFO - Included router: routers.products.router
2026-03-05 17:32:16,988 - main - INFO - Included router: routers.settings.router
2026-03-05 17:32:17,038 - main - INFO - Included router: routers.storage.router
2026-03-05 17:32:17,046 - main - INFO - Included router: routers.user.router
2026-03-05 17:32:17,046 - main - INFO - === Application startup initiated ===
2026-03-05 17:32:17,046 - services.database - DEBUG - [DB_OP] Starting database initialization
2026-03-05 17:32:17,046 - services.database - INFO - 🔧 Starting database initialization...
2026-03-05 17:32:17,046 - core.database - INFO - Starting database initialization...
2026-03-05 17:32:17,046 - core.database - INFO - Normalizing database URL for async compatibility...
2026-03-05 17:32:17,054 - core.database - INFO - Creating async database engine...
2026-03-05 17:32:17,054 - core.database - INFO - Using QueuePool with connection pooling for postgresql+asyncpg
2026-03-05 17:32:17,054 - core.database - DEBUG - final engine_kwargs: {'echo': False, 'connect_args': {'statement_cache_size': 0}, 'pool_pre_ping': True, 'pool_size': 10, 'max_overflow': 20, 'pool_recycle': 3600, 'pool_timeout': 30}
2026-03-05 17:32:17,110 - core.database - INFO - Database engine created successfully
2026-03-05 17:32:17,110 - core.database - DEBUG - engine_kwargs: {'echo': False, 'connect_args': {'statement_cache_size': 0}, 'pool_pre_ping': True, 'pool_size': 10, 'max_overflow': 20, 'pool_recycle': 3600, 'pool_timeout': 30}
2026-03-05 17:32:17,110 - core.database - INFO - Creating async session maker...
2026-03-05 17:32:17,110 - core.database - INFO - Async session maker created successfully
2026-03-05 17:32:17,110 - core.database - INFO - Database connection initialized successfully
2026-03-05 17:32:17,110 - services.database - INFO - 🔧 Database connection initialized, now creating tables if tables not exist...
2026-03-05 17:32:17,118 - core.database - DEBUG - [DB_OP] Starting create_tables
2026-03-05 17:32:17,118 - core.database - INFO - 🔧 Starting table creation...
2026-03-05 17:32:19,768 - core.database - INFO - Tables initialized successfully
2026-03-05 17:32:19,768 - core.database - DEBUG - [DB_OP] Create tables completed in 2.6503s
2026-03-05 17:32:19,859 - services.database - INFO - 🔧 Table creation completed
2026-03-05 17:32:19,859 - services.database - INFO - Database initialized successfully
2026-03-05 17:32:19,859 - services.database - DEBUG - [DB_OP] Database initialization completed in 2.8129s
2026-03-05 17:32:19,859 - services.mock_data - INFO - Processing mock data file products.json for table products
2026-03-05 17:32:22,963 - services.mock_data - INFO - Table products already has 8 rows; skipping mock insert
2026-03-05 17:32:23,058 - services.database - DEBUG - [DB_OP] Starting database initialization
2026-03-05 17:32:23,058 - services.database - INFO - 🔧 Starting database initialization...
2026-03-05 17:32:23,058 - core.database - INFO - Starting database initialization...
2026-03-05 17:32:23,058 - core.database - INFO - Database already initialized
2026-03-05 17:32:23,058 - services.database - INFO - 🔧 Database connection initialized, now creating tables if tables not exist...
2026-03-05 17:32:23,058 - core.database - DEBUG - [DB_OP] Starting create_tables
2026-03-05 17:32:23,058 - core.database - INFO - Tables already initialized
2026-03-05 17:32:23,058 - services.database - INFO - 🔧 Table creation completed
2026-03-05 17:32:23,058 - services.database - INFO - Database initialized successfully
2026-03-05 17:32:23,058 - services.database - DEBUG - [DB_OP] Database initialization completed in 0.0000s
2026-03-05 17:32:23,066 - services.auth - WARNING - Admin user ID or email not configured, skipping admin initialization
2026-03-05 17:32:23,066 - main - INFO - === Application startup completed successfully ===
2026-03-05 17:36:23,773 - services.database - DEBUG - [DB_OP] Starting database close
2026-03-05 17:36:23,874 - core.database - INFO - Database connection closed and engine disposed
2026-03-05 17:36:23,874 - services.database - INFO - Database connections closed
2026-03-05 17:36:23,890 - services.database - DEBUG - [DB_OP] Database close completed in 0.1166s
