2026-03-03 17:01:35,764 - main - INFO - === Logging system initialized ===
2026-03-03 17:01:35,764 - main - INFO - Log file: logs/app_20260303_170135.log
2026-03-03 17:01:35,764 - main - INFO - Log level: INFO
2026-03-03 17:01:35,764 - main - INFO - Timestamp: 20260303_170135
2026-03-03 17:01:36,207 - main - INFO - Included router: routers.aihub.router
2026-03-03 17:01:36,281 - passlib.utils.compat - DEBUG - loaded lazy attr 'SafeConfigParser': <class 'configparser.ConfigParser'>
2026-03-03 17:01:36,281 - passlib.utils.compat - DEBUG - loaded lazy attr 'NativeStringIO': <class '_io.StringIO'>
2026-03-03 17:01:36,281 - passlib.utils.compat - DEBUG - loaded lazy attr 'BytesIO': <class '_io.BytesIO'>
2026-03-03 17:01:36,281 - passlib.registry - DEBUG - registered 'bcrypt' handler: <class 'passlib.handlers.bcrypt.bcrypt'>
2026-03-03 17:01:36,297 - main - INFO - Included router: routers.auth.router
2026-03-03 17:01:36,297 - main - INFO - Included router: routers.health.router
2026-03-03 17:01:36,305 - main - INFO - Included router: routers.orders.router
2026-03-03 17:01:36,344 - main - INFO - Included router: routers.products.router
2026-03-03 17:01:36,344 - main - WARNING - Failed to import module 'routers.settings': cannot import name 'get_admin_user' from 'dependencies.auth' (D:\ASM1\backend\dependencies\auth.py)
2026-03-03 17:01:36,344 - main - WARNING - Failed to import module 'routers.storage': cannot import name 'get_admin_user' from 'dependencies.auth' (D:\ASM1\backend\dependencies\auth.py)
2026-03-03 17:01:36,353 - main - INFO - Included router: routers.user.router
2026-03-03 17:01:36,361 - main - INFO - === Application startup initiated ===
2026-03-03 17:01:36,361 - services.database - DEBUG - [DB_OP] Starting database initialization
2026-03-03 17:01:36,361 - services.database - INFO - 🔧 Starting database initialization...
2026-03-03 17:01:36,361 - core.database - INFO - Starting database initialization...
2026-03-03 17:01:36,361 - core.database - INFO - Normalizing database URL for async compatibility...
2026-03-03 17:01:36,361 - core.database - DEBUG - Database exists:./test.db
2026-03-03 17:01:36,361 - core.database - WARNING - Adjusted database URL driver for async compatibility
2026-03-03 17:01:36,361 - core.database - INFO - Creating async database engine...
2026-03-03 17:01:36,361 - core.database - INFO - Using NullPool for sqlite+aiosqlite environment
2026-03-03 17:01:36,393 - core.database - INFO - Database engine created successfully
2026-03-03 17:01:36,393 - core.database - INFO - Creating async session maker...
2026-03-03 17:01:36,393 - core.database - INFO - Async session maker created successfully
2026-03-03 17:01:36,393 - core.database - INFO - Database connection initialized successfully
2026-03-03 17:01:36,393 - services.database - INFO - 🔧 Database connection initialized, now creating tables if tables not exist...
2026-03-03 17:01:36,393 - core.database - DEBUG - [DB_OP] Starting create_tables
2026-03-03 17:01:36,393 - core.database - INFO - 🔧 Starting table creation...
2026-03-03 17:01:36,393 - aiosqlite - DEBUG - executing <function connect.<locals>.connector at 0x00000298F1278EA0>
2026-03-03 17:01:36,393 - aiosqlite - DEBUG - operation <function connect.<locals>.connector at 0x00000298F1278EA0> completed
2026-03-03 17:01:36,393 - aiosqlite - DEBUG - executing functools.partial(<built-in method create_function of sqlite3.Connection object at 0x00000298F12516C0>, 'regexp', 2, <function SQLiteDialect_pysqlite.on_connect.<locals>.regexp at 0x00000298F1278180>, deterministic=True)
2026-03-03 17:01:36,401 - aiosqlite - DEBUG - operation functools.partial(<built-in method create_function of sqlite3.Connection object at 0x00000298F12516C0>, 'regexp', 2, <function SQLiteDialect_pysqlite.on_connect.<locals>.regexp at 0x00000298F1278180>, deterministic=True) completed
2026-03-03 17:01:36,401 - aiosqlite - DEBUG - executing functools.partial(<built-in method create_function of sqlite3.Connection object at 0x00000298F12516C0>, 'floor', 1, <built-in function floor>, deterministic=True)
2026-03-03 17:01:36,401 - aiosqlite - DEBUG - operation functools.partial(<built-in method create_function of sqlite3.Connection object at 0x00000298F12516C0>, 'floor', 1, <built-in function floor>, deterministic=True) completed
2026-03-03 17:01:36,401 - aiosqlite - DEBUG - executing functools.partial(<built-in method cursor of sqlite3.Connection object at 0x00000298F12516C0>)
2026-03-03 17:01:36,401 - aiosqlite - DEBUG - operation functools.partial(<built-in method cursor of sqlite3.Connection object at 0x00000298F12516C0>) completed
2026-03-03 17:01:36,401 - aiosqlite - DEBUG - executing functools.partial(<built-in method execute of sqlite3.Cursor object at 0x00000298F11FFC40>, 'PRAGMA read_uncommitted', [])
2026-03-03 17:01:36,401 - aiosqlite - DEBUG - operation functools.partial(<built-in method execute of sqlite3.Cursor object at 0x00000298F11FFC40>, 'PRAGMA read_uncommitted', []) completed
2026-03-03 17:01:36,401 - aiosqlite - DEBUG - executing functools.partial(<built-in method fetchall of sqlite3.Cursor object at 0x00000298F11FFC40>)
2026-03-03 17:01:36,401 - aiosqlite - DEBUG - operation functools.partial(<built-in method fetchall of sqlite3.Cursor object at 0x00000298F11FFC40>) completed
2026-03-03 17:01:36,401 - aiosqlite - DEBUG - executing functools.partial(<built-in method close of sqlite3.Cursor object at 0x00000298F11FFC40>)
2026-03-03 17:01:36,401 - aiosqlite - DEBUG - operation functools.partial(<built-in method close of sqlite3.Cursor object at 0x00000298F11FFC40>) completed
2026-03-03 17:01:36,401 - aiosqlite - DEBUG - executing functools.partial(<built-in method rollback of sqlite3.Connection object at 0x00000298F12516C0>)
2026-03-03 17:01:36,401 - aiosqlite - DEBUG - operation functools.partial(<built-in method rollback of sqlite3.Connection object at 0x00000298F12516C0>) completed
2026-03-03 17:01:36,401 - aiosqlite - DEBUG - executing functools.partial(<built-in method cursor of sqlite3.Connection object at 0x00000298F12516C0>)
2026-03-03 17:01:36,401 - aiosqlite - DEBUG - operation functools.partial(<built-in method cursor of sqlite3.Connection object at 0x00000298F12516C0>) completed
2026-03-03 17:01:36,401 - aiosqlite - DEBUG - executing functools.partial(<built-in method execute of sqlite3.Cursor object at 0x00000298F11FFD40>, 'PRAGMA main.table_info("users")', ())
2026-03-03 17:01:36,415 - aiosqlite - DEBUG - operation functools.partial(<built-in method execute of sqlite3.Cursor object at 0x00000298F11FFD40>, 'PRAGMA main.table_info("users")', ()) completed
2026-03-03 17:01:36,415 - aiosqlite - DEBUG - executing functools.partial(<built-in method fetchall of sqlite3.Cursor object at 0x00000298F11FFD40>)
2026-03-03 17:01:36,415 - aiosqlite - DEBUG - operation functools.partial(<built-in method fetchall of sqlite3.Cursor object at 0x00000298F11FFD40>) completed
2026-03-03 17:01:36,415 - aiosqlite - DEBUG - executing functools.partial(<built-in method close of sqlite3.Cursor object at 0x00000298F11FFD40>)
2026-03-03 17:01:36,415 - aiosqlite - DEBUG - operation functools.partial(<built-in method close of sqlite3.Cursor object at 0x00000298F11FFD40>) completed
2026-03-03 17:01:36,415 - aiosqlite - DEBUG - executing functools.partial(<built-in method cursor of sqlite3.Connection object at 0x00000298F12516C0>)
2026-03-03 17:01:36,415 - aiosqlite - DEBUG - operation functools.partial(<built-in method cursor of sqlite3.Connection object at 0x00000298F12516C0>) completed
2026-03-03 17:01:36,415 - aiosqlite - DEBUG - executing functools.partial(<built-in method execute of sqlite3.Cursor object at 0x00000298F11FFD40>, 'PRAGMA main.table_info("oidc_states")', ())
2026-03-03 17:01:36,415 - aiosqlite - DEBUG - operation functools.partial(<built-in method execute of sqlite3.Cursor object at 0x00000298F11FFD40>, 'PRAGMA main.table_info("oidc_states")', ()) completed
2026-03-03 17:01:36,415 - aiosqlite - DEBUG - executing functools.partial(<built-in method fetchall of sqlite3.Cursor object at 0x00000298F11FFD40>)
2026-03-03 17:01:36,415 - aiosqlite - DEBUG - operation functools.partial(<built-in method fetchall of sqlite3.Cursor object at 0x00000298F11FFD40>) completed
2026-03-03 17:01:36,415 - aiosqlite - DEBUG - executing functools.partial(<built-in method close of sqlite3.Cursor object at 0x00000298F11FFD40>)
2026-03-03 17:01:36,415 - aiosqlite - DEBUG - operation functools.partial(<built-in method close of sqlite3.Cursor object at 0x00000298F11FFD40>) completed
2026-03-03 17:01:36,415 - aiosqlite - DEBUG - executing functools.partial(<built-in method cursor of sqlite3.Connection object at 0x00000298F12516C0>)
2026-03-03 17:01:36,415 - aiosqlite - DEBUG - operation functools.partial(<built-in method cursor of sqlite3.Connection object at 0x00000298F12516C0>) completed
2026-03-03 17:01:36,415 - aiosqlite - DEBUG - executing functools.partial(<built-in method execute of sqlite3.Cursor object at 0x00000298F11FFD40>, 'PRAGMA main.table_info("orders")', ())
2026-03-03 17:01:36,422 - aiosqlite - DEBUG - operation functools.partial(<built-in method execute of sqlite3.Cursor object at 0x00000298F11FFD40>, 'PRAGMA main.table_info("orders")', ()) completed
2026-03-03 17:01:36,422 - aiosqlite - DEBUG - executing functools.partial(<built-in method fetchall of sqlite3.Cursor object at 0x00000298F11FFD40>)
2026-03-03 17:01:36,422 - aiosqlite - DEBUG - operation functools.partial(<built-in method fetchall of sqlite3.Cursor object at 0x00000298F11FFD40>) completed
2026-03-03 17:01:36,424 - aiosqlite - DEBUG - executing functools.partial(<built-in method close of sqlite3.Cursor object at 0x00000298F11FFD40>)
2026-03-03 17:01:36,424 - aiosqlite - DEBUG - operation functools.partial(<built-in method close of sqlite3.Cursor object at 0x00000298F11FFD40>) completed
2026-03-03 17:01:36,424 - aiosqlite - DEBUG - executing functools.partial(<built-in method cursor of sqlite3.Connection object at 0x00000298F12516C0>)
2026-03-03 17:01:36,424 - aiosqlite - DEBUG - operation functools.partial(<built-in method cursor of sqlite3.Connection object at 0x00000298F12516C0>) completed
2026-03-03 17:01:36,424 - aiosqlite - DEBUG - executing functools.partial(<built-in method execute of sqlite3.Cursor object at 0x00000298F11FFD40>, 'PRAGMA main.table_info("products")', ())
2026-03-03 17:01:36,424 - aiosqlite - DEBUG - operation functools.partial(<built-in method execute of sqlite3.Cursor object at 0x00000298F11FFD40>, 'PRAGMA main.table_info("products")', ()) completed
2026-03-03 17:01:36,424 - aiosqlite - DEBUG - executing functools.partial(<built-in method fetchall of sqlite3.Cursor object at 0x00000298F11FFD40>)
2026-03-03 17:01:36,424 - aiosqlite - DEBUG - operation functools.partial(<built-in method fetchall of sqlite3.Cursor object at 0x00000298F11FFD40>) completed
2026-03-03 17:01:36,424 - aiosqlite - DEBUG - executing functools.partial(<built-in method close of sqlite3.Cursor object at 0x00000298F11FFD40>)
2026-03-03 17:01:36,424 - aiosqlite - DEBUG - operation functools.partial(<built-in method close of sqlite3.Cursor object at 0x00000298F11FFD40>) completed
2026-03-03 17:01:36,424 - core.database - INFO - Tables initialized successfully
2026-03-03 17:01:36,424 - core.database - DEBUG - [DB_OP] Create tables completed in 0.0311s
2026-03-03 17:01:36,424 - aiosqlite - DEBUG - executing functools.partial(<built-in method commit of sqlite3.Connection object at 0x00000298F12516C0>)
2026-03-03 17:01:36,424 - aiosqlite - DEBUG - operation functools.partial(<built-in method commit of sqlite3.Connection object at 0x00000298F12516C0>) completed
2026-03-03 17:01:36,424 - aiosqlite - DEBUG - executing functools.partial(<built-in method rollback of sqlite3.Connection object at 0x00000298F12516C0>)
2026-03-03 17:01:36,433 - aiosqlite - DEBUG - operation functools.partial(<built-in method rollback of sqlite3.Connection object at 0x00000298F12516C0>) completed
2026-03-03 17:01:36,433 - aiosqlite - DEBUG - executing functools.partial(<built-in method close of sqlite3.Connection object at 0x00000298F12516C0>)
2026-03-03 17:01:36,433 - aiosqlite - DEBUG - operation functools.partial(<built-in method close of sqlite3.Connection object at 0x00000298F12516C0>) completed
2026-03-03 17:01:36,433 - services.database - INFO - 🔧 Table creation completed
2026-03-03 17:01:36,433 - services.database - INFO - Database initialized successfully
2026-03-03 17:01:36,433 - services.database - DEBUG - [DB_OP] Database initialization completed in 0.0721s
2026-03-03 17:01:36,433 - services.mock_data - INFO - Processing mock data file products.json for table products
2026-03-03 17:01:36,433 - aiosqlite - DEBUG - executing <function connect.<locals>.connector at 0x00000298F1279440>
2026-03-03 17:01:36,433 - aiosqlite - DEBUG - operation <function connect.<locals>.connector at 0x00000298F1279440> completed
2026-03-03 17:01:36,433 - aiosqlite - DEBUG - executing functools.partial(<built-in method create_function of sqlite3.Connection object at 0x00000298F12517B0>, 'regexp', 2, <function SQLiteDialect_pysqlite.on_connect.<locals>.regexp at 0x00000298F1278180>, deterministic=True)
2026-03-03 17:01:36,433 - aiosqlite - DEBUG - operation functools.partial(<built-in method create_function of sqlite3.Connection object at 0x00000298F12517B0>, 'regexp', 2, <function SQLiteDialect_pysqlite.on_connect.<locals>.regexp at 0x00000298F1278180>, deterministic=True) completed
2026-03-03 17:01:36,433 - aiosqlite - DEBUG - executing functools.partial(<built-in method create_function of sqlite3.Connection object at 0x00000298F12517B0>, 'floor', 1, <built-in function floor>, deterministic=True)
2026-03-03 17:01:36,433 - aiosqlite - DEBUG - operation functools.partial(<built-in method create_function of sqlite3.Connection object at 0x00000298F12517B0>, 'floor', 1, <built-in function floor>, deterministic=True) completed
2026-03-03 17:01:36,441 - aiosqlite - DEBUG - executing functools.partial(<built-in method cursor of sqlite3.Connection object at 0x00000298F12517B0>)
2026-03-03 17:01:36,441 - aiosqlite - DEBUG - operation functools.partial(<built-in method cursor of sqlite3.Connection object at 0x00000298F12517B0>) completed
2026-03-03 17:01:36,441 - aiosqlite - DEBUG - executing functools.partial(<built-in method execute of sqlite3.Cursor object at 0x00000298F12841C0>, 'PRAGMA main.table_xinfo("products")', ())
2026-03-03 17:01:36,441 - aiosqlite - DEBUG - operation functools.partial(<built-in method execute of sqlite3.Cursor object at 0x00000298F12841C0>, 'PRAGMA main.table_xinfo("products")', ()) completed
2026-03-03 17:01:36,441 - aiosqlite - DEBUG - executing functools.partial(<built-in method fetchall of sqlite3.Cursor object at 0x00000298F12841C0>)
2026-03-03 17:01:36,441 - aiosqlite - DEBUG - operation functools.partial(<built-in method fetchall of sqlite3.Cursor object at 0x00000298F12841C0>) completed
2026-03-03 17:01:36,441 - aiosqlite - DEBUG - executing functools.partial(<built-in method close of sqlite3.Cursor object at 0x00000298F12841C0>)
2026-03-03 17:01:36,441 - aiosqlite - DEBUG - operation functools.partial(<built-in method close of sqlite3.Cursor object at 0x00000298F12841C0>) completed
2026-03-03 17:01:36,441 - aiosqlite - DEBUG - executing functools.partial(<built-in method cursor of sqlite3.Connection object at 0x00000298F12517B0>)
2026-03-03 17:01:36,441 - aiosqlite - DEBUG - operation functools.partial(<built-in method cursor of sqlite3.Connection object at 0x00000298F12517B0>) completed
2026-03-03 17:01:36,441 - aiosqlite - DEBUG - executing functools.partial(<built-in method execute of sqlite3.Cursor object at 0x00000298F12841C0>, "SELECT sql FROM  (SELECT * FROM sqlite_master UNION ALL   SELECT * FROM sqlite_temp_master) WHERE name = ? AND type in ('table', 'view')", ('products',))
2026-03-03 17:01:36,441 - aiosqlite - DEBUG - operation functools.partial(<built-in method execute of sqlite3.Cursor object at 0x00000298F12841C0>, "SELECT sql FROM  (SELECT * FROM sqlite_master UNION ALL   SELECT * FROM sqlite_temp_master) WHERE name = ? AND type in ('table', 'view')", ('products',)) completed
2026-03-03 17:01:36,449 - aiosqlite - DEBUG - executing functools.partial(<built-in method fetchall of sqlite3.Cursor object at 0x00000298F12841C0>)
2026-03-03 17:01:36,449 - aiosqlite - DEBUG - operation functools.partial(<built-in method fetchall of sqlite3.Cursor object at 0x00000298F12841C0>) completed
2026-03-03 17:01:36,449 - aiosqlite - DEBUG - executing functools.partial(<built-in method close of sqlite3.Cursor object at 0x00000298F12841C0>)
2026-03-03 17:01:36,449 - aiosqlite - DEBUG - operation functools.partial(<built-in method close of sqlite3.Cursor object at 0x00000298F12841C0>) completed
2026-03-03 17:01:36,449 - aiosqlite - DEBUG - executing functools.partial(<built-in method cursor of sqlite3.Connection object at 0x00000298F12517B0>)
2026-03-03 17:01:36,449 - aiosqlite - DEBUG - operation functools.partial(<built-in method cursor of sqlite3.Connection object at 0x00000298F12517B0>) completed
2026-03-03 17:01:36,449 - aiosqlite - DEBUG - executing functools.partial(<built-in method execute of sqlite3.Cursor object at 0x00000298F12841C0>, 'PRAGMA main.foreign_key_list("products")', ())
2026-03-03 17:01:36,449 - aiosqlite - DEBUG - operation functools.partial(<built-in method execute of sqlite3.Cursor object at 0x00000298F12841C0>, 'PRAGMA main.foreign_key_list("products")', ()) completed
2026-03-03 17:01:36,449 - aiosqlite - DEBUG - executing functools.partial(<built-in method fetchall of sqlite3.Cursor object at 0x00000298F12841C0>)
2026-03-03 17:01:36,449 - aiosqlite - DEBUG - operation functools.partial(<built-in method fetchall of sqlite3.Cursor object at 0x00000298F12841C0>) completed
2026-03-03 17:01:36,449 - aiosqlite - DEBUG - executing functools.partial(<built-in method close of sqlite3.Cursor object at 0x00000298F12841C0>)
2026-03-03 17:01:36,449 - aiosqlite - DEBUG - operation functools.partial(<built-in method close of sqlite3.Cursor object at 0x00000298F12841C0>) completed
2026-03-03 17:01:36,449 - aiosqlite - DEBUG - executing functools.partial(<built-in method cursor of sqlite3.Connection object at 0x00000298F12517B0>)
2026-03-03 17:01:36,449 - aiosqlite - DEBUG - operation functools.partial(<built-in method cursor of sqlite3.Connection object at 0x00000298F12517B0>) completed
2026-03-03 17:01:36,457 - aiosqlite - DEBUG - executing functools.partial(<built-in method execute of sqlite3.Cursor object at 0x00000298F12841C0>, 'PRAGMA temp.foreign_key_list("products")', ())
2026-03-03 17:01:36,457 - aiosqlite - DEBUG - operation functools.partial(<built-in method execute of sqlite3.Cursor object at 0x00000298F12841C0>, 'PRAGMA temp.foreign_key_list("products")', ()) completed
2026-03-03 17:01:36,457 - aiosqlite - DEBUG - executing functools.partial(<built-in method fetchall of sqlite3.Cursor object at 0x00000298F12841C0>)
2026-03-03 17:01:36,457 - aiosqlite - DEBUG - operation functools.partial(<built-in method fetchall of sqlite3.Cursor object at 0x00000298F12841C0>) completed
2026-03-03 17:01:36,457 - aiosqlite - DEBUG - executing functools.partial(<built-in method close of sqlite3.Cursor object at 0x00000298F12841C0>)
2026-03-03 17:01:36,457 - aiosqlite - DEBUG - operation functools.partial(<built-in method close of sqlite3.Cursor object at 0x00000298F12841C0>) completed
2026-03-03 17:01:36,457 - aiosqlite - DEBUG - executing functools.partial(<built-in method cursor of sqlite3.Connection object at 0x00000298F12517B0>)
2026-03-03 17:01:36,457 - aiosqlite - DEBUG - operation functools.partial(<built-in method cursor of sqlite3.Connection object at 0x00000298F12517B0>) completed
2026-03-03 17:01:36,457 - aiosqlite - DEBUG - executing functools.partial(<built-in method execute of sqlite3.Cursor object at 0x00000298F12841C0>, "SELECT sql FROM  (SELECT * FROM sqlite_master UNION ALL   SELECT * FROM sqlite_temp_master) WHERE name = ? AND type in ('table', 'view')", ('products',))
2026-03-03 17:01:36,465 - aiosqlite - DEBUG - operation functools.partial(<built-in method execute of sqlite3.Cursor object at 0x00000298F12841C0>, "SELECT sql FROM  (SELECT * FROM sqlite_master UNION ALL   SELECT * FROM sqlite_temp_master) WHERE name = ? AND type in ('table', 'view')", ('products',)) completed
2026-03-03 17:01:36,465 - aiosqlite - DEBUG - executing functools.partial(<built-in method fetchall of sqlite3.Cursor object at 0x00000298F12841C0>)
2026-03-03 17:01:36,465 - aiosqlite - DEBUG - operation functools.partial(<built-in method fetchall of sqlite3.Cursor object at 0x00000298F12841C0>) completed
2026-03-03 17:01:36,465 - aiosqlite - DEBUG - executing functools.partial(<built-in method close of sqlite3.Cursor object at 0x00000298F12841C0>)
2026-03-03 17:01:36,465 - aiosqlite - DEBUG - operation functools.partial(<built-in method close of sqlite3.Cursor object at 0x00000298F12841C0>) completed
2026-03-03 17:01:36,465 - aiosqlite - DEBUG - executing functools.partial(<built-in method cursor of sqlite3.Connection object at 0x00000298F12517B0>)
2026-03-03 17:01:36,474 - aiosqlite - DEBUG - operation functools.partial(<built-in method cursor of sqlite3.Connection object at 0x00000298F12517B0>) completed
2026-03-03 17:01:36,474 - aiosqlite - DEBUG - executing functools.partial(<built-in method execute of sqlite3.Cursor object at 0x00000298F12841C0>, 'PRAGMA main.index_list("products")', ())
2026-03-03 17:01:36,474 - aiosqlite - DEBUG - operation functools.partial(<built-in method execute of sqlite3.Cursor object at 0x00000298F12841C0>, 'PRAGMA main.index_list("products")', ()) completed
2026-03-03 17:01:36,479 - aiosqlite - DEBUG - executing functools.partial(<built-in method fetchall of sqlite3.Cursor object at 0x00000298F12841C0>)
2026-03-03 17:01:36,479 - aiosqlite - DEBUG - operation functools.partial(<built-in method fetchall of sqlite3.Cursor object at 0x00000298F12841C0>) completed
2026-03-03 17:01:36,483 - aiosqlite - DEBUG - executing functools.partial(<built-in method close of sqlite3.Cursor object at 0x00000298F12841C0>)
2026-03-03 17:01:36,484 - aiosqlite - DEBUG - operation functools.partial(<built-in method close of sqlite3.Cursor object at 0x00000298F12841C0>) completed
2026-03-03 17:01:36,484 - aiosqlite - DEBUG - executing functools.partial(<built-in method cursor of sqlite3.Connection object at 0x00000298F12517B0>)
2026-03-03 17:01:36,484 - aiosqlite - DEBUG - operation functools.partial(<built-in method cursor of sqlite3.Connection object at 0x00000298F12517B0>) completed
2026-03-03 17:01:36,484 - aiosqlite - DEBUG - executing functools.partial(<built-in method execute of sqlite3.Cursor object at 0x00000298F12841C0>, 'PRAGMA main.index_info("ix_products_id")', ())
2026-03-03 17:01:36,489 - aiosqlite - DEBUG - operation functools.partial(<built-in method execute of sqlite3.Cursor object at 0x00000298F12841C0>, 'PRAGMA main.index_info("ix_products_id")', ()) completed
2026-03-03 17:01:36,489 - aiosqlite - DEBUG - executing functools.partial(<built-in method fetchall of sqlite3.Cursor object at 0x00000298F12841C0>)
2026-03-03 17:01:36,489 - aiosqlite - DEBUG - operation functools.partial(<built-in method fetchall of sqlite3.Cursor object at 0x00000298F12841C0>) completed
2026-03-03 17:01:36,489 - aiosqlite - DEBUG - executing functools.partial(<built-in method close of sqlite3.Cursor object at 0x00000298F12841C0>)
2026-03-03 17:01:36,489 - aiosqlite - DEBUG - operation functools.partial(<built-in method close of sqlite3.Cursor object at 0x00000298F12841C0>) completed
2026-03-03 17:01:36,489 - aiosqlite - DEBUG - executing functools.partial(<built-in method cursor of sqlite3.Connection object at 0x00000298F12517B0>)
2026-03-03 17:01:36,489 - aiosqlite - DEBUG - operation functools.partial(<built-in method cursor of sqlite3.Connection object at 0x00000298F12517B0>) completed
2026-03-03 17:01:36,489 - aiosqlite - DEBUG - executing functools.partial(<built-in method execute of sqlite3.Cursor object at 0x00000298F12841C0>, 'PRAGMA main.index_list("products")', ())
2026-03-03 17:01:36,489 - aiosqlite - DEBUG - operation functools.partial(<built-in method execute of sqlite3.Cursor object at 0x00000298F12841C0>, 'PRAGMA main.index_list("products")', ()) completed
2026-03-03 17:01:36,489 - aiosqlite - DEBUG - executing functools.partial(<built-in method fetchall of sqlite3.Cursor object at 0x00000298F12841C0>)
2026-03-03 17:01:36,494 - aiosqlite - DEBUG - operation functools.partial(<built-in method fetchall of sqlite3.Cursor object at 0x00000298F12841C0>) completed
2026-03-03 17:01:36,494 - aiosqlite - DEBUG - executing functools.partial(<built-in method close of sqlite3.Cursor object at 0x00000298F12841C0>)
2026-03-03 17:01:36,494 - aiosqlite - DEBUG - operation functools.partial(<built-in method close of sqlite3.Cursor object at 0x00000298F12841C0>) completed
2026-03-03 17:01:36,494 - aiosqlite - DEBUG - executing functools.partial(<built-in method cursor of sqlite3.Connection object at 0x00000298F12517B0>)
2026-03-03 17:01:36,494 - aiosqlite - DEBUG - operation functools.partial(<built-in method cursor of sqlite3.Connection object at 0x00000298F12517B0>) completed
2026-03-03 17:01:36,494 - aiosqlite - DEBUG - executing functools.partial(<built-in method execute of sqlite3.Cursor object at 0x00000298F12841C0>, 'PRAGMA main.index_info("ix_products_id")', ())
2026-03-03 17:01:36,499 - aiosqlite - DEBUG - operation functools.partial(<built-in method execute of sqlite3.Cursor object at 0x00000298F12841C0>, 'PRAGMA main.index_info("ix_products_id")', ()) completed
2026-03-03 17:01:36,499 - aiosqlite - DEBUG - executing functools.partial(<built-in method fetchall of sqlite3.Cursor object at 0x00000298F12841C0>)
2026-03-03 17:01:36,499 - aiosqlite - DEBUG - operation functools.partial(<built-in method fetchall of sqlite3.Cursor object at 0x00000298F12841C0>) completed
2026-03-03 17:01:36,499 - aiosqlite - DEBUG - executing functools.partial(<built-in method close of sqlite3.Cursor object at 0x00000298F12841C0>)
2026-03-03 17:01:36,499 - aiosqlite - DEBUG - operation functools.partial(<built-in method close of sqlite3.Cursor object at 0x00000298F12841C0>) completed
2026-03-03 17:01:36,499 - aiosqlite - DEBUG - executing functools.partial(<built-in method cursor of sqlite3.Connection object at 0x00000298F12517B0>)
2026-03-03 17:01:36,504 - aiosqlite - DEBUG - operation functools.partial(<built-in method cursor of sqlite3.Connection object at 0x00000298F12517B0>) completed
2026-03-03 17:01:36,509 - aiosqlite - DEBUG - executing functools.partial(<built-in method execute of sqlite3.Cursor object at 0x00000298F12841C0>, "SELECT sql FROM  (SELECT * FROM sqlite_master UNION ALL   SELECT * FROM sqlite_temp_master) WHERE name = ? AND type in ('table', 'view')", ('products',))
2026-03-03 17:01:36,509 - aiosqlite - DEBUG - operation functools.partial(<built-in method execute of sqlite3.Cursor object at 0x00000298F12841C0>, "SELECT sql FROM  (SELECT * FROM sqlite_master UNION ALL   SELECT * FROM sqlite_temp_master) WHERE name = ? AND type in ('table', 'view')", ('products',)) completed
2026-03-03 17:01:36,509 - aiosqlite - DEBUG - executing functools.partial(<built-in method fetchall of sqlite3.Cursor object at 0x00000298F12841C0>)
2026-03-03 17:01:36,514 - aiosqlite - DEBUG - operation functools.partial(<built-in method fetchall of sqlite3.Cursor object at 0x00000298F12841C0>) completed
2026-03-03 17:01:36,514 - aiosqlite - DEBUG - executing functools.partial(<built-in method close of sqlite3.Cursor object at 0x00000298F12841C0>)
2026-03-03 17:01:36,514 - aiosqlite - DEBUG - operation functools.partial(<built-in method close of sqlite3.Cursor object at 0x00000298F12841C0>) completed
2026-03-03 17:01:36,522 - aiosqlite - DEBUG - executing functools.partial(<built-in method cursor of sqlite3.Connection object at 0x00000298F12517B0>)
2026-03-03 17:01:36,522 - aiosqlite - DEBUG - operation functools.partial(<built-in method cursor of sqlite3.Connection object at 0x00000298F12517B0>) completed
2026-03-03 17:01:36,524 - aiosqlite - DEBUG - executing functools.partial(<built-in method execute of sqlite3.Cursor object at 0x00000298F11FF7C0>, 'SELECT count(*) AS count_1 \nFROM products', ())
2026-03-03 17:01:36,524 - aiosqlite - DEBUG - operation functools.partial(<built-in method execute of sqlite3.Cursor object at 0x00000298F11FF7C0>, 'SELECT count(*) AS count_1 \nFROM products', ()) completed
2026-03-03 17:01:36,526 - aiosqlite - DEBUG - executing functools.partial(<built-in method fetchall of sqlite3.Cursor object at 0x00000298F11FF7C0>)
2026-03-03 17:01:36,526 - aiosqlite - DEBUG - operation functools.partial(<built-in method fetchall of sqlite3.Cursor object at 0x00000298F11FF7C0>) completed
2026-03-03 17:01:36,526 - aiosqlite - DEBUG - executing functools.partial(<built-in method close of sqlite3.Cursor object at 0x00000298F11FF7C0>)
2026-03-03 17:01:36,526 - aiosqlite - DEBUG - operation functools.partial(<built-in method close of sqlite3.Cursor object at 0x00000298F11FF7C0>) completed
2026-03-03 17:01:36,526 - services.mock_data - INFO - Table products already has 15 rows; skipping mock insert
2026-03-03 17:01:36,526 - aiosqlite - DEBUG - executing functools.partial(<built-in method commit of sqlite3.Connection object at 0x00000298F12517B0>)
2026-03-03 17:01:36,526 - aiosqlite - DEBUG - operation functools.partial(<built-in method commit of sqlite3.Connection object at 0x00000298F12517B0>) completed
2026-03-03 17:01:36,526 - aiosqlite - DEBUG - executing functools.partial(<built-in method rollback of sqlite3.Connection object at 0x00000298F12517B0>)
2026-03-03 17:01:36,526 - aiosqlite - DEBUG - operation functools.partial(<built-in method rollback of sqlite3.Connection object at 0x00000298F12517B0>) completed
2026-03-03 17:01:36,526 - aiosqlite - DEBUG - executing functools.partial(<built-in method close of sqlite3.Connection object at 0x00000298F12517B0>)
2026-03-03 17:01:36,526 - aiosqlite - DEBUG - operation functools.partial(<built-in method close of sqlite3.Connection object at 0x00000298F12517B0>) completed
2026-03-03 17:01:36,526 - services.database - DEBUG - [DB_OP] Starting database initialization
2026-03-03 17:01:36,534 - services.database - INFO - 🔧 Starting database initialization...
2026-03-03 17:01:36,534 - core.database - INFO - Starting database initialization...
2026-03-03 17:01:36,534 - core.database - INFO - Database already initialized
2026-03-03 17:01:36,534 - services.database - INFO - 🔧 Database connection initialized, now creating tables if tables not exist...
2026-03-03 17:01:36,534 - core.database - DEBUG - [DB_OP] Starting create_tables
2026-03-03 17:01:36,534 - core.database - INFO - Tables already initialized
2026-03-03 17:01:36,534 - services.database - INFO - 🔧 Table creation completed
2026-03-03 17:01:36,534 - services.database - INFO - Database initialized successfully
2026-03-03 17:01:36,534 - services.database - DEBUG - [DB_OP] Database initialization completed in 0.0081s
2026-03-03 17:01:36,534 - services.auth - WARNING - Admin user ID or email not configured, skipping admin initialization
2026-03-03 17:01:36,534 - main - INFO - === Application startup completed successfully ===
2026-03-03 17:05:08,084 - services.database - DEBUG - [DB_OP] Starting database close
2026-03-03 17:05:08,084 - core.database - INFO - Database connection closed and engine disposed
2026-03-03 17:05:08,084 - services.database - INFO - Database connections closed
2026-03-03 17:05:08,084 - services.database - DEBUG - [DB_OP] Database close completed in 0.0000s
