2026-03-03 20:04:49,997 - main - INFO - === Logging system initialized ===
2026-03-03 20:04:49,997 - main - INFO - Log file: logs/app_20260303_200449.log
2026-03-03 20:04:49,997 - main - INFO - Log level: INFO
2026-03-03 20:04:49,997 - main - INFO - Timestamp: 20260303_200449
2026-03-03 20:04:50,456 - main - INFO - Included router: routers.aihub.router
2026-03-03 20:04:50,456 - main - WARNING - Failed to import module 'routers.auth': No module named 'core.security'
2026-03-03 20:04:50,456 - main - INFO - Included router: routers.health.router
2026-03-03 20:04:50,475 - main - INFO - Included router: routers.orders.router
2026-03-03 20:04:50,526 - main - INFO - Included router: routers.products.router
2026-03-03 20:04:50,537 - main - WARNING - Failed to import module 'routers.settings': cannot import name 'get_admin_user' from 'dependencies.auth' (D:\ASM1\backend\dependencies\auth.py)
2026-03-03 20:04:50,537 - main - WARNING - Failed to import module 'routers.storage': cannot import name 'get_admin_user' from 'dependencies.auth' (D:\ASM1\backend\dependencies\auth.py)
2026-03-03 20:04:50,545 - main - INFO - Included router: routers.user.router
2026-03-03 20:04:50,545 - main - INFO - === Application startup initiated ===
2026-03-03 20:04:50,545 - services.database - DEBUG - [DB_OP] Starting database initialization
2026-03-03 20:04:50,545 - services.database - INFO - 🔧 Starting database initialization...
2026-03-03 20:04:50,545 - core.database - INFO - Starting database initialization...
2026-03-03 20:04:50,545 - core.database - INFO - Normalizing database URL for async compatibility...
2026-03-03 20:04:50,545 - core.database - DEBUG - Database exists:./test.db
2026-03-03 20:04:50,545 - core.database - WARNING - Adjusted database URL driver for async compatibility
2026-03-03 20:04:50,545 - core.database - INFO - Creating async database engine...
2026-03-03 20:04:50,545 - core.database - INFO - Using NullPool for sqlite+aiosqlite environment
2026-03-03 20:04:50,576 - core.database - INFO - Database engine created successfully
2026-03-03 20:04:50,576 - core.database - INFO - Creating async session maker...
2026-03-03 20:04:50,576 - core.database - INFO - Async session maker created successfully
2026-03-03 20:04:50,576 - core.database - INFO - Database connection initialized successfully
2026-03-03 20:04:50,576 - services.database - INFO - 🔧 Database connection initialized, now creating tables if tables not exist...
2026-03-03 20:04:50,576 - core.database - DEBUG - [DB_OP] Starting create_tables
2026-03-03 20:04:50,576 - core.database - INFO - 🔧 Starting table creation...
2026-03-03 20:04:50,576 - aiosqlite - DEBUG - executing <function connect.<locals>.connector at 0x000001EEEA511BC0>
2026-03-03 20:04:50,576 - aiosqlite - DEBUG - operation <function connect.<locals>.connector at 0x000001EEEA511BC0> completed
2026-03-03 20:04:50,576 - aiosqlite - DEBUG - executing functools.partial(<built-in method create_function of sqlite3.Connection object at 0x000001EEEA51C130>, 'regexp', 2, <function SQLiteDialect_pysqlite.on_connect.<locals>.regexp at 0x000001EEEA510EA0>, deterministic=True)
2026-03-03 20:04:50,576 - aiosqlite - DEBUG - operation functools.partial(<built-in method create_function of sqlite3.Connection object at 0x000001EEEA51C130>, 'regexp', 2, <function SQLiteDialect_pysqlite.on_connect.<locals>.regexp at 0x000001EEEA510EA0>, deterministic=True) completed
2026-03-03 20:04:50,576 - aiosqlite - DEBUG - executing functools.partial(<built-in method create_function of sqlite3.Connection object at 0x000001EEEA51C130>, 'floor', 1, <built-in function floor>, deterministic=True)
2026-03-03 20:04:50,576 - aiosqlite - DEBUG - operation functools.partial(<built-in method create_function of sqlite3.Connection object at 0x000001EEEA51C130>, 'floor', 1, <built-in function floor>, deterministic=True) completed
2026-03-03 20:04:50,576 - aiosqlite - DEBUG - executing functools.partial(<built-in method cursor of sqlite3.Connection object at 0x000001EEEA51C130>)
2026-03-03 20:04:50,576 - aiosqlite - DEBUG - operation functools.partial(<built-in method cursor of sqlite3.Connection object at 0x000001EEEA51C130>) completed
2026-03-03 20:04:50,576 - aiosqlite - DEBUG - executing functools.partial(<built-in method execute of sqlite3.Cursor object at 0x000001EEEA518540>, 'PRAGMA read_uncommitted', [])
2026-03-03 20:04:50,576 - aiosqlite - DEBUG - operation functools.partial(<built-in method execute of sqlite3.Cursor object at 0x000001EEEA518540>, 'PRAGMA read_uncommitted', []) completed
2026-03-03 20:04:50,585 - aiosqlite - DEBUG - executing functools.partial(<built-in method fetchall of sqlite3.Cursor object at 0x000001EEEA518540>)
2026-03-03 20:04:50,585 - aiosqlite - DEBUG - operation functools.partial(<built-in method fetchall of sqlite3.Cursor object at 0x000001EEEA518540>) completed
2026-03-03 20:04:50,585 - aiosqlite - DEBUG - executing functools.partial(<built-in method close of sqlite3.Cursor object at 0x000001EEEA518540>)
2026-03-03 20:04:50,585 - aiosqlite - DEBUG - operation functools.partial(<built-in method close of sqlite3.Cursor object at 0x000001EEEA518540>) completed
2026-03-03 20:04:50,585 - aiosqlite - DEBUG - executing functools.partial(<built-in method rollback of sqlite3.Connection object at 0x000001EEEA51C130>)
2026-03-03 20:04:50,585 - aiosqlite - DEBUG - operation functools.partial(<built-in method rollback of sqlite3.Connection object at 0x000001EEEA51C130>) completed
2026-03-03 20:04:50,585 - aiosqlite - DEBUG - executing functools.partial(<built-in method cursor of sqlite3.Connection object at 0x000001EEEA51C130>)
2026-03-03 20:04:50,585 - aiosqlite - DEBUG - operation functools.partial(<built-in method cursor of sqlite3.Connection object at 0x000001EEEA51C130>) completed
2026-03-03 20:04:50,585 - aiosqlite - DEBUG - executing functools.partial(<built-in method execute of sqlite3.Cursor object at 0x000001EEEA518640>, 'PRAGMA main.table_info("users")', ())
2026-03-03 20:04:50,585 - aiosqlite - DEBUG - operation functools.partial(<built-in method execute of sqlite3.Cursor object at 0x000001EEEA518640>, 'PRAGMA main.table_info("users")', ()) completed
2026-03-03 20:04:50,585 - aiosqlite - DEBUG - executing functools.partial(<built-in method fetchall of sqlite3.Cursor object at 0x000001EEEA518640>)
2026-03-03 20:04:50,585 - aiosqlite - DEBUG - operation functools.partial(<built-in method fetchall of sqlite3.Cursor object at 0x000001EEEA518640>) completed
2026-03-03 20:04:50,585 - aiosqlite - DEBUG - executing functools.partial(<built-in method close of sqlite3.Cursor object at 0x000001EEEA518640>)
2026-03-03 20:04:50,593 - aiosqlite - DEBUG - operation functools.partial(<built-in method close of sqlite3.Cursor object at 0x000001EEEA518640>) completed
2026-03-03 20:04:50,593 - aiosqlite - DEBUG - executing functools.partial(<built-in method cursor of sqlite3.Connection object at 0x000001EEEA51C130>)
2026-03-03 20:04:50,593 - aiosqlite - DEBUG - operation functools.partial(<built-in method cursor of sqlite3.Connection object at 0x000001EEEA51C130>) completed
2026-03-03 20:04:50,593 - aiosqlite - DEBUG - executing functools.partial(<built-in method execute of sqlite3.Cursor object at 0x000001EEEA518640>, 'PRAGMA main.table_info("oidc_states")', ())
2026-03-03 20:04:50,593 - aiosqlite - DEBUG - operation functools.partial(<built-in method execute of sqlite3.Cursor object at 0x000001EEEA518640>, 'PRAGMA main.table_info("oidc_states")', ()) completed
2026-03-03 20:04:50,593 - aiosqlite - DEBUG - executing functools.partial(<built-in method fetchall of sqlite3.Cursor object at 0x000001EEEA518640>)
2026-03-03 20:04:50,593 - aiosqlite - DEBUG - operation functools.partial(<built-in method fetchall of sqlite3.Cursor object at 0x000001EEEA518640>) completed
2026-03-03 20:04:50,593 - aiosqlite - DEBUG - executing functools.partial(<built-in method close of sqlite3.Cursor object at 0x000001EEEA518640>)
2026-03-03 20:04:50,593 - aiosqlite - DEBUG - operation functools.partial(<built-in method close of sqlite3.Cursor object at 0x000001EEEA518640>) completed
2026-03-03 20:04:50,593 - aiosqlite - DEBUG - executing functools.partial(<built-in method cursor of sqlite3.Connection object at 0x000001EEEA51C130>)
2026-03-03 20:04:50,593 - aiosqlite - DEBUG - operation functools.partial(<built-in method cursor of sqlite3.Connection object at 0x000001EEEA51C130>) completed
2026-03-03 20:04:50,593 - aiosqlite - DEBUG - executing functools.partial(<built-in method execute of sqlite3.Cursor object at 0x000001EEEA518640>, 'PRAGMA main.table_info("orders")', ())
2026-03-03 20:04:50,593 - aiosqlite - DEBUG - operation functools.partial(<built-in method execute of sqlite3.Cursor object at 0x000001EEEA518640>, 'PRAGMA main.table_info("orders")', ()) completed
2026-03-03 20:04:50,593 - aiosqlite - DEBUG - executing functools.partial(<built-in method fetchall of sqlite3.Cursor object at 0x000001EEEA518640>)
2026-03-03 20:04:50,593 - aiosqlite - DEBUG - operation functools.partial(<built-in method fetchall of sqlite3.Cursor object at 0x000001EEEA518640>) completed
2026-03-03 20:04:50,593 - aiosqlite - DEBUG - executing functools.partial(<built-in method close of sqlite3.Cursor object at 0x000001EEEA518640>)
2026-03-03 20:04:50,593 - aiosqlite - DEBUG - operation functools.partial(<built-in method close of sqlite3.Cursor object at 0x000001EEEA518640>) completed
2026-03-03 20:04:50,601 - aiosqlite - DEBUG - executing functools.partial(<built-in method cursor of sqlite3.Connection object at 0x000001EEEA51C130>)
2026-03-03 20:04:50,601 - aiosqlite - DEBUG - operation functools.partial(<built-in method cursor of sqlite3.Connection object at 0x000001EEEA51C130>) completed
2026-03-03 20:04:50,601 - aiosqlite - DEBUG - executing functools.partial(<built-in method execute of sqlite3.Cursor object at 0x000001EEEA518640>, 'PRAGMA main.table_info("products")', ())
2026-03-03 20:04:50,601 - aiosqlite - DEBUG - operation functools.partial(<built-in method execute of sqlite3.Cursor object at 0x000001EEEA518640>, 'PRAGMA main.table_info("products")', ()) completed
2026-03-03 20:04:50,601 - aiosqlite - DEBUG - executing functools.partial(<built-in method fetchall of sqlite3.Cursor object at 0x000001EEEA518640>)
2026-03-03 20:04:50,601 - aiosqlite - DEBUG - operation functools.partial(<built-in method fetchall of sqlite3.Cursor object at 0x000001EEEA518640>) completed
2026-03-03 20:04:50,601 - aiosqlite - DEBUG - executing functools.partial(<built-in method close of sqlite3.Cursor object at 0x000001EEEA518640>)
2026-03-03 20:04:50,601 - aiosqlite - DEBUG - operation functools.partial(<built-in method close of sqlite3.Cursor object at 0x000001EEEA518640>) completed
2026-03-03 20:04:50,601 - core.database - INFO - Tables initialized successfully
2026-03-03 20:04:50,601 - core.database - DEBUG - [DB_OP] Create tables completed in 0.0253s
2026-03-03 20:04:50,601 - aiosqlite - DEBUG - executing functools.partial(<built-in method commit of sqlite3.Connection object at 0x000001EEEA51C130>)
2026-03-03 20:04:50,601 - aiosqlite - DEBUG - operation functools.partial(<built-in method commit of sqlite3.Connection object at 0x000001EEEA51C130>) completed
2026-03-03 20:04:50,609 - aiosqlite - DEBUG - executing functools.partial(<built-in method rollback of sqlite3.Connection object at 0x000001EEEA51C130>)
2026-03-03 20:04:50,609 - aiosqlite - DEBUG - operation functools.partial(<built-in method rollback of sqlite3.Connection object at 0x000001EEEA51C130>) completed
2026-03-03 20:04:50,609 - aiosqlite - DEBUG - executing functools.partial(<built-in method close of sqlite3.Connection object at 0x000001EEEA51C130>)
2026-03-03 20:04:50,609 - aiosqlite - DEBUG - operation functools.partial(<built-in method close of sqlite3.Connection object at 0x000001EEEA51C130>) completed
2026-03-03 20:04:50,609 - services.database - INFO - 🔧 Table creation completed
2026-03-03 20:04:50,609 - services.database - INFO - Database initialized successfully
2026-03-03 20:04:50,609 - services.database - DEBUG - [DB_OP] Database initialization completed in 0.0642s
2026-03-03 20:04:50,609 - services.mock_data - INFO - Processing mock data file products.json for table products
2026-03-03 20:04:50,609 - aiosqlite - DEBUG - executing <function connect.<locals>.connector at 0x000001EEEA512160>
2026-03-03 20:04:50,609 - aiosqlite - DEBUG - operation <function connect.<locals>.connector at 0x000001EEEA512160> completed
2026-03-03 20:04:50,609 - aiosqlite - DEBUG - executing functools.partial(<built-in method create_function of sqlite3.Connection object at 0x000001EEEA51C220>, 'regexp', 2, <function SQLiteDialect_pysqlite.on_connect.<locals>.regexp at 0x000001EEEA510EA0>, deterministic=True)
2026-03-03 20:04:50,609 - aiosqlite - DEBUG - operation functools.partial(<built-in method create_function of sqlite3.Connection object at 0x000001EEEA51C220>, 'regexp', 2, <function SQLiteDialect_pysqlite.on_connect.<locals>.regexp at 0x000001EEEA510EA0>, deterministic=True) completed
2026-03-03 20:04:50,609 - aiosqlite - DEBUG - executing functools.partial(<built-in method create_function of sqlite3.Connection object at 0x000001EEEA51C220>, 'floor', 1, <built-in function floor>, deterministic=True)
2026-03-03 20:04:50,609 - aiosqlite - DEBUG - operation functools.partial(<built-in method create_function of sqlite3.Connection object at 0x000001EEEA51C220>, 'floor', 1, <built-in function floor>, deterministic=True) completed
2026-03-03 20:04:50,617 - aiosqlite - DEBUG - executing functools.partial(<built-in method cursor of sqlite3.Connection object at 0x000001EEEA51C220>)
2026-03-03 20:04:50,617 - aiosqlite - DEBUG - operation functools.partial(<built-in method cursor of sqlite3.Connection object at 0x000001EEEA51C220>) completed
2026-03-03 20:04:50,617 - aiosqlite - DEBUG - executing functools.partial(<built-in method execute of sqlite3.Cursor object at 0x000001EEEA518EC0>, 'PRAGMA main.table_xinfo("products")', ())
2026-03-03 20:04:50,617 - aiosqlite - DEBUG - operation functools.partial(<built-in method execute of sqlite3.Cursor object at 0x000001EEEA518EC0>, 'PRAGMA main.table_xinfo("products")', ()) completed
2026-03-03 20:04:50,617 - aiosqlite - DEBUG - executing functools.partial(<built-in method fetchall of sqlite3.Cursor object at 0x000001EEEA518EC0>)
2026-03-03 20:04:50,617 - aiosqlite - DEBUG - operation functools.partial(<built-in method fetchall of sqlite3.Cursor object at 0x000001EEEA518EC0>) completed
2026-03-03 20:04:50,617 - aiosqlite - DEBUG - executing functools.partial(<built-in method close of sqlite3.Cursor object at 0x000001EEEA518EC0>)
2026-03-03 20:04:50,617 - aiosqlite - DEBUG - operation functools.partial(<built-in method close of sqlite3.Cursor object at 0x000001EEEA518EC0>) completed
2026-03-03 20:04:50,617 - aiosqlite - DEBUG - executing functools.partial(<built-in method cursor of sqlite3.Connection object at 0x000001EEEA51C220>)
2026-03-03 20:04:50,617 - aiosqlite - DEBUG - operation functools.partial(<built-in method cursor of sqlite3.Connection object at 0x000001EEEA51C220>) completed
2026-03-03 20:04:50,617 - aiosqlite - DEBUG - executing functools.partial(<built-in method execute of sqlite3.Cursor object at 0x000001EEEA518EC0>, "SELECT sql FROM  (SELECT * FROM sqlite_master UNION ALL   SELECT * FROM sqlite_temp_master) WHERE name = ? AND type in ('table', 'view')", ('products',))
2026-03-03 20:04:50,617 - aiosqlite - DEBUG - operation functools.partial(<built-in method execute of sqlite3.Cursor object at 0x000001EEEA518EC0>, "SELECT sql FROM  (SELECT * FROM sqlite_master UNION ALL   SELECT * FROM sqlite_temp_master) WHERE name = ? AND type in ('table', 'view')", ('products',)) completed
2026-03-03 20:04:50,625 - aiosqlite - DEBUG - executing functools.partial(<built-in method fetchall of sqlite3.Cursor object at 0x000001EEEA518EC0>)
2026-03-03 20:04:50,626 - aiosqlite - DEBUG - operation functools.partial(<built-in method fetchall of sqlite3.Cursor object at 0x000001EEEA518EC0>) completed
2026-03-03 20:04:50,626 - aiosqlite - DEBUG - executing functools.partial(<built-in method close of sqlite3.Cursor object at 0x000001EEEA518EC0>)
2026-03-03 20:04:50,626 - aiosqlite - DEBUG - operation functools.partial(<built-in method close of sqlite3.Cursor object at 0x000001EEEA518EC0>) completed
2026-03-03 20:04:50,626 - aiosqlite - DEBUG - executing functools.partial(<built-in method cursor of sqlite3.Connection object at 0x000001EEEA51C220>)
2026-03-03 20:04:50,626 - aiosqlite - DEBUG - operation functools.partial(<built-in method cursor of sqlite3.Connection object at 0x000001EEEA51C220>) completed
2026-03-03 20:04:50,626 - aiosqlite - DEBUG - executing functools.partial(<built-in method execute of sqlite3.Cursor object at 0x000001EEEA518EC0>, 'PRAGMA main.foreign_key_list("products")', ())
2026-03-03 20:04:50,626 - aiosqlite - DEBUG - operation functools.partial(<built-in method execute of sqlite3.Cursor object at 0x000001EEEA518EC0>, 'PRAGMA main.foreign_key_list("products")', ()) completed
2026-03-03 20:04:50,626 - aiosqlite - DEBUG - executing functools.partial(<built-in method fetchall of sqlite3.Cursor object at 0x000001EEEA518EC0>)
2026-03-03 20:04:50,626 - aiosqlite - DEBUG - operation functools.partial(<built-in method fetchall of sqlite3.Cursor object at 0x000001EEEA518EC0>) completed
2026-03-03 20:04:50,626 - aiosqlite - DEBUG - executing functools.partial(<built-in method close of sqlite3.Cursor object at 0x000001EEEA518EC0>)
2026-03-03 20:04:50,626 - aiosqlite - DEBUG - operation functools.partial(<built-in method close of sqlite3.Cursor object at 0x000001EEEA518EC0>) completed
2026-03-03 20:04:50,631 - aiosqlite - DEBUG - executing functools.partial(<built-in method cursor of sqlite3.Connection object at 0x000001EEEA51C220>)
2026-03-03 20:04:50,632 - aiosqlite - DEBUG - operation functools.partial(<built-in method cursor of sqlite3.Connection object at 0x000001EEEA51C220>) completed
2026-03-03 20:04:50,632 - aiosqlite - DEBUG - executing functools.partial(<built-in method execute of sqlite3.Cursor object at 0x000001EEEA518EC0>, 'PRAGMA temp.foreign_key_list("products")', ())
2026-03-03 20:04:50,632 - aiosqlite - DEBUG - operation functools.partial(<built-in method execute of sqlite3.Cursor object at 0x000001EEEA518EC0>, 'PRAGMA temp.foreign_key_list("products")', ()) completed
2026-03-03 20:04:50,632 - aiosqlite - DEBUG - executing functools.partial(<built-in method fetchall of sqlite3.Cursor object at 0x000001EEEA518EC0>)
2026-03-03 20:04:50,632 - aiosqlite - DEBUG - operation functools.partial(<built-in method fetchall of sqlite3.Cursor object at 0x000001EEEA518EC0>) completed
2026-03-03 20:04:50,632 - aiosqlite - DEBUG - executing functools.partial(<built-in method close of sqlite3.Cursor object at 0x000001EEEA518EC0>)
2026-03-03 20:04:50,632 - aiosqlite - DEBUG - operation functools.partial(<built-in method close of sqlite3.Cursor object at 0x000001EEEA518EC0>) completed
2026-03-03 20:04:50,632 - aiosqlite - DEBUG - executing functools.partial(<built-in method cursor of sqlite3.Connection object at 0x000001EEEA51C220>)
2026-03-03 20:04:50,632 - aiosqlite - DEBUG - operation functools.partial(<built-in method cursor of sqlite3.Connection object at 0x000001EEEA51C220>) completed
2026-03-03 20:04:50,632 - aiosqlite - DEBUG - executing functools.partial(<built-in method execute of sqlite3.Cursor object at 0x000001EEEA518EC0>, "SELECT sql FROM  (SELECT * FROM sqlite_master UNION ALL   SELECT * FROM sqlite_temp_master) WHERE name = ? AND type in ('table', 'view')", ('products',))
2026-03-03 20:04:50,636 - aiosqlite - DEBUG - operation functools.partial(<built-in method execute of sqlite3.Cursor object at 0x000001EEEA518EC0>, "SELECT sql FROM  (SELECT * FROM sqlite_master UNION ALL   SELECT * FROM sqlite_temp_master) WHERE name = ? AND type in ('table', 'view')", ('products',)) completed
2026-03-03 20:04:50,636 - aiosqlite - DEBUG - executing functools.partial(<built-in method fetchall of sqlite3.Cursor object at 0x000001EEEA518EC0>)
2026-03-03 20:04:50,636 - aiosqlite - DEBUG - operation functools.partial(<built-in method fetchall of sqlite3.Cursor object at 0x000001EEEA518EC0>) completed
2026-03-03 20:04:50,636 - aiosqlite - DEBUG - executing functools.partial(<built-in method close of sqlite3.Cursor object at 0x000001EEEA518EC0>)
2026-03-03 20:04:50,636 - aiosqlite - DEBUG - operation functools.partial(<built-in method close of sqlite3.Cursor object at 0x000001EEEA518EC0>) completed
2026-03-03 20:04:50,636 - aiosqlite - DEBUG - executing functools.partial(<built-in method cursor of sqlite3.Connection object at 0x000001EEEA51C220>)
2026-03-03 20:04:50,636 - aiosqlite - DEBUG - operation functools.partial(<built-in method cursor of sqlite3.Connection object at 0x000001EEEA51C220>) completed
2026-03-03 20:04:50,636 - aiosqlite - DEBUG - executing functools.partial(<built-in method execute of sqlite3.Cursor object at 0x000001EEEA518EC0>, 'PRAGMA main.index_list("products")', ())
2026-03-03 20:04:50,636 - aiosqlite - DEBUG - operation functools.partial(<built-in method execute of sqlite3.Cursor object at 0x000001EEEA518EC0>, 'PRAGMA main.index_list("products")', ()) completed
2026-03-03 20:04:50,636 - aiosqlite - DEBUG - executing functools.partial(<built-in method fetchall of sqlite3.Cursor object at 0x000001EEEA518EC0>)
2026-03-03 20:04:50,645 - aiosqlite - DEBUG - operation functools.partial(<built-in method fetchall of sqlite3.Cursor object at 0x000001EEEA518EC0>) completed
2026-03-03 20:04:50,645 - aiosqlite - DEBUG - executing functools.partial(<built-in method close of sqlite3.Cursor object at 0x000001EEEA518EC0>)
2026-03-03 20:04:50,645 - aiosqlite - DEBUG - operation functools.partial(<built-in method close of sqlite3.Cursor object at 0x000001EEEA518EC0>) completed
2026-03-03 20:04:50,645 - aiosqlite - DEBUG - executing functools.partial(<built-in method cursor of sqlite3.Connection object at 0x000001EEEA51C220>)
2026-03-03 20:04:50,645 - aiosqlite - DEBUG - operation functools.partial(<built-in method cursor of sqlite3.Connection object at 0x000001EEEA51C220>) completed
2026-03-03 20:04:50,645 - aiosqlite - DEBUG - executing functools.partial(<built-in method execute of sqlite3.Cursor object at 0x000001EEEA518EC0>, 'PRAGMA main.index_info("ix_products_id")', ())
2026-03-03 20:04:50,645 - aiosqlite - DEBUG - operation functools.partial(<built-in method execute of sqlite3.Cursor object at 0x000001EEEA518EC0>, 'PRAGMA main.index_info("ix_products_id")', ()) completed
2026-03-03 20:04:50,645 - aiosqlite - DEBUG - executing functools.partial(<built-in method fetchall of sqlite3.Cursor object at 0x000001EEEA518EC0>)
2026-03-03 20:04:50,645 - aiosqlite - DEBUG - operation functools.partial(<built-in method fetchall of sqlite3.Cursor object at 0x000001EEEA518EC0>) completed
2026-03-03 20:04:50,645 - aiosqlite - DEBUG - executing functools.partial(<built-in method close of sqlite3.Cursor object at 0x000001EEEA518EC0>)
2026-03-03 20:04:50,645 - aiosqlite - DEBUG - operation functools.partial(<built-in method close of sqlite3.Cursor object at 0x000001EEEA518EC0>) completed
2026-03-03 20:04:50,645 - aiosqlite - DEBUG - executing functools.partial(<built-in method cursor of sqlite3.Connection object at 0x000001EEEA51C220>)
2026-03-03 20:04:50,645 - aiosqlite - DEBUG - operation functools.partial(<built-in method cursor of sqlite3.Connection object at 0x000001EEEA51C220>) completed
2026-03-03 20:04:50,645 - aiosqlite - DEBUG - executing functools.partial(<built-in method execute of sqlite3.Cursor object at 0x000001EEEA518EC0>, 'PRAGMA main.index_list("products")', ())
2026-03-03 20:04:50,645 - aiosqlite - DEBUG - operation functools.partial(<built-in method execute of sqlite3.Cursor object at 0x000001EEEA518EC0>, 'PRAGMA main.index_list("products")', ()) completed
2026-03-03 20:04:50,653 - aiosqlite - DEBUG - executing functools.partial(<built-in method fetchall of sqlite3.Cursor object at 0x000001EEEA518EC0>)
2026-03-03 20:04:50,653 - aiosqlite - DEBUG - operation functools.partial(<built-in method fetchall of sqlite3.Cursor object at 0x000001EEEA518EC0>) completed
2026-03-03 20:04:50,653 - aiosqlite - DEBUG - executing functools.partial(<built-in method close of sqlite3.Cursor object at 0x000001EEEA518EC0>)
2026-03-03 20:04:50,653 - aiosqlite - DEBUG - operation functools.partial(<built-in method close of sqlite3.Cursor object at 0x000001EEEA518EC0>) completed
2026-03-03 20:04:50,653 - aiosqlite - DEBUG - executing functools.partial(<built-in method cursor of sqlite3.Connection object at 0x000001EEEA51C220>)
2026-03-03 20:04:50,653 - aiosqlite - DEBUG - operation functools.partial(<built-in method cursor of sqlite3.Connection object at 0x000001EEEA51C220>) completed
2026-03-03 20:04:50,653 - aiosqlite - DEBUG - executing functools.partial(<built-in method execute of sqlite3.Cursor object at 0x000001EEEA518EC0>, 'PRAGMA main.index_info("ix_products_id")', ())
2026-03-03 20:04:50,653 - aiosqlite - DEBUG - operation functools.partial(<built-in method execute of sqlite3.Cursor object at 0x000001EEEA518EC0>, 'PRAGMA main.index_info("ix_products_id")', ()) completed
2026-03-03 20:04:50,653 - aiosqlite - DEBUG - executing functools.partial(<built-in method fetchall of sqlite3.Cursor object at 0x000001EEEA518EC0>)
2026-03-03 20:04:50,653 - aiosqlite - DEBUG - operation functools.partial(<built-in method fetchall of sqlite3.Cursor object at 0x000001EEEA518EC0>) completed
2026-03-03 20:04:50,653 - aiosqlite - DEBUG - executing functools.partial(<built-in method close of sqlite3.Cursor object at 0x000001EEEA518EC0>)
2026-03-03 20:04:50,653 - aiosqlite - DEBUG - operation functools.partial(<built-in method close of sqlite3.Cursor object at 0x000001EEEA518EC0>) completed
2026-03-03 20:04:50,653 - aiosqlite - DEBUG - executing functools.partial(<built-in method cursor of sqlite3.Connection object at 0x000001EEEA51C220>)
2026-03-03 20:04:50,653 - aiosqlite - DEBUG - operation functools.partial(<built-in method cursor of sqlite3.Connection object at 0x000001EEEA51C220>) completed
2026-03-03 20:04:50,653 - aiosqlite - DEBUG - executing functools.partial(<built-in method execute of sqlite3.Cursor object at 0x000001EEEA518EC0>, "SELECT sql FROM  (SELECT * FROM sqlite_master UNION ALL   SELECT * FROM sqlite_temp_master) WHERE name = ? AND type in ('table', 'view')", ('products',))
2026-03-03 20:04:50,661 - aiosqlite - DEBUG - operation functools.partial(<built-in method execute of sqlite3.Cursor object at 0x000001EEEA518EC0>, "SELECT sql FROM  (SELECT * FROM sqlite_master UNION ALL   SELECT * FROM sqlite_temp_master) WHERE name = ? AND type in ('table', 'view')", ('products',)) completed
2026-03-03 20:04:50,661 - aiosqlite - DEBUG - executing functools.partial(<built-in method fetchall of sqlite3.Cursor object at 0x000001EEEA518EC0>)
2026-03-03 20:04:50,661 - aiosqlite - DEBUG - operation functools.partial(<built-in method fetchall of sqlite3.Cursor object at 0x000001EEEA518EC0>) completed
2026-03-03 20:04:50,661 - aiosqlite - DEBUG - executing functools.partial(<built-in method close of sqlite3.Cursor object at 0x000001EEEA518EC0>)
2026-03-03 20:04:50,661 - aiosqlite - DEBUG - operation functools.partial(<built-in method close of sqlite3.Cursor object at 0x000001EEEA518EC0>) completed
2026-03-03 20:04:50,661 - aiosqlite - DEBUG - executing functools.partial(<built-in method cursor of sqlite3.Connection object at 0x000001EEEA51C220>)
2026-03-03 20:04:50,661 - aiosqlite - DEBUG - operation functools.partial(<built-in method cursor of sqlite3.Connection object at 0x000001EEEA51C220>) completed
2026-03-03 20:04:50,661 - aiosqlite - DEBUG - executing functools.partial(<built-in method execute of sqlite3.Cursor object at 0x000001EEEA49BEC0>, 'SELECT count(*) AS count_1 \nFROM products', ())
2026-03-03 20:04:50,670 - aiosqlite - DEBUG - operation functools.partial(<built-in method execute of sqlite3.Cursor object at 0x000001EEEA49BEC0>, 'SELECT count(*) AS count_1 \nFROM products', ()) completed
2026-03-03 20:04:50,670 - aiosqlite - DEBUG - executing functools.partial(<built-in method fetchall of sqlite3.Cursor object at 0x000001EEEA49BEC0>)
2026-03-03 20:04:50,670 - aiosqlite - DEBUG - operation functools.partial(<built-in method fetchall of sqlite3.Cursor object at 0x000001EEEA49BEC0>) completed
2026-03-03 20:04:50,670 - aiosqlite - DEBUG - executing functools.partial(<built-in method close of sqlite3.Cursor object at 0x000001EEEA49BEC0>)
2026-03-03 20:04:50,670 - aiosqlite - DEBUG - operation functools.partial(<built-in method close of sqlite3.Cursor object at 0x000001EEEA49BEC0>) completed
2026-03-03 20:04:50,670 - services.mock_data - INFO - Table products already has 8 rows; skipping mock insert
2026-03-03 20:04:50,670 - aiosqlite - DEBUG - executing functools.partial(<built-in method commit of sqlite3.Connection object at 0x000001EEEA51C220>)
2026-03-03 20:04:50,670 - aiosqlite - DEBUG - operation functools.partial(<built-in method commit of sqlite3.Connection object at 0x000001EEEA51C220>) completed
2026-03-03 20:04:50,670 - aiosqlite - DEBUG - executing functools.partial(<built-in method rollback of sqlite3.Connection object at 0x000001EEEA51C220>)
2026-03-03 20:04:50,670 - aiosqlite - DEBUG - operation functools.partial(<built-in method rollback of sqlite3.Connection object at 0x000001EEEA51C220>) completed
2026-03-03 20:04:50,670 - aiosqlite - DEBUG - executing functools.partial(<built-in method close of sqlite3.Connection object at 0x000001EEEA51C220>)
2026-03-03 20:04:50,670 - aiosqlite - DEBUG - operation functools.partial(<built-in method close of sqlite3.Connection object at 0x000001EEEA51C220>) completed
2026-03-03 20:04:50,676 - services.database - DEBUG - [DB_OP] Starting database initialization
2026-03-03 20:04:50,676 - services.database - INFO - 🔧 Starting database initialization...
2026-03-03 20:04:50,676 - core.database - INFO - Starting database initialization...
2026-03-03 20:04:50,676 - core.database - INFO - Database already initialized
2026-03-03 20:04:50,676 - services.database - INFO - 🔧 Database connection initialized, now creating tables if tables not exist...
2026-03-03 20:04:50,676 - core.database - DEBUG - [DB_OP] Starting create_tables
2026-03-03 20:04:50,676 - core.database - INFO - Tables already initialized
2026-03-03 20:04:50,676 - services.database - INFO - 🔧 Table creation completed
2026-03-03 20:04:50,676 - services.database - INFO - Database initialized successfully
2026-03-03 20:04:50,676 - services.database - DEBUG - [DB_OP] Database initialization completed in 0.0000s
2026-03-03 20:04:50,676 - services.auth - WARNING - Admin user ID or email not configured, skipping admin initialization
2026-03-03 20:04:50,676 - main - INFO - === Application startup completed successfully ===
2026-03-03 20:05:52,265 - services.database - DEBUG - [DB_OP] Starting database close
2026-03-03 20:05:52,265 - core.database - INFO - Database connection closed and engine disposed
2026-03-03 20:05:52,265 - services.database - INFO - Database connections closed
2026-03-03 20:05:52,265 - services.database - DEBUG - [DB_OP] Database close completed in 0.0000s
