2026-03-03 20:05:55,166 - main - INFO - === Logging system initialized ===
2026-03-03 20:05:55,166 - main - INFO - Log file: logs/app_20260303_200555.log
2026-03-03 20:05:55,166 - main - INFO - Log level: INFO
2026-03-03 20:05:55,166 - main - INFO - Timestamp: 20260303_200555
2026-03-03 20:05:55,166 - main - INFO - === Logging system initialized ===
2026-03-03 20:05:55,166 - main - INFO - Log file: logs/app_20260303_200555.log
2026-03-03 20:05:55,174 - main - INFO - Log level: INFO
2026-03-03 20:05:55,174 - main - INFO - Timestamp: 20260303_200555
2026-03-03 20:05:55,766 - main - INFO - Included router: routers.aihub.router
2026-03-03 20:05:55,766 - main - WARNING - Failed to import module 'routers.auth': cannot import name 'hash_password' from 'core.security' (D:\ASM1\backend\core\security.py)
2026-03-03 20:05:55,766 - main - INFO - Included router: routers.health.router
2026-03-03 20:05:55,766 - main - INFO - Included router: routers.aihub.router
2026-03-03 20:05:55,776 - main - WARNING - Failed to import module 'routers.auth': cannot import name 'hash_password' from 'core.security' (D:\ASM1\backend\core\security.py)
2026-03-03 20:05:55,776 - main - INFO - Included router: routers.health.router
2026-03-03 20:05:55,786 - main - INFO - Included router: routers.orders.router
2026-03-03 20:05:55,796 - main - INFO - Included router: routers.orders.router
2026-03-03 20:05:55,876 - main - INFO - Included router: routers.products.router
2026-03-03 20:05:55,876 - main - WARNING - Failed to import module 'routers.settings': cannot import name 'get_admin_user' from 'dependencies.auth' (D:\ASM1\backend\dependencies\auth.py)
2026-03-03 20:05:55,876 - main - WARNING - Failed to import module 'routers.storage': cannot import name 'get_admin_user' from 'dependencies.auth' (D:\ASM1\backend\dependencies\auth.py)
2026-03-03 20:05:55,876 - main - INFO - Included router: routers.products.router
2026-03-03 20:05:55,876 - main - WARNING - Failed to import module 'routers.settings': cannot import name 'get_admin_user' from 'dependencies.auth' (D:\ASM1\backend\dependencies\auth.py)
2026-03-03 20:05:55,886 - main - WARNING - Failed to import module 'routers.storage': cannot import name 'get_admin_user' from 'dependencies.auth' (D:\ASM1\backend\dependencies\auth.py)
2026-03-03 20:05:55,893 - main - INFO - Included router: routers.user.router
2026-03-03 20:05:55,896 - main - INFO - === Application startup initiated ===
2026-03-03 20:05:55,896 - services.database - DEBUG - [DB_OP] Starting database initialization
2026-03-03 20:05:55,896 - services.database - INFO - 🔧 Starting database initialization...
2026-03-03 20:05:55,896 - core.database - INFO - Starting database initialization...
2026-03-03 20:05:55,896 - core.database - INFO - Normalizing database URL for async compatibility...
2026-03-03 20:05:55,896 - core.database - DEBUG - Database exists:./test.db
2026-03-03 20:05:55,896 - core.database - WARNING - Adjusted database URL driver for async compatibility
2026-03-03 20:05:55,896 - core.database - INFO - Creating async database engine...
2026-03-03 20:05:55,896 - core.database - INFO - Using NullPool for sqlite+aiosqlite environment
2026-03-03 20:05:55,896 - main - INFO - Included router: routers.user.router
2026-03-03 20:05:55,905 - main - INFO - === Application startup initiated ===
2026-03-03 20:05:55,905 - services.database - DEBUG - [DB_OP] Starting database initialization
2026-03-03 20:05:55,905 - services.database - INFO - 🔧 Starting database initialization...
2026-03-03 20:05:55,905 - core.database - INFO - Starting database initialization...
2026-03-03 20:05:55,905 - core.database - INFO - Normalizing database URL for async compatibility...
2026-03-03 20:05:55,905 - core.database - DEBUG - Database exists:./test.db
2026-03-03 20:05:55,905 - core.database - WARNING - Adjusted database URL driver for async compatibility
2026-03-03 20:05:55,905 - core.database - INFO - Creating async database engine...
2026-03-03 20:05:55,905 - core.database - INFO - Using NullPool for sqlite+aiosqlite environment
2026-03-03 20:05:55,926 - core.database - INFO - Database engine created successfully
2026-03-03 20:05:55,926 - core.database - INFO - Creating async session maker...
2026-03-03 20:05:55,926 - core.database - INFO - Async session maker created successfully
2026-03-03 20:05:55,926 - core.database - INFO - Database connection initialized successfully
2026-03-03 20:05:55,936 - services.database - INFO - 🔧 Database connection initialized, now creating tables if tables not exist...
2026-03-03 20:05:55,936 - core.database - DEBUG - [DB_OP] Starting create_tables
2026-03-03 20:05:55,936 - core.database - INFO - 🔧 Starting table creation...
2026-03-03 20:05:55,936 - aiosqlite - DEBUG - executing <function connect.<locals>.connector at 0x0000027622F31BC0>
2026-03-03 20:05:55,936 - aiosqlite - DEBUG - operation <function connect.<locals>.connector at 0x0000027622F31BC0> completed
2026-03-03 20:05:55,936 - aiosqlite - DEBUG - executing functools.partial(<built-in method create_function of sqlite3.Connection object at 0x0000027622F3C130>, 'regexp', 2, <function SQLiteDialect_pysqlite.on_connect.<locals>.regexp at 0x0000027622F30EA0>, deterministic=True)
2026-03-03 20:05:55,936 - aiosqlite - DEBUG - operation functools.partial(<built-in method create_function of sqlite3.Connection object at 0x0000027622F3C130>, 'regexp', 2, <function SQLiteDialect_pysqlite.on_connect.<locals>.regexp at 0x0000027622F30EA0>, deterministic=True) completed
2026-03-03 20:05:55,936 - aiosqlite - DEBUG - executing functools.partial(<built-in method create_function of sqlite3.Connection object at 0x0000027622F3C130>, 'floor', 1, <built-in function floor>, deterministic=True)
2026-03-03 20:05:55,936 - aiosqlite - DEBUG - operation functools.partial(<built-in method create_function of sqlite3.Connection object at 0x0000027622F3C130>, 'floor', 1, <built-in function floor>, deterministic=True) completed
2026-03-03 20:05:55,936 - core.database - INFO - Database engine created successfully
2026-03-03 20:05:55,936 - core.database - INFO - Creating async session maker...
2026-03-03 20:05:55,936 - aiosqlite - DEBUG - executing functools.partial(<built-in method cursor of sqlite3.Connection object at 0x0000027622F3C130>)
2026-03-03 20:05:55,936 - core.database - INFO - Async session maker created successfully
2026-03-03 20:05:55,936 - aiosqlite - DEBUG - operation functools.partial(<built-in method cursor of sqlite3.Connection object at 0x0000027622F3C130>) completed
2026-03-03 20:05:55,936 - core.database - INFO - Database connection initialized successfully
2026-03-03 20:05:55,936 - services.database - INFO - 🔧 Database connection initialized, now creating tables if tables not exist...
2026-03-03 20:05:55,944 - aiosqlite - DEBUG - executing functools.partial(<built-in method execute of sqlite3.Cursor object at 0x0000027622F38540>, 'PRAGMA read_uncommitted', [])
2026-03-03 20:05:55,944 - core.database - DEBUG - [DB_OP] Starting create_tables
2026-03-03 20:05:55,944 - core.database - INFO - 🔧 Starting table creation...
2026-03-03 20:05:55,944 - aiosqlite - DEBUG - operation functools.partial(<built-in method execute of sqlite3.Cursor object at 0x0000027622F38540>, 'PRAGMA read_uncommitted', []) completed
2026-03-03 20:05:55,944 - aiosqlite - DEBUG - executing functools.partial(<built-in method fetchall of sqlite3.Cursor object at 0x0000027622F38540>)
2026-03-03 20:05:55,944 - aiosqlite - DEBUG - operation functools.partial(<built-in method fetchall of sqlite3.Cursor object at 0x0000027622F38540>) completed
2026-03-03 20:05:55,946 - aiosqlite - DEBUG - executing <function connect.<locals>.connector at 0x000002013F5F1BC0>
2026-03-03 20:05:55,946 - aiosqlite - DEBUG - executing functools.partial(<built-in method close of sqlite3.Cursor object at 0x0000027622F38540>)
2026-03-03 20:05:55,946 - aiosqlite - DEBUG - operation <function connect.<locals>.connector at 0x000002013F5F1BC0> completed
2026-03-03 20:05:55,946 - aiosqlite - DEBUG - operation functools.partial(<built-in method close of sqlite3.Cursor object at 0x0000027622F38540>) completed
2026-03-03 20:05:55,946 - aiosqlite - DEBUG - executing functools.partial(<built-in method rollback of sqlite3.Connection object at 0x0000027622F3C130>)
2026-03-03 20:05:55,946 - aiosqlite - DEBUG - executing functools.partial(<built-in method create_function of sqlite3.Connection object at 0x000002013F5FC130>, 'regexp', 2, <function SQLiteDialect_pysqlite.on_connect.<locals>.regexp at 0x000002013F5F0EA0>, deterministic=True)
2026-03-03 20:05:55,946 - aiosqlite - DEBUG - operation functools.partial(<built-in method create_function of sqlite3.Connection object at 0x000002013F5FC130>, 'regexp', 2, <function SQLiteDialect_pysqlite.on_connect.<locals>.regexp at 0x000002013F5F0EA0>, deterministic=True) completed
2026-03-03 20:05:55,946 - aiosqlite - DEBUG - executing functools.partial(<built-in method create_function of sqlite3.Connection object at 0x000002013F5FC130>, 'floor', 1, <built-in function floor>, deterministic=True)
2026-03-03 20:05:55,946 - aiosqlite - DEBUG - executing functools.partial(<built-in method cursor of sqlite3.Connection object at 0x0000027622F3C130>)
2026-03-03 20:05:55,946 - aiosqlite - DEBUG - operation functools.partial(<built-in method create_function of sqlite3.Connection object at 0x000002013F5FC130>, 'floor', 1, <built-in function floor>, deterministic=True) completed
2026-03-03 20:05:55,946 - aiosqlite - DEBUG - operation functools.partial(<built-in method cursor of sqlite3.Connection object at 0x0000027622F3C130>) completed
2026-03-03 20:05:55,946 - aiosqlite - DEBUG - executing functools.partial(<built-in method cursor of sqlite3.Connection object at 0x000002013F5FC130>)
2026-03-03 20:05:55,946 - aiosqlite - DEBUG - executing functools.partial(<built-in method execute of sqlite3.Cursor object at 0x0000027622F38640>, 'PRAGMA main.table_info("users")', ())
2026-03-03 20:05:55,946 - aiosqlite - DEBUG - operation functools.partial(<built-in method cursor of sqlite3.Connection object at 0x000002013F5FC130>) completed
2026-03-03 20:05:55,946 - aiosqlite - DEBUG - operation functools.partial(<built-in method execute of sqlite3.Cursor object at 0x0000027622F38640>, 'PRAGMA main.table_info("users")', ()) completed
2026-03-03 20:05:55,946 - aiosqlite - DEBUG - executing functools.partial(<built-in method execute of sqlite3.Cursor object at 0x000002013F5F8540>, 'PRAGMA read_uncommitted', [])
2026-03-03 20:05:55,946 - aiosqlite - DEBUG - operation functools.partial(<built-in method execute of sqlite3.Cursor object at 0x000002013F5F8540>, 'PRAGMA read_uncommitted', []) completed
2026-03-03 20:05:55,946 - aiosqlite - DEBUG - executing functools.partial(<built-in method fetchall of sqlite3.Cursor object at 0x0000027622F38640>)
2026-03-03 20:05:55,946 - aiosqlite - DEBUG - operation functools.partial(<built-in method fetchall of sqlite3.Cursor object at 0x0000027622F38640>) completed
2026-03-03 20:05:55,946 - aiosqlite - DEBUG - executing functools.partial(<built-in method fetchall of sqlite3.Cursor object at 0x000002013F5F8540>)
2026-03-03 20:05:55,946 - aiosqlite - DEBUG - operation functools.partial(<built-in method fetchall of sqlite3.Cursor object at 0x000002013F5F8540>) completed
2026-03-03 20:05:55,946 - aiosqlite - DEBUG - executing functools.partial(<built-in method close of sqlite3.Cursor object at 0x0000027622F38640>)
2026-03-03 20:05:55,946 - aiosqlite - DEBUG - operation functools.partial(<built-in method close of sqlite3.Cursor object at 0x0000027622F38640>) completed
2026-03-03 20:05:55,946 - aiosqlite - DEBUG - executing functools.partial(<built-in method close of sqlite3.Cursor object at 0x000002013F5F8540>)
2026-03-03 20:05:55,946 - aiosqlite - DEBUG - operation functools.partial(<built-in method close of sqlite3.Cursor object at 0x000002013F5F8540>) completed
2026-03-03 20:05:55,946 - aiosqlite - DEBUG - executing functools.partial(<built-in method cursor of sqlite3.Connection object at 0x0000027622F3C130>)
2026-03-03 20:05:55,946 - aiosqlite - DEBUG - executing functools.partial(<built-in method rollback of sqlite3.Connection object at 0x000002013F5FC130>)
2026-03-03 20:05:55,946 - aiosqlite - DEBUG - operation functools.partial(<built-in method cursor of sqlite3.Connection object at 0x0000027622F3C130>) completed
2026-03-03 20:05:55,955 - aiosqlite - DEBUG - operation functools.partial(<built-in method rollback of sqlite3.Connection object at 0x000002013F5FC130>) completed
2026-03-03 20:05:55,955 - aiosqlite - DEBUG - executing functools.partial(<built-in method execute of sqlite3.Cursor object at 0x0000027622F38640>, 'PRAGMA main.table_info("oidc_states")', ())
2026-03-03 20:05:55,955 - aiosqlite - DEBUG - operation functools.partial(<built-in method execute of sqlite3.Cursor object at 0x0000027622F38640>, 'PRAGMA main.table_info("oidc_states")', ()) completed
2026-03-03 20:05:55,955 - aiosqlite - DEBUG - executing functools.partial(<built-in method cursor of sqlite3.Connection object at 0x000002013F5FC130>)
2026-03-03 20:05:55,955 - aiosqlite - DEBUG - operation functools.partial(<built-in method cursor of sqlite3.Connection object at 0x000002013F5FC130>) completed
2026-03-03 20:05:55,955 - aiosqlite - DEBUG - executing functools.partial(<built-in method fetchall of sqlite3.Cursor object at 0x0000027622F38640>)
2026-03-03 20:05:55,955 - aiosqlite - DEBUG - operation functools.partial(<built-in method fetchall of sqlite3.Cursor object at 0x0000027622F38640>) completed
2026-03-03 20:05:55,955 - aiosqlite - DEBUG - executing functools.partial(<built-in method execute of sqlite3.Cursor object at 0x000002013F5F8640>, 'PRAGMA main.table_info("users")', ())
2026-03-03 20:05:55,955 - aiosqlite - DEBUG - executing functools.partial(<built-in method close of sqlite3.Cursor object at 0x0000027622F38640>)
2026-03-03 20:05:55,955 - aiosqlite - DEBUG - operation functools.partial(<built-in method close of sqlite3.Cursor object at 0x0000027622F38640>) completed
2026-03-03 20:05:55,955 - aiosqlite - DEBUG - operation functools.partial(<built-in method execute of sqlite3.Cursor object at 0x000002013F5F8640>, 'PRAGMA main.table_info("users")', ()) completed
2026-03-03 20:05:55,955 - aiosqlite - DEBUG - executing functools.partial(<built-in method cursor of sqlite3.Connection object at 0x0000027622F3C130>)
2026-03-03 20:05:55,955 - aiosqlite - DEBUG - executing functools.partial(<built-in method fetchall of sqlite3.Cursor object at 0x000002013F5F8640>)
2026-03-03 20:05:55,955 - aiosqlite - DEBUG - operation functools.partial(<built-in method cursor of sqlite3.Connection object at 0x0000027622F3C130>) completed
2026-03-03 20:05:55,955 - aiosqlite - DEBUG - operation functools.partial(<built-in method fetchall of sqlite3.Cursor object at 0x000002013F5F8640>) completed
2026-03-03 20:05:55,955 - aiosqlite - DEBUG - executing functools.partial(<built-in method execute of sqlite3.Cursor object at 0x0000027622F38640>, 'PRAGMA main.table_info("orders")', ())
2026-03-03 20:05:55,955 - aiosqlite - DEBUG - executing functools.partial(<built-in method close of sqlite3.Cursor object at 0x000002013F5F8640>)
2026-03-03 20:05:55,955 - aiosqlite - DEBUG - operation functools.partial(<built-in method execute of sqlite3.Cursor object at 0x0000027622F38640>, 'PRAGMA main.table_info("orders")', ()) completed
2026-03-03 20:05:55,955 - aiosqlite - DEBUG - operation functools.partial(<built-in method close of sqlite3.Cursor object at 0x000002013F5F8640>) completed
2026-03-03 20:05:55,955 - aiosqlite - DEBUG - executing functools.partial(<built-in method fetchall of sqlite3.Cursor object at 0x0000027622F38640>)
2026-03-03 20:05:55,955 - aiosqlite - DEBUG - operation functools.partial(<built-in method fetchall of sqlite3.Cursor object at 0x0000027622F38640>) completed
2026-03-03 20:05:55,963 - aiosqlite - DEBUG - executing functools.partial(<built-in method cursor of sqlite3.Connection object at 0x000002013F5FC130>)
2026-03-03 20:05:55,963 - aiosqlite - DEBUG - executing functools.partial(<built-in method close of sqlite3.Cursor object at 0x0000027622F38640>)
2026-03-03 20:05:55,963 - aiosqlite - DEBUG - operation functools.partial(<built-in method cursor of sqlite3.Connection object at 0x000002013F5FC130>) completed
2026-03-03 20:05:55,963 - aiosqlite - DEBUG - operation functools.partial(<built-in method close of sqlite3.Cursor object at 0x0000027622F38640>) completed
2026-03-03 20:05:55,963 - aiosqlite - DEBUG - executing functools.partial(<built-in method execute of sqlite3.Cursor object at 0x000002013F5F8640>, 'PRAGMA main.table_info("oidc_states")', ())
2026-03-03 20:05:55,963 - aiosqlite - DEBUG - operation functools.partial(<built-in method execute of sqlite3.Cursor object at 0x000002013F5F8640>, 'PRAGMA main.table_info("oidc_states")', ()) completed
2026-03-03 20:05:55,963 - aiosqlite - DEBUG - executing functools.partial(<built-in method cursor of sqlite3.Connection object at 0x0000027622F3C130>)
2026-03-03 20:05:55,963 - aiosqlite - DEBUG - operation functools.partial(<built-in method cursor of sqlite3.Connection object at 0x0000027622F3C130>) completed
2026-03-03 20:05:55,963 - aiosqlite - DEBUG - executing functools.partial(<built-in method fetchall of sqlite3.Cursor object at 0x000002013F5F8640>)
2026-03-03 20:05:55,966 - aiosqlite - DEBUG - executing functools.partial(<built-in method execute of sqlite3.Cursor object at 0x0000027622F38640>, 'PRAGMA main.table_info("products")', ())
2026-03-03 20:05:55,966 - aiosqlite - DEBUG - operation functools.partial(<built-in method fetchall of sqlite3.Cursor object at 0x000002013F5F8640>) completed
2026-03-03 20:05:55,966 - aiosqlite - DEBUG - operation functools.partial(<built-in method execute of sqlite3.Cursor object at 0x0000027622F38640>, 'PRAGMA main.table_info("products")', ()) completed
2026-03-03 20:05:55,966 - aiosqlite - DEBUG - executing functools.partial(<built-in method close of sqlite3.Cursor object at 0x000002013F5F8640>)
2026-03-03 20:05:55,966 - aiosqlite - DEBUG - executing functools.partial(<built-in method fetchall of sqlite3.Cursor object at 0x0000027622F38640>)
2026-03-03 20:05:55,966 - aiosqlite - DEBUG - operation functools.partial(<built-in method close of sqlite3.Cursor object at 0x000002013F5F8640>) completed
2026-03-03 20:05:55,966 - aiosqlite - DEBUG - operation functools.partial(<built-in method fetchall of sqlite3.Cursor object at 0x0000027622F38640>) completed
2026-03-03 20:05:55,966 - aiosqlite - DEBUG - executing functools.partial(<built-in method close of sqlite3.Cursor object at 0x0000027622F38640>)
2026-03-03 20:05:55,966 - aiosqlite - DEBUG - executing functools.partial(<built-in method cursor of sqlite3.Connection object at 0x000002013F5FC130>)
2026-03-03 20:05:55,971 - aiosqlite - DEBUG - operation functools.partial(<built-in method close of sqlite3.Cursor object at 0x0000027622F38640>) completed
2026-03-03 20:05:55,971 - aiosqlite - DEBUG - operation functools.partial(<built-in method cursor of sqlite3.Connection object at 0x000002013F5FC130>) completed
2026-03-03 20:05:55,971 - aiosqlite - DEBUG - executing functools.partial(<built-in method execute of sqlite3.Cursor object at 0x000002013F5F8640>, 'PRAGMA main.table_info("orders")', ())
2026-03-03 20:05:55,971 - core.database - INFO - Tables initialized successfully
2026-03-03 20:05:55,971 - aiosqlite - DEBUG - operation functools.partial(<built-in method execute of sqlite3.Cursor object at 0x000002013F5F8640>, 'PRAGMA main.table_info("orders")', ()) completed
2026-03-03 20:05:55,971 - core.database - DEBUG - [DB_OP] Create tables completed in 0.0349s
2026-03-03 20:05:55,971 - aiosqlite - DEBUG - executing functools.partial(<built-in method fetchall of sqlite3.Cursor object at 0x000002013F5F8640>)
2026-03-03 20:05:55,971 - aiosqlite - DEBUG - executing functools.partial(<built-in method commit of sqlite3.Connection object at 0x0000027622F3C130>)
2026-03-03 20:05:55,971 - aiosqlite - DEBUG - operation functools.partial(<built-in method commit of sqlite3.Connection object at 0x0000027622F3C130>) completed
2026-03-03 20:05:55,971 - aiosqlite - DEBUG - operation functools.partial(<built-in method fetchall of sqlite3.Cursor object at 0x000002013F5F8640>) completed
2026-03-03 20:05:55,971 - aiosqlite - DEBUG - executing functools.partial(<built-in method close of sqlite3.Cursor object at 0x000002013F5F8640>)
130>)
2026-03-03 20:05:55,971 - aiosqlite - DEBUG - operation functools.partial(<built-in method rollback of sqlite3.Connection object at 0x0000027622F3C130>) completed
2026-03-03 20:05:55,976 - aiosqlite - DEBUG - operation functools.partial(<built-in method close of sqlite3.Cursor object at 0x000002013F5F8640>) completed
2026-03-03 20:05:55,976 - aiosqlite - DEBUG - executing functools.partial(<built-in method close of sqlite3.Connection object at 0x0000027622F3C130>)
2026-03-03 20:05:55,976 - aiosqlite - DEBUG - executing functools.partial(<built-in method cursor of sqlite3.Connection object at 0x000002013F5FC130>)
2026-03-03 20:05:55,976 - aiosqlite - DEBUG - operation functools.partial(<built-in method cursor of sqlite3.Connection object at 0x000002013F5FC130>) completed
2026-03-03 20:05:55,976 - aiosqlite - DEBUG - executing functools.partial(<built-in method execute of sqlite3.Cursor object at 0x000002013F5F8640>, 'PRAGMA main.table_info("products")', ())
2026-03-03 20:05:55,976 - services.database - INFO - 🔧 Table creation completed
2026-03-03 20:05:55,976 - services.database - INFO - Database initialized successfully
2026-03-03 20:05:55,976 - aiosqlite - DEBUG - operation functools.partial(<built-in method execute of sqlite3.Cursor object at 0x000002013F5F8640>, 'PRAGMA main.table_info("products")', ()) completed
2026-03-03 20:05:55,976 - services.database - DEBUG - [DB_OP] Database initialization completed in 0.0798s
2026-03-03 20:05:55,976 - aiosqlite - DEBUG - executing functools.partial(<built-in method fetchall of sqlite3.Cursor object at 0x000002013F5F8640>)
2026-03-03 20:05:55,976 - aiosqlite - DEBUG - operation functools.partial(<built-in method fetchall of sqlite3.Cursor object at 0x000002013F5F8640>) completed
2026-03-03 20:05:55,976 - services.mock_data - INFO - Processing mock data file products.json for table products
2026-03-03 20:05:55,976 - aiosqlite - DEBUG - executing functools.partial(<built-in method close of sqlite3.Cursor object at 0x000002013F5F8640>)
2026-03-03 20:05:55,976 - aiosqlite - DEBUG - operation functools.partial(<built-in method close of sqlite3.Cursor object at 0x000002013F5F8640>) completed
2026-03-03 20:05:55,976 - aiosqlite - DEBUG - executing <function connect.<locals>.connector at 0x0000027622F31C60>
2026-03-03 20:05:55,976 - aiosqlite - DEBUG - operation <function connect.<locals>.connector at 0x0000027622F31C60> completed
2026-03-03 20:05:55,976 - core.database - INFO - Tables initialized successfully
2026-03-03 20:05:55,976 - aiosqlite - DEBUG - executing functools.partial(<built-in method create_function of sqlite3.Connection object at 0x0000027622F3C220>, 'regexp', 2, <function SQLiteDialect_pysqlite.on_connect.<locals>.regexp at 0x0000027622F30EA0>, deterministic=True)
2026-03-03 20:05:55,976 - core.database - DEBUG - [DB_OP] Create tables completed in 0.0312s
2026-03-03 20:05:55,976 - aiosqlite - DEBUG - executing functools.partial(<built-in method commit of sqlite3.Connection object at 0x000002013F5FC130>)
3C220>, 'regexp', 2, <function SQLiteDialect_pysqlite.on_connect.<locals>.regexp at 0x0000027622F30EA0>, deterministic=True) completed
2026-03-03 20:05:55,976 - aiosqlite - DEBUG - operation functools.partial(<built-in method commit of sqlite3.Connection object at 0x000002013F5FC130>) completed
2026-03-03 20:05:55,976 - aiosqlite - DEBUG - executing functools.partial(<built-in method create_function of sqlite3.Connection object at 0x0000027622F3C220>, 'floor', 1, <built-in function floor>, deterministic=True)
2026-03-03 20:05:55,976 - aiosqlite - DEBUG - executing functools.partial(<built-in method rollback of sqlite3.Connection object at 0x000002013F5FC130>)
2026-03-03 20:05:55,976 - aiosqlite - DEBUG - operation functools.partial(<built-in method create_function of sqlite3.Connection object at 0x0000027622F3C220>, 'floor', 1, <built-in function floor>, deterministic=True) completed
2026-03-03 20:05:55,976 - aiosqlite - DEBUG - operation functools.partial(<built-in method rollback of sqlite3.Connection object at 0x000002013F5FC130>) completed
2026-03-03 20:05:55,976 - aiosqlite - DEBUG - executing functools.partial(<built-in method close of sqlite3.Connection object at 0x000002013F5FC130>)
2026-03-03 20:05:55,976 - aiosqlite - DEBUG - executing functools.partial(<built-in method cursor of sqlite3.Connection object at 0x0000027622F3C220>)
2026-03-03 20:05:55,976 - aiosqlite - DEBUG - operation functools.partial(<built-in method close of sqlite3.Connection object at 0x000002013F5FC130>) completed
2026-03-03 20:05:55,985 - aiosqlite - DEBUG - operation functools.partial(<built-in method cursor of sqlite3.Connection object at 0x0000027622F3C220>) completed
2026-03-03 20:05:55,985 - aiosqlite - DEBUG - executing functools.partial(<built-in method execute of sqlite3.Cursor object at 0x0000027622F38EC0>, 'PRAGMA main.table_xinfo("products")', ())
2026-03-03 20:05:55,985 - services.database - INFO - 🔧 Table creation completed
2026-03-03 20:05:55,985 - services.database - INFO - Database initialized successfully
2026-03-03 20:05:55,985 - services.database - DEBUG - [DB_OP] Database initialization completed in 0.0795s
2026-03-03 20:05:55,985 - aiosqlite - DEBUG - operation functools.partial(<built-in method execute of sqlite3.Cursor object at 0x0000027622F38EC0>, 'PRAGMA main.table_xinfo("products")', ()) completed
2026-03-03 20:05:55,985 - aiosqlite - DEBUG - executing functools.partial(<built-in method fetchall of sqlite3.Cursor object at 0x0000027622F38EC0>)
2026-03-03 20:05:55,985 - services.mock_data - INFO - Processing mock data file products.json for table products
2026-03-03 20:05:55,985 - aiosqlite - DEBUG - operation functools.partial(<built-in method fetchall of sqlite3.Cursor object at 0x0000027622F38EC0>) completed
2026-03-03 20:05:55,985 - aiosqlite - DEBUG - executing functools.partial(<built-in method close of sqlite3.Cursor object at 0x0000027622F38EC0>)
2026-03-03 20:05:55,985 - aiosqlite - DEBUG - executing <function connect.<locals>.connector at 0x000002013F5F1C60>
2026-03-03 20:05:55,985 - aiosqlite - DEBUG - operation functools.partial(<built-in method close of sqlite3.Cursor object at 0x0000027622F38EC0>) completed
2026-03-03 20:05:55,985 - aiosqlite - DEBUG - operation <function connect.<locals>.connector at 0x000002013F5F1C60> completed
2026-03-03 20:05:55,985 - aiosqlite - DEBUG - executing functools.partial(<built-in method create_function of sqlite3.Connection object at 0x000002013F5FC220>, 'regexp', 2, <function SQLiteDialect_pysqlite.on_connect.<locals>.regexp at 0x000002013F5F0EA0>, deterministic=True)
2026-03-03 20:05:55,985 - aiosqlite - DEBUG - executing functools.partial(<built-in method cursor of sqlite3.Connection object at 0x0000027622F3C220>)
2026-03-03 20:05:55,985 - aiosqlite - DEBUG - operation functools.partial(<built-in method create_function of sqlite3.Connection object at 0x000002013F5FC220>, 'regexp', 2, <function SQLiteDialect_pysqlite.on_connect.<locals>.regexp at 0x000002013F5F0EA0>, deterministic=True) completed
2026-03-03 20:05:55,985 - aiosqlite - DEBUG - operation functools.partial(<built-in method cursor of sqlite3.Connection object at 0x0000027622F3C220>) completed
2026-03-03 20:05:55,985 - aiosqlite - DEBUG - executing functools.partial(<built-in method create_function of sqlite3.Connection object at 0x000002013F5FC220>, 'floor', 1, <built-in function floor>, deterministic=True)
2026-03-03 20:05:55,985 - aiosqlite - DEBUG - executing functools.partial(<built-in method execute of sqlite3.Cursor object at 0x0000027622F38EC0>, "SELECT sql FROM  (SELECT * FROM sqlite_master UNION ALL   SELECT * FROM sqlite_temp_master) WHERE name = ? AND type in ('table', 'view')", ('products',))
2026-03-03 20:05:55,985 - aiosqlite - DEBUG - operation functools.partial(<built-in method create_function of sqlite3.Connection object at 0x000002013F5FC220>, 'floor', 1, <built-in function floor>, deterministic=True) completed
2026-03-03 20:05:55,985 - aiosqlite - DEBUG - operation functools.partial(<built-in method execute of sqlite3.Cursor object at 0x0000027622F38EC0>, "SELECT sql FROM  (SELECT * FROM sqlite_master UNION ALL   SELECT * FROM sqlite_temp_master) WHERE name = ? AND type in ('table', 'view')", ('products',)) completed
2026-03-03 20:05:55,993 - aiosqlite - DEBUG - executing functools.partial(<built-in method fetchall of sqlite3.Cursor object at 0x0000027622F38EC0>)
2026-03-03 20:05:55,993 - aiosqlite - DEBUG - executing functools.partial(<built-in method cursor of sqlite3.Connection object at 0x000002013F5FC220>)
2026-03-03 20:05:55,993 - aiosqlite - DEBUG - operation functools.partial(<built-in method fetchall of sqlite3.Cursor object at 0x0000027622F38EC0>) completed
2026-03-03 20:05:55,993 - aiosqlite - DEBUG - operation functools.partial(<built-in method cursor of sqlite3.Connection object at 0x000002013F5FC220>) completed
2026-03-03 20:05:55,993 - aiosqlite - DEBUG - executing functools.partial(<built-in method close of sqlite3.Cursor object at 0x0000027622F38EC0>)
2026-03-03 20:05:55,993 - aiosqlite - DEBUG - executing functools.partial(<built-in method execute of sqlite3.Cursor object at 0x000002013F5F8EC0>, 'PRAGMA main.table_xinfo("products")', ())
2026-03-03 20:05:55,993 - aiosqlite - DEBUG - operation functools.partial(<built-in method close of sqlite3.Cursor object at 0x0000027622F38EC0>) completed
2026-03-03 20:05:55,993 - aiosqlite - DEBUG - operation functools.partial(<built-in method execute of sqlite3.Cursor object at 0x000002013F5F8EC0>, 'PRAGMA main.table_xinfo("products")', ()) completed
2026-03-03 20:05:55,993 - aiosqlite - DEBUG - executing functools.partial(<built-in method fetchall of sqlite3.Cursor object at 0x000002013F5F8EC0>)
2026-03-03 20:05:55,993 - aiosqlite - DEBUG - executing functools.partial(<built-in method cursor of sqlite3.Connection object at 0x0000027622F3C220>)
2026-03-03 20:05:55,993 - aiosqlite - DEBUG - operation functools.partial(<built-in method fetchall of sqlite3.Cursor object at 0x000002013F5F8EC0>) completed
2026-03-03 20:05:55,993 - aiosqlite - DEBUG - executing functools.partial(<built-in method close of sqlite3.Cursor object at 0x000002013F5F8EC0>)
2026-03-03 20:05:55,993 - aiosqlite - DEBUG - operation functools.partial(<built-in method cursor of sqlite3.Connection object at 0x0000027622F3C220>) completed
2026-03-03 20:05:55,993 - aiosqlite - DEBUG - operation functools.partial(<built-in method close of sqlite3.Cursor object at 0x000002013F5F8EC0>) completed
2026-03-03 20:05:55,993 - aiosqlite - DEBUG - executing functools.partial(<built-in method execute of sqlite3.Cursor object at 0x0000027622F38EC0>, 'PRAGMA main.foreign_key_list("products")', ())
2026-03-03 20:05:55,993 - aiosqlite - DEBUG - operation functools.partial(<built-in method execute of sqlite3.Cursor object at 0x0000027622F38EC0>, 'PRAGMA main.foreign_key_list("products")', ()) completed
2026-03-03 20:05:55,993 - aiosqlite - DEBUG - executing functools.partial(<built-in method fetchall of sqlite3.Cursor object at 0x0000027622F38EC0>)

2026-03-03 20:05:55,993 - aiosqlite - DEBUG - operation functools.partial(<built-in method fetchall of sqlite3.Cursor object at 0x0000027622F38EC0>) completed
2026-03-03 20:05:55,993 - aiosqlite - DEBUG - operation functools.partial(<built-in method cursor of sqlite3.Connection object at 0x000002013F5FC220>) completed
2026-03-03 20:05:55,993 - aiosqlite - DEBUG - executing functools.partial(<built-in method execute of sqlite3.Cursor object at 0x000002013F5F8EC0>, "SELECT sql FROM  (SELECT * FROM sqlite_master UNION ALL   SELECT * FROM sqlite_temp_master) WHERE name = ? AND type in ('table', 'view')", ('products',))
2026-03-03 20:05:55,993 - aiosqlite - DEBUG - executing functools.partial(<built-in method close of sqlite3.Cursor object at 0x0000027622F38EC0>)
2026-03-03 20:05:55,993 - aiosqlite - DEBUG - operation functools.partial(<built-in method close of sqlite3.Cursor object at 0x0000027622F38EC0>) completed
2026-03-03 20:05:55,993 - aiosqlite - DEBUG - operation functools.partial(<built-in method execute of sqlite3.Cursor object at 0x000002013F5F8EC0>, "SELECT sql FROM  (SELECT * FROM sqlite_master UNION ALL   SELECT * FROM sqlite_temp_master) WHERE name = ? AND type in ('table', 'view')", ('products',)) completed
2026-03-03 20:05:55,993 - aiosqlite - DEBUG - executing functools.partial(<built-in method cursor of sqlite3.Connection object at 0x0000027622F3C220>)
2026-03-03 20:05:55,993 - aiosqlite - DEBUG - operation functools.partial(<built-in method cursor of sqlite3.Connection object at 0x0000027622F3C220>) completed
2026-03-03 20:05:55,993 - aiosqlite - DEBUG - operation functools.partial(<built-in method fetchall of sqlite3.Cursor object at 0x000002013F5F8EC0>) completed
2026-03-03 20:05:55,993 - aiosqlite - DEBUG - executing functools.partial(<built-in method execute of sqlite3.Cursor object at 0x0000027622F38EC0>, 'PRAGMA temp.foreign_key_list("products")', ())
2026-03-03 20:05:55,993 - aiosqlite - DEBUG - operation functools.partial(<built-in method execute of sqlite3.Cursor object at 0x0000027622F38EC0>, 'PRAGMA temp.foreign_key_list("products")', ()) completed
2026-03-03 20:05:55,993 - aiosqlite - DEBUG - executing functools.partial(<built-in method close of sqlite3.Cursor object at 0x000002013F5F8EC0>)
2026-03-03 20:05:55,993 - aiosqlite - DEBUG - executing functools.partial(<built-in method fetchall of sqlite3.Cursor object at 0x0000027622F38EC0>)
2026-03-03 20:05:55,993 - aiosqlite - DEBUG - operation functools.partial(<built-in method close of sqlite3.Cursor object at 0x000002013F5F8EC0>) completed
2026-03-03 20:05:55,993 - aiosqlite - DEBUG - operation functools.partial(<built-in method fetchall of sqlite3.Cursor object at 0x0000027622F38EC0>) completed
2026-03-03 20:05:55,993 - aiosqlite - DEBUG - executing functools.partial(<built-in method close of sqlite3.Cursor object at 0x0000027622F38EC0>)
2026-03-03 20:05:56,006 - aiosqlite - DEBUG - executing functools.partial(<built-in method cursor of sqlite3.Connection object at 0x000002013F5FC220>)
2026-03-03 20:05:56,006 - aiosqlite - DEBUG - operation functools.partial(<built-in method close of sqlite3.Cursor object at 0x0000027622F38EC0>) completed
2026-03-03 20:05:56,006 - aiosqlite - DEBUG - operation functools.partial(<built-in method cursor of sqlite3.Connection object at 0x000002013F5FC220>) completed
2026-03-03 20:05:56,006 - aiosqlite - DEBUG - executing functools.partial(<built-in method execute of sqlite3.Cursor object at 0x000002013F5F8EC0>, 'PRAGMA main.foreign_key_list("products")', ())
2026-03-03 20:05:56,006 - aiosqlite - DEBUG - operation functools.partial(<built-in method cursor of sqlite3.Connection object at 0x0000027622F3C220>) completed
2026-03-03 20:05:56,006 - aiosqlite - DEBUG - operation functools.partial(<built-in method execute of sqlite3.Cursor object at 0x000002013F5F8EC0>, 'PRAGMA main.foreign_key_list("products")', ()) completed
2026-03-03 20:05:56,006 - aiosqlite - DEBUG - executing functools.partial(<built-in method execute of sqlite3.Cursor object at 0x0000027622F38EC0>, "SELECT sql FROM  (SELECT * FROM sqlite_master UNION ALL   SELECT * FROM sqlite_temp_master) WHERE name = ? AND type in ('table', 'view')", ('products',))
2026-03-03 20:05:56,006 - aiosqlite - DEBUG - executing functools.partial(<built-in method fetchall of sqlite3.Cursor object at 0x000002013F5F8EC0>)
2026-03-03 20:05:56,006 - aiosqlite - DEBUG - operation functools.partial(<built-in method execute of sqlite3.Cursor object at 0x0000027622F38EC0>, "SELECT sql FROM  (SELECT * FROM sqlite_master UNION ALL   SELECT * FROM sqlite_temp_master) WHERE name = ? AND type in ('table', 'view')", ('products',)) completed
2026-03-03 20:05:56,006 - aiosqlite - DEBUG - operation functools.partial(<built-in method fetchall of sqlite3.Cursor object at 0x000002013F5F8EC0>) completed
2026-03-03 20:05:56,006 - aiosqlite - DEBUG - executing functools.partial(<built-in method close of sqlite3.Cursor object at 0x000002013F5F8EC0>)
2026-03-03 20:05:56,006 - aiosqlite - DEBUG - executing functools.partial(<built-in method fetchall of sqlite3.Cursor object at 0x0000027622F38EC0>)
2026-03-03 20:05:56,006 - aiosqlite - DEBUG - operation functools.partial(<built-in method close of sqlite3.Cursor object at 0x000002013F5F8EC0>) completed
2026-03-03 20:05:56,006 - aiosqlite - DEBUG - operation functools.partial(<built-in method fetchall of sqlite3.Cursor object at 0x0000027622F38EC0>) completed
2026-03-03 20:05:56,006 - aiosqlite - DEBUG - executing functools.partial(<built-in method close of sqlite3.Cursor object at 0x0000027622F38EC0>)
2026-03-03 20:05:56,006 - aiosqlite - DEBUG - executing functools.partial(<built-in method cursor of sqlite3.Connection object at 0x000002013F5FC220>)
2026-03-03 20:05:56,006 - aiosqlite - DEBUG - operation functools.partial(<built-in method close of sqlite3.Cursor object at 0x0000027622F38EC0>) completed
2026-03-03 20:05:56,006 - aiosqlite - DEBUG - operation functools.partial(<built-in method cursor of sqlite3.Connection object at 0x000002013F5FC220>) completed
2026-03-03 20:05:56,006 - aiosqlite - DEBUG - executing functools.partial(<built-in method execute of sqlite3.Cursor object at 0x000002013F5F8EC0>, 'PRAGMA temp.foreign_key_list("products")', ())
2026-03-03 20:05:56,006 - aiosqlite - DEBUG - operation functools.partial(<built-in method execute of sqlite3.Cursor object at 0x000002013F5F8EC0>, 'PRAGMA temp.foreign_key_list("products")', ()) completed
2026-03-03 20:05:56,006 - aiosqlite - DEBUG - executing functools.partial(<built-in method fetchall of sqlite3.Cursor object at 0x000002013F5F8EC0>)
2026-03-03 20:05:56,016 - aiosqlite - DEBUG - operation functools.partial(<built-in method fetchall of sqlite3.Cursor object at 0x000002013F5F8EC0>) completed
2026-03-03 20:05:56,016 - aiosqlite - DEBUG - executing functools.partial(<built-in method cursor of sqlite3.Connection object at 0x0000027622F3C220>)
2026-03-03 20:05:56,016 - aiosqlite - DEBUG - executing functools.partial(<built-in method close of sqlite3.Cursor object at 0x000002013F5F8EC0>)
2026-03-03 20:05:56,016 - aiosqlite - DEBUG - operation functools.partial(<built-in method cursor of sqlite3.Connection object at 0x0000027622F3C220>) completed
2026-03-03 20:05:56,016 - aiosqlite - DEBUG - operation functools.partial(<built-in method close of sqlite3.Cursor object at 0x000002013F5F8EC0>) completed
2026-03-03 20:05:56,016 - aiosqlite - DEBUG - executing functools.partial(<built-in method execute of sqlite3.Cursor object at 0x0000027622F38EC0>, 'PRAGMA main.index_list("products")', ())
2026-03-03 20:05:56,016 - aiosqlite - DEBUG - executing functools.partial(<built-in method cursor of sqlite3.Connection object at 0x000002013F5FC220>)
2026-03-03 20:05:56,016 - aiosqlite - DEBUG - operation functools.partial(<built-in method execute of sqlite3.Cursor object at 0x0000027622F38EC0>, 'PRAGMA main.index_list("products")', ()) completed
2026-03-03 20:05:56,016 - aiosqlite - DEBUG - operation functools.partial(<built-in method cursor of sqlite3.Connection object at 0x000002013F5FC220>) completed
2026-03-03 20:05:56,016 - aiosqlite - DEBUG - executing functools.partial(<built-in method fetchall of sqlite3.Cursor object at 0x0000027622F38EC0>)
2026-03-03 20:05:56,016 - aiosqlite - DEBUG - executing functools.partial(<built-in method execute of sqlite3.Cursor object at 0x000002013F5F8EC0>, "SELECT sql FROM  (SELECT * FROM sqlite_master UNION ALL   SELECT * FROM sqlite_temp_master) WHERE name = ? AND type in ('table', 'view')", ('products',))
2026-03-03 20:05:56,016 - aiosqlite - DEBUG - operation functools.partial(<built-in method fetchall of sqlite3.Cursor object at 0x0000027622F38EC0>) completed
2026-03-03 20:05:56,016 - aiosqlite - DEBUG - operation functools.partial(<built-in method execute of sqlite3.Cursor object at 0x000002013F5F8EC0>, "SELECT sql FROM  (SELECT * FROM sqlite_master UNION ALL   SELECT * FROM sqlite_temp_master) WHERE name = ? AND type in ('table', 'view')", ('products',)) completed
2026-03-03 20:05:56,016 - aiosqlite - DEBUG - executing functools.partial(<built-in method close of sqlite3.Cursor object at 0x0000027622F38EC0>)
2026-03-03 20:05:56,016 - aiosqlite - DEBUG - operation functools.partial(<built-in method close of sqlite3.Cursor object at 0x0000027622F38EC0>) completed
2026-03-03 20:05:56,016 - aiosqlite - DEBUG - executing functools.partial(<built-in method fetchall of sqlite3.Cursor object at 0x000002013F5F8EC0>)
2026-03-03 20:05:56,016 - aiosqlite - DEBUG - operation functools.partial(<built-in method fetchall of sqlite3.Cursor object at 0x000002013F5F8EC0>) completed
2026-03-03 20:05:56,016 - aiosqlite - DEBUG - executing functools.partial(<built-in method cursor of sqlite3.Connection object at 0x0000027622F3C220>)
2026-03-03 20:05:56,016 - aiosqlite - DEBUG - operation functools.partial(<built-in method cursor of sqlite3.Connection object at 0x0000027622F3C220>) completed
2026-03-03 20:05:56,016 - aiosqlite - DEBUG - operation functools.partial(<built-in method close of sqlite3.Cursor object at 0x000002013F5F8EC0>) completed
2026-03-03 20:05:56,016 - aiosqlite - DEBUG - executing functools.partial(<built-in method execute of sqlite3.Cursor object at 0x0000027622F38EC0>, 'PRAGMA main.index_info("ix_products_id")', ())
2026-03-03 20:05:56,016 - aiosqlite - DEBUG - operation functools.partial(<built-in method execute of sqlite3.Cursor object at 0x0000027622F38EC0>, 'PRAGMA main.index_info("ix_products_id")', ()) completed
2026-03-03 20:05:56,016 - aiosqlite - DEBUG - executing functools.partial(<built-in method fetchall of sqlite3.Cursor object at 0x0000027622F38EC0>)
2026-03-03 20:05:56,016 - aiosqlite - DEBUG - operation functools.partial(<built-in method fetchall of sqlite3.Cursor object at 0x0000027622F38EC0>) completed
2026-03-03 20:05:56,016 - aiosqlite - DEBUG - executing functools.partial(<built-in method close of sqlite3.Cursor object at 0x0000027622F38EC0>)
2026-03-03 20:05:56,016 - aiosqlite - DEBUG - operation functools.partial(<built-in method close of sqlite3.Cursor object at 0x0000027622F38EC0>) completed
2026-03-03 20:05:56,016 - aiosqlite - DEBUG - executing functools.partial(<built-in method cursor of sqlite3.Connection object at 0x000002013F5FC220>)
2026-03-03 20:05:56,016 - aiosqlite - DEBUG - operation functools.partial(<built-in method cursor of sqlite3.Connection object at 0x000002013F5FC220>) completed
2026-03-03 20:05:56,016 - aiosqlite - DEBUG - executing functools.partial(<built-in method cursor of sqlite3.Connection object at 0x0000027622F3C220>)
2026-03-03 20:05:56,016 - aiosqlite - DEBUG - executing functools.partial(<built-in method execute of sqlite3.Cursor object at 0x000002013F5F8EC0>, 'PRAGMA main.index_list("products")', ())
2026-03-03 20:05:56,016 - aiosqlite - DEBUG - operation functools.partial(<built-in method cursor of sqlite3.Connection object at 0x0000027622F3C220>) completed
2026-03-03 20:05:56,016 - aiosqlite - DEBUG - executing functools.partial(<built-in method execute of sqlite3.Cursor object at 0x0000027622F38EC0>, 'PRAGMA main.index_list("products")', ())
2026-03-03 20:05:56,016 - aiosqlite - DEBUG - operation functools.partial(<built-in method execute of sqlite3.Cursor object at 0x000002013F5F8EC0>, 'PRAGMA main.index_list("products")', ()) completed
2026-03-03 20:05:56,016 - aiosqlite - DEBUG - operation functools.partial(<built-in method execute of sqlite3.Cursor object at 0x0000027622F38EC0>, 'PRAGMA main.index_list("products")', ()) completed
2026-03-03 20:05:56,016 - aiosqlite - DEBUG - executing functools.partial(<built-in method fetchall of sqlite3.Cursor object at 0x000002013F5F8EC0>)
2026-03-03 20:05:56,016 - aiosqlite - DEBUG - executing functools.partial(<built-in method fetchall of sqlite3.Cursor object at 0x0000027622F38EC0>)
2026-03-03 20:05:56,016 - aiosqlite - DEBUG - operation functools.partial(<built-in method fetchall of sqlite3.Cursor object at 0x000002013F5F8EC0>) completed
2026-03-03 20:05:56,025 - aiosqlite - DEBUG - executing functools.partial(<built-in method close of sqlite3.Cursor object at 0x000002013F5F8EC0>)
) completed
2026-03-03 20:05:56,025 - aiosqlite - DEBUG - operation functools.partial(<built-in method close of sqlite3.Cursor object at 0x000002013F5F8EC0>) completed
2026-03-03 20:05:56,025 - aiosqlite - DEBUG - executing functools.partial(<built-in method close of sqlite3.Cursor object at 0x0000027622F38EC0>)
2026-03-03 20:05:56,025 - aiosqlite - DEBUG - operation functools.partial(<built-in method close of sqlite3.Cursor object at 0x0000027622F38EC0>) completed
2026-03-03 20:05:56,025 - aiosqlite - DEBUG - executing functools.partial(<built-in method cursor of sqlite3.Connection object at 0x000002013F5FC220>)
2026-03-03 20:05:56,025 - aiosqlite - DEBUG - executing functools.partial(<built-in method cursor of sqlite3.Connection object at 0x0000027622F3C220>)
2026-03-03 20:05:56,025 - aiosqlite - DEBUG - operation functools.partial(<built-in method cursor of sqlite3.Connection object at 0x000002013F5FC220>) completed
2026-03-03 20:05:56,025 - aiosqlite - DEBUG - operation functools.partial(<built-in method cursor of sqlite3.Connection object at 0x0000027622F3C220>) completed
2026-03-03 20:05:56,025 - aiosqlite - DEBUG - executing functools.partial(<built-in method execute of sqlite3.Cursor object at 0x000002013F5F8EC0>, 'PRAGMA main.index_info("ix_products_id")', ())
2026-03-03 20:05:56,025 - aiosqlite - DEBUG - executing functools.partial(<built-in method execute of sqlite3.Cursor object at 0x0000027622F38EC0>, 'PRAGMA main.index_info("ix_products_id")', ())
2026-03-03 20:05:56,025 - aiosqlite - DEBUG - operation functools.partial(<built-in method execute of sqlite3.Cursor object at 0x000002013F5F8EC0>, 'PRAGMA main.index_info("ix_products_id")', ()) completed
2026-03-03 20:05:56,025 - aiosqlite - DEBUG - operation functools.partial(<built-in method execute of sqlite3.Cursor object at 0x0000027622F38EC0>, 'PRAGMA main.index_info("ix_products_id")', ()) completed
2026-03-03 20:05:56,025 - aiosqlite - DEBUG - executing functools.partial(<built-in method fetchall of sqlite3.Cursor object at 0x000002013F5F8EC0>)
2026-03-03 20:05:56,025 - aiosqlite - DEBUG - executing functools.partial(<built-in method fetchall of sqlite3.Cursor object at 0x0000027622F38EC0>)
2026-03-03 20:05:56,025 - aiosqlite - DEBUG - operation functools.partial(<built-in method fetchall of sqlite3.Cursor object at 0x000002013F5F8EC0>) completed
2026-03-03 20:05:56,025 - aiosqlite - DEBUG - operation functools.partial(<built-in method fetchall of sqlite3.Cursor object at 0x0000027622F38EC0>) completed
2026-03-03 20:05:56,025 - aiosqlite - DEBUG - executing functools.partial(<built-in method close of sqlite3.Cursor object at 0x000002013F5F8EC0>)
2026-03-03 20:05:56,025 - aiosqlite - DEBUG - executing functools.partial(<built-in method close of sqlite3.Cursor object at 0x0000027622F38EC0>)
2026-03-03 20:05:56,025 - aiosqlite - DEBUG - operation functools.partial(<built-in method close of sqlite3.Cursor object at 0x0000027622F38EC0>) completed
2026-03-03 20:05:56,025 - aiosqlite - DEBUG - operation functools.partial(<built-in method close of sqlite3.Cursor object at 0x000002013F5F8EC0>) completed
2026-03-03 20:05:56,025 - aiosqlite - DEBUG - executing functools.partial(<built-in method cursor of sqlite3.Connection object at 0x0000027622F3C220>)
2026-03-03 20:05:56,025 - aiosqlite - DEBUG - executing functools.partial(<built-in method cursor of sqlite3.Connection object at 0x000002013F5FC220>)
2026-03-03 20:05:56,025 - aiosqlite - DEBUG - operation functools.partial(<built-in method cursor of sqlite3.Connection object at 0x0000027622F3C220>) completed
2026-03-03 20:05:56,025 - aiosqlite - DEBUG - operation functools.partial(<built-in method cursor of sqlite3.Connection object at 0x000002013F5FC220>) completed
2026-03-03 20:05:56,025 - aiosqlite - DEBUG - executing functools.partial(<built-in method execute of sqlite3.Cursor object at 0x0000027622F38EC0>, "SELECT sql FROM  (SELECT * FROM sqlite_master UNION ALL   SELECT * FROM sqlite_temp_master) WHERE name = ? AND type in ('table', 'view')", ('products',))
2026-03-03 20:05:56,025 - aiosqlite - DEBUG - executing functools.partial(<built-in method execute of sqlite3.Cursor object at 0x000002013F5F8EC0>, 'PRAGMA main.index_list("products")', ())
2026-03-03 20:05:56,025 - aiosqlite - DEBUG - operation functools.partial(<built-in method execute of sqlite3.Cursor object at 0x0000027622F38EC0>, "SELECT sql FROM  (SELECT * FROM sqlite_master UNION ALL   SELECT * FROM sqlite_temp_master) WHERE name = ? AND type in ('table', 'view')", ('products',)) completed
2026-03-03 20:05:56,025 - aiosqlite - DEBUG - operation functools.partial(<built-in method execute of sqlite3.Cursor object at 0x000002013F5F8EC0>, 'PRAGMA main.index_list("products")', ()) completed
2026-03-03 20:05:56,033 - aiosqlite - DEBUG - executing functools.partial(<built-in method fetchall of sqlite3.Cursor object at 0x000002013F5F8EC0>)
2026-03-03 20:05:56,033 - aiosqlite - DEBUG - operation functools.partial(<built-in method fetchall of sqlite3.Cursor object at 0x000002013F5F8EC0>) completed
2026-03-03 20:05:56,033 - aiosqlite - DEBUG - executing functools.partial(<built-in method fetchall of sqlite3.Cursor object at 0x0000027622F38EC0>)
2026-03-03 20:05:56,033 - aiosqlite - DEBUG - operation functools.partial(<built-in method fetchall of sqlite3.Cursor object at 0x0000027622F38EC0>) completed
2026-03-03 20:05:56,033 - aiosqlite - DEBUG - executing functools.partial(<built-in method close of sqlite3.Cursor object at 0x000002013F5F8EC0>)
2026-03-03 20:05:56,033 - aiosqlite - DEBUG - operation functools.partial(<built-in method close of sqlite3.Cursor object at 0x000002013F5F8EC0>) completed
2026-03-03 20:05:56,033 - aiosqlite - DEBUG - executing functools.partial(<built-in method close of sqlite3.Cursor object at 0x0000027622F38EC0>)
2026-03-03 20:05:56,033 - aiosqlite - DEBUG - operation functools.partial(<built-in method close of sqlite3.Cursor object at 0x0000027622F38EC0>) completed
2026-03-03 20:05:56,033 - aiosqlite - DEBUG - executing functools.partial(<built-in method cursor of sqlite3.Connection object at 0x000002013F5FC220>)
2026-03-03 20:05:56,033 - aiosqlite - DEBUG - operation functools.partial(<built-in method cursor of sqlite3.Connection object at 0x000002013F5FC220>) completed
2026-03-03 20:05:56,033 - aiosqlite - DEBUG - executing functools.partial(<built-in method execute of sqlite3.Cursor object at 0x000002013F5F8EC0>, 'PRAGMA main.index_info("ix_products_id")', ())
2026-03-03 20:05:56,036 - aiosqlite - DEBUG - operation functools.partial(<built-in method execute of sqlite3.Cursor object at 0x000002013F5F8EC0>, 'PRAGMA main.index_info("ix_products_id")', ()) completed
2026-03-03 20:05:56,036 - aiosqlite - DEBUG - executing functools.partial(<built-in method fetchall of sqlite3.Cursor object at 0x000002013F5F8EC0>)
2026-03-03 20:05:56,036 - aiosqlite - DEBUG - operation functools.partial(<built-in method fetchall of sqlite3.Cursor object at 0x000002013F5F8EC0>) completed
2026-03-03 20:05:56,036 - aiosqlite - DEBUG - executing functools.partial(<built-in method close of sqlite3.Cursor object at 0x000002013F5F8EC0>)
2026-03-03 20:05:56,036 - aiosqlite - DEBUG - operation functools.partial(<built-in method close of sqlite3.Cursor object at 0x000002013F5F8EC0>) completed
2026-03-03 20:05:56,036 - aiosqlite - DEBUG - executing functools.partial(<built-in method cursor of sqlite3.Connection object at 0x000002013F5FC220>)
2026-03-03 20:05:56,036 - aiosqlite - DEBUG - operation functools.partial(<built-in method cursor of sqlite3.Connection object at 0x000002013F5FC220>) completed
2026-03-03 20:05:56,036 - aiosqlite - DEBUG - executing functools.partial(<built-in method execute of sqlite3.Cursor object at 0x000002013F5F8EC0>, "SELECT sql FROM  (SELECT * FROM sqlite_master UNION ALL   SELECT * FROM sqlite_temp_master) WHERE name = ? AND type in ('table', 'view')", ('products',))
2026-03-03 20:05:56,036 - aiosqlite - DEBUG - operation functools.partial(<built-in method execute of sqlite3.Cursor object at 0x000002013F5F8EC0>, "SELECT sql FROM  (SELECT * FROM sqlite_master UNION ALL   SELECT * FROM sqlite_temp_master) WHERE name = ? AND type in ('table', 'view')", ('products',)) completed
2026-03-03 20:05:56,036 - aiosqlite - DEBUG - executing functools.partial(<built-in method fetchall of sqlite3.Cursor object at 0x000002013F5F8EC0>)
2026-03-03 20:05:56,036 - aiosqlite - DEBUG - executing functools.partial(<built-in method cursor of sqlite3.Connection object at 0x0000027622F3C220>)
2026-03-03 20:05:56,036 - aiosqlite - DEBUG - operation functools.partial(<built-in method fetchall of sqlite3.Cursor object at 0x000002013F5F8EC0>) completed
2026-03-03 20:05:56,036 - aiosqlite - DEBUG - operation functools.partial(<built-in method cursor of sqlite3.Connection object at 0x0000027622F3C220>) completed
2026-03-03 20:05:56,036 - aiosqlite - DEBUG - executing functools.partial(<built-in method close of sqlite3.Cursor object at 0x000002013F5F8EC0>)
2026-03-03 20:05:56,036 - aiosqlite - DEBUG - executing functools.partial(<built-in method execute of sqlite3.Cursor object at 0x0000027622EBBEC0>, 'SELECT count(*) AS count_1 \nFROM products', ())
2026-03-03 20:05:56,036 - aiosqlite - DEBUG - operation functools.partial(<built-in method close of sqlite3.Cursor object at 0x000002013F5F8EC0>) completed
2026-03-03 20:05:56,041 - aiosqlite - DEBUG - operation functools.partial(<built-in method execute of sqlite3.Cursor object at 0x0000027622EBBEC0>, 'SELECT count(*) AS count_1 \nFROM products', ()) completed
2026-03-03 20:05:56,041 - aiosqlite - DEBUG - executing functools.partial(<built-in method fetchall of sqlite3.Cursor object at 0x0000027622EBBEC0>)
2026-03-03 20:05:56,041 - aiosqlite - DEBUG - operation functools.partial(<built-in method fetchall of sqlite3.Cursor object at 0x0000027622EBBEC0>) completed
2026-03-03 20:05:56,041 - aiosqlite - DEBUG - executing functools.partial(<built-in method close of sqlite3.Cursor object at 0x0000027622EBBEC0>)
2026-03-03 20:05:56,041 - aiosqlite - DEBUG - operation functools.partial(<built-in method close of sqlite3.Cursor object at 0x0000027622EBBEC0>) completed
2026-03-03 20:05:56,041 - services.mock_data - INFO - Table products already has 8 rows; skipping mock insert
2026-03-03 20:05:56,041 - aiosqlite - DEBUG - executing functools.partial(<built-in method commit of sqlite3.Connection object at 0x0000027622F3C220>)
2026-03-03 20:05:56,041 - aiosqlite - DEBUG - operation functools.partial(<built-in method commit of sqlite3.Connection object at 0x0000027622F3C220>) completed
2026-03-03 20:05:56,041 - aiosqlite - DEBUG - executing functools.partial(<built-in method rollback of sqlite3.Connection object at 0x0000027622F3C220>)
2026-03-03 20:05:56,041 - aiosqlite - DEBUG - operation functools.partial(<built-in method rollback of sqlite3.Connection object at 0x0000027622F3C220>) completed
2026-03-03 20:05:56,046 - aiosqlite - DEBUG - executing functools.partial(<built-in method close of sqlite3.Connection object at 0x0000027622F3C220>)
2026-03-03 20:05:56,046 - aiosqlite - DEBUG - operation functools.partial(<built-in method close of sqlite3.Connection object at 0x0000027622F3C220>) completed
2026-03-03 20:05:56,046 - aiosqlite - DEBUG - executing functools.partial(<built-in method cursor of sqlite3.Connection object at 0x000002013F5FC220>)
2026-03-03 20:05:56,046 - aiosqlite - DEBUG - operation functools.partial(<built-in method cursor of sqlite3.Connection object at 0x000002013F5FC220>) completed
2026-03-03 20:05:56,046 - services.database - DEBUG - [DB_OP] Starting database initialization
2026-03-03 20:05:56,046 - services.database - INFO - 🔧 Starting database initialization...
2026-03-03 20:05:56,046 - aiosqlite - DEBUG - executing functools.partial(<built-in method execute of sqlite3.Cursor object at 0x000002013F57BEC0>, 'SELECT count(*) AS count_1 \nFROM products', ())
2026-03-03 20:05:56,046 - core.database - INFO - Starting database initialization...
2026-03-03 20:05:56,046 - core.database - INFO - Database already initialized
2026-03-03 20:05:56,046 - aiosqlite - DEBUG - operation functools.partial(<built-in method execute of sqlite3.Cursor object at 0x000002013F57BEC0>, 'SELECT count(*) AS count_1 \nFROM products', ()) completed
2026-03-03 20:05:56,046 - services.database - INFO - 🔧 Database connection initialized, now creating tables if tables not exist...
2026-03-03 20:05:56,046 - core.database - DEBUG - [DB_OP] Starting create_tables
2026-03-03 20:05:56,046 - aiosqlite - DEBUG - executing functools.partial(<built-in method fetchall of sqlite3.Cursor object at 0x000002013F57BEC0>)
2026-03-03 20:05:56,046 - core.database - INFO - Tables already initialized
2026-03-03 20:05:56,046 - services.database - INFO - 🔧 Table creation completed
2026-03-03 20:05:56,046 - aiosqlite - DEBUG - operation functools.partial(<built-in method fetchall of sqlite3.Cursor object at 0x000002013F57BEC0>) completed
2026-03-03 20:05:56,046 - services.database - INFO - Database initialized successfully
2026-03-03 20:05:56,046 - services.database - DEBUG - [DB_OP] Database initialization completed in 0.0000s
2026-03-03 20:05:56,046 - aiosqlite - DEBUG - executing functools.partial(<built-in method close of sqlite3.Cursor object at 0x000002013F57BEC0>)
2026-03-03 20:05:56,046 - services.auth - WARNING - Admin user ID or email not configured, skipping admin initialization
at 0x000002013F57BEC0>) completed
2026-03-03 20:05:56,046 - main - INFO - === Application startup completed successfully ===
2026-03-03 20:05:56,046 - services.mock_data - INFO - Table products already has 8 rows; skipping mock insert
2026-03-03 20:05:56,046 - aiosqlite - DEBUG - executing functools.partial(<built-in method commit of sqlite3.Connection object at 0x000002013F5FC220>)
2026-03-03 20:05:56,046 - aiosqlite - DEBUG - operation functools.partial(<built-in method commit of sqlite3.Connection object at 0x000002013F5FC220>) completed
2026-03-03 20:05:56,046 - aiosqlite - DEBUG - executing functools.partial(<built-in method rollback of sqlite3.Connection object at 0x000002013F5FC220>)
2026-03-03 20:05:56,046 - aiosqlite - DEBUG - operation functools.partial(<built-in method rollback of sqlite3.Connection object at 0x000002013F5FC220>) completed
2026-03-03 20:05:56,046 - aiosqlite - DEBUG - executing functools.partial(<built-in method close of sqlite3.Connection object at 0x000002013F5FC220>)
2026-03-03 20:05:56,046 - aiosqlite - DEBUG - operation functools.partial(<built-in method close of sqlite3.Connection object at 0x000002013F5FC220>) completed
2026-03-03 20:05:56,046 - services.database - DEBUG - [DB_OP] Starting database initialization
2026-03-03 20:05:56,046 - services.database - INFO - 🔧 Starting database initialization...
2026-03-03 20:05:56,046 - core.database - INFO - Starting database initialization...
2026-03-03 20:05:56,046 - core.database - INFO - Database already initialized
2026-03-03 20:05:56,055 - services.database - INFO - 🔧 Database connection initialized, now creating tables if tables not exist...
2026-03-03 20:05:56,055 - core.database - DEBUG - [DB_OP] Starting create_tables
2026-03-03 20:05:56,055 - core.database - INFO - Tables already initialized
2026-03-03 20:05:56,055 - services.database - INFO - 🔧 Table creation completed
2026-03-03 20:05:56,055 - services.database - INFO - Database initialized successfully
2026-03-03 20:05:56,055 - services.database - DEBUG - [DB_OP] Database initialization completed in 0.0090s
2026-03-03 20:05:56,055 - services.auth - WARNING - Admin user ID or email not configured, skipping admin initialization
2026-03-03 20:05:56,055 - main - INFO - === Application startup completed successfully ===
2026-03-03 20:05:59,445 - services.database - DEBUG - [DB_OP] Starting database close
2026-03-03 20:05:59,445 - core.database - INFO - Database connection closed and engine disposed
2026-03-03 20:05:59,445 - core.database - INFO - Database connection closed and engine disposed
2026-03-03 20:05:59,445 - services.database - INFO - Database connections closed
2026-03-03 20:05:59,445 - services.database - INFO - Database connections closed
2026-03-03 20:05:59,445 - services.database - DEBUG - [DB_OP] Database close completed in 0.0000s
2026-03-03 20:05:59,445 - services.database - DEBUG - [DB_OP] Database close completed in 0.0000s
