2026-03-03 20:06:01,626 - main - INFO - === Logging system initialized ===
2026-03-03 20:06:01,626 - main - INFO - Log file: logs/app_20260303_200601.log
2026-03-03 20:06:01,626 - main - INFO - Log level: INFO
2026-03-03 20:06:01,626 - main - INFO - Timestamp: 20260303_200601
2026-03-03 20:06:01,655 - main - INFO - === Logging system initialized ===
2026-03-03 20:06:01,655 - main - INFO - Log file: logs/app_20260303_200601.log
2026-03-03 20:06:01,655 - main - INFO - Log level: INFO
2026-03-03 20:06:01,655 - main - INFO - Timestamp: 20260303_200601
2026-03-03 20:06:02,206 - main - INFO - Included router: routers.aihub.router
2026-03-03 20:06:02,236 - main - INFO - Included router: routers.aihub.router
2026-03-03 20:06:02,245 - passlib.utils.compat - DEBUG - loaded lazy attr 'SafeConfigParser': <class 'configparser.ConfigParser'>
2026-03-03 20:06:02,245 - passlib.utils.compat - DEBUG - loaded lazy attr 'NativeStringIO': <class '_io.StringIO'>
2026-03-03 20:06:02,245 - passlib.utils.compat - DEBUG - loaded lazy attr 'BytesIO': <class '_io.BytesIO'>
2026-03-03 20:06:02,253 - passlib.registry - DEBUG - registered 'bcrypt' handler: <class 'passlib.handlers.bcrypt.bcrypt'>
2026-03-03 20:06:02,253 - passlib.utils.compat - DEBUG - loaded lazy attr 'SafeConfigParser': <class 'configparser.ConfigParser'>
2026-03-03 20:06:02,253 - passlib.utils.compat - DEBUG - loaded lazy attr 'NativeStringIO': <class '_io.StringIO'>
2026-03-03 20:06:02,253 - passlib.utils.compat - DEBUG - loaded lazy attr 'BytesIO': <class '_io.BytesIO'>
2026-03-03 20:06:02,266 - main - WARNING - Failed to import module 'routers.auth': cannot import name 'AuthResponse' from 'schemas.auth' (D:\ASM1\backend\schemas\auth.py)
2026-03-03 20:06:02,266 - passlib.registry - DEBUG - registered 'bcrypt' handler: <class 'passlib.handlers.bcrypt.bcrypt'>
2026-03-03 20:06:02,266 - main - INFO - Included router: routers.health.router
2026-03-03 20:06:02,276 - main - WARNING - Failed to import module 'routers.auth': cannot import name 'AuthResponse' from 'schemas.auth' (D:\ASM1\backend\schemas\auth.py)
2026-03-03 20:06:02,276 - main - INFO - Included router: routers.health.router
2026-03-03 20:06:02,286 - main - INFO - Included router: routers.orders.router
2026-03-03 20:06:02,286 - main - INFO - Included router: routers.orders.router
2026-03-03 20:06:02,336 - main - INFO - Included router: routers.products.router
2026-03-03 20:06:02,336 - main - WARNING - Failed to import module 'routers.settings': cannot import name 'get_admin_user' from 'dependencies.auth' (D:\ASM1\backend\dependencies\auth.py)
2026-03-03 20:06:02,336 - main - WARNING - Failed to import module 'routers.storage': cannot import name 'get_admin_user' from 'dependencies.auth' (D:\ASM1\backend\dependencies\auth.py)
2026-03-03 20:06:02,346 - main - INFO - Included router: routers.products.router
2026-03-03 20:06:02,346 - main - WARNING - Failed to import module 'routers.settings': cannot import name 'get_admin_user' from 'dependencies.auth' (D:\ASM1\backend\dependencies\auth.py)
2026-03-03 20:06:02,346 - main - WARNING - Failed to import module 'routers.storage': cannot import name 'get_admin_user' from 'dependencies.auth' (D:\ASM1\backend\dependencies\auth.py)
2026-03-03 20:06:02,358 - main - INFO - Included router: routers.user.router
2026-03-03 20:06:02,360 - main - INFO - === Application startup initiated ===
2026-03-03 20:06:02,360 - services.database - DEBUG - [DB_OP] Starting database initialization
2026-03-03 20:06:02,361 - services.database - INFO - 🔧 Starting database initialization...
2026-03-03 20:06:02,361 - core.database - INFO - Starting database initialization...
2026-03-03 20:06:02,361 - core.database - INFO - Normalizing database URL for async compatibility...
2026-03-03 20:06:02,363 - core.database - DEBUG - Database exists:./test.db
2026-03-03 20:06:02,363 - core.database - WARNING - Adjusted database URL driver for async compatibility
2026-03-03 20:06:02,363 - core.database - INFO - Creating async database engine...
2026-03-03 20:06:02,364 - core.database - INFO - Using NullPool for sqlite+aiosqlite environment
2026-03-03 20:06:02,367 - main - INFO - Included router: routers.user.router
2026-03-03 20:06:02,367 - main - INFO - === Application startup initiated ===
2026-03-03 20:06:02,367 - services.database - DEBUG - [DB_OP] Starting database initialization
2026-03-03 20:06:02,367 - services.database - INFO - 🔧 Starting database initialization...
2026-03-03 20:06:02,367 - core.database - INFO - Starting database initialization...
2026-03-03 20:06:02,367 - core.database - INFO - Normalizing database URL for async compatibility...
2026-03-03 20:06:02,367 - core.database - DEBUG - Database exists:./test.db
2026-03-03 20:06:02,367 - core.database - WARNING - Adjusted database URL driver for async compatibility
2026-03-03 20:06:02,367 - core.database - INFO - Creating async database engine...
2026-03-03 20:06:02,367 - core.database - INFO - Using NullPool for sqlite+aiosqlite environment
2026-03-03 20:06:02,386 - core.database - INFO - Database engine created successfully
2026-03-03 20:06:02,386 - core.database - INFO - Creating async session maker...
2026-03-03 20:06:02,386 - core.database - INFO - Async session maker created successfully
2026-03-03 20:06:02,386 - core.database - INFO - Database connection initialized successfully
2026-03-03 20:06:02,396 - services.database - INFO - 🔧 Database connection initialized, now creating tables if tables not exist...
2026-03-03 20:06:02,396 - core.database - DEBUG - [DB_OP] Starting create_tables
2026-03-03 20:06:02,396 - core.database - INFO - 🔧 Starting table creation...
2026-03-03 20:06:02,396 - aiosqlite - DEBUG - executing <function connect.<locals>.connector at 0x000002193C0D6FC0>
2026-03-03 20:06:02,396 - aiosqlite - DEBUG - operation <function connect.<locals>.connector at 0x000002193C0D6FC0> completed
2026-03-03 20:06:02,396 - aiosqlite - DEBUG - executing functools.partial(<built-in method create_function of sqlite3.Connection object at 0x000002193C0DC7C0>, 'regexp', 2, <function SQLiteDialect_pysqlite.on_connect.<locals>.regexp at 0x000002193C0D62A0>, deterministic=True)
2026-03-03 20:06:02,396 - aiosqlite - DEBUG - operation functools.partial(<built-in method create_function of sqlite3.Connection object at 0x000002193C0DC7C0>, 'regexp', 2, <function SQLiteDialect_pysqlite.on_connect.<locals>.regexp at 0x000002193C0D62A0>, deterministic=True) completed
2026-03-03 20:06:02,396 - aiosqlite - DEBUG - executing functools.partial(<built-in method create_function of sqlite3.Connection object at 0x000002193C0DC7C0>, 'floor', 1, <built-in function floor>, deterministic=True)
2026-03-03 20:06:02,396 - aiosqlite - DEBUG - operation functools.partial(<built-in method create_function of sqlite3.Connection object at 0x000002193C0DC7C0>, 'floor', 1, <built-in function floor>, deterministic=True) completed
2026-03-03 20:06:02,396 - aiosqlite - DEBUG - executing functools.partial(<built-in method cursor of sqlite3.Connection object at 0x000002193C0DC7C0>)
2026-03-03 20:06:02,396 - aiosqlite - DEBUG - operation functools.partial(<built-in method cursor of sqlite3.Connection object at 0x000002193C0DC7C0>) completed
2026-03-03 20:06:02,396 - aiosqlite - DEBUG - executing functools.partial(<built-in method execute of sqlite3.Cursor object at 0x000002193C06E6C0>, 'PRAGMA read_uncommitted', [])
2026-03-03 20:06:02,396 - aiosqlite - DEBUG - operation functools.partial(<built-in method execute of sqlite3.Cursor object at 0x000002193C06E6C0>, 'PRAGMA read_uncommitted', []) completed
2026-03-03 20:06:02,396 - aiosqlite - DEBUG - executing functools.partial(<built-in method fetchall of sqlite3.Cursor object at 0x000002193C06E6C0>)
2026-03-03 20:06:02,396 - aiosqlite - DEBUG - operation functools.partial(<built-in method fetchall of sqlite3.Cursor object at 0x000002193C06E6C0>) completed
2026-03-03 20:06:02,405 - core.database - INFO - Database engine created successfully
2026-03-03 20:06:02,405 - aiosqlite - DEBUG - executing functools.partial(<built-in method close of sqlite3.Cursor object at 0x000002193C06E6C0>)
2026-03-03 20:06:02,405 - core.database - INFO - Creating async session maker...
2026-03-03 20:06:02,406 - aiosqlite - DEBUG - operation functools.partial(<built-in method close of sqlite3.Cursor object at 0x000002193C06E6C0>) completed
2026-03-03 20:06:02,406 - core.database - INFO - Async session maker created successfully
2026-03-03 20:06:02,406 - core.database - INFO - Database connection initialized successfully
2026-03-03 20:06:02,406 - services.database - INFO - 🔧 Database connection initialized, now creating tables if tables not exist...
2026-03-03 20:06:02,406 - aiosqlite - DEBUG - executing functools.partial(<built-in method rollback of sqlite3.Connection object at 0x000002193C0DC7C0>)
2026-03-03 20:06:02,406 - core.database - DEBUG - [DB_OP] Starting create_tables
2026-03-03 20:06:02,406 - core.database - INFO - 🔧 Starting table creation...
2026-03-03 20:06:02,406 - aiosqlite - DEBUG - operation functools.partial(<built-in method rollback of sqlite3.Connection object at 0x000002193C0DC7C0>) completed
2026-03-03 20:06:02,406 - aiosqlite - DEBUG - executing functools.partial(<built-in method cursor of sqlite3.Connection object at 0x000002193C0DC7C0>)
2026-03-03 20:06:02,406 - aiosqlite - DEBUG - executing <function connect.<locals>.connector at 0x000001BA17466FC0>
2026-03-03 20:06:02,406 - aiosqlite - DEBUG - operation functools.partial(<built-in method cursor of sqlite3.Connection object at 0x000002193C0DC7C0>) completed
2026-03-03 20:06:02,406 - aiosqlite - DEBUG - operation <function connect.<locals>.connector at 0x000001BA17466FC0> completed
2026-03-03 20:06:02,406 - aiosqlite - DEBUG - executing functools.partial(<built-in method execute of sqlite3.Cursor object at 0x000002193C06E7C0>, 'PRAGMA main.table_info("users")', ())
2026-03-03 20:06:02,406 - aiosqlite - DEBUG - executing functools.partial(<built-in method create_function of sqlite3.Connection object at 0x000001BA1746C7C0>, 'regexp', 2, <function SQLiteDialect_pysqlite.on_connect.<locals>.regexp at 0x000001BA174662A0>, deterministic=True)
2026-03-03 20:06:02,406 - aiosqlite - DEBUG - operation functools.partial(<built-in method execute of sqlite3.Cursor object at 0x000002193C06E7C0>, 'PRAGMA main.table_info("users")', ()) completed
2026-03-03 20:06:02,406 - aiosqlite - DEBUG - operation functools.partial(<built-in method create_function of sqlite3.Connection object at 0x000001BA1746C7C0>, 'regexp', 2, <function SQLiteDialect_pysqlite.on_connect.<locals>.regexp at 0x000001BA174662A0>, deterministic=True) completed
2026-03-03 20:06:02,406 - aiosqlite - DEBUG - executing functools.partial(<built-in method fetchall of sqlite3.Cursor object at 0x000002193C06E7C0>)
2026-03-03 20:06:02,406 - aiosqlite - DEBUG - executing functools.partial(<built-in method create_function of sqlite3.Connection object at 0x000001BA1746C7C0>, 'floor', 1, <built-in function floor>, deterministic=True)
2026-03-03 20:06:02,406 - aiosqlite - DEBUG - operation functools.partial(<built-in method fetchall of sqlite3.Cursor object at 0x000002193C06E7C0>) completed
2026-03-03 20:06:02,406 - aiosqlite - DEBUG - operation functools.partial(<built-in method create_function of sqlite3.Connection object at 0x000001BA1746C7C0>, 'floor', 1, <built-in function floor>, deterministic=True) completed
2026-03-03 20:06:02,406 - aiosqlite - DEBUG - executing functools.partial(<built-in method close of sqlite3.Cursor object at 0x000002193C06E7C0>)
2026-03-03 20:06:02,406 - aiosqlite - DEBUG - operation functools.partial(<built-in method close of sqlite3.Cursor object at 0x000002193C06E7C0>) completed
2026-03-03 20:06:02,406 - aiosqlite - DEBUG - executing functools.partial(<built-in method cursor of sqlite3.Connection object at 0x000001BA1746C7C0>)
2026-03-03 20:06:02,406 - aiosqlite - DEBUG - operation functools.partial(<built-in method cursor of sqlite3.Connection object at 0x000001BA1746C7C0>) completed
2026-03-03 20:06:02,406 - aiosqlite - DEBUG - executing functools.partial(<built-in method cursor of sqlite3.Connection object at 0x000002193C0DC7C0>)
2026-03-03 20:06:02,406 - aiosqlite - DEBUG - operation functools.partial(<built-in method cursor of sqlite3.Connection object at 0x000002193C0DC7C0>) completed
ncommitted', [])
2026-03-03 20:06:02,406 - aiosqlite - DEBUG - operation functools.partial(<built-in method execute of sqlite3.Cursor object at 0x000001BA173FE640>, 'PRAGMA read_uncommitted', []) completed
2026-03-03 20:06:02,406 - aiosqlite - DEBUG - executing functools.partial(<built-in method execute of sqlite3.Cursor object at 0x000002193C06E7C0>, 'PRAGMA main.table_info("oidc_states")', ())
2026-03-03 20:06:02,406 - aiosqlite - DEBUG - executing functools.partial(<built-in method fetchall of sqlite3.Cursor object at 0x000001BA173FE640>)
2026-03-03 20:06:02,406 - aiosqlite - DEBUG - operation functools.partial(<built-in method execute of sqlite3.Cursor object at 0x000002193C06E7C0>, 'PRAGMA main.table_info("oidc_states")', ()) completed
2026-03-03 20:06:02,416 - aiosqlite - DEBUG - operation functools.partial(<built-in method fetchall of sqlite3.Cursor object at 0x000001BA173FE640>) completed
2026-03-03 20:06:02,416 - aiosqlite - DEBUG - executing functools.partial(<built-in method close of sqlite3.Cursor object at 0x000001BA173FE640>)
2026-03-03 20:06:02,416 - aiosqlite - DEBUG - executing functools.partial(<built-in method fetchall of sqlite3.Cursor object at 0x000002193C06E7C0>)
2026-03-03 20:06:02,416 - aiosqlite - DEBUG - operation functools.partial(<built-in method close of sqlite3.Cursor object at 0x000001BA173FE640>) completed
2026-03-03 20:06:02,416 - aiosqlite - DEBUG - operation functools.partial(<built-in method fetchall of sqlite3.Cursor object at 0x000002193C06E7C0>) completed
2026-03-03 20:06:02,416 - aiosqlite - DEBUG - executing functools.partial(<built-in method rollback of sqlite3.Connection object at 0x000001BA1746C7C0>)
2026-03-03 20:06:02,416 - aiosqlite - DEBUG - executing functools.partial(<built-in method close of sqlite3.Cursor object at 0x000002193C06E7C0>)
2026-03-03 20:06:02,416 - aiosqlite - DEBUG - operation functools.partial(<built-in method rollback of sqlite3.Connection object at 0x000001BA1746C7C0>) completed
2026-03-03 20:06:02,416 - aiosqlite - DEBUG - operation functools.partial(<built-in method close of sqlite3.Cursor object at 0x000002193C06E7C0>) completed
2026-03-03 20:06:02,416 - aiosqlite - DEBUG - executing functools.partial(<built-in method cursor of sqlite3.Connection object at 0x000001BA1746C7C0>)
2026-03-03 20:06:02,416 - aiosqlite - DEBUG - operation functools.partial(<built-in method cursor of sqlite3.Connection object at 0x000001BA1746C7C0>) completed
2026-03-03 20:06:02,416 - aiosqlite - DEBUG - executing functools.partial(<built-in method cursor of sqlite3.Connection object at 0x000002193C0DC7C0>)
2026-03-03 20:06:02,416 - aiosqlite - DEBUG - operation functools.partial(<built-in method cursor of sqlite3.Connection object at 0x000002193C0DC7C0>) completed
2026-03-03 20:06:02,416 - aiosqlite - DEBUG - executing functools.partial(<built-in method execute of sqlite3.Cursor object at 0x000001BA173FE740>, 'PRAGMA main.table_info("users")', ())
2026-03-03 20:06:02,416 - aiosqlite - DEBUG - executing functools.partial(<built-in method execute of sqlite3.Cursor object at 0x000002193C06E7C0>, 'PRAGMA main.table_info("orders")', ())
2026-03-03 20:06:02,416 - aiosqlite - DEBUG - operation functools.partial(<built-in method execute of sqlite3.Cursor object at 0x000002193C06E7C0>, 'PRAGMA main.table_info("orders")', ()) completed
2026-03-03 20:06:02,416 - aiosqlite - DEBUG - operation functools.partial(<built-in method execute of sqlite3.Cursor object at 0x000001BA173FE740>, 'PRAGMA main.table_info("users")', ()) completed
2026-03-03 20:06:02,416 - aiosqlite - DEBUG - executing functools.partial(<built-in method fetchall of sqlite3.Cursor object at 0x000002193C06E7C0>)
2026-03-03 20:06:02,416 - aiosqlite - DEBUG - executing functools.partial(<built-in method fetchall of sqlite3.Cursor object at 0x000001BA173FE740>)
2026-03-03 20:06:02,416 - aiosqlite - DEBUG - operation functools.partial(<built-in method fetchall of sqlite3.Cursor object at 0x000001BA173FE740>) completed
2026-03-03 20:06:02,416 - aiosqlite - DEBUG - executing functools.partial(<built-in method close of sqlite3.Cursor object at 0x000001BA173FE740>)
2026-03-03 20:06:02,416 - aiosqlite - DEBUG - executing functools.partial(<built-in method close of sqlite3.Cursor object at 0x000002193C06E7C0>)
2026-03-03 20:06:02,416 - aiosqlite - DEBUG - operation functools.partial(<built-in method close of sqlite3.Cursor object at 0x000002193C06E7C0>) completed
2026-03-03 20:06:02,416 - aiosqlite - DEBUG - operation functools.partial(<built-in method close of sqlite3.Cursor object at 0x000001BA173FE740>) completed
2026-03-03 20:06:02,416 - aiosqlite - DEBUG - executing functools.partial(<built-in method cursor of sqlite3.Connection object at 0x000002193C0DC7C0>)
2026-03-03 20:06:02,416 - aiosqlite - DEBUG - executing functools.partial(<built-in method cursor of sqlite3.Connection object at 0x000001BA1746C7C0>)
2026-03-03 20:06:02,416 - aiosqlite - DEBUG - operation functools.partial(<built-in method cursor of sqlite3.Connection object at 0x000002193C0DC7C0>) completed
2026-03-03 20:06:02,416 - aiosqlite - DEBUG - operation functools.partial(<built-in method cursor of sqlite3.Connection object at 0x000001BA1746C7C0>) completed
2026-03-03 20:06:02,416 - aiosqlite - DEBUG - executing functools.partial(<built-in method execute of sqlite3.Cursor object at 0x000002193C06E7C0>, 'PRAGMA main.table_info("products")', ())
2026-03-03 20:06:02,416 - aiosqlite - DEBUG - executing functools.partial(<built-in method execute of sqlite3.Cursor object at 0x000001BA173FE740>, 'PRAGMA main.table_info("oidc_states")', ())
2026-03-03 20:06:02,416 - aiosqlite - DEBUG - operation functools.partial(<built-in method execute of sqlite3.Cursor object at 0x000002193C06E7C0>, 'PRAGMA main.table_info("products")', ()) completed
2026-03-03 20:06:02,416 - aiosqlite - DEBUG - operation functools.partial(<built-in method execute of sqlite3.Cursor object at 0x000001BA173FE740>, 'PRAGMA main.table_info("oidc_states")', ()) completed
2026-03-03 20:06:02,426 - aiosqlite - DEBUG - executing functools.partial(<built-in method fetchall of sqlite3.Cursor object at 0x000002193C06E7C0>)
2026-03-03 20:06:02,426 - aiosqlite - DEBUG - executing functools.partial(<built-in method fetchall of sqlite3.Cursor object at 0x000001BA173FE740>)
2026-03-03 20:06:02,426 - aiosqlite - DEBUG - operation functools.partial(<built-in method fetchall of sqlite3.Cursor object at 0x000002193C06E7C0>) completed
2026-03-03 20:06:02,426 - aiosqlite - DEBUG - operation functools.partial(<built-in method fetchall of sqlite3.Cursor object at 0x000001BA173FE740>) completed
2026-03-03 20:06:02,426 - aiosqlite - DEBUG - executing functools.partial(<built-in method close of sqlite3.Cursor object at 0x000002193C06E7C0>)
2026-03-03 20:06:02,426 - aiosqlite - DEBUG - executing functools.partial(<built-in method close of sqlite3.Cursor object at 0x000001BA173FE740>)
2026-03-03 20:06:02,426 - aiosqlite - DEBUG - operation functools.partial(<built-in method close of sqlite3.Cursor object at 0x000002193C06E7C0>) completed
2026-03-03 20:06:02,426 - aiosqlite - DEBUG - operation functools.partial(<built-in method close of sqlite3.Cursor object at 0x000001BA173FE740>) completed
2026-03-03 20:06:02,426 - core.database - INFO - Tables initialized successfully
2026-03-03 20:06:02,426 - aiosqlite - DEBUG - executing functools.partial(<built-in method cursor of sqlite3.Connection object at 0x000001BA1746C7C0>)
2026-03-03 20:06:02,426 - core.database - DEBUG - [DB_OP] Create tables completed in 0.0304s
2026-03-03 20:06:02,426 - aiosqlite - DEBUG - operation functools.partial(<built-in method cursor of sqlite3.Connection object at 0x000001BA1746C7C0>) completed
2026-03-03 20:06:02,426 - aiosqlite - DEBUG - executing functools.partial(<built-in method commit of sqlite3.Connection object at 0x000002193C0DC7C0>)
2026-03-03 20:06:02,426 - aiosqlite - DEBUG - operation functools.partial(<built-in method commit of sqlite3.Connection object at 0x000002193C0DC7C0>) completed
2026-03-03 20:06:02,426 - aiosqlite - DEBUG - executing functools.partial(<built-in method execute of sqlite3.Cursor object at 0x000001BA173FE740>, 'PRAGMA main.table_info("orders")', ())
2026-03-03 20:06:02,426 - aiosqlite - DEBUG - operation functools.partial(<built-in method execute of sqlite3.Cursor object at 0x000001BA173FE740>, 'PRAGMA main.table_info("orders")', ()) completed
2026-03-03 20:06:02,426 - aiosqlite - DEBUG - executing functools.partial(<built-in method rollback of sqlite3.Connection object at 0x000002193C0DC7C0>)
2026-03-03 20:06:02,426 - aiosqlite - DEBUG - executing functools.partial(<built-in method fetchall of sqlite3.Cursor object at 0x000001BA173FE740>)
2026-03-03 20:06:02,426 - aiosqlite - DEBUG - operation functools.partial(<built-in method rollback of sqlite3.Connection object at 0x000002193C0DC7C0>) completed
2026-03-03 20:06:02,432 - aiosqlite - DEBUG - operation functools.partial(<built-in method fetchall of sqlite3.Cursor object at 0x000001BA173FE740>) completed
2026-03-03 20:06:02,432 - aiosqlite - DEBUG - executing functools.partial(<built-in method close of sqlite3.Connection object at 0x000002193C0DC7C0>)
2026-03-03 20:06:02,432 - aiosqlite - DEBUG - executing functools.partial(<built-in method close of sqlite3.Cursor object at 0x000001BA173FE740>)
2026-03-03 20:06:02,432 - aiosqlite - DEBUG - operation functools.partial(<built-in method close of sqlite3.Connection object at 0x000002193C0DC7C0>) completed
2026-03-03 20:06:02,432 - aiosqlite - DEBUG - operation functools.partial(<built-in method close of sqlite3.Cursor object at 0x000001BA173FE740>) completed
2026-03-03 20:06:02,432 - services.database - INFO - 🔧 Table creation completed
2026-03-03 20:06:02,432 - aiosqlite - DEBUG - executing functools.partial(<built-in method cursor of sqlite3.Connection object at 0x000001BA1746C7C0>)
2026-03-03 20:06:02,432 - services.database - INFO - Database initialized successfully
2026-03-03 20:06:02,432 - aiosqlite - DEBUG - operation functools.partial(<built-in method cursor of sqlite3.Connection object at 0x000001BA1746C7C0>) completed
2026-03-03 20:06:02,432 - services.database - DEBUG - [DB_OP] Database initialization completed in 0.0714s
2026-03-03 20:06:02,432 - aiosqlite - DEBUG - executing functools.partial(<built-in method execute of sqlite3.Cursor object at 0x000001BA173FE740>, 'PRAGMA main.table_info("products")', ())
2026-03-03 20:06:02,432 - aiosqlite - DEBUG - operation functools.partial(<built-in method execute of sqlite3.Cursor object at 0x000001BA173FE740>, 'PRAGMA main.table_info("products")', ()) completed
2026-03-03 20:06:02,432 - services.mock_data - INFO - Processing mock data file products.json for table products
2026-03-03 20:06:02,436 - aiosqlite - DEBUG - executing functools.partial(<built-in method fetchall of sqlite3.Cursor object at 0x000001BA173FE740>)
2026-03-03 20:06:02,436 - aiosqlite - DEBUG - executing <function connect.<locals>.connector at 0x00000219387DD300>
2026-03-03 20:06:02,436 - aiosqlite - DEBUG - operation functools.partial(<built-in method fetchall of sqlite3.Cursor object at 0x000001BA173FE740>) completed
2026-03-03 20:06:02,436 - aiosqlite - DEBUG - executing functools.partial(<built-in method close of sqlite3.Cursor object at 0x000001BA173FE740>)
2026-03-03 20:06:02,436 - aiosqlite - DEBUG - operation <function connect.<locals>.connector at 0x00000219387DD300> completed
2026-03-03 20:06:02,436 - aiosqlite - DEBUG - operation functools.partial(<built-in method close of sqlite3.Cursor object at 0x000001BA173FE740>) completed
2026-03-03 20:06:02,436 - aiosqlite - DEBUG - executing functools.partial(<built-in method create_function of sqlite3.Connection object at 0x000002193C0DC8B0>, 'regexp', 2, <function SQLiteDialect_pysqlite.on_connect.<locals>.regexp at 0x000002193C0D62A0>, deterministic=True)
2026-03-03 20:06:02,436 - aiosqlite - DEBUG - operation functools.partial(<built-in method create_function of sqlite3.Connection object at 0x000002193C0DC8B0>, 'regexp', 2, <function SQLiteDialect_pysqlite.on_connect.<locals>.regexp at 0x000002193C0D62A0>, deterministic=True) completed
2026-03-03 20:06:02,436 - core.database - INFO - Tables initialized successfully
2026-03-03 20:06:02,436 - core.database - DEBUG - [DB_OP] Create tables completed in 0.0300s
2026-03-03 20:06:02,436 - aiosqlite - DEBUG - executing functools.partial(<built-in method create_function of sqlite3.Connection object at 0x000002193C0DC8B0>, 'floor', 1, <built-in function floor>, deterministic=True)
2026-03-03 20:06:02,436 - aiosqlite - DEBUG - executing functools.partial(<built-in method commit of sqlite3.Connection object at 0x000001BA1746C7C0>)
2026-03-03 20:06:02,436 - aiosqlite - DEBUG - operation functools.partial(<built-in method create_function of sqlite3.Connection object at 0x000002193C0DC8B0>, 'floor', 1, <built-in function floor>, deterministic=True) completed
2026-03-03 20:06:02,436 - aiosqlite - DEBUG - operation functools.partial(<built-in method commit of sqlite3.Connection object at 0x000001BA1746C7C0>) completed
2026-03-03 20:06:02,436 - aiosqlite - DEBUG - executing functools.partial(<built-in method rollback of sqlite3.Connection object at 0x000001BA1746C7C0>)
2026-03-03 20:06:02,436 - aiosqlite - DEBUG - operation functools.partial(<built-in method rollback of sqlite3.Connection object at 0x000001BA1746C7C0>) completed
2026-03-03 20:06:02,436 - aiosqlite - DEBUG - executing functools.partial(<built-in method cursor of sqlite3.Connection object at 0x000002193C0DC8B0>)
2026-03-03 20:06:02,436 - aiosqlite - DEBUG - executing functools.partial(<built-in method close of sqlite3.Connection object at 0x000001BA1746C7C0>)
2026-03-03 20:06:02,436 - aiosqlite - DEBUG - operation functools.partial(<built-in method cursor of sqlite3.Connection object at 0x000002193C0DC8B0>) completed
2026-03-03 20:06:02,436 - aiosqlite - DEBUG - operation functools.partial(<built-in method close of sqlite3.Connection object at 0x000001BA1746C7C0>) completed
2026-03-03 20:06:02,436 - aiosqlite - DEBUG - executing functools.partial(<built-in method execute of sqlite3.Cursor object at 0x000002193C06F040>, 'PRAGMA main.table_xinfo("products")', ())
2026-03-03 20:06:02,436 - services.database - INFO - 🔧 Table creation completed
2026-03-03 20:06:02,436 - services.database - INFO - Database initialized successfully
2026-03-03 20:06:02,436 - aiosqlite - DEBUG - operation functools.partial(<built-in method execute of sqlite3.Cursor object at 0x000002193C06F040>, 'PRAGMA main.table_xinfo("products")', ()) completed
2026-03-03 20:06:02,436 - services.database - DEBUG - [DB_OP] Database initialization completed in 0.0689s
2026-03-03 20:06:02,436 - aiosqlite - DEBUG - executing functools.partial(<built-in method fetchall of sqlite3.Cursor object at 0x000002193C06F040>)
2026-03-03 20:06:02,436 - aiosqlite - DEBUG - operation functools.partial(<built-in method fetchall of sqlite3.Cursor object at 0x000002193C06F040>) completed
2026-03-03 20:06:02,436 - services.mock_data - INFO - Processing mock data file products.json for table products
2026-03-03 20:06:02,446 - aiosqlite - DEBUG - executing functools.partial(<built-in method close of sqlite3.Cursor object at 0x000002193C06F040>)
2026-03-03 20:06:02,446 - aiosqlite - DEBUG - operation functools.partial(<built-in method close of sqlite3.Cursor object at 0x000002193C06F040>) completed
2026-03-03 20:06:02,446 - aiosqlite - DEBUG - executing <function connect.<locals>.connector at 0x000001BA13B0D300>
2026-03-03 20:06:02,446 - aiosqlite - DEBUG - operation <function connect.<locals>.connector at 0x000001BA13B0D300> completed
2026-03-03 20:06:02,446 - aiosqlite - DEBUG - executing functools.partial(<built-in method cursor of sqlite3.Connection object at 0x000002193C0DC8B0>)
2026-03-03 20:06:02,446 - aiosqlite - DEBUG - executing functools.partial(<built-in method create_function of sqlite3.Connection object at 0x000001BA1746C8B0>, 'regexp', 2, <function SQLiteDialect_pysqlite.on_connect.<locals>.regexp at 0x000001BA174662A0>, deterministic=True)
2026-03-03 20:06:02,446 - aiosqlite - DEBUG - operation functools.partial(<built-in method cursor of sqlite3.Connection object at 0x000002193C0DC8B0>) completed
2026-03-03 20:06:02,446 - aiosqlite - DEBUG - operation functools.partial(<built-in method create_function of sqlite3.Connection object at 0x000001BA1746C8B0>, 'regexp', 2, <function SQLiteDialect_pysqlite.on_connect.<locals>.regexp at 0x000001BA174662A0>, deterministic=True) completed
2026-03-03 20:06:02,446 - aiosqlite - DEBUG - executing functools.partial(<built-in method execute of sqlite3.Cursor object at 0x000002193C06F040>, "SELECT sql FROM  (SELECT * FROM sqlite_master UNION ALL   SELECT * FROM sqlite_temp_master) WHERE name = ? AND type in ('table', 'view')", ('products',))
2026-03-03 20:06:02,446 - aiosqlite - DEBUG - executing functools.partial(<built-in method create_function of sqlite3.Connection object at 0x000001BA1746C8B0>, 'floor', 1, <built-in function floor>, deterministic=True)
2026-03-03 20:06:02,446 - aiosqlite - DEBUG - operation functools.partial(<built-in method create_function of sqlite3.Connection object at 0x000001BA1746C8B0>, 'floor', 1, <built-in function floor>, deterministic=True) completed
2026-03-03 20:06:02,446 - aiosqlite - DEBUG - operation functools.partial(<built-in method execute of sqlite3.Cursor object at 0x000002193C06F040>, "SELECT sql FROM  (SELECT * FROM sqlite_master UNION ALL   SELECT * FROM sqlite_temp_master) WHERE name = ? AND type in ('table', 'view')", ('products',)) completed
2026-03-03 20:06:02,446 - aiosqlite - DEBUG - executing functools.partial(<built-in method fetchall of sqlite3.Cursor object at 0x000002193C06F040>)
2026-03-03 20:06:02,446 - aiosqlite - DEBUG - operation functools.partial(<built-in method fetchall of sqlite3.Cursor object at 0x000002193C06F040>) completed
2026-03-03 20:06:02,446 - aiosqlite - DEBUG - operation functools.partial(<built-in method cursor of sqlite3.Connection object at 0x000001BA1746C8B0>) completed
2026-03-03 20:06:02,446 - aiosqlite - DEBUG - executing functools.partial(<built-in method close of sqlite3.Cursor object at 0x000002193C06F040>)
2026-03-03 20:06:02,446 - aiosqlite - DEBUG - executing functools.partial(<built-in method execute of sqlite3.Cursor object at 0x000001BA173FEFC0>, 'PRAGMA main.table_xinfo("products")', ())
2026-03-03 20:06:02,446 - aiosqlite - DEBUG - operation functools.partial(<built-in method close of sqlite3.Cursor object at 0x000002193C06F040>) completed
2026-03-03 20:06:02,446 - aiosqlite - DEBUG - operation functools.partial(<built-in method execute of sqlite3.Cursor object at 0x000001BA173FEFC0>, 'PRAGMA main.table_xinfo("products")', ()) completed
2026-03-03 20:06:02,446 - aiosqlite - DEBUG - executing functools.partial(<built-in method cursor of sqlite3.Connection object at 0x000002193C0DC8B0>)
2026-03-03 20:06:02,446 - aiosqlite - DEBUG - executing functools.partial(<built-in method fetchall of sqlite3.Cursor object at 0x000001BA173FEFC0>)
2026-03-03 20:06:02,446 - aiosqlite - DEBUG - operation functools.partial(<built-in method cursor of sqlite3.Connection object at 0x000002193C0DC8B0>) completed
2026-03-03 20:06:02,446 - aiosqlite - DEBUG - operation functools.partial(<built-in method fetchall of sqlite3.Cursor object at 0x000001BA173FEFC0>) completed
2026-03-03 20:06:02,446 - aiosqlite - DEBUG - executing functools.partial(<built-in method execute of sqlite3.Cursor object at 0x000002193C06F040>, 'PRAGMA main.foreign_key_list("products")', ())
2026-03-03 20:06:02,446 - aiosqlite - DEBUG - executing functools.partial(<built-in method close of sqlite3.Cursor object at 0x000001BA173FEFC0>)
2026-03-03 20:06:02,446 - aiosqlite - DEBUG - operation functools.partial(<built-in method execute of sqlite3.Cursor object at 0x000002193C06F040>, 'PRAGMA main.foreign_key_list("products")', ()) completed
2026-03-03 20:06:02,446 - aiosqlite - DEBUG - operation functools.partial(<built-in method close of sqlite3.Cursor object at 0x000001BA173FEFC0>) completed
2026-03-03 20:06:02,446 - aiosqlite - DEBUG - executing functools.partial(<built-in method fetchall of sqlite3.Cursor object at 0x000002193C06F040>)
2026-03-03 20:06:02,454 - aiosqlite - DEBUG - operation functools.partial(<built-in method fetchall of sqlite3.Cursor object at 0x000002193C06F040>) completed
2026-03-03 20:06:02,454 - aiosqlite - DEBUG - executing functools.partial(<built-in method cursor of sqlite3.Connection object at 0x000001BA1746C8B0>)
2026-03-03 20:06:02,454 - aiosqlite - DEBUG - executing functools.partial(<built-in method close of sqlite3.Cursor object at 0x000002193C06F040>)
2026-03-03 20:06:02,454 - aiosqlite - DEBUG - operation functools.partial(<built-in method cursor of sqlite3.Connection object at 0x000001BA1746C8B0>) completed
2026-03-03 20:06:02,454 - aiosqlite - DEBUG - operation functools.partial(<built-in method close of sqlite3.Cursor object at 0x000002193C06F040>) completed
2026-03-03 20:06:02,454 - aiosqlite - DEBUG - executing functools.partial(<built-in method execute of sqlite3.Cursor object at 0x000001BA173FEFC0>, "SELECT sql FROM  (SELECT * FROM sqlite_master UNION ALL   SELECT * FROM sqlite_temp_master) WHERE name = ? AND type in ('table', 'view')", ('products',))
2026-03-03 20:06:02,454 - aiosqlite - DEBUG - executing functools.partial(<built-in method cursor of sqlite3.Connection object at 0x000002193C0DC8B0>)
2026-03-03 20:06:02,454 - aiosqlite - DEBUG - operation functools.partial(<built-in method cursor of sqlite3.Connection object at 0x000002193C0DC8B0>) completed
2026-03-03 20:06:02,454 - aiosqlite - DEBUG - operation functools.partial(<built-in method execute of sqlite3.Cursor object at 0x000001BA173FEFC0>, "SELECT sql FROM  (SELECT * FROM sqlite_master UNION ALL   SELECT * FROM sqlite_temp_master) WHERE name = ? AND type in ('table', 'view')", ('products',)) completed
2026-03-03 20:06:02,454 - aiosqlite - DEBUG - executing functools.partial(<built-in method execute of sqlite3.Cursor object at 0x000002193C06F040>, 'PRAGMA temp.foreign_key_list("products")', ())
2026-03-03 20:06:02,454 - aiosqlite - DEBUG - executing functools.partial(<built-in method fetchall of sqlite3.Cursor object at 0x000001BA173FEFC0>)
2026-03-03 20:06:02,454 - aiosqlite - DEBUG - operation functools.partial(<built-in method execute of sqlite3.Cursor object at 0x000002193C06F040>, 'PRAGMA temp.foreign_key_list("products")', ()) completed
2026-03-03 20:06:02,454 - aiosqlite - DEBUG - operation functools.partial(<built-in method fetchall of sqlite3.Cursor object at 0x000001BA173FEFC0>) completed
2026-03-03 20:06:02,454 - aiosqlite - DEBUG - executing functools.partial(<built-in method fetchall of sqlite3.Cursor object at 0x000002193C06F040>)
2026-03-03 20:06:02,454 - aiosqlite - DEBUG - executing functools.partial(<built-in method close of sqlite3.Cursor object at 0x000001BA173FEFC0>)
2026-03-03 20:06:02,454 - aiosqlite - DEBUG - operation functools.partial(<built-in method fetchall of sqlite3.Cursor object at 0x000002193C06F040>) completed
2026-03-03 20:06:02,454 - aiosqlite - DEBUG - operation functools.partial(<built-in method close of sqlite3.Cursor object at 0x000001BA173FEFC0>) completed
2026-03-03 20:06:02,454 - aiosqlite - DEBUG - executing functools.partial(<built-in method close of sqlite3.Cursor object at 0x000002193C06F040>)
2026-03-03 20:06:02,454 - aiosqlite - DEBUG - operation functools.partial(<built-in method close of sqlite3.Cursor object at 0x000002193C06F040>) completed
2026-03-03 20:06:02,454 - aiosqlite - DEBUG - executing functools.partial(<built-in method cursor of sqlite3.Connection object at 0x000001BA1746C8B0>)
2026-03-03 20:06:02,454 - aiosqlite - DEBUG - operation functools.partial(<built-in method cursor of sqlite3.Connection object at 0x000001BA1746C8B0>) completed
2026-03-03 20:06:02,454 - aiosqlite - DEBUG - executing functools.partial(<built-in method cursor of sqlite3.Connection object at 0x000002193C0DC8B0>)
2026-03-03 20:06:02,454 - aiosqlite - DEBUG - executing functools.partial(<built-in method execute of sqlite3.Cursor object at 0x000001BA173FEFC0>, 'PRAGMA main.foreign_key_list("products")', ())
2026-03-03 20:06:02,454 - aiosqlite - DEBUG - operation functools.partial(<built-in method cursor of sqlite3.Connection object at 0x000002193C0DC8B0>) completed
2026-03-03 20:06:02,454 - aiosqlite - DEBUG - operation functools.partial(<built-in method execute of sqlite3.Cursor object at 0x000001BA173FEFC0>, 'PRAGMA main.foreign_key_list("products")', ()) completed
2026-03-03 20:06:02,454 - aiosqlite - DEBUG - executing functools.partial(<built-in method execute of sqlite3.Cursor object at 0x000002193C06F040>, "SELECT sql FROM  (SELECT * FROM sqlite_master UNION ALL   SELECT * FROM sqlite_temp_master) WHERE name = ? AND type in ('table', 'view')", ('products',))
2026-03-03 20:06:02,454 - aiosqlite - DEBUG - executing functools.partial(<built-in method fetchall of sqlite3.Cursor object at 0x000001BA173FEFC0>)
2026-03-03 20:06:02,462 - aiosqlite - DEBUG - operation functools.partial(<built-in method execute of sqlite3.Cursor object at 0x000002193C06F040>, "SELECT sql FROM  (SELECT * FROM sqlite_master UNION ALL   SELECT * FROM sqlite_temp_master) WHERE name = ? AND type in ('table', 'view')", ('products',)) completed
2026-03-03 20:06:02,462 - aiosqlite - DEBUG - operation functools.partial(<built-in method fetchall of sqlite3.Cursor object at 0x000001BA173FEFC0>) completed
2026-03-03 20:06:02,462 - aiosqlite - DEBUG - executing functools.partial(<built-in method close of sqlite3.Cursor object at 0x000001BA173FEFC0>)
2026-03-03 20:06:02,462 - aiosqlite - DEBUG - executing functools.partial(<built-in method fetchall of sqlite3.Cursor object at 0x000002193C06F040>)
2026-03-03 20:06:02,462 - aiosqlite - DEBUG - operation functools.partial(<built-in method close of sqlite3.Cursor object at 0x000001BA173FEFC0>) completed
2026-03-03 20:06:02,462 - aiosqlite - DEBUG - operation functools.partial(<built-in method fetchall of sqlite3.Cursor object at 0x000002193C06F040>) completed
2026-03-03 20:06:02,464 - aiosqlite - DEBUG - executing functools.partial(<built-in method close of sqlite3.Cursor object at 0x000002193C06F040>)
2026-03-03 20:06:02,464 - aiosqlite - DEBUG - executing functools.partial(<built-in method cursor of sqlite3.Connection object at 0x000001BA1746C8B0>)
2026-03-03 20:06:02,464 - aiosqlite - DEBUG - operation functools.partial(<built-in method close of sqlite3.Cursor object at 0x000002193C06F040>) completed
2026-03-03 20:06:02,464 - aiosqlite - DEBUG - operation functools.partial(<built-in method cursor of sqlite3.Connection object at 0x000001BA1746C8B0>) completed
2026-03-03 20:06:02,464 - aiosqlite - DEBUG - executing functools.partial(<built-in method execute of sqlite3.Cursor object at 0x000001BA173FEFC0>, 'PRAGMA temp.foreign_key_list("products")', ())
2026-03-03 20:06:02,464 - aiosqlite - DEBUG - operation functools.partial(<built-in method execute of sqlite3.Cursor object at 0x000001BA173FEFC0>, 'PRAGMA temp.foreign_key_list("products")', ()) completed
2026-03-03 20:06:02,466 - aiosqlite - DEBUG - executing functools.partial(<built-in method fetchall of sqlite3.Cursor object at 0x000001BA173FEFC0>)
2026-03-03 20:06:02,466 - aiosqlite - DEBUG - operation functools.partial(<built-in method fetchall of sqlite3.Cursor object at 0x000001BA173FEFC0>) completed
2026-03-03 20:06:02,466 - aiosqlite - DEBUG - executing functools.partial(<built-in method cursor of sqlite3.Connection object at 0x000002193C0DC8B0>)
2026-03-03 20:06:02,466 - aiosqlite - DEBUG - executing functools.partial(<built-in method close of sqlite3.Cursor object at 0x000001BA173FEFC0>)
2026-03-03 20:06:02,466 - aiosqlite - DEBUG - operation functools.partial(<built-in method cursor of sqlite3.Connection object at 0x000002193C0DC8B0>) completed
2026-03-03 20:06:02,466 - aiosqlite - DEBUG - operation functools.partial(<built-in method close of sqlite3.Cursor object at 0x000001BA173FEFC0>) completed
2026-03-03 20:06:02,466 - aiosqlite - DEBUG - executing functools.partial(<built-in method execute of sqlite3.Cursor object at 0x000002193C06F040>, 'PRAGMA main.index_list("products")', ())
2026-03-03 20:06:02,466 - aiosqlite - DEBUG - executing functools.partial(<built-in method cursor of sqlite3.Connection object at 0x000001BA1746C8B0>)
2026-03-03 20:06:02,466 - aiosqlite - DEBUG - operation functools.partial(<built-in method execute of sqlite3.Cursor object at 0x000002193C06F040>, 'PRAGMA main.index_list("products")', ()) completed
2026-03-03 20:06:02,466 - aiosqlite - DEBUG - operation functools.partial(<built-in method cursor of sqlite3.Connection object at 0x000001BA1746C8B0>) completed
2026-03-03 20:06:02,466 - aiosqlite - DEBUG - executing functools.partial(<built-in method fetchall of sqlite3.Cursor object at 0x000002193C06F040>)
2026-03-03 20:06:02,466 - aiosqlite - DEBUG - executing functools.partial(<built-in method execute of sqlite3.Cursor object at 0x000001BA173FEFC0>, "SELECT sql FROM  (SELECT * FROM sqlite_master UNION ALL   SELECT * FROM sqlite_temp_master) WHERE name = ? AND type in ('table', 'view')", ('products',))
2026-03-03 20:06:02,466 - aiosqlite - DEBUG - operation functools.partial(<built-in method fetchall of sqlite3.Cursor object at 0x000002193C06F040>) completed
2026-03-03 20:06:02,466 - aiosqlite - DEBUG - operation functools.partial(<built-in method execute of sqlite3.Cursor object at 0x000001BA173FEFC0>, "SELECT sql FROM  (SELECT * FROM sqlite_master UNION ALL   SELECT * FROM sqlite_temp_master) WHERE name = ? AND type in ('table', 'view')", ('products',)) completed
2026-03-03 20:06:02,466 - aiosqlite - DEBUG - executing functools.partial(<built-in method close of sqlite3.Cursor object at 0x000002193C06F040>)
2026-03-03 20:06:02,466 - aiosqlite - DEBUG - operation functools.partial(<built-in method close of sqlite3.Cursor object at 0x000002193C06F040>) completed
2026-03-03 20:06:02,466 - aiosqlite - DEBUG - executing functools.partial(<built-in method fetchall of sqlite3.Cursor object at 0x000001BA173FEFC0>)
2026-03-03 20:06:02,466 - aiosqlite - DEBUG - operation functools.partial(<built-in method fetchall of sqlite3.Cursor object at 0x000001BA173FEFC0>) completed
2026-03-03 20:06:02,466 - aiosqlite - DEBUG - executing functools.partial(<built-in method cursor of sqlite3.Connection object at 0x000002193C0DC8B0>)
2026-03-03 20:06:02,466 - aiosqlite - DEBUG - executing functools.partial(<built-in method close of sqlite3.Cursor object at 0x000001BA173FEFC0>)
2026-03-03 20:06:02,466 - aiosqlite - DEBUG - operation functools.partial(<built-in method cursor of sqlite3.Connection object at 0x000002193C0DC8B0>) completed
2026-03-03 20:06:02,466 - aiosqlite - DEBUG - operation functools.partial(<built-in method close of sqlite3.Cursor object at 0x000001BA173FEFC0>) completed
2026-03-03 20:06:02,466 - aiosqlite - DEBUG - executing functools.partial(<built-in method execute of sqlite3.Cursor object at 0x000002193C06F040>, 'PRAGMA main.index_info("ix_products_id")', ())
2026-03-03 20:06:02,466 - aiosqlite - DEBUG - operation functools.partial(<built-in method execute of sqlite3.Cursor object at 0x000002193C06F040>, 'PRAGMA main.index_info("ix_products_id")', ()) completed
2026-03-03 20:06:02,466 - aiosqlite - DEBUG - executing functools.partial(<built-in method fetchall of sqlite3.Cursor object at 0x000002193C06F040>)
2026-03-03 20:06:02,466 - aiosqlite - DEBUG - operation functools.partial(<built-in method fetchall of sqlite3.Cursor object at 0x000002193C06F040>) completed
2026-03-03 20:06:02,466 - aiosqlite - DEBUG - executing functools.partial(<built-in method cursor of sqlite3.Connection object at 0x000001BA1746C8B0>)
2026-03-03 20:06:02,466 - aiosqlite - DEBUG - executing functools.partial(<built-in method close of sqlite3.Cursor object at 0x000002193C06F040>)
2026-03-03 20:06:02,466 - aiosqlite - DEBUG - operation functools.partial(<built-in method cursor of sqlite3.Connection object at 0x000001BA1746C8B0>) completed
2026-03-03 20:06:02,466 - aiosqlite - DEBUG - operation functools.partial(<built-in method close of sqlite3.Cursor object at 0x000002193C06F040>) completed
2026-03-03 20:06:02,466 - aiosqlite - DEBUG - executing functools.partial(<built-in method execute of sqlite3.Cursor object at 0x000001BA173FEFC0>, 'PRAGMA main.index_list("products")', ())
2026-03-03 20:06:02,476 - aiosqlite - DEBUG - executing functools.partial(<built-in method cursor of sqlite3.Connection object at 0x000002193C0DC8B0>)
2026-03-03 20:06:02,476 - aiosqlite - DEBUG - operation functools.partial(<built-in method execute of sqlite3.Cursor object at 0x000001BA173FEFC0>, 'PRAGMA main.index_list("products")', ()) completed
2026-03-03 20:06:02,476 - aiosqlite - DEBUG - operation functools.partial(<built-in method cursor of sqlite3.Connection object at 0x000002193C0DC8B0>) completed
2026-03-03 20:06:02,476 - aiosqlite - DEBUG - executing functools.partial(<built-in method fetchall of sqlite3.Cursor object at 0x000001BA173FEFC0>)
2026-03-03 20:06:02,476 - aiosqlite - DEBUG - executing functools.partial(<built-in method execute of sqlite3.Cursor object at 0x000002193C06F040>, 'PRAGMA main.index_list("products")', ())
2026-03-03 20:06:02,476 - aiosqlite - DEBUG - operation functools.partial(<built-in method fetchall of sqlite3.Cursor object at 0x000001BA173FEFC0>) completed
2026-03-03 20:06:02,476 - aiosqlite - DEBUG - operation functools.partial(<built-in method execute of sqlite3.Cursor object at 0x000002193C06F040>, 'PRAGMA main.index_list("products")', ()) completed
2026-03-03 20:06:02,476 - aiosqlite - DEBUG - executing functools.partial(<built-in method close of sqlite3.Cursor object at 0x000001BA173FEFC0>)
2026-03-03 20:06:02,476 - aiosqlite - DEBUG - executing functools.partial(<built-in method fetchall of sqlite3.Cursor object at 0x000002193C06F040>)
2026-03-03 20:06:02,476 - aiosqlite - DEBUG - operation functools.partial(<built-in method close of sqlite3.Cursor object at 0x000001BA173FEFC0>) completed
2026-03-03 20:06:02,476 - aiosqlite - DEBUG - operation functools.partial(<built-in method fetchall of sqlite3.Cursor object at 0x000002193C06F040>) completed
2026-03-03 20:06:02,476 - aiosqlite - DEBUG - executing functools.partial(<built-in method close of sqlite3.Cursor object at 0x000002193C06F040>)
2026-03-03 20:06:02,476 - aiosqlite - DEBUG - executing functools.partial(<built-in method cursor of sqlite3.Connection object at 0x000001BA1746C8B0>)
2026-03-03 20:06:02,476 - aiosqlite - DEBUG - operation functools.partial(<built-in method close of sqlite3.Cursor object at 0x000002193C06F040>) completed
2026-03-03 20:06:02,476 - aiosqlite - DEBUG - operation functools.partial(<built-in method cursor of sqlite3.Connection object at 0x000001BA1746C8B0>) completed
2026-03-03 20:06:02,476 - aiosqlite - DEBUG - executing functools.partial(<built-in method cursor of sqlite3.Connection object at 0x000002193C0DC8B0>)
2026-03-03 20:06:02,476 - aiosqlite - DEBUG - executing functools.partial(<built-in method execute of sqlite3.Cursor object at 0x000001BA173FEFC0>, 'PRAGMA main.index_info("ix_products_id")', ())
2026-03-03 20:06:02,476 - aiosqlite - DEBUG - operation functools.partial(<built-in method cursor of sqlite3.Connection object at 0x000002193C0DC8B0>) completed
2026-03-03 20:06:02,476 - aiosqlite - DEBUG - operation functools.partial(<built-in method execute of sqlite3.Cursor object at 0x000001BA173FEFC0>, 'PRAGMA main.index_info("ix_products_id")', ()) completed
2026-03-03 20:06:02,476 - aiosqlite - DEBUG - executing functools.partial(<built-in method execute of sqlite3.Cursor object at 0x000002193C06F040>, 'PRAGMA main.index_info("ix_products_id")', ())
2026-03-03 20:06:02,476 - aiosqlite - DEBUG - executing functools.partial(<built-in method fetchall of sqlite3.Cursor object at 0x000001BA173FEFC0>)
2026-03-03 20:06:02,476 - aiosqlite - DEBUG - operation functools.partial(<built-in method execute of sqlite3.Cursor object at 0x000002193C06F040>, 'PRAGMA main.index_info("ix_products_id")', ()) completed
2026-03-03 20:06:02,476 - aiosqlite - DEBUG - operation functools.partial(<built-in method fetchall of sqlite3.Cursor object at 0x000001BA173FEFC0>) completed
2026-03-03 20:06:02,476 - aiosqlite - DEBUG - executing functools.partial(<built-in method fetchall of sqlite3.Cursor object at 0x000002193C06F040>)
2026-03-03 20:06:02,476 - aiosqlite - DEBUG - executing functools.partial(<built-in method close of sqlite3.Cursor object at 0x000001BA173FEFC0>)
2026-03-03 20:06:02,476 - aiosqlite - DEBUG - operation functools.partial(<built-in method fetchall of sqlite3.Cursor object at 0x000002193C06F040>) completed
2026-03-03 20:06:02,476 - aiosqlite - DEBUG - operation functools.partial(<built-in method close of sqlite3.Cursor object at 0x000001BA173FEFC0>) completed
2026-03-03 20:06:02,476 - aiosqlite - DEBUG - executing functools.partial(<built-in method close of sqlite3.Cursor object at 0x000002193C06F040>)
2026-03-03 20:06:02,476 - aiosqlite - DEBUG - executing functools.partial(<built-in method cursor of sqlite3.Connection object at 0x000001BA1746C8B0>)
ted
2026-03-03 20:06:02,476 - aiosqlite - DEBUG - operation functools.partial(<built-in method cursor of sqlite3.Connection object at 0x000001BA1746C8B0>) completed
2026-03-03 20:06:02,476 - aiosqlite - DEBUG - executing functools.partial(<built-in method cursor of sqlite3.Connection object at 0x000002193C0DC8B0>)
2026-03-03 20:06:02,484 - aiosqlite - DEBUG - operation functools.partial(<built-in method cursor of sqlite3.Connection object at 0x000002193C0DC8B0>) completed
2026-03-03 20:06:02,484 - aiosqlite - DEBUG - executing functools.partial(<built-in method execute of sqlite3.Cursor object at 0x000001BA173FEFC0>, 'PRAGMA main.index_list("products")', ())
2026-03-03 20:06:02,484 - aiosqlite - DEBUG - executing functools.partial(<built-in method execute of sqlite3.Cursor object at 0x000002193C06F040>, "SELECT sql FROM  (SELECT * FROM sqlite_master UNION ALL   SELECT * FROM sqlite_temp_master) WHERE name = ? AND type in ('table', 'view')", ('products',))
2026-03-03 20:06:02,484 - aiosqlite - DEBUG - operation functools.partial(<built-in method execute of sqlite3.Cursor object at 0x000001BA173FEFC0>, 'PRAGMA main.index_list("products")', ()) completed
2026-03-03 20:06:02,484 - aiosqlite - DEBUG - operation functools.partial(<built-in method execute of sqlite3.Cursor object at 0x000002193C06F040>, "SELECT sql FROM  (SELECT * FROM sqlite_master UNION ALL   SELECT * FROM sqlite_temp_master) WHERE name = ? AND type in ('table', 'view')", ('products',)) completed
2026-03-03 20:06:02,484 - aiosqlite - DEBUG - executing functools.partial(<built-in method fetchall of sqlite3.Cursor object at 0x000001BA173FEFC0>)
2026-03-03 20:06:02,484 - aiosqlite - DEBUG - operation functools.partial(<built-in method fetchall of sqlite3.Cursor object at 0x000001BA173FEFC0>) completed
2026-03-03 20:06:02,484 - aiosqlite - DEBUG - executing functools.partial(<built-in method fetchall of sqlite3.Cursor object at 0x000002193C06F040>)
2026-03-03 20:06:02,484 - aiosqlite - DEBUG - executing functools.partial(<built-in method close of sqlite3.Cursor object at 0x000001BA173FEFC0>)
2026-03-03 20:06:02,484 - aiosqlite - DEBUG - operation functools.partial(<built-in method fetchall of sqlite3.Cursor object at 0x000002193C06F040>) completed
2026-03-03 20:06:02,484 - aiosqlite - DEBUG - operation functools.partial(<built-in method close of sqlite3.Cursor object at 0x000001BA173FEFC0>) completed
2026-03-03 20:06:02,484 - aiosqlite - DEBUG - executing functools.partial(<built-in method close of sqlite3.Cursor object at 0x000002193C06F040>)
2026-03-03 20:06:02,484 - aiosqlite - DEBUG - executing functools.partial(<built-in method cursor of sqlite3.Connection object at 0x000001BA1746C8B0>)
2026-03-03 20:06:02,484 - aiosqlite - DEBUG - operation functools.partial(<built-in method close of sqlite3.Cursor object at 0x000002193C06F040>) completed
2026-03-03 20:06:02,484 - aiosqlite - DEBUG - operation functools.partial(<built-in method cursor of sqlite3.Connection object at 0x000001BA1746C8B0>) completed
2026-03-03 20:06:02,484 - aiosqlite - DEBUG - executing functools.partial(<built-in method execute of sqlite3.Cursor object at 0x000001BA173FEFC0>, 'PRAGMA main.index_info("ix_products_id")', ())
2026-03-03 20:06:02,484 - aiosqlite - DEBUG - operation functools.partial(<built-in method execute of sqlite3.Cursor object at 0x000001BA173FEFC0>, 'PRAGMA main.index_info("ix_products_id")', ()) completed
2026-03-03 20:06:02,484 - aiosqlite - DEBUG - executing functools.partial(<built-in method fetchall of sqlite3.Cursor object at 0x000001BA173FEFC0>)
2026-03-03 20:06:02,484 - aiosqlite - DEBUG - operation functools.partial(<built-in method fetchall of sqlite3.Cursor object at 0x000001BA173FEFC0>) completed
2026-03-03 20:06:02,484 - aiosqlite - DEBUG - executing functools.partial(<built-in method close of sqlite3.Cursor object at 0x000001BA173FEFC0>)
2026-03-03 20:06:02,484 - aiosqlite - DEBUG - operation functools.partial(<built-in method close of sqlite3.Cursor object at 0x000001BA173FEFC0>) completed
2026-03-03 20:06:02,484 - aiosqlite - DEBUG - executing functools.partial(<built-in method cursor of sqlite3.Connection object at 0x000001BA1746C8B0>)
2026-03-03 20:06:02,484 - aiosqlite - DEBUG - operation functools.partial(<built-in method cursor of sqlite3.Connection object at 0x000001BA1746C8B0>) completed
2026-03-03 20:06:02,484 - aiosqlite - DEBUG - executing functools.partial(<built-in method execute of sqlite3.Cursor object at 0x000001BA173FEFC0>, "SELECT sql FROM  (SELECT * FROM sqlite_master UNION ALL   SELECT * FROM sqlite_temp_master) WHERE name = ? AND type in ('table', 'view')", ('products',))
2026-03-03 20:06:02,484 - aiosqlite - DEBUG - operation functools.partial(<built-in method execute of sqlite3.Cursor object at 0x000001BA173FEFC0>, "SELECT sql FROM  (SELECT * FROM sqlite_master UNION ALL   SELECT * FROM sqlite_temp_master) WHERE name = ? AND type in ('table', 'view')", ('products',)) completed
2026-03-03 20:06:02,496 - aiosqlite - DEBUG - executing functools.partial(<built-in method cursor of sqlite3.Connection object at 0x000002193C0DC8B0>)
2026-03-03 20:06:02,496 - aiosqlite - DEBUG - operation functools.partial(<built-in method cursor of sqlite3.Connection object at 0x000002193C0DC8B0>) completed
2026-03-03 20:06:02,497 - aiosqlite - DEBUG - executing functools.partial(<built-in method fetchall of sqlite3.Cursor object at 0x000001BA173FEFC0>)
2026-03-03 20:06:02,497 - aiosqlite - DEBUG - executing functools.partial(<built-in method execute of sqlite3.Cursor object at 0x000002193C06F040>, 'SELECT count(*) AS count_1 \nFROM products', ())
2026-03-03 20:06:02,497 - aiosqlite - DEBUG - operation functools.partial(<built-in method fetchall of sqlite3.Cursor object at 0x000001BA173FEFC0>) completed
2026-03-03 20:06:02,497 - aiosqlite - DEBUG - operation functools.partial(<built-in method execute of sqlite3.Cursor object at 0x000002193C06F040>, 'SELECT count(*) AS count_1 \nFROM products', ()) completed
2026-03-03 20:06:02,498 - aiosqlite - DEBUG - executing functools.partial(<built-in method close of sqlite3.Cursor object at 0x000001BA173FEFC0>)
2026-03-03 20:06:02,498 - aiosqlite - DEBUG - executing functools.partial(<built-in method fetchall of sqlite3.Cursor object at 0x000002193C06F040>)
2026-03-03 20:06:02,499 - aiosqlite - DEBUG - operation functools.partial(<built-in method close of sqlite3.Cursor object at 0x000001BA173FEFC0>) completed
2026-03-03 20:06:02,499 - aiosqlite - DEBUG - operation functools.partial(<built-in method fetchall of sqlite3.Cursor object at 0x000002193C06F040>) completed
2026-03-03 20:06:02,499 - aiosqlite - DEBUG - executing functools.partial(<built-in method close of sqlite3.Cursor object at 0x000002193C06F040>)
2026-03-03 20:06:02,500 - aiosqlite - DEBUG - operation functools.partial(<built-in method close of sqlite3.Cursor object at 0x000002193C06F040>) completed
2026-03-03 20:06:02,500 - services.mock_data - INFO - Table products already has 8 rows; skipping mock insert
2026-03-03 20:06:02,501 - aiosqlite - DEBUG - executing functools.partial(<built-in method commit of sqlite3.Connection object at 0x000002193C0DC8B0>)
2026-03-03 20:06:02,501 - aiosqlite - DEBUG - operation functools.partial(<built-in method commit of sqlite3.Connection object at 0x000002193C0DC8B0>) completed
2026-03-03 20:06:02,501 - aiosqlite - DEBUG - executing functools.partial(<built-in method rollback of sqlite3.Connection object at 0x000002193C0DC8B0>)
2026-03-03 20:06:02,501 - aiosqlite - DEBUG - operation functools.partial(<built-in method rollback of sqlite3.Connection object at 0x000002193C0DC8B0>) completed
2026-03-03 20:06:02,501 - aiosqlite - DEBUG - executing functools.partial(<built-in method close of sqlite3.Connection object at 0x000002193C0DC8B0>)
2026-03-03 20:06:02,501 - aiosqlite - DEBUG - operation functools.partial(<built-in method close of sqlite3.Connection object at 0x000002193C0DC8B0>) completed
2026-03-03 20:06:02,501 - services.database - DEBUG - [DB_OP] Starting database initialization
2026-03-03 20:06:02,501 - services.database - INFO - 🔧 Starting database initialization...
2026-03-03 20:06:02,506 - core.database - INFO - Starting database initialization...
2026-03-03 20:06:02,506 - core.database - INFO - Database already initialized
2026-03-03 20:06:02,506 - services.database - INFO - 🔧 Database connection initialized, now creating tables if tables not exist...
2026-03-03 20:06:02,506 - aiosqlite - DEBUG - executing functools.partial(<built-in method cursor of sqlite3.Connection object at 0x000001BA1746C8B0>)
2026-03-03 20:06:02,506 - core.database - DEBUG - [DB_OP] Starting create_tables
2026-03-03 20:06:02,506 - aiosqlite - DEBUG - operation functools.partial(<built-in method cursor of sqlite3.Connection object at 0x000001BA1746C8B0>) completed
2026-03-03 20:06:02,506 - core.database - INFO - Tables already initialized
2026-03-03 20:06:02,506 - services.database - INFO - 🔧 Table creation completed
2026-03-03 20:06:02,506 - services.database - INFO - Database initialized successfully
2026-03-03 20:06:02,506 - aiosqlite - DEBUG - executing functools.partial(<built-in method execute of sqlite3.Cursor object at 0x000001BA173FEFC0>, 'SELECT count(*) AS count_1 \nFROM products', ())
2026-03-03 20:06:02,506 - services.database - DEBUG - [DB_OP] Database initialization completed in 0.0045s
2026-03-03 20:06:02,506 - aiosqlite - DEBUG - operation functools.partial(<built-in method execute of sqlite3.Cursor object at 0x000001BA173FEFC0>, 'SELECT count(*) AS count_1 \nFROM products', ()) completed
2026-03-03 20:06:02,506 - services.auth - WARNING - Admin user ID or email not configured, skipping admin initialization
2026-03-03 20:06:02,506 - main - INFO - === Application startup completed successfully ===
2026-03-03 20:06:02,506 - aiosqlite - DEBUG - executing functools.partial(<built-in method fetchall of sqlite3.Cursor object at 0x000001BA173FEFC0>)
2026-03-03 20:06:02,506 - aiosqlite - DEBUG - operation functools.partial(<built-in method fetchall of sqlite3.Cursor object at 0x000001BA173FEFC0>) completed
2026-03-03 20:06:02,506 - aiosqlite - DEBUG - executing functools.partial(<built-in method close of sqlite3.Cursor object at 0x000001BA173FEFC0>)
2026-03-03 20:06:02,506 - aiosqlite - DEBUG - operation functools.partial(<built-in method close of sqlite3.Cursor object at 0x000001BA173FEFC0>) completed
2026-03-03 20:06:02,506 - services.mock_data - INFO - Table products already has 8 rows; skipping mock insert
2026-03-03 20:06:02,506 - aiosqlite - DEBUG - executing functools.partial(<built-in method commit of sqlite3.Connection object at 0x000001BA1746C8B0>)
2026-03-03 20:06:02,506 - aiosqlite - DEBUG - operation functools.partial(<built-in method commit of sqlite3.Connection object at 0x000001BA1746C8B0>) completed
2026-03-03 20:06:02,506 - aiosqlite - DEBUG - executing functools.partial(<built-in method rollback of sqlite3.Connection object at 0x000001BA1746C8B0>)
2026-03-03 20:06:02,506 - aiosqlite - DEBUG - operation functools.partial(<built-in method rollback of sqlite3.Connection object at 0x000001BA1746C8B0>) completed
2026-03-03 20:06:02,506 - aiosqlite - DEBUG - executing functools.partial(<built-in method close of sqlite3.Connection object at 0x000001BA1746C8B0>)
2026-03-03 20:06:02,506 - aiosqlite - DEBUG - operation functools.partial(<built-in method close of sqlite3.Connection object at 0x000001BA1746C8B0>) completed
2026-03-03 20:06:02,516 - services.database - DEBUG - [DB_OP] Starting database initialization
2026-03-03 20:06:02,516 - services.database - INFO - 🔧 Starting database initialization...
2026-03-03 20:06:02,516 - core.database - INFO - Starting database initialization...
2026-03-03 20:06:02,516 - core.database - INFO - Database already initialized
2026-03-03 20:06:02,516 - services.database - INFO - 🔧 Database connection initialized, now creating tables if tables not exist...
2026-03-03 20:06:02,516 - core.database - DEBUG - [DB_OP] Starting create_tables
2026-03-03 20:06:02,516 - core.database - INFO - Tables already initialized
2026-03-03 20:06:02,516 - services.database - INFO - 🔧 Table creation completed
2026-03-03 20:06:02,516 - services.database - INFO - Database initialized successfully
2026-03-03 20:06:02,516 - services.database - DEBUG - [DB_OP] Database initialization completed in 0.0000s
2026-03-03 20:06:02,516 - services.auth - WARNING - Admin user ID or email not configured, skipping admin initialization
2026-03-03 20:06:02,516 - main - INFO - === Application startup completed successfully ===
2026-03-03 20:06:16,606 - services.database - DEBUG - [DB_OP] Starting database close
2026-03-03 20:06:16,606 - core.database - INFO - Database connection closed and engine disposed
2026-03-03 20:06:16,606 - services.database - INFO - Database connections closed
2026-03-03 20:06:16,606 - services.database - DEBUG - [DB_OP] Database close completed in 0.0000s
