2026-03-04 13:27:18,873 - main - INFO - === Logging system initialized ===
2026-03-04 13:27:18,873 - main - INFO - Log file: logs/app_20260304_132718.log
2026-03-04 13:27:18,873 - main - INFO - Log level: INFO
2026-03-04 13:27:18,873 - main - INFO - Timestamp: 20260304_132718
2026-03-04 13:27:19,266 - main - INFO - Included router: routers.aihub.router
2026-03-04 13:27:19,291 - main - INFO - Included router: routers.auth.router
2026-03-04 13:27:19,291 - main - INFO - Included router: routers.health.router
2026-03-04 13:27:19,300 - main - INFO - Included router: routers.orders.router
2026-03-04 13:27:19,334 - main - INFO - Included router: routers.products.router
2026-03-04 13:27:19,347 - main - INFO - Included router: routers.settings.router
2026-03-04 13:27:19,376 - main - INFO - Included router: routers.storage.router
2026-03-04 13:27:19,382 - main - INFO - Included router: routers.user.router
2026-03-04 13:27:19,383 - main - INFO - === Application startup initiated ===
2026-03-04 13:27:19,383 - services.database - DEBUG - [DB_OP] Starting database initialization
2026-03-04 13:27:19,383 - services.database - INFO - 🔧 Starting database initialization...
2026-03-04 13:27:19,383 - core.database - INFO - Starting database initialization...
2026-03-04 13:27:19,383 - core.database - INFO - Normalizing database URL for async compatibility...
2026-03-04 13:27:19,384 - core.database - DEBUG - Database exists:./test.db
2026-03-04 13:27:19,384 - core.database - WARNING - Adjusted database URL driver for async compatibility
2026-03-04 13:27:19,385 - core.database - INFO - Creating async database engine...
2026-03-04 13:27:19,385 - core.database - INFO - Using NullPool for sqlite+aiosqlite environment
2026-03-04 13:27:19,402 - core.database - INFO - Database engine created successfully
2026-03-04 13:27:19,403 - core.database - INFO - Creating async session maker...
2026-03-04 13:27:19,403 - core.database - INFO - Async session maker created successfully
2026-03-04 13:27:19,403 - core.database - INFO - Database connection initialized successfully
2026-03-04 13:27:19,403 - services.database - INFO - 🔧 Database connection initialized, now creating tables if tables not exist...
2026-03-04 13:27:19,403 - core.database - DEBUG - [DB_OP] Starting create_tables
2026-03-04 13:27:19,403 - core.database - INFO - 🔧 Starting table creation...
2026-03-04 13:27:19,404 - aiosqlite - DEBUG - executing <function connect.<locals>.connector at 0x000001B8D2ECD6C0>
2026-03-04 13:27:19,404 - aiosqlite - DEBUG - operation <function connect.<locals>.connector at 0x000001B8D2ECD6C0> completed
2026-03-04 13:27:19,405 - aiosqlite - DEBUG - executing functools.partial(<built-in method create_function of sqlite3.Connection object at 0x000001B8D2E77B50>, 'regexp', 2, <function SQLiteDialect_pysqlite.on_connect.<locals>.regexp at 0x000001B8D2ECC9A0>, deterministic=True)
2026-03-04 13:27:19,405 - aiosqlite - DEBUG - operation functools.partial(<built-in method create_function of sqlite3.Connection object at 0x000001B8D2E77B50>, 'regexp', 2, <function SQLiteDialect_pysqlite.on_connect.<locals>.regexp at 0x000001B8D2ECC9A0>, deterministic=True) completed
2026-03-04 13:27:19,405 - aiosqlite - DEBUG - executing functools.partial(<built-in method create_function of sqlite3.Connection object at 0x000001B8D2E77B50>, 'floor', 1, <built-in function floor>, deterministic=True)
2026-03-04 13:27:19,406 - aiosqlite - DEBUG - operation functools.partial(<built-in method create_function of sqlite3.Connection object at 0x000001B8D2E77B50>, 'floor', 1, <built-in function floor>, deterministic=True) completed
2026-03-04 13:27:19,406 - aiosqlite - DEBUG - executing functools.partial(<built-in method cursor of sqlite3.Connection object at 0x000001B8D2E77B50>)
2026-03-04 13:27:19,406 - aiosqlite - DEBUG - operation functools.partial(<built-in method cursor of sqlite3.Connection object at 0x000001B8D2E77B50>) completed
2026-03-04 13:27:19,406 - aiosqlite - DEBUG - executing functools.partial(<built-in method execute of sqlite3.Cursor object at 0x000001B8D2F04340>, 'PRAGMA read_uncommitted', [])
2026-03-04 13:27:19,407 - aiosqlite - DEBUG - operation functools.partial(<built-in method execute of sqlite3.Cursor object at 0x000001B8D2F04340>, 'PRAGMA read_uncommitted', []) completed
2026-03-04 13:27:19,407 - aiosqlite - DEBUG - executing functools.partial(<built-in method fetchall of sqlite3.Cursor object at 0x000001B8D2F04340>)
2026-03-04 13:27:19,407 - aiosqlite - DEBUG - operation functools.partial(<built-in method fetchall of sqlite3.Cursor object at 0x000001B8D2F04340>) completed
2026-03-04 13:27:19,407 - aiosqlite - DEBUG - executing functools.partial(<built-in method close of sqlite3.Cursor object at 0x000001B8D2F04340>)
2026-03-04 13:27:19,407 - aiosqlite - DEBUG - operation functools.partial(<built-in method close of sqlite3.Cursor object at 0x000001B8D2F04340>) completed
2026-03-04 13:27:19,408 - aiosqlite - DEBUG - executing functools.partial(<built-in method rollback of sqlite3.Connection object at 0x000001B8D2E77B50>)
2026-03-04 13:27:19,408 - aiosqlite - DEBUG - operation functools.partial(<built-in method rollback of sqlite3.Connection object at 0x000001B8D2E77B50>) completed
2026-03-04 13:27:19,409 - aiosqlite - DEBUG - executing functools.partial(<built-in method cursor of sqlite3.Connection object at 0x000001B8D2E77B50>)
2026-03-04 13:27:19,409 - aiosqlite - DEBUG - operation functools.partial(<built-in method cursor of sqlite3.Connection object at 0x000001B8D2E77B50>) completed
2026-03-04 13:27:19,409 - aiosqlite - DEBUG - executing functools.partial(<built-in method execute of sqlite3.Cursor object at 0x000001B8D2F04440>, 'PRAGMA main.table_info("users")', ())
2026-03-04 13:27:19,410 - aiosqlite - DEBUG - operation functools.partial(<built-in method execute of sqlite3.Cursor object at 0x000001B8D2F04440>, 'PRAGMA main.table_info("users")', ()) completed
2026-03-04 13:27:19,410 - aiosqlite - DEBUG - executing functools.partial(<built-in method fetchall of sqlite3.Cursor object at 0x000001B8D2F04440>)
2026-03-04 13:27:19,410 - aiosqlite - DEBUG - operation functools.partial(<built-in method fetchall of sqlite3.Cursor object at 0x000001B8D2F04440>) completed
2026-03-04 13:27:19,410 - aiosqlite - DEBUG - executing functools.partial(<built-in method close of sqlite3.Cursor object at 0x000001B8D2F04440>)
2026-03-04 13:27:19,410 - aiosqlite - DEBUG - operation functools.partial(<built-in method close of sqlite3.Cursor object at 0x000001B8D2F04440>) completed
2026-03-04 13:27:19,411 - aiosqlite - DEBUG - executing functools.partial(<built-in method cursor of sqlite3.Connection object at 0x000001B8D2E77B50>)
2026-03-04 13:27:19,411 - aiosqlite - DEBUG - operation functools.partial(<built-in method cursor of sqlite3.Connection object at 0x000001B8D2E77B50>) completed
2026-03-04 13:27:19,411 - aiosqlite - DEBUG - executing functools.partial(<built-in method execute of sqlite3.Cursor object at 0x000001B8D2F04440>, 'PRAGMA main.table_info("oidc_states")', ())
2026-03-04 13:27:19,411 - aiosqlite - DEBUG - operation functools.partial(<built-in method execute of sqlite3.Cursor object at 0x000001B8D2F04440>, 'PRAGMA main.table_info("oidc_states")', ()) completed
2026-03-04 13:27:19,412 - aiosqlite - DEBUG - executing functools.partial(<built-in method fetchall of sqlite3.Cursor object at 0x000001B8D2F04440>)
2026-03-04 13:27:19,412 - aiosqlite - DEBUG - operation functools.partial(<built-in method fetchall of sqlite3.Cursor object at 0x000001B8D2F04440>) completed
2026-03-04 13:27:19,412 - aiosqlite - DEBUG - executing functools.partial(<built-in method close of sqlite3.Cursor object at 0x000001B8D2F04440>)
2026-03-04 13:27:19,412 - aiosqlite - DEBUG - operation functools.partial(<built-in method close of sqlite3.Cursor object at 0x000001B8D2F04440>) completed
2026-03-04 13:27:19,413 - aiosqlite - DEBUG - executing functools.partial(<built-in method cursor of sqlite3.Connection object at 0x000001B8D2E77B50>)
2026-03-04 13:27:19,413 - aiosqlite - DEBUG - operation functools.partial(<built-in method cursor of sqlite3.Connection object at 0x000001B8D2E77B50>) completed
2026-03-04 13:27:19,413 - aiosqlite - DEBUG - executing functools.partial(<built-in method execute of sqlite3.Cursor object at 0x000001B8D2F04440>, 'PRAGMA main.table_info("orders")', ())
2026-03-04 13:27:19,413 - aiosqlite - DEBUG - operation functools.partial(<built-in method execute of sqlite3.Cursor object at 0x000001B8D2F04440>, 'PRAGMA main.table_info("orders")', ()) completed
2026-03-04 13:27:19,414 - aiosqlite - DEBUG - executing functools.partial(<built-in method fetchall of sqlite3.Cursor object at 0x000001B8D2F04440>)
2026-03-04 13:27:19,414 - aiosqlite - DEBUG - operation functools.partial(<built-in method fetchall of sqlite3.Cursor object at 0x000001B8D2F04440>) completed
2026-03-04 13:27:19,414 - aiosqlite - DEBUG - executing functools.partial(<built-in method close of sqlite3.Cursor object at 0x000001B8D2F04440>)
2026-03-04 13:27:19,414 - aiosqlite - DEBUG - operation functools.partial(<built-in method close of sqlite3.Cursor object at 0x000001B8D2F04440>) completed
2026-03-04 13:27:19,414 - aiosqlite - DEBUG - executing functools.partial(<built-in method cursor of sqlite3.Connection object at 0x000001B8D2E77B50>)
2026-03-04 13:27:19,415 - aiosqlite - DEBUG - operation functools.partial(<built-in method cursor of sqlite3.Connection object at 0x000001B8D2E77B50>) completed
2026-03-04 13:27:19,415 - aiosqlite - DEBUG - executing functools.partial(<built-in method execute of sqlite3.Cursor object at 0x000001B8D2F04440>, 'PRAGMA main.table_info("products")', ())
2026-03-04 13:27:19,415 - aiosqlite - DEBUG - operation functools.partial(<built-in method execute of sqlite3.Cursor object at 0x000001B8D2F04440>, 'PRAGMA main.table_info("products")', ()) completed
2026-03-04 13:27:19,415 - aiosqlite - DEBUG - executing functools.partial(<built-in method fetchall of sqlite3.Cursor object at 0x000001B8D2F04440>)
2026-03-04 13:27:19,416 - aiosqlite - DEBUG - operation functools.partial(<built-in method fetchall of sqlite3.Cursor object at 0x000001B8D2F04440>) completed
2026-03-04 13:27:19,416 - aiosqlite - DEBUG - executing functools.partial(<built-in method close of sqlite3.Cursor object at 0x000001B8D2F04440>)
2026-03-04 13:27:19,416 - aiosqlite - DEBUG - operation functools.partial(<built-in method close of sqlite3.Cursor object at 0x000001B8D2F04440>) completed
2026-03-04 13:27:19,416 - core.database - INFO - Tables initialized successfully
2026-03-04 13:27:19,417 - core.database - DEBUG - [DB_OP] Create tables completed in 0.0140s
2026-03-04 13:27:19,417 - aiosqlite - DEBUG - executing functools.partial(<built-in method commit of sqlite3.Connection object at 0x000001B8D2E77B50>)
2026-03-04 13:27:19,417 - aiosqlite - DEBUG - operation functools.partial(<built-in method commit of sqlite3.Connection object at 0x000001B8D2E77B50>) completed
2026-03-04 13:27:19,417 - aiosqlite - DEBUG - executing functools.partial(<built-in method rollback of sqlite3.Connection object at 0x000001B8D2E77B50>)
2026-03-04 13:27:19,417 - aiosqlite - DEBUG - operation functools.partial(<built-in method rollback of sqlite3.Connection object at 0x000001B8D2E77B50>) completed
2026-03-04 13:27:19,417 - aiosqlite - DEBUG - executing functools.partial(<built-in method close of sqlite3.Connection object at 0x000001B8D2E77B50>)
2026-03-04 13:27:19,417 - aiosqlite - DEBUG - operation functools.partial(<built-in method close of sqlite3.Connection object at 0x000001B8D2E77B50>) completed
2026-03-04 13:27:19,419 - services.database - INFO - 🔧 Table creation completed
2026-03-04 13:27:19,419 - services.database - INFO - Database initialized successfully
2026-03-04 13:27:19,419 - services.database - DEBUG - [DB_OP] Database initialization completed in 0.0361s
2026-03-04 13:27:19,419 - services.mock_data - INFO - Processing mock data file products.json for table products
2026-03-04 13:27:19,420 - aiosqlite - DEBUG - executing <function connect.<locals>.connector at 0x000001B8D2ECD760>
2026-03-04 13:27:19,420 - aiosqlite - DEBUG - operation <function connect.<locals>.connector at 0x000001B8D2ECD760> completed
2026-03-04 13:27:19,420 - aiosqlite - DEBUG - executing functools.partial(<built-in method create_function of sqlite3.Connection object at 0x000001B8D2F09F30>, 'regexp', 2, <function SQLiteDialect_pysqlite.on_connect.<locals>.regexp at 0x000001B8D2ECC9A0>, deterministic=True)
2026-03-04 13:27:19,421 - aiosqlite - DEBUG - operation functools.partial(<built-in method create_function of sqlite3.Connection object at 0x000001B8D2F09F30>, 'regexp', 2, <function SQLiteDialect_pysqlite.on_connect.<locals>.regexp at 0x000001B8D2ECC9A0>, deterministic=True) completed
2026-03-04 13:27:19,421 - aiosqlite - DEBUG - executing functools.partial(<built-in method create_function of sqlite3.Connection object at 0x000001B8D2F09F30>, 'floor', 1, <built-in function floor>, deterministic=True)
2026-03-04 13:27:19,421 - aiosqlite - DEBUG - operation functools.partial(<built-in method create_function of sqlite3.Connection object at 0x000001B8D2F09F30>, 'floor', 1, <built-in function floor>, deterministic=True) completed
2026-03-04 13:27:19,422 - aiosqlite - DEBUG - executing functools.partial(<built-in method cursor of sqlite3.Connection object at 0x000001B8D2F09F30>)
2026-03-04 13:27:19,422 - aiosqlite - DEBUG - operation functools.partial(<built-in method cursor of sqlite3.Connection object at 0x000001B8D2F09F30>) completed
2026-03-04 13:27:19,423 - aiosqlite - DEBUG - executing functools.partial(<built-in method execute of sqlite3.Cursor object at 0x000001B8D2F04CC0>, 'PRAGMA main.table_xinfo("products")', ())
2026-03-04 13:27:19,423 - aiosqlite - DEBUG - operation functools.partial(<built-in method execute of sqlite3.Cursor object at 0x000001B8D2F04CC0>, 'PRAGMA main.table_xinfo("products")', ()) completed
2026-03-04 13:27:19,423 - aiosqlite - DEBUG - executing functools.partial(<built-in method fetchall of sqlite3.Cursor object at 0x000001B8D2F04CC0>)
2026-03-04 13:27:19,423 - aiosqlite - DEBUG - operation functools.partial(<built-in method fetchall of sqlite3.Cursor object at 0x000001B8D2F04CC0>) completed
2026-03-04 13:27:19,423 - aiosqlite - DEBUG - executing functools.partial(<built-in method close of sqlite3.Cursor object at 0x000001B8D2F04CC0>)
2026-03-04 13:27:19,423 - aiosqlite - DEBUG - operation functools.partial(<built-in method close of sqlite3.Cursor object at 0x000001B8D2F04CC0>) completed
2026-03-04 13:27:19,423 - aiosqlite - DEBUG - executing functools.partial(<built-in method cursor of sqlite3.Connection object at 0x000001B8D2F09F30>)
2026-03-04 13:27:19,423 - aiosqlite - DEBUG - operation functools.partial(<built-in method cursor of sqlite3.Connection object at 0x000001B8D2F09F30>) completed
2026-03-04 13:27:19,423 - aiosqlite - DEBUG - executing functools.partial(<built-in method execute of sqlite3.Cursor object at 0x000001B8D2F04CC0>, "SELECT sql FROM  (SELECT * FROM sqlite_master UNION ALL   SELECT * FROM sqlite_temp_master) WHERE name = ? AND type in ('table', 'view')", ('products',))
2026-03-04 13:27:19,426 - aiosqlite - DEBUG - operation functools.partial(<built-in method execute of sqlite3.Cursor object at 0x000001B8D2F04CC0>, "SELECT sql FROM  (SELECT * FROM sqlite_master UNION ALL   SELECT * FROM sqlite_temp_master) WHERE name = ? AND type in ('table', 'view')", ('products',)) completed
2026-03-04 13:27:19,426 - aiosqlite - DEBUG - executing functools.partial(<built-in method fetchall of sqlite3.Cursor object at 0x000001B8D2F04CC0>)
2026-03-04 13:27:19,426 - aiosqlite - DEBUG - operation functools.partial(<built-in method fetchall of sqlite3.Cursor object at 0x000001B8D2F04CC0>) completed
2026-03-04 13:27:19,426 - aiosqlite - DEBUG - executing functools.partial(<built-in method close of sqlite3.Cursor object at 0x000001B8D2F04CC0>)
2026-03-04 13:27:19,426 - aiosqlite - DEBUG - operation functools.partial(<built-in method close of sqlite3.Cursor object at 0x000001B8D2F04CC0>) completed
2026-03-04 13:27:19,426 - aiosqlite - DEBUG - executing functools.partial(<built-in method cursor of sqlite3.Connection object at 0x000001B8D2F09F30>)
2026-03-04 13:27:19,426 - aiosqlite - DEBUG - operation functools.partial(<built-in method cursor of sqlite3.Connection object at 0x000001B8D2F09F30>) completed
2026-03-04 13:27:19,426 - aiosqlite - DEBUG - executing functools.partial(<built-in method execute of sqlite3.Cursor object at 0x000001B8D2F04CC0>, 'PRAGMA main.foreign_key_list("products")', ())
2026-03-04 13:27:19,426 - aiosqlite - DEBUG - operation functools.partial(<built-in method execute of sqlite3.Cursor object at 0x000001B8D2F04CC0>, 'PRAGMA main.foreign_key_list("products")', ()) completed
2026-03-04 13:27:19,426 - aiosqlite - DEBUG - executing functools.partial(<built-in method fetchall of sqlite3.Cursor object at 0x000001B8D2F04CC0>)
2026-03-04 13:27:19,426 - aiosqlite - DEBUG - operation functools.partial(<built-in method fetchall of sqlite3.Cursor object at 0x000001B8D2F04CC0>) completed
2026-03-04 13:27:19,426 - aiosqlite - DEBUG - executing functools.partial(<built-in method close of sqlite3.Cursor object at 0x000001B8D2F04CC0>)
2026-03-04 13:27:19,429 - aiosqlite - DEBUG - operation functools.partial(<built-in method close of sqlite3.Cursor object at 0x000001B8D2F04CC0>) completed
2026-03-04 13:27:19,429 - aiosqlite - DEBUG - executing functools.partial(<built-in method cursor of sqlite3.Connection object at 0x000001B8D2F09F30>)
2026-03-04 13:27:19,429 - aiosqlite - DEBUG - operation functools.partial(<built-in method cursor of sqlite3.Connection object at 0x000001B8D2F09F30>) completed
2026-03-04 13:27:19,430 - aiosqlite - DEBUG - executing functools.partial(<built-in method execute of sqlite3.Cursor object at 0x000001B8D2F04CC0>, 'PRAGMA temp.foreign_key_list("products")', ())
2026-03-04 13:27:19,430 - aiosqlite - DEBUG - operation functools.partial(<built-in method execute of sqlite3.Cursor object at 0x000001B8D2F04CC0>, 'PRAGMA temp.foreign_key_list("products")', ()) completed
2026-03-04 13:27:19,430 - aiosqlite - DEBUG - executing functools.partial(<built-in method fetchall of sqlite3.Cursor object at 0x000001B8D2F04CC0>)
2026-03-04 13:27:19,430 - aiosqlite - DEBUG - operation functools.partial(<built-in method fetchall of sqlite3.Cursor object at 0x000001B8D2F04CC0>) completed
2026-03-04 13:27:19,430 - aiosqlite - DEBUG - executing functools.partial(<built-in method close of sqlite3.Cursor object at 0x000001B8D2F04CC0>)
2026-03-04 13:27:19,431 - aiosqlite - DEBUG - operation functools.partial(<built-in method close of sqlite3.Cursor object at 0x000001B8D2F04CC0>) completed
2026-03-04 13:27:19,431 - aiosqlite - DEBUG - executing functools.partial(<built-in method cursor of sqlite3.Connection object at 0x000001B8D2F09F30>)
2026-03-04 13:27:19,431 - aiosqlite - DEBUG - operation functools.partial(<built-in method cursor of sqlite3.Connection object at 0x000001B8D2F09F30>) completed
2026-03-04 13:27:19,431 - aiosqlite - DEBUG - executing functools.partial(<built-in method execute of sqlite3.Cursor object at 0x000001B8D2F04CC0>, "SELECT sql FROM  (SELECT * FROM sqlite_master UNION ALL   SELECT * FROM sqlite_temp_master) WHERE name = ? AND type in ('table', 'view')", ('products',))
2026-03-04 13:27:19,432 - aiosqlite - DEBUG - operation functools.partial(<built-in method execute of sqlite3.Cursor object at 0x000001B8D2F04CC0>, "SELECT sql FROM  (SELECT * FROM sqlite_master UNION ALL   SELECT * FROM sqlite_temp_master) WHERE name = ? AND type in ('table', 'view')", ('products',)) completed
2026-03-04 13:27:19,432 - aiosqlite - DEBUG - executing functools.partial(<built-in method fetchall of sqlite3.Cursor object at 0x000001B8D2F04CC0>)
2026-03-04 13:27:19,432 - aiosqlite - DEBUG - operation functools.partial(<built-in method fetchall of sqlite3.Cursor object at 0x000001B8D2F04CC0>) completed
2026-03-04 13:27:19,433 - aiosqlite - DEBUG - executing functools.partial(<built-in method close of sqlite3.Cursor object at 0x000001B8D2F04CC0>)
2026-03-04 13:27:19,433 - aiosqlite - DEBUG - operation functools.partial(<built-in method close of sqlite3.Cursor object at 0x000001B8D2F04CC0>) completed
2026-03-04 13:27:19,433 - aiosqlite - DEBUG - executing functools.partial(<built-in method cursor of sqlite3.Connection object at 0x000001B8D2F09F30>)
2026-03-04 13:27:19,433 - aiosqlite - DEBUG - operation functools.partial(<built-in method cursor of sqlite3.Connection object at 0x000001B8D2F09F30>) completed
2026-03-04 13:27:19,433 - aiosqlite - DEBUG - executing functools.partial(<built-in method execute of sqlite3.Cursor object at 0x000001B8D2F04CC0>, 'PRAGMA main.index_list("products")', ())
2026-03-04 13:27:19,433 - aiosqlite - DEBUG - operation functools.partial(<built-in method execute of sqlite3.Cursor object at 0x000001B8D2F04CC0>, 'PRAGMA main.index_list("products")', ()) completed
2026-03-04 13:27:19,436 - aiosqlite - DEBUG - executing functools.partial(<built-in method fetchall of sqlite3.Cursor object at 0x000001B8D2F04CC0>)
2026-03-04 13:27:19,436 - aiosqlite - DEBUG - operation functools.partial(<built-in method fetchall of sqlite3.Cursor object at 0x000001B8D2F04CC0>) completed
2026-03-04 13:27:19,436 - aiosqlite - DEBUG - executing functools.partial(<built-in method close of sqlite3.Cursor object at 0x000001B8D2F04CC0>)
2026-03-04 13:27:19,436 - aiosqlite - DEBUG - operation functools.partial(<built-in method close of sqlite3.Cursor object at 0x000001B8D2F04CC0>) completed
2026-03-04 13:27:19,436 - aiosqlite - DEBUG - executing functools.partial(<built-in method cursor of sqlite3.Connection object at 0x000001B8D2F09F30>)
2026-03-04 13:27:19,436 - aiosqlite - DEBUG - operation functools.partial(<built-in method cursor of sqlite3.Connection object at 0x000001B8D2F09F30>) completed
2026-03-04 13:27:19,436 - aiosqlite - DEBUG - executing functools.partial(<built-in method execute of sqlite3.Cursor object at 0x000001B8D2F04CC0>, 'PRAGMA main.index_info("ix_products_id")', ())
2026-03-04 13:27:19,436 - aiosqlite - DEBUG - operation functools.partial(<built-in method execute of sqlite3.Cursor object at 0x000001B8D2F04CC0>, 'PRAGMA main.index_info("ix_products_id")', ()) completed
2026-03-04 13:27:19,436 - aiosqlite - DEBUG - executing functools.partial(<built-in method fetchall of sqlite3.Cursor object at 0x000001B8D2F04CC0>)
2026-03-04 13:27:19,436 - aiosqlite - DEBUG - operation functools.partial(<built-in method fetchall of sqlite3.Cursor object at 0x000001B8D2F04CC0>) completed
2026-03-04 13:27:19,436 - aiosqlite - DEBUG - executing functools.partial(<built-in method close of sqlite3.Cursor object at 0x000001B8D2F04CC0>)
2026-03-04 13:27:19,436 - aiosqlite - DEBUG - operation functools.partial(<built-in method close of sqlite3.Cursor object at 0x000001B8D2F04CC0>) completed
2026-03-04 13:27:19,439 - aiosqlite - DEBUG - executing functools.partial(<built-in method cursor of sqlite3.Connection object at 0x000001B8D2F09F30>)
2026-03-04 13:27:19,439 - aiosqlite - DEBUG - operation functools.partial(<built-in method cursor of sqlite3.Connection object at 0x000001B8D2F09F30>) completed
2026-03-04 13:27:19,439 - aiosqlite - DEBUG - executing functools.partial(<built-in method execute of sqlite3.Cursor object at 0x000001B8D2F04CC0>, 'PRAGMA main.index_list("products")', ())
2026-03-04 13:27:19,440 - aiosqlite - DEBUG - operation functools.partial(<built-in method execute of sqlite3.Cursor object at 0x000001B8D2F04CC0>, 'PRAGMA main.index_list("products")', ()) completed
2026-03-04 13:27:19,440 - aiosqlite - DEBUG - executing functools.partial(<built-in method fetchall of sqlite3.Cursor object at 0x000001B8D2F04CC0>)
2026-03-04 13:27:19,440 - aiosqlite - DEBUG - operation functools.partial(<built-in method fetchall of sqlite3.Cursor object at 0x000001B8D2F04CC0>) completed
2026-03-04 13:27:19,440 - aiosqlite - DEBUG - executing functools.partial(<built-in method close of sqlite3.Cursor object at 0x000001B8D2F04CC0>)
2026-03-04 13:27:19,440 - aiosqlite - DEBUG - operation functools.partial(<built-in method close of sqlite3.Cursor object at 0x000001B8D2F04CC0>) completed
2026-03-04 13:27:19,441 - aiosqlite - DEBUG - executing functools.partial(<built-in method cursor of sqlite3.Connection object at 0x000001B8D2F09F30>)
2026-03-04 13:27:19,441 - aiosqlite - DEBUG - operation functools.partial(<built-in method cursor of sqlite3.Connection object at 0x000001B8D2F09F30>) completed
2026-03-04 13:27:19,441 - aiosqlite - DEBUG - executing functools.partial(<built-in method execute of sqlite3.Cursor object at 0x000001B8D2F04CC0>, 'PRAGMA main.index_info("ix_products_id")', ())
2026-03-04 13:27:19,441 - aiosqlite - DEBUG - operation functools.partial(<built-in method execute of sqlite3.Cursor object at 0x000001B8D2F04CC0>, 'PRAGMA main.index_info("ix_products_id")', ()) completed
2026-03-04 13:27:19,442 - aiosqlite - DEBUG - executing functools.partial(<built-in method fetchall of sqlite3.Cursor object at 0x000001B8D2F04CC0>)
2026-03-04 13:27:19,442 - aiosqlite - DEBUG - operation functools.partial(<built-in method fetchall of sqlite3.Cursor object at 0x000001B8D2F04CC0>) completed
2026-03-04 13:27:19,442 - aiosqlite - DEBUG - executing functools.partial(<built-in method close of sqlite3.Cursor object at 0x000001B8D2F04CC0>)
2026-03-04 13:27:19,443 - aiosqlite - DEBUG - operation functools.partial(<built-in method close of sqlite3.Cursor object at 0x000001B8D2F04CC0>) completed
2026-03-04 13:27:19,443 - aiosqlite - DEBUG - executing functools.partial(<built-in method cursor of sqlite3.Connection object at 0x000001B8D2F09F30>)
2026-03-04 13:27:19,443 - aiosqlite - DEBUG - operation functools.partial(<built-in method cursor of sqlite3.Connection object at 0x000001B8D2F09F30>) completed
2026-03-04 13:27:19,443 - aiosqlite - DEBUG - executing functools.partial(<built-in method execute of sqlite3.Cursor object at 0x000001B8D2F04CC0>, "SELECT sql FROM  (SELECT * FROM sqlite_master UNION ALL   SELECT * FROM sqlite_temp_master) WHERE name = ? AND type in ('table', 'view')", ('products',))
2026-03-04 13:27:19,443 - aiosqlite - DEBUG - operation functools.partial(<built-in method execute of sqlite3.Cursor object at 0x000001B8D2F04CC0>, "SELECT sql FROM  (SELECT * FROM sqlite_master UNION ALL   SELECT * FROM sqlite_temp_master) WHERE name = ? AND type in ('table', 'view')", ('products',)) completed
2026-03-04 13:27:19,443 - aiosqlite - DEBUG - executing functools.partial(<built-in method fetchall of sqlite3.Cursor object at 0x000001B8D2F04CC0>)
2026-03-04 13:27:19,443 - aiosqlite - DEBUG - operation functools.partial(<built-in method fetchall of sqlite3.Cursor object at 0x000001B8D2F04CC0>) completed
2026-03-04 13:27:19,443 - aiosqlite - DEBUG - executing functools.partial(<built-in method close of sqlite3.Cursor object at 0x000001B8D2F04CC0>)
2026-03-04 13:27:19,446 - aiosqlite - DEBUG - operation functools.partial(<built-in method close of sqlite3.Cursor object at 0x000001B8D2F04CC0>) completed
2026-03-04 13:27:19,446 - aiosqlite - DEBUG - executing functools.partial(<built-in method cursor of sqlite3.Connection object at 0x000001B8D2F09F30>)
2026-03-04 13:27:19,446 - aiosqlite - DEBUG - operation functools.partial(<built-in method cursor of sqlite3.Connection object at 0x000001B8D2F09F30>) completed
2026-03-04 13:27:19,446 - aiosqlite - DEBUG - executing functools.partial(<built-in method execute of sqlite3.Cursor object at 0x000001B8D2E5BDC0>, 'SELECT count(*) AS count_1 \nFROM products', ())
2026-03-04 13:27:19,446 - aiosqlite - DEBUG - operation functools.partial(<built-in method execute of sqlite3.Cursor object at 0x000001B8D2E5BDC0>, 'SELECT count(*) AS count_1 \nFROM products', ()) completed
2026-03-04 13:27:19,446 - aiosqlite - DEBUG - executing functools.partial(<built-in method fetchall of sqlite3.Cursor object at 0x000001B8D2E5BDC0>)
2026-03-04 13:27:19,446 - aiosqlite - DEBUG - operation functools.partial(<built-in method fetchall of sqlite3.Cursor object at 0x000001B8D2E5BDC0>) completed
2026-03-04 13:27:19,451 - aiosqlite - DEBUG - executing functools.partial(<built-in method close of sqlite3.Cursor object at 0x000001B8D2E5BDC0>)
2026-03-04 13:27:19,451 - aiosqlite - DEBUG - operation functools.partial(<built-in method close of sqlite3.Cursor object at 0x000001B8D2E5BDC0>) completed
2026-03-04 13:27:19,451 - services.mock_data - INFO - Table products already has 8 rows; skipping mock insert
2026-03-04 13:27:19,452 - aiosqlite - DEBUG - executing functools.partial(<built-in method commit of sqlite3.Connection object at 0x000001B8D2F09F30>)
2026-03-04 13:27:19,452 - aiosqlite - DEBUG - operation functools.partial(<built-in method commit of sqlite3.Connection object at 0x000001B8D2F09F30>) completed
2026-03-04 13:27:19,452 - aiosqlite - DEBUG - executing functools.partial(<built-in method rollback of sqlite3.Connection object at 0x000001B8D2F09F30>)
2026-03-04 13:27:19,452 - aiosqlite - DEBUG - operation functools.partial(<built-in method rollback of sqlite3.Connection object at 0x000001B8D2F09F30>) completed
2026-03-04 13:27:19,453 - aiosqlite - DEBUG - executing functools.partial(<built-in method close of sqlite3.Connection object at 0x000001B8D2F09F30>)
2026-03-04 13:27:19,453 - aiosqlite - DEBUG - operation functools.partial(<built-in method close of sqlite3.Connection object at 0x000001B8D2F09F30>) completed
2026-03-04 13:27:19,453 - services.database - DEBUG - [DB_OP] Starting database initialization
2026-03-04 13:27:19,453 - services.database - INFO - 🔧 Starting database initialization...
2026-03-04 13:27:19,454 - core.database - INFO - Starting database initialization...
2026-03-04 13:27:19,454 - core.database - INFO - Database already initialized
2026-03-04 13:27:19,454 - services.database - INFO - 🔧 Database connection initialized, now creating tables if tables not exist...
2026-03-04 13:27:19,454 - core.database - DEBUG - [DB_OP] Starting create_tables
2026-03-04 13:27:19,454 - core.database - INFO - Tables already initialized
2026-03-04 13:27:19,454 - services.database - INFO - 🔧 Table creation completed
2026-03-04 13:27:19,455 - services.database - INFO - Database initialized successfully
2026-03-04 13:27:19,455 - services.database - DEBUG - [DB_OP] Database initialization completed in 0.0020s
2026-03-04 13:27:19,455 - services.auth - WARNING - Admin user ID or email not configured, skipping admin initialization
2026-03-04 13:27:19,455 - main - INFO - === Application startup completed successfully ===
2026-03-04 13:31:16,097 - services.database - DEBUG - [DB_OP] Starting database close
2026-03-04 13:31:16,097 - core.database - INFO - Database connection closed and engine disposed
2026-03-04 13:31:16,098 - services.database - INFO - Database connections closed
2026-03-04 13:31:16,098 - services.database - DEBUG - [DB_OP] Database close completed in 0.0010s
