2026-03-03 20:07:13,986 - main - INFO - === Logging system initialized ===
2026-03-03 20:07:13,986 - main - INFO - Log file: logs/app_20260303_200713.log
2026-03-03 20:07:13,986 - main - INFO - Log level: INFO
2026-03-03 20:07:13,986 - main - INFO - Timestamp: 20260303_200713
2026-03-03 20:07:14,539 - main - INFO - Included router: routers.aihub.router
2026-03-03 20:07:14,556 - passlib.utils.compat - DEBUG - loaded lazy attr 'SafeConfigParser': <class 'configparser.ConfigParser'>
2026-03-03 20:07:14,556 - passlib.utils.compat - DEBUG - loaded lazy attr 'NativeStringIO': <class '_io.StringIO'>
2026-03-03 20:07:14,556 - passlib.utils.compat - DEBUG - loaded lazy attr 'BytesIO': <class '_io.BytesIO'>
2026-03-03 20:07:14,565 - passlib.registry - DEBUG - registered 'bcrypt' handler: <class 'passlib.handlers.bcrypt.bcrypt'>
2026-03-03 20:07:14,573 - main - WARNING - Failed to import module 'routers.auth': cannot import name 'AuthResponse' from 'schemas.auth' (D:\ASM1\backend\schemas\auth.py)
2026-03-03 20:07:14,573 - main - INFO - Included router: routers.health.router
2026-03-03 20:07:14,591 - main - INFO - Included router: routers.orders.router
2026-03-03 20:07:14,645 - main - INFO - Included router: routers.products.router
2026-03-03 20:07:14,645 - main - WARNING - Failed to import module 'routers.settings': cannot import name 'get_admin_user' from 'dependencies.auth' (D:\ASM1\backend\dependencies\auth.py)
2026-03-03 20:07:14,645 - main - WARNING - Failed to import module 'routers.storage': cannot import name 'get_admin_user' from 'dependencies.auth' (D:\ASM1\backend\dependencies\auth.py)
2026-03-03 20:07:14,661 - main - INFO - Included router: routers.user.router
2026-03-03 20:07:14,661 - main - INFO - === Application startup initiated ===
2026-03-03 20:07:14,661 - services.database - DEBUG - [DB_OP] Starting database initialization
2026-03-03 20:07:14,661 - services.database - INFO - 🔧 Starting database initialization...
2026-03-03 20:07:14,661 - core.database - INFO - Starting database initialization...
2026-03-03 20:07:14,661 - core.database - INFO - Normalizing database URL for async compatibility...
2026-03-03 20:07:14,661 - core.database - DEBUG - Database exists:./test.db
2026-03-03 20:07:14,661 - core.database - WARNING - Adjusted database URL driver for async compatibility
2026-03-03 20:07:14,666 - core.database - INFO - Creating async database engine...
2026-03-03 20:07:14,666 - core.database - INFO - Using NullPool for sqlite+aiosqlite environment
2026-03-03 20:07:14,686 - core.database - INFO - Database engine created successfully
2026-03-03 20:07:14,686 - core.database - INFO - Creating async session maker...
2026-03-03 20:07:14,686 - core.database - INFO - Async session maker created successfully
2026-03-03 20:07:14,686 - core.database - INFO - Database connection initialized successfully
2026-03-03 20:07:14,686 - services.database - INFO - 🔧 Database connection initialized, now creating tables if tables not exist...
2026-03-03 20:07:14,686 - core.database - DEBUG - [DB_OP] Starting create_tables
2026-03-03 20:07:14,686 - core.database - INFO - 🔧 Starting table creation...
2026-03-03 20:07:14,686 - aiosqlite - DEBUG - executing <function connect.<locals>.connector at 0x00000220E5596FC0>
2026-03-03 20:07:14,686 - aiosqlite - DEBUG - operation <function connect.<locals>.connector at 0x00000220E5596FC0> completed
2026-03-03 20:07:14,686 - aiosqlite - DEBUG - executing functools.partial(<built-in method create_function of sqlite3.Connection object at 0x00000220E559C7C0>, 'regexp', 2, <function SQLiteDialect_pysqlite.on_connect.<locals>.regexp at 0x00000220E55962A0>, deterministic=True)
2026-03-03 20:07:14,686 - aiosqlite - DEBUG - operation functools.partial(<built-in method create_function of sqlite3.Connection object at 0x00000220E559C7C0>, 'regexp', 2, <function SQLiteDialect_pysqlite.on_connect.<locals>.regexp at 0x00000220E55962A0>, deterministic=True) completed
2026-03-03 20:07:14,695 - aiosqlite - DEBUG - executing functools.partial(<built-in method create_function of sqlite3.Connection object at 0x00000220E559C7C0>, 'floor', 1, <built-in function floor>, deterministic=True)
2026-03-03 20:07:14,695 - aiosqlite - DEBUG - operation functools.partial(<built-in method create_function of sqlite3.Connection object at 0x00000220E559C7C0>, 'floor', 1, <built-in function floor>, deterministic=True) completed
2026-03-03 20:07:14,695 - aiosqlite - DEBUG - executing functools.partial(<built-in method cursor of sqlite3.Connection object at 0x00000220E559C7C0>)
2026-03-03 20:07:14,695 - aiosqlite - DEBUG - operation functools.partial(<built-in method cursor of sqlite3.Connection object at 0x00000220E559C7C0>) completed
2026-03-03 20:07:14,695 - aiosqlite - DEBUG - executing functools.partial(<built-in method execute of sqlite3.Cursor object at 0x00000220E552E640>, 'PRAGMA read_uncommitted', [])
2026-03-03 20:07:14,695 - aiosqlite - DEBUG - operation functools.partial(<built-in method execute of sqlite3.Cursor object at 0x00000220E552E640>, 'PRAGMA read_uncommitted', []) completed
2026-03-03 20:07:14,695 - aiosqlite - DEBUG - executing functools.partial(<built-in method fetchall of sqlite3.Cursor object at 0x00000220E552E640>)
2026-03-03 20:07:14,695 - aiosqlite - DEBUG - operation functools.partial(<built-in method fetchall of sqlite3.Cursor object at 0x00000220E552E640>) completed
2026-03-03 20:07:14,695 - aiosqlite - DEBUG - executing functools.partial(<built-in method close of sqlite3.Cursor object at 0x00000220E552E640>)
2026-03-03 20:07:14,695 - aiosqlite - DEBUG - operation functools.partial(<built-in method close of sqlite3.Cursor object at 0x00000220E552E640>) completed
2026-03-03 20:07:14,695 - aiosqlite - DEBUG - executing functools.partial(<built-in method rollback of sqlite3.Connection object at 0x00000220E559C7C0>)
2026-03-03 20:07:14,695 - aiosqlite - DEBUG - operation functools.partial(<built-in method rollback of sqlite3.Connection object at 0x00000220E559C7C0>) completed
2026-03-03 20:07:14,695 - aiosqlite - DEBUG - executing functools.partial(<built-in method cursor of sqlite3.Connection object at 0x00000220E559C7C0>)
2026-03-03 20:07:14,695 - aiosqlite - DEBUG - operation functools.partial(<built-in method cursor of sqlite3.Connection object at 0x00000220E559C7C0>) completed
2026-03-03 20:07:14,703 - aiosqlite - DEBUG - executing functools.partial(<built-in method execute of sqlite3.Cursor object at 0x00000220E552E740>, 'PRAGMA main.table_info("users")', ())
2026-03-03 20:07:14,703 - aiosqlite - DEBUG - operation functools.partial(<built-in method execute of sqlite3.Cursor object at 0x00000220E552E740>, 'PRAGMA main.table_info("users")', ()) completed
2026-03-03 20:07:14,703 - aiosqlite - DEBUG - executing functools.partial(<built-in method fetchall of sqlite3.Cursor object at 0x00000220E552E740>)
2026-03-03 20:07:14,703 - aiosqlite - DEBUG - operation functools.partial(<built-in method fetchall of sqlite3.Cursor object at 0x00000220E552E740>) completed
2026-03-03 20:07:14,703 - aiosqlite - DEBUG - executing functools.partial(<built-in method close of sqlite3.Cursor object at 0x00000220E552E740>)
2026-03-03 20:07:14,703 - aiosqlite - DEBUG - operation functools.partial(<built-in method close of sqlite3.Cursor object at 0x00000220E552E740>) completed
2026-03-03 20:07:14,703 - aiosqlite - DEBUG - executing functools.partial(<built-in method cursor of sqlite3.Connection object at 0x00000220E559C7C0>)
2026-03-03 20:07:14,703 - aiosqlite - DEBUG - operation functools.partial(<built-in method cursor of sqlite3.Connection object at 0x00000220E559C7C0>) completed
2026-03-03 20:07:14,703 - aiosqlite - DEBUG - executing functools.partial(<built-in method execute of sqlite3.Cursor object at 0x00000220E552E740>, 'PRAGMA main.table_info("oidc_states")', ())
2026-03-03 20:07:14,703 - aiosqlite - DEBUG - operation functools.partial(<built-in method execute of sqlite3.Cursor object at 0x00000220E552E740>, 'PRAGMA main.table_info("oidc_states")', ()) completed
2026-03-03 20:07:14,703 - aiosqlite - DEBUG - executing functools.partial(<built-in method fetchall of sqlite3.Cursor object at 0x00000220E552E740>)
2026-03-03 20:07:14,711 - aiosqlite - DEBUG - operation functools.partial(<built-in method fetchall of sqlite3.Cursor object at 0x00000220E552E740>) completed
2026-03-03 20:07:14,711 - aiosqlite - DEBUG - executing functools.partial(<built-in method close of sqlite3.Cursor object at 0x00000220E552E740>)
2026-03-03 20:07:14,711 - aiosqlite - DEBUG - operation functools.partial(<built-in method close of sqlite3.Cursor object at 0x00000220E552E740>) completed
2026-03-03 20:07:14,711 - aiosqlite - DEBUG - executing functools.partial(<built-in method cursor of sqlite3.Connection object at 0x00000220E559C7C0>)
2026-03-03 20:07:14,711 - aiosqlite - DEBUG - operation functools.partial(<built-in method cursor of sqlite3.Connection object at 0x00000220E559C7C0>) completed
2026-03-03 20:07:14,711 - aiosqlite - DEBUG - executing functools.partial(<built-in method execute of sqlite3.Cursor object at 0x00000220E552E740>, 'PRAGMA main.table_info("orders")', ())
2026-03-03 20:07:14,711 - aiosqlite - DEBUG - operation functools.partial(<built-in method execute of sqlite3.Cursor object at 0x00000220E552E740>, 'PRAGMA main.table_info("orders")', ()) completed
2026-03-03 20:07:14,711 - aiosqlite - DEBUG - executing functools.partial(<built-in method fetchall of sqlite3.Cursor object at 0x00000220E552E740>)
2026-03-03 20:07:14,711 - aiosqlite - DEBUG - operation functools.partial(<built-in method fetchall of sqlite3.Cursor object at 0x00000220E552E740>) completed
2026-03-03 20:07:14,711 - aiosqlite - DEBUG - executing functools.partial(<built-in method close of sqlite3.Cursor object at 0x00000220E552E740>)
2026-03-03 20:07:14,711 - aiosqlite - DEBUG - operation functools.partial(<built-in method close of sqlite3.Cursor object at 0x00000220E552E740>) completed
2026-03-03 20:07:14,711 - aiosqlite - DEBUG - executing functools.partial(<built-in method cursor of sqlite3.Connection object at 0x00000220E559C7C0>)
2026-03-03 20:07:14,711 - aiosqlite - DEBUG - operation functools.partial(<built-in method cursor of sqlite3.Connection object at 0x00000220E559C7C0>) completed
2026-03-03 20:07:14,719 - aiosqlite - DEBUG - executing functools.partial(<built-in method execute of sqlite3.Cursor object at 0x00000220E552E740>, 'PRAGMA main.table_info("products")', ())
2026-03-03 20:07:14,719 - aiosqlite - DEBUG - operation functools.partial(<built-in method execute of sqlite3.Cursor object at 0x00000220E552E740>, 'PRAGMA main.table_info("products")', ()) completed
2026-03-03 20:07:14,719 - aiosqlite - DEBUG - executing functools.partial(<built-in method fetchall of sqlite3.Cursor object at 0x00000220E552E740>)
2026-03-03 20:07:14,719 - aiosqlite - DEBUG - operation functools.partial(<built-in method fetchall of sqlite3.Cursor object at 0x00000220E552E740>) completed
2026-03-03 20:07:14,719 - aiosqlite - DEBUG - executing functools.partial(<built-in method close of sqlite3.Cursor object at 0x00000220E552E740>)
2026-03-03 20:07:14,719 - aiosqlite - DEBUG - operation functools.partial(<built-in method close of sqlite3.Cursor object at 0x00000220E552E740>) completed
2026-03-03 20:07:14,719 - core.database - INFO - Tables initialized successfully
2026-03-03 20:07:14,719 - core.database - DEBUG - [DB_OP] Create tables completed in 0.0330s
2026-03-03 20:07:14,719 - aiosqlite - DEBUG - executing functools.partial(<built-in method commit of sqlite3.Connection object at 0x00000220E559C7C0>)
2026-03-03 20:07:14,719 - aiosqlite - DEBUG - operation functools.partial(<built-in method commit of sqlite3.Connection object at 0x00000220E559C7C0>) completed
2026-03-03 20:07:14,719 - aiosqlite - DEBUG - executing functools.partial(<built-in method rollback of sqlite3.Connection object at 0x00000220E559C7C0>)
2026-03-03 20:07:14,719 - aiosqlite - DEBUG - operation functools.partial(<built-in method rollback of sqlite3.Connection object at 0x00000220E559C7C0>) completed
2026-03-03 20:07:14,719 - aiosqlite - DEBUG - executing functools.partial(<built-in method close of sqlite3.Connection object at 0x00000220E559C7C0>)
2026-03-03 20:07:14,719 - aiosqlite - DEBUG - operation functools.partial(<built-in method close of sqlite3.Connection object at 0x00000220E559C7C0>) completed
2026-03-03 20:07:14,719 - services.database - INFO - 🔧 Table creation completed
2026-03-03 20:07:14,719 - services.database - INFO - Database initialized successfully
2026-03-03 20:07:14,719 - services.database - DEBUG - [DB_OP] Database initialization completed in 0.0581s
2026-03-03 20:07:14,727 - services.mock_data - INFO - Processing mock data file products.json for table products
2026-03-03 20:07:14,727 - aiosqlite - DEBUG - executing <function connect.<locals>.connector at 0x00000220E1C2D300>
2026-03-03 20:07:14,727 - aiosqlite - DEBUG - operation <function connect.<locals>.connector at 0x00000220E1C2D300> completed
2026-03-03 20:07:14,727 - aiosqlite - DEBUG - executing functools.partial(<built-in method create_function of sqlite3.Connection object at 0x00000220E559C8B0>, 'regexp', 2, <function SQLiteDialect_pysqlite.on_connect.<locals>.regexp at 0x00000220E55962A0>, deterministic=True)
2026-03-03 20:07:14,727 - aiosqlite - DEBUG - operation functools.partial(<built-in method create_function of sqlite3.Connection object at 0x00000220E559C8B0>, 'regexp', 2, <function SQLiteDialect_pysqlite.on_connect.<locals>.regexp at 0x00000220E55962A0>, deterministic=True) completed
2026-03-03 20:07:14,727 - aiosqlite - DEBUG - executing functools.partial(<built-in method create_function of sqlite3.Connection object at 0x00000220E559C8B0>, 'floor', 1, <built-in function floor>, deterministic=True)
2026-03-03 20:07:14,727 - aiosqlite - DEBUG - operation functools.partial(<built-in method create_function of sqlite3.Connection object at 0x00000220E559C8B0>, 'floor', 1, <built-in function floor>, deterministic=True) completed
2026-03-03 20:07:14,727 - aiosqlite - DEBUG - executing functools.partial(<built-in method cursor of sqlite3.Connection object at 0x00000220E559C8B0>)
2026-03-03 20:07:14,727 - aiosqlite - DEBUG - operation functools.partial(<built-in method cursor of sqlite3.Connection object at 0x00000220E559C8B0>) completed
2026-03-03 20:07:14,727 - aiosqlite - DEBUG - executing functools.partial(<built-in method execute of sqlite3.Cursor object at 0x00000220E552EFC0>, 'PRAGMA main.table_xinfo("products")', ())
2026-03-03 20:07:14,727 - aiosqlite - DEBUG - operation functools.partial(<built-in method execute of sqlite3.Cursor object at 0x00000220E552EFC0>, 'PRAGMA main.table_xinfo("products")', ()) completed
2026-03-03 20:07:14,735 - aiosqlite - DEBUG - executing functools.partial(<built-in method fetchall of sqlite3.Cursor object at 0x00000220E552EFC0>)
2026-03-03 20:07:14,735 - aiosqlite - DEBUG - operation functools.partial(<built-in method fetchall of sqlite3.Cursor object at 0x00000220E552EFC0>) completed
2026-03-03 20:07:14,735 - aiosqlite - DEBUG - executing functools.partial(<built-in method close of sqlite3.Cursor object at 0x00000220E552EFC0>)
2026-03-03 20:07:14,735 - aiosqlite - DEBUG - operation functools.partial(<built-in method close of sqlite3.Cursor object at 0x00000220E552EFC0>) completed
2026-03-03 20:07:14,735 - aiosqlite - DEBUG - executing functools.partial(<built-in method cursor of sqlite3.Connection object at 0x00000220E559C8B0>)
2026-03-03 20:07:14,735 - aiosqlite - DEBUG - operation functools.partial(<built-in method cursor of sqlite3.Connection object at 0x00000220E559C8B0>) completed
2026-03-03 20:07:14,735 - aiosqlite - DEBUG - executing functools.partial(<built-in method execute of sqlite3.Cursor object at 0x00000220E552EFC0>, "SELECT sql FROM  (SELECT * FROM sqlite_master UNION ALL   SELECT * FROM sqlite_temp_master) WHERE name = ? AND type in ('table', 'view')", ('products',))
2026-03-03 20:07:14,735 - aiosqlite - DEBUG - operation functools.partial(<built-in method execute of sqlite3.Cursor object at 0x00000220E552EFC0>, "SELECT sql FROM  (SELECT * FROM sqlite_master UNION ALL   SELECT * FROM sqlite_temp_master) WHERE name = ? AND type in ('table', 'view')", ('products',)) completed
2026-03-03 20:07:14,735 - aiosqlite - DEBUG - executing functools.partial(<built-in method fetchall of sqlite3.Cursor object at 0x00000220E552EFC0>)
2026-03-03 20:07:14,735 - aiosqlite - DEBUG - operation functools.partial(<built-in method fetchall of sqlite3.Cursor object at 0x00000220E552EFC0>) completed
2026-03-03 20:07:14,735 - aiosqlite - DEBUG - executing functools.partial(<built-in method close of sqlite3.Cursor object at 0x00000220E552EFC0>)
2026-03-03 20:07:14,735 - aiosqlite - DEBUG - operation functools.partial(<built-in method close of sqlite3.Cursor object at 0x00000220E552EFC0>) completed
2026-03-03 20:07:14,735 - aiosqlite - DEBUG - executing functools.partial(<built-in method cursor of sqlite3.Connection object at 0x00000220E559C8B0>)
2026-03-03 20:07:14,735 - aiosqlite - DEBUG - operation functools.partial(<built-in method cursor of sqlite3.Connection object at 0x00000220E559C8B0>) completed
2026-03-03 20:07:14,735 - aiosqlite - DEBUG - executing functools.partial(<built-in method execute of sqlite3.Cursor object at 0x00000220E552EFC0>, 'PRAGMA main.foreign_key_list("products")', ())
2026-03-03 20:07:14,735 - aiosqlite - DEBUG - operation functools.partial(<built-in method execute of sqlite3.Cursor object at 0x00000220E552EFC0>, 'PRAGMA main.foreign_key_list("products")', ()) completed
2026-03-03 20:07:14,743 - aiosqlite - DEBUG - executing functools.partial(<built-in method fetchall of sqlite3.Cursor object at 0x00000220E552EFC0>)
2026-03-03 20:07:14,743 - aiosqlite - DEBUG - operation functools.partial(<built-in method fetchall of sqlite3.Cursor object at 0x00000220E552EFC0>) completed
2026-03-03 20:07:14,743 - aiosqlite - DEBUG - executing functools.partial(<built-in method close of sqlite3.Cursor object at 0x00000220E552EFC0>)
2026-03-03 20:07:14,743 - aiosqlite - DEBUG - operation functools.partial(<built-in method close of sqlite3.Cursor object at 0x00000220E552EFC0>) completed
2026-03-03 20:07:14,743 - aiosqlite - DEBUG - executing functools.partial(<built-in method cursor of sqlite3.Connection object at 0x00000220E559C8B0>)
2026-03-03 20:07:14,743 - aiosqlite - DEBUG - operation functools.partial(<built-in method cursor of sqlite3.Connection object at 0x00000220E559C8B0>) completed
2026-03-03 20:07:14,743 - aiosqlite - DEBUG - executing functools.partial(<built-in method execute of sqlite3.Cursor object at 0x00000220E552EFC0>, 'PRAGMA temp.foreign_key_list("products")', ())
2026-03-03 20:07:14,743 - aiosqlite - DEBUG - operation functools.partial(<built-in method execute of sqlite3.Cursor object at 0x00000220E552EFC0>, 'PRAGMA temp.foreign_key_list("products")', ()) completed
2026-03-03 20:07:14,743 - aiosqlite - DEBUG - executing functools.partial(<built-in method fetchall of sqlite3.Cursor object at 0x00000220E552EFC0>)
2026-03-03 20:07:14,743 - aiosqlite - DEBUG - operation functools.partial(<built-in method fetchall of sqlite3.Cursor object at 0x00000220E552EFC0>) completed
2026-03-03 20:07:14,743 - aiosqlite - DEBUG - executing functools.partial(<built-in method close of sqlite3.Cursor object at 0x00000220E552EFC0>)
2026-03-03 20:07:14,743 - aiosqlite - DEBUG - operation functools.partial(<built-in method close of sqlite3.Cursor object at 0x00000220E552EFC0>) completed
2026-03-03 20:07:14,743 - aiosqlite - DEBUG - executing functools.partial(<built-in method cursor of sqlite3.Connection object at 0x00000220E559C8B0>)
2026-03-03 20:07:14,743 - aiosqlite - DEBUG - operation functools.partial(<built-in method cursor of sqlite3.Connection object at 0x00000220E559C8B0>) completed
2026-03-03 20:07:14,743 - aiosqlite - DEBUG - executing functools.partial(<built-in method execute of sqlite3.Cursor object at 0x00000220E552EFC0>, "SELECT sql FROM  (SELECT * FROM sqlite_master UNION ALL   SELECT * FROM sqlite_temp_master) WHERE name = ? AND type in ('table', 'view')", ('products',))
2026-03-03 20:07:14,743 - aiosqlite - DEBUG - operation functools.partial(<built-in method execute of sqlite3.Cursor object at 0x00000220E552EFC0>, "SELECT sql FROM  (SELECT * FROM sqlite_master UNION ALL   SELECT * FROM sqlite_temp_master) WHERE name = ? AND type in ('table', 'view')", ('products',)) completed
2026-03-03 20:07:14,743 - aiosqlite - DEBUG - executing functools.partial(<built-in method fetchall of sqlite3.Cursor object at 0x00000220E552EFC0>)
2026-03-03 20:07:14,743 - aiosqlite - DEBUG - operation functools.partial(<built-in method fetchall of sqlite3.Cursor object at 0x00000220E552EFC0>) completed
2026-03-03 20:07:14,743 - aiosqlite - DEBUG - executing functools.partial(<built-in method close of sqlite3.Cursor object at 0x00000220E552EFC0>)
2026-03-03 20:07:14,743 - aiosqlite - DEBUG - operation functools.partial(<built-in method close of sqlite3.Cursor object at 0x00000220E552EFC0>) completed
2026-03-03 20:07:14,753 - aiosqlite - DEBUG - executing functools.partial(<built-in method cursor of sqlite3.Connection object at 0x00000220E559C8B0>)
2026-03-03 20:07:14,753 - aiosqlite - DEBUG - operation functools.partial(<built-in method cursor of sqlite3.Connection object at 0x00000220E559C8B0>) completed
2026-03-03 20:07:14,756 - aiosqlite - DEBUG - executing functools.partial(<built-in method execute of sqlite3.Cursor object at 0x00000220E552EFC0>, 'PRAGMA main.index_list("products")', ())
2026-03-03 20:07:14,756 - aiosqlite - DEBUG - operation functools.partial(<built-in method execute of sqlite3.Cursor object at 0x00000220E552EFC0>, 'PRAGMA main.index_list("products")', ()) completed
2026-03-03 20:07:14,756 - aiosqlite - DEBUG - executing functools.partial(<built-in method fetchall of sqlite3.Cursor object at 0x00000220E552EFC0>)
2026-03-03 20:07:14,756 - aiosqlite - DEBUG - operation functools.partial(<built-in method fetchall of sqlite3.Cursor object at 0x00000220E552EFC0>) completed
2026-03-03 20:07:14,756 - aiosqlite - DEBUG - executing functools.partial(<built-in method close of sqlite3.Cursor object at 0x00000220E552EFC0>)
2026-03-03 20:07:14,756 - aiosqlite - DEBUG - operation functools.partial(<built-in method close of sqlite3.Cursor object at 0x00000220E552EFC0>) completed
2026-03-03 20:07:14,756 - aiosqlite - DEBUG - executing functools.partial(<built-in method cursor of sqlite3.Connection object at 0x00000220E559C8B0>)
2026-03-03 20:07:14,756 - aiosqlite - DEBUG - operation functools.partial(<built-in method cursor of sqlite3.Connection object at 0x00000220E559C8B0>) completed
2026-03-03 20:07:14,756 - aiosqlite - DEBUG - executing functools.partial(<built-in method execute of sqlite3.Cursor object at 0x00000220E552EFC0>, 'PRAGMA main.index_info("ix_products_id")', ())
2026-03-03 20:07:14,756 - aiosqlite - DEBUG - operation functools.partial(<built-in method execute of sqlite3.Cursor object at 0x00000220E552EFC0>, 'PRAGMA main.index_info("ix_products_id")', ()) completed
2026-03-03 20:07:14,756 - aiosqlite - DEBUG - executing functools.partial(<built-in method fetchall of sqlite3.Cursor object at 0x00000220E552EFC0>)
2026-03-03 20:07:14,756 - aiosqlite - DEBUG - operation functools.partial(<built-in method fetchall of sqlite3.Cursor object at 0x00000220E552EFC0>) completed
2026-03-03 20:07:14,756 - aiosqlite - DEBUG - executing functools.partial(<built-in method close of sqlite3.Cursor object at 0x00000220E552EFC0>)
2026-03-03 20:07:14,756 - aiosqlite - DEBUG - operation functools.partial(<built-in method close of sqlite3.Cursor object at 0x00000220E552EFC0>) completed
2026-03-03 20:07:14,756 - aiosqlite - DEBUG - executing functools.partial(<built-in method cursor of sqlite3.Connection object at 0x00000220E559C8B0>)
2026-03-03 20:07:14,756 - aiosqlite - DEBUG - operation functools.partial(<built-in method cursor of sqlite3.Connection object at 0x00000220E559C8B0>) completed
2026-03-03 20:07:14,756 - aiosqlite - DEBUG - executing functools.partial(<built-in method execute of sqlite3.Cursor object at 0x00000220E552EFC0>, 'PRAGMA main.index_list("products")', ())
2026-03-03 20:07:14,756 - aiosqlite - DEBUG - operation functools.partial(<built-in method execute of sqlite3.Cursor object at 0x00000220E552EFC0>, 'PRAGMA main.index_list("products")', ()) completed
2026-03-03 20:07:14,756 - aiosqlite - DEBUG - executing functools.partial(<built-in method fetchall of sqlite3.Cursor object at 0x00000220E552EFC0>)
2026-03-03 20:07:14,756 - aiosqlite - DEBUG - operation functools.partial(<built-in method fetchall of sqlite3.Cursor object at 0x00000220E552EFC0>) completed
2026-03-03 20:07:14,765 - aiosqlite - DEBUG - executing functools.partial(<built-in method close of sqlite3.Cursor object at 0x00000220E552EFC0>)
2026-03-03 20:07:14,765 - aiosqlite - DEBUG - operation functools.partial(<built-in method close of sqlite3.Cursor object at 0x00000220E552EFC0>) completed
2026-03-03 20:07:14,765 - aiosqlite - DEBUG - executing functools.partial(<built-in method cursor of sqlite3.Connection object at 0x00000220E559C8B0>)
2026-03-03 20:07:14,765 - aiosqlite - DEBUG - operation functools.partial(<built-in method cursor of sqlite3.Connection object at 0x00000220E559C8B0>) completed
2026-03-03 20:07:14,765 - aiosqlite - DEBUG - executing functools.partial(<built-in method execute of sqlite3.Cursor object at 0x00000220E552EFC0>, 'PRAGMA main.index_info("ix_products_id")', ())
2026-03-03 20:07:14,765 - aiosqlite - DEBUG - operation functools.partial(<built-in method execute of sqlite3.Cursor object at 0x00000220E552EFC0>, 'PRAGMA main.index_info("ix_products_id")', ()) completed
2026-03-03 20:07:14,765 - aiosqlite - DEBUG - executing functools.partial(<built-in method fetchall of sqlite3.Cursor object at 0x00000220E552EFC0>)
2026-03-03 20:07:14,765 - aiosqlite - DEBUG - operation functools.partial(<built-in method fetchall of sqlite3.Cursor object at 0x00000220E552EFC0>) completed
2026-03-03 20:07:14,765 - aiosqlite - DEBUG - executing functools.partial(<built-in method close of sqlite3.Cursor object at 0x00000220E552EFC0>)
2026-03-03 20:07:14,765 - aiosqlite - DEBUG - operation functools.partial(<built-in method close of sqlite3.Cursor object at 0x00000220E552EFC0>) completed
2026-03-03 20:07:14,765 - aiosqlite - DEBUG - executing functools.partial(<built-in method cursor of sqlite3.Connection object at 0x00000220E559C8B0>)
2026-03-03 20:07:14,765 - aiosqlite - DEBUG - operation functools.partial(<built-in method cursor of sqlite3.Connection object at 0x00000220E559C8B0>) completed
2026-03-03 20:07:14,765 - aiosqlite - DEBUG - executing functools.partial(<built-in method execute of sqlite3.Cursor object at 0x00000220E552EFC0>, "SELECT sql FROM  (SELECT * FROM sqlite_master UNION ALL   SELECT * FROM sqlite_temp_master) WHERE name = ? AND type in ('table', 'view')", ('products',))
2026-03-03 20:07:14,765 - aiosqlite - DEBUG - operation functools.partial(<built-in method execute of sqlite3.Cursor object at 0x00000220E552EFC0>, "SELECT sql FROM  (SELECT * FROM sqlite_master UNION ALL   SELECT * FROM sqlite_temp_master) WHERE name = ? AND type in ('table', 'view')", ('products',)) completed
2026-03-03 20:07:14,765 - aiosqlite - DEBUG - executing functools.partial(<built-in method fetchall of sqlite3.Cursor object at 0x00000220E552EFC0>)
2026-03-03 20:07:14,765 - aiosqlite - DEBUG - operation functools.partial(<built-in method fetchall of sqlite3.Cursor object at 0x00000220E552EFC0>) completed
2026-03-03 20:07:14,773 - aiosqlite - DEBUG - executing functools.partial(<built-in method close of sqlite3.Cursor object at 0x00000220E552EFC0>)
2026-03-03 20:07:14,773 - aiosqlite - DEBUG - operation functools.partial(<built-in method close of sqlite3.Cursor object at 0x00000220E552EFC0>) completed
2026-03-03 20:07:14,778 - aiosqlite - DEBUG - executing functools.partial(<built-in method cursor of sqlite3.Connection object at 0x00000220E559C8B0>)
2026-03-03 20:07:14,778 - aiosqlite - DEBUG - operation functools.partial(<built-in method cursor of sqlite3.Connection object at 0x00000220E559C8B0>) completed
2026-03-03 20:07:14,778 - aiosqlite - DEBUG - executing functools.partial(<built-in method execute of sqlite3.Cursor object at 0x00000220E552EFC0>, 'SELECT count(*) AS count_1 \nFROM products', ())
2026-03-03 20:07:14,778 - aiosqlite - DEBUG - operation functools.partial(<built-in method execute of sqlite3.Cursor object at 0x00000220E552EFC0>, 'SELECT count(*) AS count_1 \nFROM products', ()) completed
2026-03-03 20:07:14,778 - aiosqlite - DEBUG - executing functools.partial(<built-in method fetchall of sqlite3.Cursor object at 0x00000220E552EFC0>)
2026-03-03 20:07:14,778 - aiosqlite - DEBUG - operation functools.partial(<built-in method fetchall of sqlite3.Cursor object at 0x00000220E552EFC0>) completed
2026-03-03 20:07:14,778 - aiosqlite - DEBUG - executing functools.partial(<built-in method close of sqlite3.Cursor object at 0x00000220E552EFC0>)
2026-03-03 20:07:14,778 - aiosqlite - DEBUG - operation functools.partial(<built-in method close of sqlite3.Cursor object at 0x00000220E552EFC0>) completed
2026-03-03 20:07:14,778 - services.mock_data - INFO - Table products already has 8 rows; skipping mock insert
2026-03-03 20:07:14,778 - aiosqlite - DEBUG - executing functools.partial(<built-in method commit of sqlite3.Connection object at 0x00000220E559C8B0>)
2026-03-03 20:07:14,778 - aiosqlite - DEBUG - operation functools.partial(<built-in method commit of sqlite3.Connection object at 0x00000220E559C8B0>) completed
2026-03-03 20:07:14,778 - aiosqlite - DEBUG - executing functools.partial(<built-in method rollback of sqlite3.Connection object at 0x00000220E559C8B0>)
2026-03-03 20:07:14,778 - aiosqlite - DEBUG - operation functools.partial(<built-in method rollback of sqlite3.Connection object at 0x00000220E559C8B0>) completed
2026-03-03 20:07:14,778 - aiosqlite - DEBUG - executing functools.partial(<built-in method close of sqlite3.Connection object at 0x00000220E559C8B0>)
2026-03-03 20:07:14,778 - aiosqlite - DEBUG - operation functools.partial(<built-in method close of sqlite3.Connection object at 0x00000220E559C8B0>) completed
2026-03-03 20:07:14,786 - services.database - DEBUG - [DB_OP] Starting database initialization
2026-03-03 20:07:14,786 - services.database - INFO - 🔧 Starting database initialization...
2026-03-03 20:07:14,786 - core.database - INFO - Starting database initialization...
2026-03-03 20:07:14,786 - core.database - INFO - Database already initialized
2026-03-03 20:07:14,786 - services.database - INFO - 🔧 Database connection initialized, now creating tables if tables not exist...
2026-03-03 20:07:14,786 - core.database - DEBUG - [DB_OP] Starting create_tables
2026-03-03 20:07:14,786 - core.database - INFO - Tables already initialized
2026-03-03 20:07:14,786 - services.database - INFO - 🔧 Table creation completed
2026-03-03 20:07:14,786 - services.database - INFO - Database initialized successfully
2026-03-03 20:07:14,786 - services.database - DEBUG - [DB_OP] Database initialization completed in 0.0000s
2026-03-03 20:07:14,786 - services.auth - WARNING - Admin user ID or email not configured, skipping admin initialization
2026-03-03 20:07:14,786 - main - INFO - === Application startup completed successfully ===
2026-03-03 20:10:39,396 - services.database - DEBUG - [DB_OP] Starting database close
2026-03-03 20:10:39,396 - core.database - INFO - Database connection closed and engine disposed
2026-03-03 20:10:39,396 - services.database - INFO - Database connections closed
2026-03-03 20:10:39,396 - services.database - DEBUG - [DB_OP] Database close completed in 0.0000s
